[b1] mesh 286x172x26 = 1.28 Mcells   ground 108.6 x 60.0 mm   pitch 25.8442 mm
openEMS - fixed number of threads: 8
 ---------------------------------------------------------------------- 
 | openEMS 64bit -- version v0.37.0-rc1-2-g7b051bb
 | (C) 2010-2026 Thorsten Liebig <thorsten.liebig@gmx.de>  GPL license
 ---------------------------------------------------------------------- 
	Used external libraries:
		CSXCAD -- Version: v0.7.0-rc1-1-g5115701
		hdf5   -- Version: 2.2.0
		          compiled against: HDF5 library version: 2.2.0
		tinyxml -- compiled against: 2.6.2
		fparser
		boost  -- compiled against: 1_90
		vtk -- disabled in this build

Create FDTD operator (compressed SSE + multi-threading)
FDTD simulation size: 286x172x26 --> 1.27899e+06 FDTD cells 
FDTD timestep is: 1.64436e-13 s; Nyquist rate: 457 timesteps @6.6536e+09 Hz
Excitation signal length is: 20497 timesteps (3.37045e-09s)
Max. number of timesteps: 140000 ( --> 6.83027 * Excitation signal length)
Create FDTD engine (compressed SSE + multi-threading)
Running FDTD engine... this may take a while... grab a cup of coffee?!?
[@        4s] Timestep:          342 || Speed:   95.8 MC/s (1.335e-02 s/TS) || Energy: ~5.84e-21 (- 0.00dB)
[@        9s] Timestep:          684 || Speed:   90.4 MC/s (1.415e-02 s/TS) || Energy: ~1.35e-20 (- 0.00dB)
[@       14s] Timestep:         1026 || Speed:   91.7 MC/s (1.395e-02 s/TS) || Energy: ~6.72e-20 (- 0.00dB)
[@       18s] Timestep:         1368 || Speed:   92.3 MC/s (1.385e-02 s/TS) || Energy: ~2.07e-19 (- 0.00dB)
[@       23s] Timestep:         1710 || Speed:   87.2 MC/s (1.467e-02 s/TS) || Energy: ~4.52e-19 (- 0.00dB)
[@       29s] Timestep:         2052 || Speed:   82.9 MC/s (1.544e-02 s/TS) || Energy: ~1.70e-18 (- 0.00dB)
[@       34s] Timestep:         2394 || Speed:   90.7 MC/s (1.410e-02 s/TS) || Energy: ~4.13e-18 (- 0.00dB)
[@       38s] Timestep:         2736 || Speed:   95.7 MC/s (1.336e-02 s/TS) || Energy: ~9.31e-18 (- 0.00dB)
[@       43s] Timestep:         3078 || Speed:   87.6 MC/s (1.460e-02 s/TS) || Energy: ~2.87e-17 (- 0.00dB)
[@       49s] Timestep:         3420 || Speed:   73.4 MC/s (1.743e-02 s/TS) || Energy: ~5.92e-17 (- 0.00dB)
[@       53s] Timestep:         3648 || Speed:   71.6 MC/s (1.786e-02 s/TS) || Energy: ~1.14e-16 (- 0.00dB)
[@       57s] Timestep:         3876 || Speed:   70.4 MC/s (1.816e-02 s/TS) || Energy: ~1.67e-16 (- 0.00dB)
[@     1m01s] Timestep:         4113 || Speed:   74.9 MC/s (1.707e-02 s/TS) || Energy: ~3.42e-16 (- 0.00dB)
[@     1m07s] Timestep:         4446 || Speed:   81.1 MC/s (1.577e-02 s/TS) || Energy: ~6.16e-16 (- 0.00dB)
[@     1m12s] Timestep:         4788 || Speed:   81.0 MC/s (1.579e-02 s/TS) || Energy: ~1.34e-15 (- 0.00dB)
[@     1m18s] Timestep:         5130 || Speed:   78.3 MC/s (1.634e-02 s/TS) || Energy: ~2.73e-15 (- 0.00dB)
[@     1m23s] Timestep:         5472 || Speed:   83.9 MC/s (1.524e-02 s/TS) || Energy: ~4.69e-15 (- 0.00dB)
[@     1m28s] Timestep:         5814 || Speed:   86.0 MC/s (1.487e-02 s/TS) || Energy: ~9.47e-15 (- 0.00dB)
[@     1m33s] Timestep:         6156 || Speed:   79.3 MC/s (1.613e-02 s/TS) || Energy: ~1.58e-14 (- 0.00dB)
[@     1m39s] Timestep:         6498 || Speed:   80.5 MC/s (1.590e-02 s/TS) || Energy: ~2.62e-14 (- 0.00dB)
[@     1m44s] Timestep:         6840 || Speed:   81.0 MC/s (1.580e-02 s/TS) || Energy: ~4.69e-14 (- 0.00dB)
[@     1m48s] Timestep:         7068 || Speed:   69.0 MC/s (1.853e-02 s/TS) || Energy: ~5.71e-14 (- 0.00dB)
[@     1m53s] Timestep:         7296 || Speed:   71.6 MC/s (1.786e-02 s/TS) || Energy: ~8.24e-14 (- 0.00dB)
[@     1m58s] Timestep:         7638 || Speed:   76.6 MC/s (1.671e-02 s/TS) || Energy: ~1.12e-13 (- 0.00dB)
[@     2m03s] Timestep:         7980 || Speed:   89.1 MC/s (1.436e-02 s/TS) || Energy: ~1.88e-13 (- 0.00dB)
[@     2m09s] Timestep:         8322 || Speed:   80.8 MC/s (1.583e-02 s/TS) || Energy: ~2.42e-13 (- 0.00dB)
[@     2m14s] Timestep:         8664 || Speed:   77.2 MC/s (1.657e-02 s/TS) || Energy: ~3.14e-13 (- 0.00dB)
[@     2m20s] Timestep:         9006 || Speed:   81.7 MC/s (1.566e-02 s/TS) || Energy: ~4.75e-13 (- 0.00dB)
[@     2m25s] Timestep:         9348 || Speed:   82.7 MC/s (1.547e-02 s/TS) || Energy: ~5.23e-13 (- 0.00dB)
[@     2m30s] Timestep:         9690 || Speed:   83.5 MC/s (1.531e-02 s/TS) || Energy: ~6.62e-13 (- 0.00dB)
[@     2m35s] Timestep:        10032 || Speed:   82.8 MC/s (1.545e-02 s/TS) || Energy: ~8.65e-13 (- 0.00dB)
[@     2m41s] Timestep:        10374 || Speed:   76.3 MC/s (1.676e-02 s/TS) || Energy: ~8.62e-13 (- 0.02dB)
[@     2m47s] Timestep:        10716 || Speed:   80.2 MC/s (1.595e-02 s/TS) || Energy: ~1.05e-12 (- 0.00dB)
[@     2m51s] Timestep:        10968 || Speed:   78.3 MC/s (1.633e-02 s/TS) || Energy: ~1.07e-12 (- 0.00dB)
[@     2m56s] Timestep:        11286 || Speed:   80.8 MC/s (1.583e-02 s/TS) || Energy: ~1.17e-12 (- 0.00dB)
[@     3m01s] Timestep:        11628 || Speed:   78.8 MC/s (1.624e-02 s/TS) || Energy: ~1.25e-12 (- 0.00dB)
[@     3m07s] Timestep:        11970 || Speed:   80.4 MC/s (1.591e-02 s/TS) || Energy: ~1.19e-12 (- 0.21dB)
[@     3m12s] Timestep:        12312 || Speed:   80.0 MC/s (1.599e-02 s/TS) || Energy: ~1.29e-12 (- 0.00dB)
[@     3m18s] Timestep:        12654 || Speed:   79.3 MC/s (1.612e-02 s/TS) || Energy: ~1.15e-12 (- 0.51dB)
[@     3m23s] Timestep:        12996 || Speed:   79.3 MC/s (1.613e-02 s/TS) || Energy: ~1.19e-12 (- 0.37dB)
[@     3m27s] Timestep:        13253 || Speed:   76.6 MC/s (1.669e-02 s/TS) || Energy: ~1.09e-12 (- 0.74dB)
[@     3m32s] Timestep:        13566 || Speed:   81.2 MC/s (1.575e-02 s/TS) || Energy: ~1.07e-12 (- 0.83dB)
[@     3m38s] Timestep:        13908 || Speed:   78.4 MC/s (1.631e-02 s/TS) || Energy: ~1.14e-12 (- 0.54dB)
[@     3m42s] Timestep:        14167 || Speed:   78.6 MC/s (1.627e-02 s/TS) || Energy: ~8.80e-13 (- 1.67dB)
[@     3m47s] Timestep:        14478 || Speed:   85.1 MC/s (1.503e-02 s/TS) || Energy: ~1.10e-12 (- 0.72dB)
[@     3m52s] Timestep:        14820 || Speed:   85.0 MC/s (1.505e-02 s/TS) || Energy: ~7.98e-13 (- 2.10dB)
[@     3m56s] Timestep:        15081 || Speed:   78.2 MC/s (1.636e-02 s/TS) || Energy: ~9.97e-13 (- 1.13dB)
[@     4m01s] Timestep:        15390 || Speed:   82.3 MC/s (1.555e-02 s/TS) || Energy: ~7.97e-13 (- 2.10dB)
[@     4m07s] Timestep:        15732 || Speed:   76.9 MC/s (1.663e-02 s/TS) || Energy: ~7.42e-13 (- 2.41dB)
[@     4m11s] Timestep:        15995 || Speed:   76.4 MC/s (1.675e-02 s/TS) || Energy: ~8.69e-13 (- 1.73dB)
[@     4m16s] Timestep:        16302 || Speed:   80.2 MC/s (1.594e-02 s/TS) || Energy: ~6.50e-13 (- 2.99dB)
[@     4m21s] Timestep:        16644 || Speed:   83.3 MC/s (1.535e-02 s/TS) || Energy: ~8.69e-13 (- 1.72dB)
[@     4m26s] Timestep:        16909 || Speed:   80.4 MC/s (1.590e-02 s/TS) || Energy: ~5.87e-13 (- 3.43dB)
[@     4m31s] Timestep:        17214 || Speed:   76.3 MC/s (1.677e-02 s/TS) || Energy: ~7.75e-13 (- 2.22dB)
[@     4m36s] Timestep:        17556 || Speed:   76.0 MC/s (1.683e-02 s/TS) || Energy: ~6.62e-13 (- 2.91dB)
[@     4m41s] Timestep:        17823 || Speed:   78.9 MC/s (1.621e-02 s/TS) || Energy: ~6.05e-13 (- 3.30dB)
[@     4m46s] Timestep:        18126 || Speed:   78.6 MC/s (1.628e-02 s/TS) || Energy: ~6.48e-13 (- 3.00dB)
[@     4m51s] Timestep:        18468 || Speed:   79.6 MC/s (1.606e-02 s/TS) || Energy: ~4.41e-13 (- 4.68dB)
[@     4m55s] Timestep:        18737 || Speed:   84.0 MC/s (1.522e-02 s/TS) || Energy: ~6.24e-13 (- 3.16dB)
[@     5m00s] Timestep:        19038 || Speed:   76.6 MC/s (1.670e-02 s/TS) || Energy: ~3.92e-13 (- 5.18dB)
[@     5m06s] Timestep:        19380 || Speed:   82.7 MC/s (1.547e-02 s/TS) || Energy: ~4.83e-13 (- 4.28dB)
[@     5m10s] Timestep:        19651 || Speed:   82.0 MC/s (1.560e-02 s/TS) || Energy: ~4.00e-13 (- 5.10dB)
[@     5m14s] Timestep:        19950 || Speed:   85.7 MC/s (1.492e-02 s/TS) || Energy: ~3.84e-13 (- 5.27dB)
[@     5m20s] Timestep:        20292 || Speed:   76.9 MC/s (1.664e-02 s/TS) || Energy: ~4.36e-13 (- 4.72dB)
[@     5m25s] Timestep:        20565 || Speed:   72.2 MC/s (1.772e-02 s/TS) || Energy: ~2.69e-13 (- 6.81dB)
[@     5m30s] Timestep:        20862 || Speed:   80.3 MC/s (1.592e-02 s/TS) || Energy: ~3.93e-13 (- 5.17dB)
[@     5m35s] Timestep:        21204 || Speed:   77.2 MC/s (1.657e-02 s/TS) || Energy: ~2.44e-13 (- 7.24dB)
[@     5m39s] Timestep:        21479 || Speed:   82.6 MC/s (1.549e-02 s/TS) || Energy: ~3.12e-13 (- 6.17dB)
[@     5m44s] Timestep:        21774 || Speed:   76.4 MC/s (1.673e-02 s/TS) || Energy: ~2.38e-13 (- 7.35dB)
[@     5m50s] Timestep:        22116 || Speed:   77.0 MC/s (1.661e-02 s/TS) || Energy: ~1.95e-13 (- 8.22dB)
[@     5m55s] Timestep:        22393 || Speed:   77.9 MC/s (1.641e-02 s/TS) || Energy: ~2.62e-13 (- 6.93dB)
[@     5m59s] Timestep:        22686 || Speed:   83.3 MC/s (1.536e-02 s/TS) || Energy: ~1.52e-13 (- 9.31dB)
[@     6m05s] Timestep:        23028 || Speed:   80.0 MC/s (1.599e-02 s/TS) || Energy: ~2.34e-13 (- 7.42dB)
[@     6m09s] Timestep:        23307 || Speed:   77.4 MC/s (1.651e-02 s/TS) || Energy: ~1.36e-13 (- 9.77dB)
[@     6m14s] Timestep:        23598 || Speed:   83.0 MC/s (1.542e-02 s/TS) || Energy: ~1.90e-13 (- 8.33dB)
[@     6m18s] Timestep:        23826 || Speed:   72.3 MC/s (1.770e-02 s/TS) || Energy: ~1.16e-13 (-10.46dB)
[@     6m23s] Timestep:        24168 || Speed:   79.6 MC/s (1.606e-02 s/TS) || Energy: ~1.46e-13 (- 9.47dB)
[@     6m29s] Timestep:        24510 || Speed:   75.8 MC/s (1.687e-02 s/TS) || Energy: ~1.64e-13 (- 8.96dB)
[@     6m35s] Timestep:        24852 || Speed:   78.2 MC/s (1.636e-02 s/TS) || Energy: ~8.45e-14 (-11.85dB)
[@     6m39s] Timestep:        25135 || Speed:   78.8 MC/s (1.624e-02 s/TS) || Energy: ~1.49e-13 (- 9.40dB)
[@     6m43s] Timestep:        25422 || Speed:   87.3 MC/s (1.465e-02 s/TS) || Energy: ~8.14e-14 (-12.01dB)
[@     6m49s] Timestep:        25764 || Speed:   76.1 MC/s (1.680e-02 s/TS) || Energy: ~9.67e-14 (-11.27dB)
[@     6m54s] Timestep:        26049 || Speed:   77.6 MC/s (1.649e-02 s/TS) || Energy: ~1.04e-13 (-10.93dB)
[@     6m58s] Timestep:        26334 || Speed:   80.0 MC/s (1.598e-02 s/TS) || Energy: ~7.07e-14 (-12.62dB)
[@     7m04s] Timestep:        26676 || Speed:   78.1 MC/s (1.637e-02 s/TS) || Energy: ~1.10e-13 (-10.71dB)
[@     7m09s] Timestep:        26963 || Speed:   78.2 MC/s (1.635e-02 s/TS) || Energy: ~5.03e-14 (-14.10dB)
[@     7m13s] Timestep:        27246 || Speed:   81.7 MC/s (1.566e-02 s/TS) || Energy: ~9.44e-14 (-11.37dB)
[@     7m19s] Timestep:        27588 || Speed:   79.8 MC/s (1.603e-02 s/TS) || Energy: ~6.29e-14 (-13.13dB)
[@     7m23s] Timestep:        27877 || Speed:   81.4 MC/s (1.571e-02 s/TS) || Energy: ~5.90e-14 (-13.41dB)
[@     7m28s] Timestep:        28158 || Speed:   76.2 MC/s (1.678e-02 s/TS) || Energy: ~6.64e-14 (-12.90dB)
[@     7m33s] Timestep:        28500 || Speed:   77.9 MC/s (1.641e-02 s/TS) || Energy: ~3.50e-14 (-15.68dB)
[@     7m38s] Timestep:        28791 || Speed:   76.0 MC/s (1.684e-02 s/TS) || Energy: ~7.03e-14 (-12.65dB)
[@     7m43s] Timestep:        29070 || Speed:   80.6 MC/s (1.588e-02 s/TS) || Energy: ~3.05e-14 (-16.28dB)
[@     7m48s] Timestep:        29412 || Speed:   78.5 MC/s (1.628e-02 s/TS) || Energy: ~5.11e-14 (-14.03dB)
[@     7m53s] Timestep:        29705 || Speed:   76.5 MC/s (1.673e-02 s/TS) || Energy: ~4.14e-14 (-14.94dB)
[@     7m58s] Timestep:        29982 || Speed:   83.2 MC/s (1.537e-02 s/TS) || Energy: ~3.75e-14 (-15.38dB)
[@     8m03s] Timestep:        30324 || Speed:   77.6 MC/s (1.648e-02 s/TS) || Energy: ~4.93e-14 (-14.19dB)
[@     8m08s] Timestep:        30619 || Speed:   76.5 MC/s (1.672e-02 s/TS) || Energy: ~2.10e-14 (-17.90dB)
[@     8m12s] Timestep:        30894 || Speed:   80.7 MC/s (1.584e-02 s/TS) || Energy: ~4.53e-14 (-14.55dB)
[@     8m18s] Timestep:        31236 || Speed:   81.2 MC/s (1.575e-02 s/TS) || Energy: ~2.33e-14 (-17.44dB)
[@     8m23s] Timestep:        31533 || Speed:   77.8 MC/s (1.644e-02 s/TS) || Energy: ~3.06e-14 (-16.26dB)
[@     8m27s] Timestep:        31806 || Speed:   78.7 MC/s (1.625e-02 s/TS) || Energy: ~2.58e-14 (-17.01dB)
[@     8m33s] Timestep:        32148 || Speed:   78.2 MC/s (1.637e-02 s/TS) || Energy: ~1.72e-14 (-18.76dB)
[@     8m37s] Timestep:        32376 || Speed:   72.6 MC/s (1.763e-02 s/TS) || Energy: ~2.77e-14 (-16.69dB)
[@     8m41s] Timestep:        32604 || Speed:   72.2 MC/s (1.773e-02 s/TS) || Energy: ~2.24e-14 (-17.62dB)
[@     8m46s] Timestep:        32904 || Speed:   74.5 MC/s (1.718e-02 s/TS) || Energy: ~2.50e-14 (-17.15dB)
[@     8m50s] Timestep:        33174 || Speed:   77.7 MC/s (1.647e-02 s/TS) || Energy: ~1.57e-14 (-19.15dB)
[@     8m56s] Timestep:        33516 || Speed:   76.0 MC/s (1.682e-02 s/TS) || Energy: ~2.62e-14 (-16.94dB)
[@     9m02s] Timestep:        33818 || Speed:   70.0 MC/s (1.828e-02 s/TS) || Energy: ~1.07e-14 (-20.83dB)
[@     9m06s] Timestep:        34086 || Speed:   78.2 MC/s (1.636e-02 s/TS) || Energy: ~2.26e-14 (-17.57dB)
[@     9m11s] Timestep:        34428 || Speed:   81.5 MC/s (1.569e-02 s/TS) || Energy: ~1.41e-14 (-19.64dB)
[@     9m17s] Timestep:        34732 || Speed:   74.9 MC/s (1.707e-02 s/TS) || Energy: ~1.26e-14 (-20.12dB)
[@     9m21s] Timestep:        34998 || Speed:   80.6 MC/s (1.586e-02 s/TS) || Energy: ~1.54e-14 (-19.24dB)
[@     9m26s] Timestep:        35340 || Speed:   82.8 MC/s (1.544e-02 s/TS) || Energy: ~7.53e-15 (-22.35dB)
[@     9m31s] Timestep:        35646 || Speed:   74.3 MC/s (1.721e-02 s/TS) || Energy: ~1.67e-14 (-18.89dB)
[@     9m35s] Timestep:        35910 || Speed:   83.7 MC/s (1.529e-02 s/TS) || Energy: ~6.58e-15 (-22.94dB)
[@     9m41s] Timestep:        36252 || Speed:   76.7 MC/s (1.667e-02 s/TS) || Energy: ~1.21e-14 (-20.28dB)
[@     9m46s] Timestep:        36560 || Speed:   77.8 MC/s (1.644e-02 s/TS) || Energy: ~1.03e-14 (-20.99dB)
[@     9m51s] Timestep:        36822 || Speed:   76.0 MC/s (1.682e-02 s/TS) || Energy: ~8.75e-15 (-21.70dB)
[@     9m57s] Timestep:        37164 || Speed:   70.2 MC/s (1.823e-02 s/TS) || Energy: ~1.18e-14 (-20.40dB)
[@    10m01s] Timestep:        37392 || Speed:   71.7 MC/s (1.784e-02 s/TS) || Energy: ~6.09e-15 (-23.27dB)
[@    10m05s] Timestep:        37620 || Speed:   72.7 MC/s (1.759e-02 s/TS) || Energy: ~8.56e-15 (-21.79dB)
[@    10m09s] Timestep:        37848 || Speed:   66.6 MC/s (1.922e-02 s/TS) || Energy: ~8.03e-15 (-22.07dB)
[@    10m13s] Timestep:        38076 || Speed:   72.9 MC/s (1.754e-02 s/TS) || Energy: ~5.37e-15 (-23.82dB)
[@    10m18s] Timestep:        38388 || Speed:   76.5 MC/s (1.671e-02 s/TS) || Energy: ~6.70e-15 (-22.85dB)
[@    10m24s] Timestep:        38760 || Speed:   84.7 MC/s (1.510e-02 s/TS) || Energy: ~8.65e-15 (-21.75dB)
[@    10m29s] Timestep:        39102 || Speed:   81.4 MC/s (1.571e-02 s/TS) || Energy: ~3.78e-15 (-25.34dB)
[@    10m35s] Timestep:        39444 || Speed:   78.6 MC/s (1.627e-02 s/TS) || Energy: ~5.26e-15 (-23.91dB)
[@    10m40s] Timestep:        39759 || Speed:   77.5 MC/s (1.651e-02 s/TS) || Energy: ~6.26e-15 (-23.15dB)
[@    10m46s] Timestep:        40128 || Speed:   80.4 MC/s (1.592e-02 s/TS) || Energy: ~2.76e-15 (-26.71dB)
[@    10m52s] Timestep:        40470 || Speed:   78.0 MC/s (1.640e-02 s/TS) || Energy: ~4.80e-15 (-24.30dB)
[@    10m58s] Timestep:        40812 || Speed:   75.3 MC/s (1.699e-02 s/TS) || Energy: ~5.03e-15 (-24.10dB)
[@    11m02s] Timestep:        41040 || Speed:   69.7 MC/s (1.836e-02 s/TS) || Energy: ~3.42e-15 (-25.78dB)
[@    11m08s] Timestep:        41382 || Speed:   74.8 MC/s (1.711e-02 s/TS) || Energy: ~4.94e-15 (-24.18dB)
[@    11m13s] Timestep:        41724 || Speed:   76.9 MC/s (1.663e-02 s/TS) || Energy: ~2.11e-15 (-27.87dB)
[@    11m19s] Timestep:        42044 || Speed:   77.0 MC/s (1.660e-02 s/TS) || Energy: ~3.51e-15 (-25.66dB)
[@    11m23s] Timestep:        42294 || Speed:   72.8 MC/s (1.758e-02 s/TS) || Energy: ~2.35e-15 (-27.41dB)
[@    11m29s] Timestep:        42636 || Speed:   76.5 MC/s (1.673e-02 s/TS) || Energy: ~2.22e-15 (-27.66dB)
[@    11m34s] Timestep:        42958 || Speed:   77.9 MC/s (1.643e-02 s/TS) || Energy: ~3.53e-15 (-25.64dB)
[@    11m38s] Timestep:        43206 || Speed:   78.2 MC/s (1.635e-02 s/TS) || Energy: ~1.57e-15 (-29.16dB)
[@    11m43s] Timestep:        43548 || Speed:   82.5 MC/s (1.551e-02 s/TS) || Energy: ~3.14e-15 (-26.15dB)
[@    11m47s] Timestep:        43776 || Speed:   70.4 MC/s (1.818e-02 s/TS) || Energy: ~1.24e-15 (-30.17dB)
[@    11m53s] Timestep:        44118 || Speed:   76.6 MC/s (1.670e-02 s/TS) || Energy: ~2.53e-15 (-27.09dB)
[@    11m59s] Timestep:        44460 || Speed:   74.3 MC/s (1.722e-02 s/TS) || Energy: ~2.05e-15 (-27.99dB)
[@    12m05s] Timestep:        44786 || Speed:   72.7 MC/s (1.758e-02 s/TS) || Energy: ~1.12e-15 (-30.62dB)
[@    12m09s] Timestep:        45030 || Speed:   72.9 MC/s (1.755e-02 s/TS) || Energy: ~2.13e-15 (-27.83dB)
[@    12m13s] Timestep:        45258 || Speed:   69.2 MC/s (1.848e-02 s/TS) || Energy: ~1.34e-15 (-29.85dB)
[@    12m19s] Timestep:        45600 || Speed:   78.7 MC/s (1.625e-02 s/TS) || Energy: ~2.05e-15 (-28.00dB)
[@    12m24s] Timestep:        45942 || Speed:   80.9 MC/s (1.581e-02 s/TS) || Energy: ~9.21e-16 (-31.48dB)
[@    12m30s] Timestep:        46284 || Speed:   77.9 MC/s (1.642e-02 s/TS) || Energy: ~1.24e-15 (-30.19dB)
[@    12m35s] Timestep:        46614 || Speed:   79.1 MC/s (1.616e-02 s/TS) || Energy: ~1.55e-15 (-29.22dB)
[@    12m39s] Timestep:        46854 || Speed:   74.4 MC/s (1.719e-02 s/TS) || Energy: ~8.68e-16 (-31.73dB)
[@    12m45s] Timestep:        47196 || Speed:   77.9 MC/s (1.641e-02 s/TS) || Energy: ~1.47e-15 (-29.43dB)
[@    12m50s] Timestep:        47528 || Speed:   78.3 MC/s (1.633e-02 s/TS) || Energy: ~6.89e-16 (-32.74dB)
[@    12m55s] Timestep:        47766 || Speed:   63.4 MC/s (2.017e-02 s/TS) || Energy: ~1.26e-15 (-30.10dB)
[@    13m00s] Timestep:        48222 || Speed:  120.2 MC/s (1.064e-02 s/TS) || Energy: ~1.16e-15 (-30.46dB)
[@    13m04s] Timestep:        48678 || Speed:  134.1 MC/s (9.539e-03 s/TS) || Energy: ~8.79e-16 (-31.68dB)
[@    13m09s] Timestep:        49134 || Speed:  126.0 MC/s (1.015e-02 s/TS) || Energy: ~5.69e-16 (-33.57dB)
[@    13m14s] Timestep:        49704 || Speed:  145.6 MC/s (8.785e-03 s/TS) || Energy: ~6.32e-16 (-33.11dB)
[@    13m18s] Timestep:        50160 || Speed:  137.2 MC/s (9.325e-03 s/TS) || Energy: ~4.02e-16 (-35.08dB)
[@    13m23s] Timestep:        50616 || Speed:  133.7 MC/s (9.568e-03 s/TS) || Energy: ~3.04e-16 (-36.29dB)
[@    13m27s] Timestep:        51072 || Speed:  132.5 MC/s (9.655e-03 s/TS) || Energy: ~3.41e-16 (-35.79dB)
[@    13m32s] Timestep:        51528 || Speed:  125.4 MC/s (1.020e-02 s/TS) || Energy: ~4.40e-16 (-34.68dB)
[@    13m36s] Timestep:        51984 || Speed:  138.9 MC/s (9.205e-03 s/TS) || Energy: ~5.03e-16 (-34.10dB)
[@    13m40s] Timestep:        52440 || Speed:  143.3 MC/s (8.924e-03 s/TS) || Energy: ~4.76e-16 (-34.34dB)
[@    13m45s] Timestep:        52896 || Speed:  118.1 MC/s (1.083e-02 s/TS) || Energy: ~3.71e-16 (-35.42dB)
[@    13m49s] Timestep:        53352 || Speed:  137.1 MC/s (9.327e-03 s/TS) || Energy: ~2.47e-16 (-37.19dB)
[@    13m54s] Timestep:        53808 || Speed:  132.6 MC/s (9.645e-03 s/TS) || Energy: ~1.65e-16 (-38.95dB)
[@    13m58s] Timestep:        54264 || Speed:  127.3 MC/s (1.005e-02 s/TS) || Energy: ~1.51e-16 (-39.32dB)
[@    14m03s] Timestep:        54720 || Speed:  125.7 MC/s (1.018e-02 s/TS) || Energy: ~1.88e-16 (-38.38dB)
[@    14m07s] Timestep:        55176 || Speed:  132.9 MC/s (9.626e-03 s/TS) || Energy: ~2.30e-16 (-37.49dB)
[@    14m11s] Timestep:        55632 || Speed:  135.7 MC/s (9.423e-03 s/TS) || Energy: ~2.40e-16 (-37.31dB)
[@    14m16s] Timestep:        56088 || Speed:  140.5 MC/s (9.102e-03 s/TS) || Energy: ~2.07e-16 (-37.96dB)
[@    14m20s] Timestep:        56544 || Speed:  136.9 MC/s (9.345e-03 s/TS) || Energy: ~1.49e-16 (-39.40dB)
[@    14m24s] Timestep:        57000 || Speed:  128.8 MC/s (9.929e-03 s/TS) || Energy: ~9.67e-17 (-41.26dB)
Time for 57000 iterations with 1278992.00 cells : 864.91 sec
Speed: 84.29 MCells/s 

     freq       S11   S21 coupling   AR embedded      Dmax
   5.700G   -10.69dB        -23.45dB         5.38dB     6.15dBi
   5.740G   -16.86dB        -21.46dB         4.43dB     5.96dBi
   5.780G   -29.30dB        -20.50dB         3.24dB     5.93dBi
   5.800G   -20.62dB        -20.41dB         2.82dB     5.91dBi
   5.820G   -16.71dB        -20.59dB         2.75dB     5.89dBi
   5.860G   -13.81dB        -21.75dB         3.90dB     5.93dBi
   5.900G   -13.54dB        -23.89dB         5.81dB     6.05dBi
