[b2] mesh 286x172x26 = 1.28 Mcells   ground 108.6 x 60.0 mm   pitch 25.8442 mm
openEMS - fixed number of threads: 8
 ---------------------------------------------------------------------- 
 | openEMS 64bit -- version v0.37.0-rc1-2-g7b051bb
 | (C) 2010-2026 Thorsten Liebig <thorsten.liebig@gmx.de>  GPL license
 ---------------------------------------------------------------------- 
	Used external libraries:
		CSXCAD -- Version: v0.7.0-rc1-1-g5115701
		hdf5   -- Version: 2.2.0
		          compiled against: HDF5 library version: 2.2.0
		tinyxml -- compiled against: 2.6.2
		fparser
		boost  -- compiled against: 1_90
		vtk -- disabled in this build

Create FDTD operator (compressed SSE + multi-threading)
FDTD simulation size: 286x172x26 --> 1.27899e+06 FDTD cells 
FDTD timestep is: 1.64436e-13 s; Nyquist rate: 457 timesteps @6.6536e+09 Hz
Excitation signal length is: 20497 timesteps (3.37045e-09s)
Max. number of timesteps: 140000 ( --> 6.83027 * Excitation signal length)
Create FDTD engine (compressed SSE + multi-threading)
Running FDTD engine... this may take a while... grab a cup of coffee?!?
[@        4s] Timestep:          342 || Speed:   93.3 MC/s (1.371e-02 s/TS) || Energy: ~5.98e-21 (- 0.00dB)
[@        9s] Timestep:          684 || Speed:   95.5 MC/s (1.339e-02 s/TS) || Energy: ~1.43e-20 (- 0.00dB)
[@       14s] Timestep:         1026 || Speed:   89.1 MC/s (1.436e-02 s/TS) || Energy: ~7.29e-20 (- 0.00dB)
[@       19s] Timestep:         1368 || Speed:   83.9 MC/s (1.524e-02 s/TS) || Energy: ~2.05e-19 (- 0.00dB)
[@       24s] Timestep:         1710 || Speed:   88.6 MC/s (1.444e-02 s/TS) || Energy: ~4.76e-19 (- 0.00dB)
[@       29s] Timestep:         2052 || Speed:   91.8 MC/s (1.394e-02 s/TS) || Energy: ~1.84e-18 (- 0.00dB)
[@       33s] Timestep:         2394 || Speed:   97.2 MC/s (1.315e-02 s/TS) || Energy: ~4.26e-18 (- 0.00dB)
[@       38s] Timestep:         2736 || Speed:   81.1 MC/s (1.577e-02 s/TS) || Energy: ~9.51e-18 (- 0.00dB)
[@       45s] Timestep:         3078 || Speed:   72.5 MC/s (1.764e-02 s/TS) || Energy: ~3.14e-17 (- 0.00dB)
[@       49s] Timestep:         3306 || Speed:   71.4 MC/s (1.792e-02 s/TS) || Energy: ~4.11e-17 (- 0.00dB)
[@       55s] Timestep:         3648 || Speed:   74.0 MC/s (1.728e-02 s/TS) || Energy: ~1.24e-16 (- 0.00dB)
[@     1m00s] Timestep:         3990 || Speed:   79.1 MC/s (1.616e-02 s/TS) || Energy: ~2.60e-16 (- 0.00dB)
[@     1m05s] Timestep:         4332 || Speed:   81.5 MC/s (1.570e-02 s/TS) || Energy: ~4.74e-16 (- 0.00dB)
[@     1m11s] Timestep:         4674 || Speed:   77.5 MC/s (1.650e-02 s/TS) || Energy: ~1.24e-15 (- 0.00dB)
[@     1m16s] Timestep:         5016 || Speed:   84.4 MC/s (1.515e-02 s/TS) || Energy: ~2.23e-15 (- 0.00dB)
[@     1m21s] Timestep:         5358 || Speed:   86.6 MC/s (1.477e-02 s/TS) || Energy: ~3.88e-15 (- 0.00dB)
[@     1m27s] Timestep:         5700 || Speed:   82.0 MC/s (1.560e-02 s/TS) || Energy: ~8.77e-15 (- 0.00dB)
[@     1m32s] Timestep:         6042 || Speed:   79.5 MC/s (1.610e-02 s/TS) || Energy: ~1.38e-14 (- 0.00dB)
[@     1m37s] Timestep:         6384 || Speed:   84.7 MC/s (1.509e-02 s/TS) || Energy: ~2.27e-14 (- 0.00dB)
[@     1m42s] Timestep:         6612 || Speed:   68.8 MC/s (1.859e-02 s/TS) || Energy: ~3.55e-14 (- 0.00dB)
[@     1m46s] Timestep:         6840 || Speed:   71.8 MC/s (1.780e-02 s/TS) || Energy: ~4.74e-14 (- 0.00dB)
[@     1m50s] Timestep:         7068 || Speed:   72.0 MC/s (1.778e-02 s/TS) || Energy: ~6.25e-14 (- 0.00dB)
[@     1m55s] Timestep:         7410 || Speed:   84.3 MC/s (1.518e-02 s/TS) || Energy: ~9.45e-14 (- 0.00dB)
[@     2m00s] Timestep:         7752 || Speed:   86.3 MC/s (1.482e-02 s/TS) || Energy: ~1.60e-13 (- 0.00dB)
[@     2m06s] Timestep:         8094 || Speed:   75.2 MC/s (1.701e-02 s/TS) || Energy: ~2.07e-13 (- 0.00dB)
[@     2m11s] Timestep:         8436 || Speed:   82.4 MC/s (1.553e-02 s/TS) || Energy: ~2.85e-13 (- 0.00dB)
[@     2m16s] Timestep:         8778 || Speed:   81.6 MC/s (1.568e-02 s/TS) || Energy: ~4.28e-13 (- 0.00dB)
[@     2m22s] Timestep:         9120 || Speed:   84.3 MC/s (1.517e-02 s/TS) || Energy: ~5.03e-13 (- 0.00dB)
[@     2m27s] Timestep:         9462 || Speed:   81.0 MC/s (1.580e-02 s/TS) || Energy: ~6.37e-13 (- 0.00dB)
[@     2m33s] Timestep:         9804 || Speed:   77.1 MC/s (1.659e-02 s/TS) || Energy: ~8.46e-13 (- 0.00dB)
[@     2m38s] Timestep:        10146 || Speed:   81.1 MC/s (1.577e-02 s/TS) || Energy: ~9.18e-13 (- 0.00dB)
[@     2m43s] Timestep:        10488 || Speed:   81.3 MC/s (1.574e-02 s/TS) || Energy: ~1.08e-12 (- 0.00dB)
[@     2m49s] Timestep:        10830 || Speed:   79.1 MC/s (1.618e-02 s/TS) || Energy: ~1.25e-12 (- 0.00dB)
[@     2m55s] Timestep:        11172 || Speed:   78.8 MC/s (1.624e-02 s/TS) || Energy: ~1.30e-12 (- 0.00dB)
[@     3m00s] Timestep:        11514 || Speed:   82.3 MC/s (1.553e-02 s/TS) || Energy: ~1.45e-12 (- 0.00dB)
[@     3m06s] Timestep:        11856 || Speed:   76.8 MC/s (1.666e-02 s/TS) || Energy: ~1.42e-12 (- 0.08dB)
[@     3m11s] Timestep:        12198 || Speed:   80.2 MC/s (1.594e-02 s/TS) || Energy: ~1.51e-12 (- 0.00dB)
[@     3m16s] Timestep:        12540 || Speed:   81.0 MC/s (1.578e-02 s/TS) || Energy: ~1.57e-12 (- 0.00dB)
[@     3m21s] Timestep:        12796 || Speed:   75.2 MC/s (1.701e-02 s/TS) || Energy: ~1.39e-12 (- 0.54dB)
[@     3m26s] Timestep:        13110 || Speed:   82.2 MC/s (1.556e-02 s/TS) || Energy: ~1.64e-12 (- 0.00dB)
[@     3m31s] Timestep:        13452 || Speed:   78.4 MC/s (1.632e-02 s/TS) || Energy: ~1.18e-12 (- 1.44dB)
[@     3m35s] Timestep:        13710 || Speed:   79.3 MC/s (1.613e-02 s/TS) || Energy: ~1.63e-12 (- 0.03dB)
[@     3m40s] Timestep:        14022 || Speed:   84.9 MC/s (1.506e-02 s/TS) || Energy: ~1.15e-12 (- 1.53dB)
[@     3m45s] Timestep:        14364 || Speed:   86.1 MC/s (1.485e-02 s/TS) || Energy: ~1.16e-12 (- 1.51dB)
[@     3m49s] Timestep:        14624 || Speed:   78.8 MC/s (1.623e-02 s/TS) || Energy: ~1.35e-12 (- 0.85dB)
[@     3m54s] Timestep:        14934 || Speed:   83.7 MC/s (1.528e-02 s/TS) || Energy: ~9.33e-13 (- 2.45dB)
[@     4m00s] Timestep:        15276 || Speed:   76.7 MC/s (1.668e-02 s/TS) || Energy: ~1.49e-12 (- 0.41dB)
[@     4m04s] Timestep:        15538 || Speed:   79.0 MC/s (1.619e-02 s/TS) || Energy: ~7.96e-13 (- 3.14dB)
[@     4m09s] Timestep:        15846 || Speed:   81.6 MC/s (1.568e-02 s/TS) || Energy: ~1.33e-12 (- 0.92dB)
[@     4m14s] Timestep:        16188 || Speed:   82.1 MC/s (1.558e-02 s/TS) || Energy: ~1.08e-12 (- 1.81dB)
[@     4m18s] Timestep:        16452 || Speed:   81.4 MC/s (1.571e-02 s/TS) || Energy: ~9.82e-13 (- 2.23dB)
[@     4m23s] Timestep:        16758 || Speed:   79.6 MC/s (1.608e-02 s/TS) || Energy: ~1.13e-12 (- 1.64dB)
[@     4m29s] Timestep:        17100 || Speed:   74.6 MC/s (1.713e-02 s/TS) || Energy: ~6.79e-13 (- 3.83dB)
[@     4m33s] Timestep:        17366 || Speed:   78.7 MC/s (1.624e-02 s/TS) || Energy: ~1.11e-12 (- 1.71dB)
[@     4m38s] Timestep:        17670 || Speed:   79.6 MC/s (1.608e-02 s/TS) || Energy: ~6.52e-13 (- 4.01dB)
[@     4m44s] Timestep:        18012 || Speed:   80.4 MC/s (1.591e-02 s/TS) || Energy: ~8.07e-13 (- 3.08dB)
[@     4m48s] Timestep:        18280 || Speed:   77.8 MC/s (1.643e-02 s/TS) || Energy: ~7.12e-13 (- 3.62dB)
[@     4m53s] Timestep:        18582 || Speed:   79.2 MC/s (1.615e-02 s/TS) || Energy: ~6.34e-13 (- 4.13dB)
[@     4m58s] Timestep:        18924 || Speed:   82.2 MC/s (1.556e-02 s/TS) || Energy: ~7.48e-13 (- 3.41dB)
[@     5m02s] Timestep:        19194 || Speed:   84.6 MC/s (1.512e-02 s/TS) || Energy: ~4.71e-13 (- 5.42dB)
[@     5m07s] Timestep:        19494 || Speed:   84.3 MC/s (1.517e-02 s/TS) || Energy: ~6.36e-13 (- 4.12dB)
[@     5m13s] Timestep:        19836 || Speed:   79.5 MC/s (1.608e-02 s/TS) || Energy: ~4.49e-13 (- 5.63dB)
[@     5m17s] Timestep:        20108 || Speed:   75.5 MC/s (1.695e-02 s/TS) || Energy: ~4.75e-13 (- 5.39dB)
[@     5m22s] Timestep:        20406 || Speed:   75.3 MC/s (1.698e-02 s/TS) || Energy: ~4.14e-13 (- 5.98dB)
[@     5m28s] Timestep:        20748 || Speed:   77.1 MC/s (1.658e-02 s/TS) || Energy: ~3.18e-13 (- 7.13dB)
[@     5m32s] Timestep:        21022 || Speed:   79.9 MC/s (1.600e-02 s/TS) || Energy: ~3.85e-13 (- 6.29dB)
[@     5m37s] Timestep:        21318 || Speed:   79.9 MC/s (1.601e-02 s/TS) || Energy: ~2.60e-13 (- 8.00dB)
[@     5m43s] Timestep:        21660 || Speed:   74.2 MC/s (1.724e-02 s/TS) || Energy: ~3.01e-13 (- 7.37dB)
[@     5m47s] Timestep:        21936 || Speed:   78.9 MC/s (1.621e-02 s/TS) || Energy: ~2.31e-13 (- 8.51dB)
[@     5m52s] Timestep:        22230 || Speed:   83.6 MC/s (1.529e-02 s/TS) || Energy: ~2.34e-13 (- 8.46dB)
[@     5m57s] Timestep:        22572 || Speed:   80.0 MC/s (1.600e-02 s/TS) || Energy: ~2.20e-13 (- 8.72dB)
[@     6m02s] Timestep:        22850 || Speed:   77.4 MC/s (1.653e-02 s/TS) || Energy: ~1.66e-13 (- 9.94dB)
[@     6m06s] Timestep:        23142 || Speed:   86.4 MC/s (1.481e-02 s/TS) || Energy: ~1.88e-13 (- 9.42dB)
[@     6m12s] Timestep:        23484 || Speed:   77.5 MC/s (1.650e-02 s/TS) || Energy: ~1.33e-13 (-10.90dB)
[@     6m17s] Timestep:        23764 || Speed:   76.6 MC/s (1.670e-02 s/TS) || Energy: ~1.49e-13 (-10.43dB)
[@     6m21s] Timestep:        24054 || Speed:   78.8 MC/s (1.623e-02 s/TS) || Energy: ~1.15e-13 (-11.53dB)
[@     6m27s] Timestep:        24396 || Speed:   76.6 MC/s (1.669e-02 s/TS) || Energy: ~1.06e-13 (-11.92dB)
[@     6m32s] Timestep:        24678 || Speed:   75.8 MC/s (1.687e-02 s/TS) || Energy: ~1.07e-13 (-11.87dB)
[@     6m36s] Timestep:        24966 || Speed:   86.4 MC/s (1.480e-02 s/TS) || Energy: ~8.31e-14 (-12.95dB)
[@     6m42s] Timestep:        25308 || Speed:   75.8 MC/s (1.687e-02 s/TS) || Energy: ~9.10e-14 (-12.56dB)
[@     6m47s] Timestep:        25592 || Speed:   76.0 MC/s (1.683e-02 s/TS) || Energy: ~6.58e-14 (-13.96dB)
[@     6m51s] Timestep:        25878 || Speed:   80.9 MC/s (1.581e-02 s/TS) || Energy: ~7.41e-14 (-13.45dB)
[@     6m57s] Timestep:        26220 || Speed:   78.1 MC/s (1.637e-02 s/TS) || Energy: ~6.01e-14 (-14.36dB)
[@     7m01s] Timestep:        26506 || Speed:   76.5 MC/s (1.671e-02 s/TS) || Energy: ~5.36e-14 (-14.86dB)
[@     7m06s] Timestep:        26790 || Speed:   82.0 MC/s (1.559e-02 s/TS) || Energy: ~5.30e-14 (-14.91dB)
[@     7m11s] Timestep:        27132 || Speed:   81.7 MC/s (1.566e-02 s/TS) || Energy: ~3.93e-14 (-16.21dB)
[@     7m16s] Timestep:        27420 || Speed:   78.9 MC/s (1.620e-02 s/TS) || Energy: ~4.66e-14 (-15.47dB)
[@     7m20s] Timestep:        27702 || Speed:   78.8 MC/s (1.623e-02 s/TS) || Energy: ~3.26e-14 (-17.02dB)
[@     7m26s] Timestep:        28044 || Speed:   77.9 MC/s (1.641e-02 s/TS) || Energy: ~3.54e-14 (-16.66dB)
[@     7m31s] Timestep:        28334 || Speed:   75.7 MC/s (1.690e-02 s/TS) || Energy: ~3.06e-14 (-17.29dB)
[@     7m36s] Timestep:        28614 || Speed:   77.5 MC/s (1.650e-02 s/TS) || Energy: ~2.76e-14 (-17.73dB)
[@     7m41s] Timestep:        28956 || Speed:   76.9 MC/s (1.662e-02 s/TS) || Energy: ~2.89e-14 (-17.54dB)
[@     7m46s] Timestep:        29248 || Speed:   77.1 MC/s (1.660e-02 s/TS) || Energy: ~1.95e-14 (-19.24dB)
[@     7m51s] Timestep:        29526 || Speed:   79.2 MC/s (1.615e-02 s/TS) || Energy: ~2.49e-14 (-18.19dB)
[@     7m56s] Timestep:        29868 || Speed:   78.3 MC/s (1.633e-02 s/TS) || Energy: ~1.74e-14 (-19.75dB)
[@     8m01s] Timestep:        30162 || Speed:   75.5 MC/s (1.694e-02 s/TS) || Energy: ~1.83e-14 (-19.53dB)
[@     8m06s] Timestep:        30438 || Speed:   81.0 MC/s (1.579e-02 s/TS) || Energy: ~1.60e-14 (-20.10dB)
[@     8m11s] Timestep:        30780 || Speed:   78.2 MC/s (1.636e-02 s/TS) || Energy: ~1.25e-14 (-21.19dB)
[@     8m16s] Timestep:        31076 || Speed:   77.2 MC/s (1.656e-02 s/TS) || Energy: ~1.59e-14 (-20.13dB)
[@     8m20s] Timestep:        31350 || Speed:   81.3 MC/s (1.574e-02 s/TS) || Energy: ~9.90e-15 (-22.19dB)
[@     8m26s] Timestep:        31692 || Speed:   76.8 MC/s (1.665e-02 s/TS) || Energy: ~1.28e-14 (-21.09dB)
[@     8m31s] Timestep:        31990 || Speed:   72.8 MC/s (1.758e-02 s/TS) || Energy: ~9.55e-15 (-22.35dB)
[@     8m36s] Timestep:        32262 || Speed:   74.5 MC/s (1.716e-02 s/TS) || Energy: ~9.89e-15 (-22.20dB)
[@     8m41s] Timestep:        32604 || Speed:   79.3 MC/s (1.613e-02 s/TS) || Energy: ~9.91e-15 (-22.19dB)
[@     8m46s] Timestep:        32904 || Speed:   76.3 MC/s (1.677e-02 s/TS) || Energy: ~6.16e-15 (-24.25dB)
[@     8m51s] Timestep:        33174 || Speed:   74.8 MC/s (1.711e-02 s/TS) || Energy: ~8.96e-15 (-22.62dB)
[@     8m55s] Timestep:        33402 || Speed:   70.0 MC/s (1.826e-02 s/TS) || Energy: ~5.53e-15 (-24.72dB)
[@     9m01s] Timestep:        33744 || Speed:   75.6 MC/s (1.692e-02 s/TS) || Energy: ~7.68e-15 (-23.30dB)
[@     9m06s] Timestep:        34086 || Speed:   80.5 MC/s (1.590e-02 s/TS) || Energy: ~5.20e-15 (-24.99dB)
[@     9m11s] Timestep:        34314 || Speed:   72.4 MC/s (1.768e-02 s/TS) || Energy: ~6.18e-15 (-24.24dB)
[@     9m16s] Timestep:        34656 || Speed:   79.3 MC/s (1.612e-02 s/TS) || Energy: ~5.13e-15 (-25.05dB)
[@     9m21s] Timestep:        34998 || Speed:   82.0 MC/s (1.560e-02 s/TS) || Energy: ~3.25e-15 (-27.04dB)
[@     9m27s] Timestep:        35340 || Speed:   76.0 MC/s (1.684e-02 s/TS) || Energy: ~4.88e-15 (-25.26dB)
[@     9m32s] Timestep:        35646 || Speed:   77.4 MC/s (1.653e-02 s/TS) || Energy: ~3.24e-15 (-27.04dB)
[@     9m36s] Timestep:        35910 || Speed:   78.8 MC/s (1.624e-02 s/TS) || Energy: ~3.77e-15 (-26.38dB)
[@     9m42s] Timestep:        36252 || Speed:   75.9 MC/s (1.685e-02 s/TS) || Energy: ~3.61e-15 (-26.57dB)
[@     9m46s] Timestep:        36480 || Speed:   72.8 MC/s (1.758e-02 s/TS) || Energy: ~2.75e-15 (-27.75dB)
[@     9m50s] Timestep:        36708 || Speed:   68.8 MC/s (1.858e-02 s/TS) || Energy: ~2.57e-15 (-28.05dB)
[@     9m55s] Timestep:        36936 || Speed:   71.2 MC/s (1.797e-02 s/TS) || Energy: ~3.04e-15 (-27.32dB)
[@    10m01s] Timestep:        37278 || Speed:   72.9 MC/s (1.754e-02 s/TS) || Energy: ~2.62e-15 (-27.97dB)
[@    10m05s] Timestep:        37506 || Speed:   70.4 MC/s (1.818e-02 s/TS) || Energy: ~2.25e-15 (-28.64dB)
[@    10m10s] Timestep:        37848 || Speed:   75.9 MC/s (1.685e-02 s/TS) || Energy: ~2.55e-15 (-28.08dB)
[@    10m16s] Timestep:        38190 || Speed:   81.7 MC/s (1.565e-02 s/TS) || Energy: ~1.28e-15 (-31.09dB)
[@    10m21s] Timestep:        38532 || Speed:   80.8 MC/s (1.582e-02 s/TS) || Energy: ~1.84e-15 (-29.50dB)
[@    10m26s] Timestep:        38845 || Speed:   81.7 MC/s (1.566e-02 s/TS) || Energy: ~1.74e-15 (-29.74dB)
[@    10m30s] Timestep:        39102 || Speed:   77.5 MC/s (1.651e-02 s/TS) || Energy: ~1.31e-15 (-30.98dB)
[@    10m36s] Timestep:        39444 || Speed:   82.1 MC/s (1.558e-02 s/TS) || Energy: ~1.78e-15 (-29.65dB)
[@    10m41s] Timestep:        39759 || Speed:   74.6 MC/s (1.715e-02 s/TS) || Energy: ~8.27e-16 (-32.97dB)
[@    10m45s] Timestep:        40014 || Speed:   78.0 MC/s (1.639e-02 s/TS) || Energy: ~1.54e-15 (-30.26dB)
[@    10m51s] Timestep:        40356 || Speed:   75.1 MC/s (1.702e-02 s/TS) || Energy: ~9.38e-16 (-32.43dB)
[@    10m55s] Timestep:        40584 || Speed:   70.1 MC/s (1.824e-02 s/TS) || Energy: ~1.23e-15 (-31.24dB)
[@    11m01s] Timestep:        40926 || Speed:   76.2 MC/s (1.679e-02 s/TS) || Energy: ~9.97e-16 (-32.16dB)
[@    11m07s] Timestep:        41268 || Speed:   76.7 MC/s (1.668e-02 s/TS) || Energy: ~5.48e-16 (-34.76dB)
[@    11m12s] Timestep:        41587 || Speed:   78.6 MC/s (1.627e-02 s/TS) || Energy: ~1.04e-15 (-31.97dB)
[@    11m16s] Timestep:        41838 || Speed:   76.3 MC/s (1.677e-02 s/TS) || Energy: ~4.63e-16 (-35.50dB)
[@    11m20s] Timestep:        42066 || Speed:   72.5 MC/s (1.763e-02 s/TS) || Energy: ~9.38e-16 (-32.43dB)
[@    11m26s] Timestep:        42408 || Speed:   78.5 MC/s (1.630e-02 s/TS) || Energy: ~4.65e-16 (-35.48dB)
[@    11m31s] Timestep:        42750 || Speed:   76.8 MC/s (1.665e-02 s/TS) || Energy: ~5.33e-16 (-34.89dB)
[@    11m37s] Timestep:        43092 || Speed:   80.8 MC/s (1.583e-02 s/TS) || Energy: ~7.18e-16 (-33.59dB)
[@    11m43s] Timestep:        43415 || Speed:   71.0 MC/s (1.801e-02 s/TS) || Energy: ~3.13e-16 (-37.19dB)
[@    11m48s] Timestep:        43776 || Speed:   79.9 MC/s (1.600e-02 s/TS) || Energy: ~4.51e-16 (-35.61dB)
[@    11m54s] Timestep:        44118 || Speed:   74.0 MC/s (1.729e-02 s/TS) || Energy: ~5.43e-16 (-34.80dB)
[@    12m00s] Timestep:        44460 || Speed:   75.0 MC/s (1.705e-02 s/TS) || Energy: ~2.40e-16 (-38.34dB)
[@    12m06s] Timestep:        44786 || Speed:   74.6 MC/s (1.715e-02 s/TS) || Energy: ~4.07e-16 (-36.05dB)
[@    12m10s] Timestep:        45030 || Speed:   77.0 MC/s (1.661e-02 s/TS) || Energy: ~2.53e-16 (-38.13dB)
[@    12m15s] Timestep:        45372 || Speed:   83.6 MC/s (1.530e-02 s/TS) || Energy: ~2.64e-16 (-37.93dB)
[@    12m21s] Timestep:        45700 || Speed:   76.3 MC/s (1.677e-02 s/TS) || Energy: ~3.80e-16 (-36.35dB)
[@    12m26s] Timestep:        46056 || Speed:   79.9 MC/s (1.600e-02 s/TS) || Energy: ~1.80e-16 (-39.60dB)
[@    12m32s] Timestep:        46398 || Speed:   75.6 MC/s (1.692e-02 s/TS) || Energy: ~2.26e-16 (-38.60dB)
[@    12m38s] Timestep:        46740 || Speed:   79.2 MC/s (1.615e-02 s/TS) || Energy: ~2.94e-16 (-37.47dB)
[@    12m43s] Timestep:        47071 || Speed:   77.6 MC/s (1.649e-02 s/TS) || Energy: ~1.26e-16 (-41.14dB)
Time for 47071 iterations with 1278992.00 cells : 763.52 sec
Speed: 78.85 MCells/s 

     freq       S11   S21 coupling   AR embedded      Dmax
   5.700G    -9.41dB        -23.45dB         7.19dB     6.67dBi
   5.740G   -11.20dB        -21.68dB         5.75dB     6.33dBi
   5.780G   -13.54dB        -20.78dB         4.03dB     6.00dBi
   5.800G   -14.51dB        -20.66dB         3.17dB     5.86dBi
   5.820G   -14.86dB        -20.76dB         2.38dB     5.89dBi
   5.860G   -13.43dB        -21.65dB         1.46dB     5.97dBi
   5.900G   -11.20dB        -23.47dB         2.16dB     5.94dBi
