[c3] mesh 244x167x26 = 1.06 Mcells   ground 98.7 x 60.0 mm   pitch 25.8442 mm
openEMS - fixed number of threads: 8
 ---------------------------------------------------------------------- 
 | openEMS 64bit -- version v0.37.0-rc1-2-g7b051bb
 | (C) 2010-2026 Thorsten Liebig <thorsten.liebig@gmx.de>  GPL license
 ---------------------------------------------------------------------- 
	Used external libraries:
		CSXCAD -- Version: v0.7.0-rc1-1-g5115701
		hdf5   -- Version: 2.2.0
		          compiled against: HDF5 library version: 2.2.0
		tinyxml -- compiled against: 2.6.2
		fparser
		boost  -- compiled against: 1_90
		vtk -- disabled in this build

Create FDTD operator (compressed SSE + multi-threading)
FDTD simulation size: 244x167x26 --> 1.05945e+06 FDTD cells 
FDTD timestep is: 1.74162e-13 s; Nyquist rate: 431 timesteps @6.66102e+09 Hz
Excitation signal length is: 19352 timesteps (3.37037e-09s)
Max. number of timesteps: 140000 ( --> 7.23439 * Excitation signal length)
Create FDTD engine (compressed SSE + multi-threading)
Running FDTD engine... this may take a while... grab a cup of coffee?!?
[@        5s] Timestep:          428 || Speed:   85.8 MC/s (1.235e-02 s/TS) || Energy: ~8.54e-21 (- 0.00dB)
[@        9s] Timestep:          856 || Speed:   96.8 MC/s (1.095e-02 s/TS) || Energy: ~4.35e-20 (- 0.00dB)
[@       14s] Timestep:         1284 || Speed:   92.6 MC/s (1.144e-02 s/TS) || Energy: ~1.75e-19 (- 0.00dB)
[@       18s] Timestep:         1605 || Speed:   83.8 MC/s (1.264e-02 s/TS) || Energy: ~3.55e-19 (- 0.00dB)
[@       23s] Timestep:         1926 || Speed:   79.4 MC/s (1.334e-02 s/TS) || Energy: ~1.41e-18 (- 0.00dB)
[@       27s] Timestep:         2247 || Speed:   78.5 MC/s (1.349e-02 s/TS) || Energy: ~3.40e-18 (- 0.00dB)
[@       31s] Timestep:         2586 || Speed:   83.9 MC/s (1.262e-02 s/TS) || Energy: ~7.53e-18 (- 0.00dB)
[@       36s] Timestep:         2996 || Speed:   90.3 MC/s (1.174e-02 s/TS) || Energy: ~2.71e-17 (- 0.00dB)
[@       41s] Timestep:         3424 || Speed:   94.8 MC/s (1.118e-02 s/TS) || Energy: ~9.24e-17 (- 0.00dB)
[@       46s] Timestep:         3745 || Speed:   72.4 MC/s (1.464e-02 s/TS) || Energy: ~1.95e-16 (- 0.00dB)
[@       50s] Timestep:         4066 || Speed:   73.0 MC/s (1.452e-02 s/TS) || Energy: ~3.71e-16 (- 0.00dB)
[@       54s] Timestep:         4387 || Speed:   80.7 MC/s (1.313e-02 s/TS) || Energy: ~9.08e-16 (- 0.00dB)
[@       59s] Timestep:         4708 || Speed:   76.7 MC/s (1.382e-02 s/TS) || Energy: ~1.64e-15 (- 0.00dB)
[@     1m03s] Timestep:         5029 || Speed:   77.6 MC/s (1.365e-02 s/TS) || Energy: ~3.09e-15 (- 0.00dB)
[@     1m07s] Timestep:         5350 || Speed:   82.4 MC/s (1.286e-02 s/TS) || Energy: ~6.22e-15 (- 0.00dB)
[@     1m13s] Timestep:         5778 || Speed:   83.1 MC/s (1.276e-02 s/TS) || Energy: ~1.28e-14 (- 0.00dB)
[@     1m17s] Timestep:         6099 || Speed:   81.3 MC/s (1.303e-02 s/TS) || Energy: ~2.09e-14 (- 0.00dB)
[@     1m21s] Timestep:         6465 || Speed:   88.7 MC/s (1.195e-02 s/TS) || Energy: ~3.85e-14 (- 0.00dB)
[@     1m26s] Timestep:         6848 || Speed:   85.7 MC/s (1.236e-02 s/TS) || Energy: ~6.45e-14 (- 0.00dB)
[@     1m30s] Timestep:         7169 || Speed:   80.6 MC/s (1.315e-02 s/TS) || Energy: ~9.37e-14 (- 0.00dB)
[@     1m35s] Timestep:         7490 || Speed:   79.3 MC/s (1.336e-02 s/TS) || Energy: ~1.46e-13 (- 0.00dB)
[@     1m39s] Timestep:         7811 || Speed:   79.3 MC/s (1.337e-02 s/TS) || Energy: ~1.92e-13 (- 0.00dB)
[@     1m43s] Timestep:         8132 || Speed:   81.9 MC/s (1.294e-02 s/TS) || Energy: ~2.67e-13 (- 0.00dB)
[@     1m48s] Timestep:         8453 || Speed:   77.4 MC/s (1.369e-02 s/TS) || Energy: ~3.68e-13 (- 0.00dB)
[@     1m52s] Timestep:         8774 || Speed:   77.1 MC/s (1.374e-02 s/TS) || Energy: ~4.26e-13 (- 0.00dB)
[@     1m56s] Timestep:         9095 || Speed:   80.8 MC/s (1.312e-02 s/TS) || Energy: ~5.66e-13 (- 0.00dB)
[@     2m00s] Timestep:         9416 || Speed:   84.0 MC/s (1.262e-02 s/TS) || Energy: ~6.72e-13 (- 0.00dB)
[@     2m04s] Timestep:         9737 || Speed:   80.9 MC/s (1.310e-02 s/TS) || Energy: ~7.34e-13 (- 0.00dB)
[@     2m09s] Timestep:        10058 || Speed:   81.4 MC/s (1.302e-02 s/TS) || Energy: ~8.93e-13 (- 0.00dB)
[@     2m14s] Timestep:        10486 || Speed:   89.4 MC/s (1.186e-02 s/TS) || Energy: ~9.83e-13 (- 0.00dB)
[@     2m18s] Timestep:        10807 || Speed:   83.3 MC/s (1.272e-02 s/TS) || Energy: ~9.89e-13 (- 0.00dB)
[@     2m22s] Timestep:        11128 || Speed:   83.9 MC/s (1.263e-02 s/TS) || Energy: ~1.09e-12 (- 0.00dB)
[@     2m26s] Timestep:        11449 || Speed:   79.4 MC/s (1.334e-02 s/TS) || Energy: ~1.02e-12 (- 0.31dB)
[@     2m31s] Timestep:        11770 || Speed:   74.3 MC/s (1.427e-02 s/TS) || Energy: ~1.07e-12 (- 0.10dB)
[@     2m35s] Timestep:        12091 || Speed:   83.8 MC/s (1.264e-02 s/TS) || Energy: ~1.08e-12 (- 0.06dB)
[@     2m39s] Timestep:        12412 || Speed:   79.6 MC/s (1.330e-02 s/TS) || Energy: ~8.89e-13 (- 0.90dB)
[@     2m43s] Timestep:        12733 || Speed:   79.2 MC/s (1.338e-02 s/TS) || Energy: ~1.04e-12 (- 0.20dB)
[@     2m48s] Timestep:        13054 || Speed:   79.1 MC/s (1.340e-02 s/TS) || Energy: ~9.12e-13 (- 0.78dB)
[@     2m52s] Timestep:        13361 || Speed:   78.8 MC/s (1.344e-02 s/TS) || Energy: ~7.82e-13 (- 1.45dB)
[@     2m56s] Timestep:        13696 || Speed:   83.2 MC/s (1.274e-02 s/TS) || Energy: ~9.67e-13 (- 0.53dB)
[@     3m00s] Timestep:        14017 || Speed:   80.9 MC/s (1.310e-02 s/TS) || Energy: ~7.33e-13 (- 1.73dB)
[@     3m04s] Timestep:        14338 || Speed:   83.8 MC/s (1.264e-02 s/TS) || Energy: ~7.12e-13 (- 1.86dB)
[@     3m08s] Timestep:        14654 || Speed:   83.1 MC/s (1.275e-02 s/TS) || Energy: ~8.66e-13 (- 1.01dB)
[@     3m12s] Timestep:        14980 || Speed:   86.1 MC/s (1.231e-02 s/TS) || Energy: ~6.03e-13 (- 2.58dB)
[@     3m16s] Timestep:        15301 || Speed:   81.8 MC/s (1.295e-02 s/TS) || Energy: ~6.97e-13 (- 1.95dB)
[@     3m21s] Timestep:        15622 || Speed:   80.0 MC/s (1.325e-02 s/TS) || Energy: ~7.42e-13 (- 1.68dB)
[@     3m25s] Timestep:        15947 || Speed:   84.4 MC/s (1.255e-02 s/TS) || Energy: ~5.12e-13 (- 3.29dB)
[@     3m29s] Timestep:        16264 || Speed:   79.4 MC/s (1.335e-02 s/TS) || Energy: ~6.63e-13 (- 2.17dB)
[@     3m33s] Timestep:        16585 || Speed:   80.8 MC/s (1.311e-02 s/TS) || Energy: ~5.91e-13 (- 2.67dB)
[@     3m37s] Timestep:        16906 || Speed:   82.0 MC/s (1.292e-02 s/TS) || Energy: ~4.42e-13 (- 3.93dB)
[@     3m42s] Timestep:        17240 || Speed:   84.2 MC/s (1.259e-02 s/TS) || Energy: ~5.79e-13 (- 2.76dB)
[@     3m46s] Timestep:        17548 || Speed:   80.0 MC/s (1.324e-02 s/TS) || Energy: ~4.40e-13 (- 3.95dB)
[@     3m50s] Timestep:        17869 || Speed:   74.9 MC/s (1.415e-02 s/TS) || Energy: ~3.86e-13 (- 4.52dB)
[@     3m54s] Timestep:        18190 || Speed:   85.0 MC/s (1.247e-02 s/TS) || Energy: ~4.84e-13 (- 3.54dB)
[@     3m58s] Timestep:        18511 || Speed:   80.8 MC/s (1.311e-02 s/TS) || Energy: ~3.14e-13 (- 5.42dB)
[@     4m03s] Timestep:        18832 || Speed:   81.0 MC/s (1.307e-02 s/TS) || Energy: ~3.38e-13 (- 5.10dB)
[@     4m07s] Timestep:        19153 || Speed:   80.5 MC/s (1.316e-02 s/TS) || Energy: ~3.73e-13 (- 4.67dB)
[@     4m11s] Timestep:        19474 || Speed:   81.5 MC/s (1.300e-02 s/TS) || Energy: ~2.25e-13 (- 6.86dB)
[@     4m15s] Timestep:        19795 || Speed:   81.8 MC/s (1.296e-02 s/TS) || Energy: ~2.93e-13 (- 5.71dB)
[@     4m19s] Timestep:        20116 || Speed:   80.8 MC/s (1.312e-02 s/TS) || Energy: ~2.72e-13 (- 6.05dB)
[@     4m24s] Timestep:        20437 || Speed:   80.0 MC/s (1.324e-02 s/TS) || Energy: ~1.70e-13 (- 8.09dB)
[@     4m28s] Timestep:        20758 || Speed:   79.2 MC/s (1.338e-02 s/TS) || Energy: ~2.49e-13 (- 6.42dB)
[@     4m32s] Timestep:        21079 || Speed:   75.6 MC/s (1.401e-02 s/TS) || Energy: ~1.90e-13 (- 7.60dB)
[@     4m37s] Timestep:        21400 || Speed:   78.1 MC/s (1.356e-02 s/TS) || Energy: ~1.38e-13 (- 8.99dB)
[@     4m41s] Timestep:        21721 || Speed:   80.9 MC/s (1.310e-02 s/TS) || Energy: ~2.06e-13 (- 7.25dB)
[@     4m45s] Timestep:        22042 || Speed:   81.5 MC/s (1.299e-02 s/TS) || Energy: ~1.30e-13 (- 9.25dB)
[@     4m49s] Timestep:        22363 || Speed:   82.7 MC/s (1.281e-02 s/TS) || Energy: ~1.20e-13 (- 9.60dB)
[@     4m53s] Timestep:        22684 || Speed:   81.0 MC/s (1.308e-02 s/TS) || Energy: ~1.64e-13 (- 8.24dB)
[@     4m58s] Timestep:        23005 || Speed:   79.4 MC/s (1.335e-02 s/TS) || Energy: ~8.89e-14 (-10.90dB)
[@     5m02s] Timestep:        23326 || Speed:   78.3 MC/s (1.353e-02 s/TS) || Energy: ~1.07e-13 (-10.07dB)
[@     5m06s] Timestep:        23647 || Speed:   80.8 MC/s (1.311e-02 s/TS) || Energy: ~1.25e-13 (- 9.40dB)
[@     5m11s] Timestep:        23968 || Speed:   80.1 MC/s (1.322e-02 s/TS) || Energy: ~6.32e-14 (-12.37dB)
[@     5m15s] Timestep:        24289 || Speed:   82.3 MC/s (1.287e-02 s/TS) || Energy: ~9.66e-14 (-10.54dB)
[@     5m19s] Timestep:        24610 || Speed:   80.3 MC/s (1.319e-02 s/TS) || Energy: ~9.21e-14 (-10.74dB)
[@     5m23s] Timestep:        24931 || Speed:   81.6 MC/s (1.298e-02 s/TS) || Energy: ~4.85e-14 (-13.52dB)
[@     5m27s] Timestep:        25252 || Speed:   82.0 MC/s (1.291e-02 s/TS) || Energy: ~8.50e-14 (-11.09dB)
[@     5m32s] Timestep:        25573 || Speed:   79.0 MC/s (1.341e-02 s/TS) || Energy: ~6.51e-14 (-12.25dB)
[@     5m36s] Timestep:        25894 || Speed:   81.9 MC/s (1.293e-02 s/TS) || Energy: ~4.08e-14 (-14.28dB)
[@     5m40s] Timestep:        26215 || Speed:   75.1 MC/s (1.411e-02 s/TS) || Energy: ~7.24e-14 (-11.79dB)
[@     5m44s] Timestep:        26536 || Speed:   79.9 MC/s (1.325e-02 s/TS) || Energy: ~4.47e-14 (-13.88dB)
[@     5m49s] Timestep:        26857 || Speed:   80.4 MC/s (1.317e-02 s/TS) || Energy: ~3.68e-14 (-14.73dB)
[@     5m53s] Timestep:        27153 || Speed:   75.4 MC/s (1.404e-02 s/TS) || Energy: ~5.86e-14 (-12.71dB)
[@     5m57s] Timestep:        27499 || Speed:   80.4 MC/s (1.318e-02 s/TS) || Energy: ~3.04e-14 (-15.55dB)
[@     6m02s] Timestep:        27820 || Speed:   73.6 MC/s (1.439e-02 s/TS) || Energy: ~3.43e-14 (-15.04dB)
[@     6m06s] Timestep:        28141 || Speed:   78.0 MC/s (1.359e-02 s/TS) || Energy: ~4.66e-14 (-13.70dB)
[@     6m11s] Timestep:        28462 || Speed:   81.9 MC/s (1.294e-02 s/TS) || Energy: ~2.12e-14 (-17.13dB)
[@     6m15s] Timestep:        28783 || Speed:   81.8 MC/s (1.295e-02 s/TS) || Energy: ~3.19e-14 (-15.35dB)
[@     6m20s] Timestep:        29211 || Speed:   84.4 MC/s (1.255e-02 s/TS) || Energy: ~3.62e-14 (-14.79dB)
[@     6m24s] Timestep:        29532 || Speed:   85.0 MC/s (1.247e-02 s/TS) || Energy: ~2.38e-14 (-16.61dB)
[@     6m28s] Timestep:        29853 || Speed:   83.7 MC/s (1.265e-02 s/TS) || Energy: ~1.68e-14 (-18.12dB)
[@     6m32s] Timestep:        30170 || Speed:   78.5 MC/s (1.349e-02 s/TS) || Energy: ~3.04e-14 (-15.56dB)
[@     6m37s] Timestep:        30495 || Speed:   80.4 MC/s (1.317e-02 s/TS) || Energy: ~1.62e-14 (-18.29dB)
[@     6m41s] Timestep:        30816 || Speed:   75.6 MC/s (1.402e-02 s/TS) || Energy: ~1.58e-14 (-18.38dB)
[@     6m46s] Timestep:        31137 || Speed:   77.0 MC/s (1.375e-02 s/TS) || Energy: ~2.43e-14 (-16.53dB)
[@     6m50s] Timestep:        31458 || Speed:   83.0 MC/s (1.276e-02 s/TS) || Energy: ~1.11e-14 (-19.94dB)
[@     6m54s] Timestep:        31779 || Speed:   81.1 MC/s (1.306e-02 s/TS) || Energy: ~1.50e-14 (-18.62dB)
[@     6m58s] Timestep:        32100 || Speed:   83.2 MC/s (1.273e-02 s/TS) || Energy: ~1.86e-14 (-17.68dB)
[@     7m03s] Timestep:        32421 || Speed:   74.2 MC/s (1.428e-02 s/TS) || Energy: ~7.94e-15 (-21.38dB)
[@     7m07s] Timestep:        32742 || Speed:   79.4 MC/s (1.334e-02 s/TS) || Energy: ~1.39e-14 (-18.94dB)
[@     7m11s] Timestep:        33063 || Speed:   83.2 MC/s (1.274e-02 s/TS) || Energy: ~1.37e-14 (-19.01dB)
[@     7m15s] Timestep:        33384 || Speed:   79.0 MC/s (1.340e-02 s/TS) || Energy: ~6.22e-15 (-22.45dB)
[@     7m19s] Timestep:        33705 || Speed:   81.0 MC/s (1.308e-02 s/TS) || Energy: ~1.25e-14 (-19.40dB)
[@     7m24s] Timestep:        34026 || Speed:   80.8 MC/s (1.312e-02 s/TS) || Energy: ~9.74e-15 (-20.50dB)
[@     7m28s] Timestep:        34347 || Speed:   81.0 MC/s (1.308e-02 s/TS) || Energy: ~5.37e-15 (-23.08dB)
[@     7m32s] Timestep:        34668 || Speed:   80.3 MC/s (1.319e-02 s/TS) || Energy: ~1.08e-14 (-20.04dB)
[@     7m37s] Timestep:        35203 || Speed:  120.9 MC/s (8.767e-03 s/TS) || Energy: ~8.72e-15 (-20.98dB)
[@     7m41s] Timestep:        35738 || Speed:  126.1 MC/s (8.399e-03 s/TS) || Energy: ~6.59e-15 (-22.19dB)
[@     7m45s] Timestep:        36204 || Speed:  116.6 MC/s (9.082e-03 s/TS) || Energy: ~6.77e-15 (-22.08dB)
[@     7m50s] Timestep:        36808 || Speed:  135.1 MC/s (7.840e-03 s/TS) || Energy: ~3.40e-15 (-25.07dB)
[@     7m55s] Timestep:        37343 || Speed:  130.2 MC/s (8.139e-03 s/TS) || Energy: ~2.60e-15 (-26.24dB)
[@     7m59s] Timestep:        37878 || Speed:  129.5 MC/s (8.181e-03 s/TS) || Energy: ~2.29e-15 (-26.78dB)
[@     8m03s] Timestep:        38359 || Speed:  123.0 MC/s (8.616e-03 s/TS) || Energy: ~2.02e-15 (-27.32dB)
[@     8m07s] Timestep:        38841 || Speed:  124.3 MC/s (8.520e-03 s/TS) || Energy: ~1.83e-15 (-27.76dB)
[@     8m12s] Timestep:        39376 || Speed:  128.9 MC/s (8.222e-03 s/TS) || Energy: ~1.68e-15 (-28.13dB)
[@     8m16s] Timestep:        39911 || Speed:  128.1 MC/s (8.271e-03 s/TS) || Energy: ~1.76e-15 (-27.93dB)
[@     8m20s] Timestep:        40446 || Speed:  126.5 MC/s (8.376e-03 s/TS) || Energy: ~1.94e-15 (-27.51dB)
[@     8m25s] Timestep:        40981 || Speed:  132.7 MC/s (7.983e-03 s/TS) || Energy: ~2.10e-15 (-27.17dB)
[@     8m29s] Timestep:        41516 || Speed:  130.5 MC/s (8.117e-03 s/TS) || Energy: ~2.15e-15 (-27.05dB)
[@     8m33s] Timestep:        42051 || Speed:  133.0 MC/s (7.965e-03 s/TS) || Energy: ~2.07e-15 (-27.22dB)
[@     8m37s] Timestep:        42586 || Speed:  140.5 MC/s (7.543e-03 s/TS) || Energy: ~1.86e-15 (-27.69dB)
[@     8m42s] Timestep:        43100 || Speed:  130.7 MC/s (8.109e-03 s/TS) || Energy: ~1.63e-15 (-28.27dB)
[@     8m46s] Timestep:        43656 || Speed:  136.0 MC/s (7.788e-03 s/TS) || Energy: ~1.22e-15 (-29.51dB)
[@     8m50s] Timestep:        44191 || Speed:  141.7 MC/s (7.477e-03 s/TS) || Energy: ~9.07e-16 (-30.81dB)
[@     8m54s] Timestep:        44726 || Speed:  140.4 MC/s (7.547e-03 s/TS) || Energy: ~6.51e-16 (-32.25dB)
[@     8m59s] Timestep:        45255 || Speed:  122.3 MC/s (8.662e-03 s/TS) || Energy: ~4.90e-16 (-33.48dB)
[@     9m03s] Timestep:        45796 || Speed:  138.1 MC/s (7.670e-03 s/TS) || Energy: ~3.88e-16 (-34.50dB)
[@     9m07s] Timestep:        46331 || Speed:  121.8 MC/s (8.701e-03 s/TS) || Energy: ~3.65e-16 (-34.76dB)
[@     9m12s] Timestep:        46866 || Speed:  131.1 MC/s (8.080e-03 s/TS) || Energy: ~3.85e-16 (-34.53dB)
[@     9m16s] Timestep:        47401 || Speed:  140.1 MC/s (7.560e-03 s/TS) || Energy: ~4.20e-16 (-34.15dB)
[@     9m20s] Timestep:        47936 || Speed:  126.9 MC/s (8.352e-03 s/TS) || Energy: ~4.46e-16 (-33.89dB)
[@     9m25s] Timestep:        48471 || Speed:  126.5 MC/s (8.374e-03 s/TS) || Energy: ~4.50e-16 (-33.85dB)
[@     9m29s] Timestep:        49006 || Speed:  126.3 MC/s (8.391e-03 s/TS) || Energy: ~4.25e-16 (-34.10dB)
[@     9m33s] Timestep:        49541 || Speed:  135.2 MC/s (7.838e-03 s/TS) || Energy: ~3.75e-16 (-34.64dB)
[@     9m38s] Timestep:        50076 || Speed:  124.4 MC/s (8.514e-03 s/TS) || Energy: ~3.10e-16 (-35.47dB)
[@     9m42s] Timestep:        50611 || Speed:  127.8 MC/s (8.291e-03 s/TS) || Energy: ~2.40e-16 (-36.57dB)
[@     9m47s] Timestep:        51146 || Speed:  129.2 MC/s (8.202e-03 s/TS) || Energy: ~1.77e-16 (-37.89dB)
[@     9m51s] Timestep:        51681 || Speed:  126.0 MC/s (8.406e-03 s/TS) || Energy: ~1.29e-16 (-39.29dB)
[@     9m56s] Timestep:        52216 || Speed:  127.1 MC/s (8.338e-03 s/TS) || Energy: ~9.68e-17 (-40.52dB)
Time for 52216 iterations with 1059448.00 cells : 596.17 sec
Speed: 92.79 MCells/s 

     freq       S11   S21 coupling   AR embedded      Dmax
   5.725G   -14.71dB        -17.64dB         4.93dB     5.67dBi
   5.800G   -20.08dB        -16.63dB         3.61dB     5.33dBi
   5.875G   -13.36dB        -19.88dB         4.60dB     5.44dBi
