[cv16] mesh 463x262x26 = 3.15 Mcells   ground 108.6 x 60.0 mm   pitch 25.8442 mm
openEMS - fixed number of threads: 6
 ---------------------------------------------------------------------- 
 | openEMS 64bit -- version v0.37.0-rc1-2-g7b051bb
 | (C) 2010-2026 Thorsten Liebig <thorsten.liebig@gmx.de>  GPL license
 ---------------------------------------------------------------------- 
	Used external libraries:
		CSXCAD -- Version: v0.7.0-rc1-1-g5115701
		hdf5   -- Version: 2.2.0
		          compiled against: HDF5 library version: 2.2.0
		tinyxml -- compiled against: 2.6.2
		fparser
		boost  -- compiled against: 1_90
		vtk -- disabled in this build

Create FDTD operator (compressed SSE + multi-threading)
FDTD simulation size: 463x262x26 --> 3.15396e+06 FDTD cells 
FDTD timestep is: 1.42642e-13 s; Nyquist rate: 527 timesteps @6.65137e+09 Hz
Excitation signal length is: 23628 timesteps (3.37035e-09s)
Max. number of timesteps: 140000 ( --> 5.92517 * Excitation signal length)
Create FDTD engine (compressed SSE + multi-threading)
Running FDTD engine... this may take a while... grab a cup of coffee?!?
[@        5s] Timestep:          262 || Speed:  158.0 MC/s (1.997e-02 s/TS) || Energy: ~3.05e-21 (- 0.00dB)
[@        9s] Timestep:          524 || Speed:  185.5 MC/s (1.700e-02 s/TS) || Energy: ~1.93e-20 (- 0.00dB)
[@       15s] Timestep:          786 || Speed:  143.5 MC/s (2.198e-02 s/TS) || Energy: ~2.41e-20 (- 0.00dB)
[@       22s] Timestep:         1048 || Speed:  114.6 MC/s (2.753e-02 s/TS) || Energy: ~9.63e-20 (- 0.00dB)
[@       28s] Timestep:         1310 || Speed:  151.9 MC/s (2.077e-02 s/TS) || Energy: ~1.41e-19 (- 0.00dB)
[@       33s] Timestep:         1572 || Speed:  167.6 MC/s (1.881e-02 s/TS) || Energy: ~3.75e-19 (- 0.00dB)
[@       37s] Timestep:         1834 || Speed:  173.8 MC/s (1.815e-02 s/TS) || Energy: ~7.49e-19 (- 0.00dB)
[@       42s] Timestep:         2096 || Speed:  174.8 MC/s (1.804e-02 s/TS) || Energy: ~1.26e-18 (- 0.00dB)
[@       47s] Timestep:         2358 || Speed:  176.7 MC/s (1.785e-02 s/TS) || Energy: ~3.38e-18 (- 0.00dB)
[@       51s] Timestep:         2635 || Speed:  206.9 MC/s (1.524e-02 s/TS) || Energy: ~4.53e-18 (- 0.00dB)
[@       56s] Timestep:         3013 || Speed:  216.9 MC/s (1.454e-02 s/TS) || Energy: ~1.60e-17 (- 0.00dB)
[@     1m02s] Timestep:         3406 || Speed:  211.9 MC/s (1.488e-02 s/TS) || Energy: ~3.74e-17 (- 0.00dB)
[@     1m07s] Timestep:         3689 || Speed:  204.1 MC/s (1.545e-02 s/TS) || Energy: ~6.70e-17 (- 0.00dB)
[@     1m12s] Timestep:         4061 || Speed:  213.9 MC/s (1.474e-02 s/TS) || Energy: ~1.68e-16 (- 0.00dB)
[@     1m18s] Timestep:         4454 || Speed:  210.9 MC/s (1.495e-02 s/TS) || Energy: ~2.83e-16 (- 0.00dB)
[@     1m22s] Timestep:         4716 || Speed:  192.9 MC/s (1.635e-02 s/TS) || Energy: ~6.60e-16 (- 0.00dB)
[@     1m27s] Timestep:         4978 || Speed:  193.0 MC/s (1.634e-02 s/TS) || Energy: ~8.52e-16 (- 0.00dB)
[@     1m31s] Timestep:         5240 || Speed:  194.7 MC/s (1.620e-02 s/TS) || Energy: ~1.61e-15 (- 0.00dB)
[@     1m35s] Timestep:         5502 || Speed:  183.9 MC/s (1.715e-02 s/TS) || Energy: ~2.56e-15 (- 0.00dB)
[@     1m40s] Timestep:         5764 || Speed:  189.6 MC/s (1.663e-02 s/TS) || Energy: ~3.57e-15 (- 0.00dB)
[@     1m44s] Timestep:         6026 || Speed:  181.7 MC/s (1.736e-02 s/TS) || Energy: ~6.86e-15 (- 0.00dB)
[@     1m48s] Timestep:         6288 || Speed:  195.6 MC/s (1.612e-02 s/TS) || Energy: ~7.99e-15 (- 0.00dB)
[@     1m53s] Timestep:         6550 || Speed:  189.2 MC/s (1.667e-02 s/TS) || Energy: ~1.56e-14 (- 0.00dB)
[@     1m57s] Timestep:         6812 || Speed:  201.2 MC/s (1.567e-02 s/TS) || Energy: ~1.90e-14 (- 0.00dB)
[@     2m01s] Timestep:         7074 || Speed:  191.9 MC/s (1.643e-02 s/TS) || Energy: ~3.05e-14 (- 0.00dB)
[@     2m05s] Timestep:         7336 || Speed:  200.7 MC/s (1.572e-02 s/TS) || Energy: ~4.43e-14 (- 0.00dB)
[@     2m10s] Timestep:         7598 || Speed:  185.0 MC/s (1.705e-02 s/TS) || Energy: ~5.49e-14 (- 0.00dB)
[@     2m14s] Timestep:         7860 || Speed:  196.5 MC/s (1.605e-02 s/TS) || Energy: ~9.27e-14 (- 0.00dB)
[@     2m18s] Timestep:         8122 || Speed:  185.4 MC/s (1.701e-02 s/TS) || Energy: ~1.00e-13 (- 0.00dB)
[@     2m23s] Timestep:         8384 || Speed:  168.5 MC/s (1.871e-02 s/TS) || Energy: ~1.67e-13 (- 0.00dB)
[@     2m28s] Timestep:         8646 || Speed:  167.8 MC/s (1.880e-02 s/TS) || Energy: ~1.90e-13 (- 0.00dB)
[@     2m33s] Timestep:         8908 || Speed:  188.6 MC/s (1.672e-02 s/TS) || Energy: ~2.62e-13 (- 0.00dB)
[@     2m37s] Timestep:         9170 || Speed:  174.5 MC/s (1.807e-02 s/TS) || Energy: ~3.50e-13 (- 0.00dB)
[@     2m42s] Timestep:         9432 || Speed:  175.5 MC/s (1.798e-02 s/TS) || Energy: ~3.86e-13 (- 0.00dB)
[@     2m47s] Timestep:         9694 || Speed:  165.5 MC/s (1.906e-02 s/TS) || Energy: ~5.78e-13 (- 0.00dB)
[@     2m52s] Timestep:         9956 || Speed:  165.3 MC/s (1.908e-02 s/TS) || Energy: ~5.76e-13 (- 0.01dB)
[@     2m57s] Timestep:        10218 || Speed:  167.1 MC/s (1.887e-02 s/TS) || Energy: ~8.29e-13 (- 0.00dB)
[@     3m02s] Timestep:        10480 || Speed:  179.4 MC/s (1.758e-02 s/TS) || Energy: ~8.84e-13 (- 0.00dB)
[@     3m06s] Timestep:        10742 || Speed:  179.2 MC/s (1.760e-02 s/TS) || Energy: ~1.06e-12 (- 0.00dB)
[@     3m11s] Timestep:        11004 || Speed:  173.4 MC/s (1.819e-02 s/TS) || Energy: ~1.30e-12 (- 0.00dB)
[@     3m16s] Timestep:        11266 || Speed:  162.4 MC/s (1.942e-02 s/TS) || Energy: ~1.30e-12 (- 0.00dB)
[@     3m21s] Timestep:        11528 || Speed:  177.4 MC/s (1.778e-02 s/TS) || Energy: ~1.71e-12 (- 0.00dB)
[@     3m26s] Timestep:        11790 || Speed:  164.1 MC/s (1.922e-02 s/TS) || Energy: ~1.62e-12 (- 0.23dB)
[@     3m30s] Timestep:        12052 || Speed:  180.7 MC/s (1.746e-02 s/TS) || Energy: ~1.99e-12 (- 0.00dB)
[@     3m35s] Timestep:        12314 || Speed:  175.3 MC/s (1.800e-02 s/TS) || Energy: ~2.02e-12 (- 0.00dB)
[@     3m40s] Timestep:        12576 || Speed:  186.2 MC/s (1.694e-02 s/TS) || Energy: ~2.14e-12 (- 0.00dB)
[@     3m44s] Timestep:        12838 || Speed:  179.7 MC/s (1.755e-02 s/TS) || Energy: ~2.38e-12 (- 0.00dB)
[@     3m49s] Timestep:        13100 || Speed:  187.9 MC/s (1.678e-02 s/TS) || Energy: ~2.26e-12 (- 0.23dB)
[@     3m54s] Timestep:        13362 || Speed:  160.8 MC/s (1.962e-02 s/TS) || Energy: ~2.54e-12 (- 0.00dB)
[@     3m59s] Timestep:        13624 || Speed:  163.5 MC/s (1.929e-02 s/TS) || Energy: ~2.42e-12 (- 0.20dB)
[@     4m04s] Timestep:        13886 || Speed:  158.5 MC/s (1.990e-02 s/TS) || Energy: ~2.49e-12 (- 0.09dB)
[@     4m09s] Timestep:        14148 || Speed:  170.4 MC/s (1.851e-02 s/TS) || Energy: ~2.54e-12 (- 0.00dB)
[@     4m14s] Timestep:        14410 || Speed:  164.8 MC/s (1.914e-02 s/TS) || Energy: ~2.38e-12 (- 0.29dB)
[@     4m18s] Timestep:        14672 || Speed:  176.6 MC/s (1.786e-02 s/TS) || Energy: ~2.47e-12 (- 0.12dB)
[@     4m24s] Timestep:        14934 || Speed:  156.8 MC/s (2.012e-02 s/TS) || Energy: ~2.33e-12 (- 0.37dB)
[@     4m28s] Timestep:        15196 || Speed:  178.8 MC/s (1.764e-02 s/TS) || Energy: ~2.24e-12 (- 0.55dB)
[@     4m33s] Timestep:        15458 || Speed:  169.0 MC/s (1.867e-02 s/TS) || Energy: ~2.31e-12 (- 0.41dB)
[@     4m38s] Timestep:        15720 || Speed:  179.2 MC/s (1.760e-02 s/TS) || Energy: ~2.00e-12 (- 1.05dB)
[@     4m44s] Timestep:        15982 || Speed:  140.3 MC/s (2.248e-02 s/TS) || Energy: ~2.19e-12 (- 0.65dB)
[@     4m49s] Timestep:        16244 || Speed:  155.7 MC/s (2.026e-02 s/TS) || Energy: ~1.89e-12 (- 1.29dB)
[@     4m56s] Timestep:        16506 || Speed:  128.0 MC/s (2.464e-02 s/TS) || Energy: ~1.94e-12 (- 1.17dB)
[@     5m02s] Timestep:        16768 || Speed:  120.0 MC/s (2.628e-02 s/TS) || Energy: ~1.89e-12 (- 1.27dB)
[@     5m09s] Timestep:        17030 || Speed:  128.3 MC/s (2.458e-02 s/TS) || Energy: ~1.67e-12 (- 1.81dB)
[@     5m15s] Timestep:        17292 || Speed:  129.2 MC/s (2.440e-02 s/TS) || Energy: ~1.90e-12 (- 1.27dB)
[@     5m20s] Timestep:        17391 || Speed:   66.6 MC/s (4.735e-02 s/TS) || Energy: ~1.75e-12 (- 1.62dB)
[@     5m26s] Timestep:        17554 || Speed:   79.9 MC/s (3.948e-02 s/TS) || Energy: ~1.52e-12 (- 2.24dB)
[@     5m31s] Timestep:        17685 || Speed:   81.0 MC/s (3.892e-02 s/TS) || Energy: ~1.61e-12 (- 1.97dB)
[@     5m36s] Timestep:        17816 || Speed:   96.3 MC/s (3.275e-02 s/TS) || Energy: ~1.79e-12 (- 1.51dB)
[@     5m40s] Timestep:        17947 || Speed:   88.6 MC/s (3.558e-02 s/TS) || Energy: ~1.74e-12 (- 1.65dB)
[@     5m45s] Timestep:        18078 || Speed:   94.7 MC/s (3.332e-02 s/TS) || Energy: ~1.50e-12 (- 2.27dB)
[@     5m54s] Timestep:        18340 || Speed:   85.2 MC/s (3.702e-02 s/TS) || Energy: ~1.59e-12 (- 2.03dB)
[@     5m59s] Timestep:        18445 || Speed:   72.7 MC/s (4.338e-02 s/TS) || Energy: ~1.71e-12 (- 1.73dB)
[@     6m05s] Timestep:        18602 || Speed:   78.1 MC/s (4.036e-02 s/TS) || Energy: ~1.57e-12 (- 2.10dB)
[@     6m10s] Timestep:        18733 || Speed:   82.8 MC/s (3.811e-02 s/TS) || Energy: ~1.36e-12 (- 2.71dB)
[@     6m15s] Timestep:        18864 || Speed:   87.2 MC/s (3.615e-02 s/TS) || Energy: ~1.38e-12 (- 2.63dB)
[@     6m20s] Timestep:        18972 || Speed:   76.6 MC/s (4.119e-02 s/TS) || Energy: ~1.54e-12 (- 2.17dB)
[@     6m26s] Timestep:        19126 || Speed:   74.8 MC/s (4.219e-02 s/TS) || Energy: ~1.59e-12 (- 2.02dB)
[@     6m31s] Timestep:        19257 || Speed:   89.0 MC/s (3.544e-02 s/TS) || Energy: ~1.39e-12 (- 2.60dB)
[@     6m35s] Timestep:        19388 || Speed:   89.1 MC/s (3.539e-02 s/TS) || Energy: ~1.26e-12 (- 3.06dB)
[@     6m40s] Timestep:        19499 || Speed:   68.6 MC/s (4.596e-02 s/TS) || Energy: ~1.33e-12 (- 2.80dB)
[@     6m48s] Timestep:        19650 || Speed:   67.0 MC/s (4.704e-02 s/TS) || Energy: ~1.51e-12 (- 2.25dB)
[@     6m55s] Timestep:        19781 || Speed:   56.9 MC/s (5.547e-02 s/TS) || Energy: ~1.44e-12 (- 2.46dB)
[@     7m00s] Timestep:        19912 || Speed:   74.5 MC/s (4.232e-02 s/TS) || Energy: ~1.23e-12 (- 3.15dB)
[@     7m05s] Timestep:        20026 || Speed:   75.7 MC/s (4.164e-02 s/TS) || Energy: ~1.17e-12 (- 3.36dB)
[@     7m12s] Timestep:        20174 || Speed:   71.5 MC/s (4.413e-02 s/TS) || Energy: ~1.33e-12 (- 2.81dB)
[@     7m16s] Timestep:        20305 || Speed:   96.8 MC/s (3.259e-02 s/TS) || Energy: ~1.41e-12 (- 2.56dB)
[@     7m20s] Timestep:        20436 || Speed:   93.1 MC/s (3.389e-02 s/TS) || Energy: ~1.26e-12 (- 3.04dB)
[@     7m25s] Timestep:        20553 || Speed:   76.4 MC/s (4.126e-02 s/TS) || Energy: ~1.10e-12 (- 3.64dB)
[@     7m31s] Timestep:        20698 || Speed:   83.4 MC/s (3.780e-02 s/TS) || Energy: ~1.12e-12 (- 3.54dB)
[@     7m36s] Timestep:        20829 || Speed:   81.0 MC/s (3.895e-02 s/TS) || Energy: ~1.27e-12 (- 3.00dB)
[@     7m41s] Timestep:        20960 || Speed:   81.3 MC/s (3.881e-02 s/TS) || Energy: ~1.27e-12 (- 3.03dB)
[@     7m46s] Timestep:        21080 || Speed:   78.0 MC/s (4.044e-02 s/TS) || Energy: ~1.10e-12 (- 3.64dB)
[@     7m53s] Timestep:        21222 || Speed:   64.3 MC/s (4.902e-02 s/TS) || Energy: ~9.74e-13 (- 4.16dB)
[@     7m58s] Timestep:        21353 || Speed:   81.3 MC/s (3.878e-02 s/TS) || Energy: ~1.07e-12 (- 3.75dB)
[@     8m03s] Timestep:        21484 || Speed:   80.2 MC/s (3.933e-02 s/TS) || Energy: ~1.18e-12 (- 3.33dB)
[@     8m08s] Timestep:        21607 || Speed:   74.5 MC/s (4.236e-02 s/TS) || Energy: ~1.11e-12 (- 3.61dB)
[@     8m13s] Timestep:        21746 || Speed:   93.2 MC/s (3.384e-02 s/TS) || Energy: ~9.17e-13 (- 4.42dB)
[@     8m18s] Timestep:        21877 || Speed:   81.2 MC/s (3.882e-02 s/TS) || Energy: ~8.88e-13 (- 4.57dB)
[@     8m22s] Timestep:        22008 || Speed:   98.5 MC/s (3.201e-02 s/TS) || Energy: ~1.01e-12 (- 4.00dB)
[@     8m27s] Timestep:        22134 || Speed:   88.3 MC/s (3.570e-02 s/TS) || Energy: ~1.06e-12 (- 3.80dB)
[@     8m33s] Timestep:        22270 || Speed:   70.6 MC/s (4.466e-02 s/TS) || Energy: ~9.20e-13 (- 4.41dB)
[@     8m38s] Timestep:        22401 || Speed:   84.3 MC/s (3.741e-02 s/TS) || Energy: ~7.84e-13 (- 5.11dB)
[@     8m47s] Timestep:        22661 || Speed:   86.8 MC/s (3.632e-02 s/TS) || Energy: ~9.35e-13 (- 4.34dB)
[@     8m53s] Timestep:        22794 || Speed:   71.1 MC/s (4.435e-02 s/TS) || Energy: ~9.13e-13 (- 4.44dB)
[@     8m59s] Timestep:        22925 || Speed:   67.5 MC/s (4.671e-02 s/TS) || Energy: ~7.60e-13 (- 5.24dB)
[@     9m11s] Timestep:        23056 || Speed:   35.4 MC/s (8.917e-02 s/TS) || Energy: ~6.84e-13 (- 5.70dB)
[@     9m15s] Timestep:        23187 || Speed:   95.4 MC/s (3.304e-02 s/TS) || Energy: ~7.67e-13 (- 5.20dB)
[@     9m20s] Timestep:        23318 || Speed:   78.7 MC/s (4.006e-02 s/TS) || Energy: ~8.43e-13 (- 4.79dB)
[@     9m26s] Timestep:        23449 || Speed:   75.0 MC/s (4.206e-02 s/TS) || Energy: ~7.64e-13 (- 5.22dB)
[@     9m31s] Timestep:        23580 || Speed:   78.0 MC/s (4.044e-02 s/TS) || Energy: ~6.26e-13 (- 6.08dB)
[@     9m37s] Timestep:        23711 || Speed:   67.7 MC/s (4.660e-02 s/TS) || Energy: ~6.14e-13 (- 6.17dB)
[@     9m44s] Timestep:        23842 || Speed:   57.2 MC/s (5.513e-02 s/TS) || Energy: ~7.12e-13 (- 5.53dB)
[@     9m50s] Timestep:        23973 || Speed:   77.4 MC/s (4.077e-02 s/TS) || Energy: ~7.35e-13 (- 5.38dB)
[@     9m55s] Timestep:        24104 || Speed:   79.7 MC/s (3.955e-02 s/TS) || Energy: ~6.24e-13 (- 6.10dB)
[@    10m01s] Timestep:        24235 || Speed:   68.7 MC/s (4.593e-02 s/TS) || Energy: ~5.26e-13 (- 6.84dB)
[@    10m07s] Timestep:        24366 || Speed:   66.2 MC/s (4.765e-02 s/TS) || Energy: ~5.65e-13 (- 6.53dB)
[@    10m13s] Timestep:        24497 || Speed:   76.7 MC/s (4.112e-02 s/TS) || Energy: ~6.49e-13 (- 5.92dB)
[@    10m17s] Timestep:        24628 || Speed:   85.7 MC/s (3.682e-02 s/TS) || Energy: ~6.21e-13 (- 6.12dB)
[@    10m23s] Timestep:        24759 || Speed:   80.2 MC/s (3.932e-02 s/TS) || Energy: ~5.04e-13 (- 7.02dB)
[@    10m29s] Timestep:        24890 || Speed:   65.5 MC/s (4.813e-02 s/TS) || Energy: ~4.57e-13 (- 7.45dB)
[@    10m35s] Timestep:        25021 || Speed:   67.6 MC/s (4.664e-02 s/TS) || Energy: ~5.26e-13 (- 6.84dB)
[@    10m41s] Timestep:        25152 || Speed:   70.7 MC/s (4.462e-02 s/TS) || Energy: ~5.77e-13 (- 6.44dB)
[@    10m46s] Timestep:        25283 || Speed:   77.0 MC/s (4.099e-02 s/TS) || Energy: ~5.10e-13 (- 6.98dB)
[@    10m52s] Timestep:        25414 || Speed:   75.3 MC/s (4.189e-02 s/TS) || Energy: ~4.11e-13 (- 7.91dB)
[@    10m59s] Timestep:        25676 || Speed:  116.6 MC/s (2.705e-02 s/TS) || Energy: ~4.87e-13 (- 7.18dB)
[@    11m03s] Timestep:        25807 || Speed:   96.2 MC/s (3.279e-02 s/TS) || Energy: ~4.96e-13 (- 7.09dB)
[@    11m08s] Timestep:        25938 || Speed:   78.0 MC/s (4.043e-02 s/TS) || Energy: ~4.10e-13 (- 7.92dB)
[@    11m14s] Timestep:        26069 || Speed:   71.1 MC/s (4.435e-02 s/TS) || Energy: ~3.46e-13 (- 8.65dB)
[@    11m21s] Timestep:        26200 || Speed:   64.3 MC/s (4.906e-02 s/TS) || Energy: ~3.84e-13 (- 8.21dB)
[@    11m25s] Timestep:        26331 || Speed:   84.3 MC/s (3.740e-02 s/TS) || Energy: ~4.42e-13 (- 7.59dB)
[@    11m31s] Timestep:        26462 || Speed:   70.6 MC/s (4.465e-02 s/TS) || Energy: ~4.14e-13 (- 7.88dB)
[@    11m36s] Timestep:        26593 || Speed:   87.8 MC/s (3.594e-02 s/TS) || Energy: ~3.29e-13 (- 8.87dB)
[@    11m40s] Timestep:        26724 || Speed:  102.0 MC/s (3.091e-02 s/TS) || Energy: ~3.05e-13 (- 9.21dB)
[@    11m45s] Timestep:        26855 || Speed:   76.3 MC/s (4.133e-02 s/TS) || Energy: ~3.59e-13 (- 8.49dB)
[@    11m51s] Timestep:        26986 || Speed:   70.1 MC/s (4.501e-02 s/TS) || Energy: ~3.90e-13 (- 8.14dB)
[@    11m56s] Timestep:        27117 || Speed:   87.5 MC/s (3.604e-02 s/TS) || Energy: ~3.36e-13 (- 8.79dB)
[@    12m01s] Timestep:        27248 || Speed:   83.7 MC/s (3.767e-02 s/TS) || Energy: ~2.70e-13 (- 9.74dB)
[@    12m05s] Timestep:        27379 || Speed:   95.4 MC/s (3.304e-02 s/TS) || Energy: ~2.80e-13 (- 9.58dB)
[@    12m10s] Timestep:        27510 || Speed:   86.6 MC/s (3.642e-02 s/TS) || Energy: ~3.33e-13 (- 8.82dB)
[@    12m14s] Timestep:        27641 || Speed:  100.5 MC/s (3.139e-02 s/TS) || Energy: ~3.33e-13 (- 8.83dB)
[@    12m22s] Timestep:        27903 || Speed:  101.4 MC/s (3.111e-02 s/TS) || Energy: ~2.31e-13 (-10.42dB)
[@    12m27s] Timestep:        28034 || Speed:   84.4 MC/s (3.736e-02 s/TS) || Energy: ~2.64e-13 (- 9.84dB)
[@    12m32s] Timestep:        28165 || Speed:   81.8 MC/s (3.854e-02 s/TS) || Energy: ~3.02e-13 (- 9.25dB)
[@    12m38s] Timestep:        28296 || Speed:   77.5 MC/s (4.069e-02 s/TS) || Energy: ~2.75e-13 (- 9.65dB)
[@    12m42s] Timestep:        28427 || Speed:   86.3 MC/s (3.654e-02 s/TS) || Energy: ~2.17e-13 (-10.69dB)
[@    12m48s] Timestep:        28558 || Speed:   78.5 MC/s (4.017e-02 s/TS) || Energy: ~2.07e-13 (-10.88dB)
[@    12m52s] Timestep:        28689 || Speed:   99.7 MC/s (3.164e-02 s/TS) || Energy: ~2.49e-13 (-10.09dB)
[@    12m57s] Timestep:        28820 || Speed:   88.9 MC/s (3.547e-02 s/TS) || Energy: ~2.64e-13 (- 9.82dB)
[@    13m02s] Timestep:        28951 || Speed:   77.0 MC/s (4.098e-02 s/TS) || Energy: ~2.22e-13 (-10.58dB)
[@    13m08s] Timestep:        29082 || Speed:   69.3 MC/s (4.553e-02 s/TS) || Energy: ~1.80e-13 (-11.49dB)
[@    13m13s] Timestep:        29213 || Speed:   77.0 MC/s (4.098e-02 s/TS) || Energy: ~1.94e-13 (-11.17dB)
[@    13m18s] Timestep:        29344 || Speed:   87.8 MC/s (3.591e-02 s/TS) || Energy: ~2.30e-13 (-10.42dB)
[@    13m23s] Timestep:        29475 || Speed:   79.6 MC/s (3.964e-02 s/TS) || Energy: ~2.24e-13 (-10.55dB)
[@    13m28s] Timestep:        29606 || Speed:   80.2 MC/s (3.931e-02 s/TS) || Energy: ~1.78e-13 (-11.54dB)
[@    13m32s] Timestep:        29737 || Speed:   97.7 MC/s (3.229e-02 s/TS) || Energy: ~1.57e-13 (-12.08dB)
[@    13m40s] Timestep:        29999 || Speed:  104.5 MC/s (3.018e-02 s/TS) || Energy: ~2.07e-13 (-10.88dB)
[@    13m46s] Timestep:        30130 || Speed:   76.9 MC/s (4.099e-02 s/TS) || Energy: ~1.84e-13 (-11.40dB)
[@    13m50s] Timestep:        30261 || Speed:   91.4 MC/s (3.451e-02 s/TS) || Energy: ~1.45e-13 (-12.43dB)
[@    13m55s] Timestep:        30392 || Speed:   93.6 MC/s (3.368e-02 s/TS) || Energy: ~1.44e-13 (-12.45dB)
[@    13m59s] Timestep:        30523 || Speed:   99.8 MC/s (3.160e-02 s/TS) || Energy: ~1.74e-13 (-11.64dB)
[@    14m04s] Timestep:        30654 || Speed:   73.7 MC/s (4.277e-02 s/TS) || Energy: ~1.80e-13 (-11.49dB)
[@    14m10s] Timestep:        30785 || Speed:   72.8 MC/s (4.335e-02 s/TS) || Energy: ~1.48e-13 (-12.34dB)
[@    14m16s] Timestep:        30916 || Speed:   68.8 MC/s (4.585e-02 s/TS) || Energy: ~1.23e-13 (-13.15dB)
[@    14m22s] Timestep:        31047 || Speed:   71.3 MC/s (4.425e-02 s/TS) || Energy: ~1.37e-13 (-12.68dB)
[@    14m28s] Timestep:        31178 || Speed:   64.3 MC/s (4.904e-02 s/TS) || Energy: ~1.61e-13 (-11.99dB)
[@    14m33s] Timestep:        31309 || Speed:   99.1 MC/s (3.182e-02 s/TS) || Energy: ~1.51e-13 (-12.25dB)
[@    14m37s] Timestep:        31440 || Speed:   95.6 MC/s (3.301e-02 s/TS) || Energy: ~1.20e-13 (-13.27dB)
[@    14m42s] Timestep:        31571 || Speed:   86.1 MC/s (3.662e-02 s/TS) || Energy: ~1.10e-13 (-13.64dB)
[@    14m48s] Timestep:        31702 || Speed:   69.4 MC/s (4.546e-02 s/TS) || Energy: ~1.31e-13 (-12.89dB)
[@    14m54s] Timestep:        31833 || Speed:   69.1 MC/s (4.567e-02 s/TS) || Energy: ~1.43e-13 (-12.49dB)
[@    15m00s] Timestep:        31964 || Speed:   66.5 MC/s (4.740e-02 s/TS) || Energy: ~1.24e-13 (-13.12dB)
[@    15m06s] Timestep:        32095 || Speed:   69.3 MC/s (4.552e-02 s/TS) || Energy: ~9.89e-14 (-14.10dB)
[@    15m12s] Timestep:        32226 || Speed:   69.3 MC/s (4.550e-02 s/TS) || Energy: ~1.02e-13 (-13.94dB)
[@    15m17s] Timestep:        32357 || Speed:   77.9 MC/s (4.048e-02 s/TS) || Energy: ~1.23e-13 (-13.15dB)
[@    15m22s] Timestep:        32488 || Speed:   81.2 MC/s (3.883e-02 s/TS) || Energy: ~1.23e-13 (-13.14dB)
[@    15m29s] Timestep:        32674 || Speed:   91.6 MC/s (3.442e-02 s/TS) || Energy: ~9.07e-14 (-14.47dB)
[@    15m37s] Timestep:        32881 || Speed:   81.3 MC/s (3.881e-02 s/TS) || Energy: ~9.78e-14 (-14.15dB)
[@    15m42s] Timestep:        33012 || Speed:   77.1 MC/s (4.091e-02 s/TS) || Energy: ~1.12e-13 (-13.54dB)
[@    15m47s] Timestep:        33143 || Speed:   75.5 MC/s (4.176e-02 s/TS) || Energy: ~1.03e-13 (-13.93dB)
[@    15m54s] Timestep:        33274 || Speed:   65.9 MC/s (4.786e-02 s/TS) || Energy: ~8.12e-14 (-14.95dB)
[@    15m59s] Timestep:        33405 || Speed:   71.5 MC/s (4.414e-02 s/TS) || Energy: ~7.78e-14 (-15.14dB)
[@    16m05s] Timestep:        33536 || Speed:   75.4 MC/s (4.184e-02 s/TS) || Energy: ~9.31e-14 (-14.36dB)
[@    16m11s] Timestep:        33667 || Speed:   71.8 MC/s (4.394e-02 s/TS) || Energy: ~9.91e-14 (-14.09dB)
[@    16m17s] Timestep:        33798 || Speed:   65.6 MC/s (4.805e-02 s/TS) || Energy: ~8.36e-14 (-14.83dB)
[@    16m23s] Timestep:        33929 || Speed:   66.4 MC/s (4.749e-02 s/TS) || Energy: ~6.83e-14 (-15.71dB)
[@    16m29s] Timestep:        34060 || Speed:   69.7 MC/s (4.528e-02 s/TS) || Energy: ~7.34e-14 (-15.39dB)
[@    16m35s] Timestep:        34191 || Speed:   70.2 MC/s (4.490e-02 s/TS) || Energy: ~8.68e-14 (-14.66dB)
[@    16m42s] Timestep:        34322 || Speed:   61.8 MC/s (5.104e-02 s/TS) || Energy: ~8.43e-14 (-14.79dB)
[@    16m46s] Timestep:        34453 || Speed:   87.4 MC/s (3.608e-02 s/TS) || Energy: ~6.77e-14 (-15.74dB)
[@    16m51s] Timestep:        34584 || Speed:   84.8 MC/s (3.718e-02 s/TS) || Energy: ~6.02e-14 (-16.25dB)
[@    16m57s] Timestep:        34715 || Speed:   75.0 MC/s (4.206e-02 s/TS) || Energy: ~7.01e-14 (-15.59dB)
[@    17m03s] Timestep:        34846 || Speed:   69.4 MC/s (4.544e-02 s/TS) || Energy: ~7.84e-14 (-15.11dB)
[@    17m09s] Timestep:        34977 || Speed:   71.2 MC/s (4.431e-02 s/TS) || Energy: ~6.97e-14 (-15.61dB)
[@    17m14s] Timestep:        35108 || Speed:   74.0 MC/s (4.262e-02 s/TS) || Energy: ~5.57e-14 (-16.59dB)
[@    17m20s] Timestep:        35239 || Speed:   76.2 MC/s (4.137e-02 s/TS) || Energy: ~5.56e-14 (-16.60dB)
[@    17m25s] Timestep:        35370 || Speed:   73.7 MC/s (4.282e-02 s/TS) || Energy: ~6.63e-14 (-15.84dB)
[@    17m30s] Timestep:        35501 || Speed:   77.5 MC/s (4.068e-02 s/TS) || Energy: ~6.83e-14 (-15.70dB)
[@    17m36s] Timestep:        35632 || Speed:   72.9 MC/s (4.328e-02 s/TS) || Energy: ~5.66e-14 (-16.52dB)
[@    17m42s] Timestep:        35763 || Speed:   69.8 MC/s (4.519e-02 s/TS) || Energy: ~4.76e-14 (-17.27dB)
[@    17m46s] Timestep:        35836 || Speed:   57.5 MC/s (5.483e-02 s/TS) || Energy: ~4.89e-14 (-17.15dB)
[@    17m54s] Timestep:        36025 || Speed:   74.4 MC/s (4.239e-02 s/TS) || Energy: ~6.11e-14 (-16.19dB)
[@    18m00s] Timestep:        36156 || Speed:   70.6 MC/s (4.465e-02 s/TS) || Energy: ~5.75e-14 (-16.45dB)
[@    18m05s] Timestep:        36287 || Speed:   83.4 MC/s (3.782e-02 s/TS) || Energy: ~4.61e-14 (-17.42dB)
[@    18m10s] Timestep:        36418 || Speed:   78.8 MC/s (4.003e-02 s/TS) || Energy: ~4.27e-14 (-17.74dB)
[@    18m15s] Timestep:        36549 || Speed:   85.3 MC/s (3.698e-02 s/TS) || Energy: ~5.01e-14 (-17.05dB)
[@    18m19s] Timestep:        36680 || Speed:   97.2 MC/s (3.243e-02 s/TS) || Energy: ~5.44e-14 (-16.69dB)
[@    18m23s] Timestep:        36811 || Speed:  102.1 MC/s (3.090e-02 s/TS) || Energy: ~4.73e-14 (-17.30dB)
[@    18m28s] Timestep:        36942 || Speed:   80.3 MC/s (3.930e-02 s/TS) || Energy: ~3.84e-14 (-18.20dB)
[@    18m33s] Timestep:        37073 || Speed:   90.5 MC/s (3.485e-02 s/TS) || Energy: ~3.98e-14 (-18.05dB)
[@    18m37s] Timestep:        37204 || Speed:   91.8 MC/s (3.434e-02 s/TS) || Energy: ~4.69e-14 (-17.33dB)
[@    18m42s] Timestep:        37335 || Speed:   87.2 MC/s (3.619e-02 s/TS) || Energy: ~4.69e-14 (-17.34dB)
[@    18m47s] Timestep:        37466 || Speed:   80.2 MC/s (3.933e-02 s/TS) || Energy: ~3.84e-14 (-18.21dB)
[@    18m52s] Timestep:        37597 || Speed:   92.1 MC/s (3.426e-02 s/TS) || Energy: ~3.34e-14 (-18.81dB)
[@    18m56s] Timestep:        37728 || Speed:   90.3 MC/s (3.491e-02 s/TS) || Energy: ~3.78e-14 (-18.28dB)
[@    19m01s] Timestep:        37859 || Speed:   83.5 MC/s (3.779e-02 s/TS) || Energy: ~4.27e-14 (-17.74dB)
[@    19m07s] Timestep:        37990 || Speed:   74.1 MC/s (4.259e-02 s/TS) || Energy: ~3.91e-14 (-18.12dB)
[@    19m12s] Timestep:        38121 || Speed:   83.7 MC/s (3.769e-02 s/TS) || Energy: ~3.15e-14 (-19.07dB)
[@    19m18s] Timestep:        38252 || Speed:   71.3 MC/s (4.423e-02 s/TS) || Energy: ~3.04e-14 (-19.23dB)
[@    19m22s] Timestep:        38383 || Speed:   88.7 MC/s (3.554e-02 s/TS) || Energy: ~3.57e-14 (-18.52dB)
[@    19m30s] Timestep:        38471 || Speed:   37.6 MC/s (8.387e-02 s/TS) || Energy: ~3.79e-14 (-18.26dB)
[@    19m40s] Timestep:        38645 || Speed:   52.9 MC/s (5.960e-02 s/TS) || Energy: ~3.20e-14 (-19.00dB)
[@    19m46s] Timestep:        38776 || Speed:   70.3 MC/s (4.488e-02 s/TS) || Energy: ~2.66e-14 (-19.79dB)
[@    19m52s] Timestep:        38907 || Speed:   67.7 MC/s (4.658e-02 s/TS) || Energy: ~2.85e-14 (-19.50dB)
[@    19m57s] Timestep:        38998 || Speed:   59.8 MC/s (5.272e-02 s/TS) || Energy: ~3.20e-14 (-19.00dB)
[@    20m05s] Timestep:        39169 || Speed:   67.7 MC/s (4.662e-02 s/TS) || Energy: ~3.20e-14 (-19.00dB)
[@    20m10s] Timestep:        39300 || Speed:   78.8 MC/s (4.003e-02 s/TS) || Energy: ~2.61e-14 (-19.89dB)
[@    20m15s] Timestep:        39431 || Speed:   77.1 MC/s (4.093e-02 s/TS) || Energy: ~2.35e-14 (-20.33dB)
[@    20m21s] Timestep:        39562 || Speed:   78.3 MC/s (4.030e-02 s/TS) || Energy: ~2.70e-14 (-19.74dB)
[@    20m25s] Timestep:        39693 || Speed:  100.5 MC/s (3.137e-02 s/TS) || Energy: ~2.97e-14 (-19.32dB)
[@    20m32s] Timestep:        39955 || Speed:  109.0 MC/s (2.893e-02 s/TS) || Energy: ~2.16e-14 (-20.70dB)
[@    20m37s] Timestep:        40086 || Speed:   97.1 MC/s (3.249e-02 s/TS) || Energy: ~2.16e-14 (-20.70dB)
[@    20m41s] Timestep:        40217 || Speed:   89.1 MC/s (3.538e-02 s/TS) || Energy: ~2.53e-14 (-20.02dB)
[@    20m47s] Timestep:        40348 || Speed:   75.8 MC/s (4.160e-02 s/TS) || Energy: ~2.58e-14 (-19.93dB)
[@    20m51s] Timestep:        40479 || Speed:   98.1 MC/s (3.214e-02 s/TS) || Energy: ~2.17e-14 (-20.69dB)
[@    20m55s] Timestep:        40610 || Speed:   92.7 MC/s (3.401e-02 s/TS) || Energy: ~1.85e-14 (-21.37dB)
[@    21m00s] Timestep:        40741 || Speed:   91.8 MC/s (3.435e-02 s/TS) || Energy: ~2.03e-14 (-20.97dB)
[@    21m06s] Timestep:        41003 || Speed:  128.2 MC/s (2.460e-02 s/TS) || Energy: ~2.17e-14 (-20.67dB)
[@    21m14s] Timestep:        41265 || Speed:  106.1 MC/s (2.973e-02 s/TS) || Energy: ~1.66e-14 (-21.85dB)
[@    21m22s] Timestep:        41527 || Speed:  109.5 MC/s (2.879e-02 s/TS) || Energy: ~2.05e-14 (-20.93dB)
[@    21m26s] Timestep:        41658 || Speed:   90.3 MC/s (3.495e-02 s/TS) || Energy: ~1.79e-14 (-21.52dB)
[@    21m33s] Timestep:        41920 || Speed:  125.6 MC/s (2.511e-02 s/TS) || Energy: ~1.53e-14 (-22.19dB)
[@    21m40s] Timestep:        42160 || Speed:  111.9 MC/s (2.819e-02 s/TS) || Energy: ~1.79e-14 (-21.52dB)
[@    21m44s] Timestep:        42313 || Speed:  103.2 MC/s (3.057e-02 s/TS) || Energy: ~1.46e-14 (-22.39dB)
[@    21m52s] Timestep:        42575 || Speed:  109.5 MC/s (2.881e-02 s/TS) || Energy: ~1.44e-14 (-22.46dB)
[@    21m56s] Timestep:        42706 || Speed:   94.4 MC/s (3.340e-02 s/TS) || Energy: ~1.61e-14 (-21.99dB)
[@    22m01s] Timestep:        42837 || Speed:   89.3 MC/s (3.532e-02 s/TS) || Energy: ~1.47e-14 (-22.37dB)
[@    22m06s] Timestep:        42968 || Speed:   88.1 MC/s (3.580e-02 s/TS) || Energy: ~1.21e-14 (-23.23dB)
[@    22m10s] Timestep:        43099 || Speed:   86.1 MC/s (3.665e-02 s/TS) || Energy: ~1.17e-14 (-23.37dB)
[@    22m15s] Timestep:        43214 || Speed:   84.1 MC/s (3.751e-02 s/TS) || Energy: ~1.33e-14 (-22.82dB)
[@    22m19s] Timestep:        43361 || Speed:   96.6 MC/s (3.264e-02 s/TS) || Energy: ~1.41e-14 (-22.57dB)
[@    22m26s] Timestep:        43623 || Speed:  127.4 MC/s (2.476e-02 s/TS) || Energy: ~1.03e-14 (-23.94dB)
[@    22m30s] Timestep:        43754 || Speed:  100.8 MC/s (3.128e-02 s/TS) || Energy: ~1.09e-14 (-23.68dB)
[@    22m35s] Timestep:        43885 || Speed:   87.7 MC/s (3.596e-02 s/TS) || Energy: ~1.24e-14 (-23.12dB)
[@    22m42s] Timestep:        44147 || Speed:  122.5 MC/s (2.574e-02 s/TS) || Energy: ~9.90e-15 (-24.09dB)
[@    22m46s] Timestep:        44278 || Speed:  102.9 MC/s (3.065e-02 s/TS) || Energy: ~9.03e-15 (-24.49dB)
[@    22m53s] Timestep:        44540 || Speed:  117.2 MC/s (2.691e-02 s/TS) || Energy: ~1.11e-14 (-23.61dB)
[@    22m57s] Timestep:        44671 || Speed:   93.8 MC/s (3.362e-02 s/TS) || Energy: ~9.93e-15 (-24.08dB)
[@    23m01s] Timestep:        44795 || Speed:   88.6 MC/s (3.560e-02 s/TS) || Energy: ~8.30e-15 (-24.86dB)
[@    23m07s] Timestep:        44933 || Speed:   84.7 MC/s (3.724e-02 s/TS) || Energy: ~8.24e-15 (-24.89dB)
[@    23m11s] Timestep:        45064 || Speed:   89.5 MC/s (3.524e-02 s/TS) || Energy: ~9.46e-15 (-24.29dB)
[@    23m16s] Timestep:        45195 || Speed:   91.5 MC/s (3.445e-02 s/TS) || Energy: ~9.59e-15 (-24.23dB)
[@    23m21s] Timestep:        45322 || Speed:   79.5 MC/s (3.965e-02 s/TS) || Energy: ~8.19e-15 (-24.91dB)
[@    23m26s] Timestep:        45457 || Speed:   80.4 MC/s (3.922e-02 s/TS) || Energy: ~7.08e-15 (-25.55dB)
[@    23m30s] Timestep:        45588 || Speed:   95.1 MC/s (3.316e-02 s/TS) || Energy: ~7.68e-15 (-25.20dB)
[@    23m35s] Timestep:        45719 || Speed:   98.6 MC/s (3.198e-02 s/TS) || Energy: ~8.59e-15 (-24.71dB)
[@    23m39s] Timestep:        45849 || Speed:   93.7 MC/s (3.366e-02 s/TS) || Energy: ~8.09e-15 (-24.97dB)
[@    23m43s] Timestep:        45981 || Speed:  102.8 MC/s (3.067e-02 s/TS) || Energy: ~6.70e-15 (-25.79dB)
[@    23m47s] Timestep:        46112 || Speed:   92.1 MC/s (3.423e-02 s/TS) || Energy: ~6.31e-15 (-26.05dB)
[@    23m56s] Timestep:        46374 || Speed:   96.5 MC/s (3.267e-02 s/TS) || Energy: ~7.59e-15 (-25.25dB)
[@    24m00s] Timestep:        46505 || Speed:   92.8 MC/s (3.400e-02 s/TS) || Energy: ~6.68e-15 (-25.80dB)
[@    24m07s] Timestep:        46767 || Speed:  131.9 MC/s (2.392e-02 s/TS) || Energy: ~5.80e-15 (-26.42dB)
[@    24m13s] Timestep:        47029 || Speed:  138.3 MC/s (2.280e-02 s/TS) || Energy: ~6.51e-15 (-25.92dB)
[@    24m18s] Timestep:        47291 || Speed:  150.3 MC/s (2.099e-02 s/TS) || Energy: ~4.90e-15 (-27.14dB)
[@    24m22s] Timestep:        47430 || Speed:  107.0 MC/s (2.948e-02 s/TS) || Energy: ~5.44e-15 (-26.69dB)
[@    24m27s] Timestep:        47553 || Speed:   88.8 MC/s (3.550e-02 s/TS) || Energy: ~5.91e-15 (-26.33dB)
[@    24m33s] Timestep:        47815 || Speed:  125.9 MC/s (2.505e-02 s/TS) || Energy: ~4.54e-15 (-27.47dB)
[@    24m40s] Timestep:        48077 || Speed:  115.8 MC/s (2.723e-02 s/TS) || Energy: ~5.00e-15 (-27.06dB)
[@    24m48s] Timestep:        48339 || Speed:  110.6 MC/s (2.853e-02 s/TS) || Energy: ~4.49e-15 (-27.53dB)
[@    24m55s] Timestep:        48601 || Speed:  119.9 MC/s (2.629e-02 s/TS) || Energy: ~4.06e-15 (-27.96dB)
[@    25m01s] Timestep:        48863 || Speed:  135.8 MC/s (2.322e-02 s/TS) || Energy: ~4.39e-15 (-27.62dB)
[@    25m05s] Timestep:        49011 || Speed:  110.2 MC/s (2.862e-02 s/TS) || Energy: ~3.61e-15 (-28.47dB)
[@    25m13s] Timestep:        49256 || Speed:  101.9 MC/s (3.094e-02 s/TS) || Energy: ~3.77e-15 (-28.28dB)
[@    25m19s] Timestep:        49518 || Speed:  123.8 MC/s (2.548e-02 s/TS) || Energy: ~3.65e-15 (-28.42dB)
[@    25m26s] Timestep:        49780 || Speed:  123.2 MC/s (2.559e-02 s/TS) || Energy: ~3.08e-15 (-29.17dB)
[@    25m32s] Timestep:        50042 || Speed:  145.2 MC/s (2.172e-02 s/TS) || Energy: ~3.50e-15 (-28.61dB)
[@    25m38s] Timestep:        50304 || Speed:  136.3 MC/s (2.313e-02 s/TS) || Energy: ~2.65e-15 (-29.82dB)
[@    25m45s] Timestep:        50566 || Speed:  107.6 MC/s (2.930e-02 s/TS) || Energy: ~3.13e-15 (-29.09dB)
[@    25m52s] Timestep:        50828 || Speed:  128.4 MC/s (2.456e-02 s/TS) || Energy: ~2.49e-15 (-30.09dB)
[@    25m58s] Timestep:        51090 || Speed:  130.0 MC/s (2.427e-02 s/TS) || Energy: ~2.62e-15 (-29.86dB)
[@    26m06s] Timestep:        51352 || Speed:  107.1 MC/s (2.946e-02 s/TS) || Energy: ~2.45e-15 (-30.16dB)
[@    26m10s] Timestep:        51483 || Speed:   91.8 MC/s (3.434e-02 s/TS) || Energy: ~2.09e-15 (-30.84dB)
[@    26m16s] Timestep:        51646 || Speed:   96.4 MC/s (3.270e-02 s/TS) || Energy: ~2.20e-15 (-30.62dB)
[@    26m25s] Timestep:        51876 || Speed:   80.5 MC/s (3.920e-02 s/TS) || Energy: ~2.36e-15 (-30.31dB)
[@    26m30s] Timestep:        52007 || Speed:   78.4 MC/s (4.020e-02 s/TS) || Energy: ~2.02e-15 (-31.00dB)
[@    26m35s] Timestep:        52173 || Speed:  113.1 MC/s (2.788e-02 s/TS) || Energy: ~1.83e-15 (-31.42dB)
[@    26m40s] Timestep:        52400 || Speed:  128.7 MC/s (2.450e-02 s/TS) || Energy: ~2.14e-15 (-30.74dB)
[@    26m47s] Timestep:        52662 || Speed:  130.4 MC/s (2.418e-02 s/TS) || Energy: ~1.67e-15 (-31.81dB)
[@    26m53s] Timestep:        52924 || Speed:  119.1 MC/s (2.649e-02 s/TS) || Energy: ~1.82e-15 (-31.46dB)
[@    27m00s] Timestep:        53186 || Speed:  135.2 MC/s (2.333e-02 s/TS) || Energy: ~1.64e-15 (-31.91dB)
[@    27m07s] Timestep:        53448 || Speed:  115.3 MC/s (2.735e-02 s/TS) || Energy: ~1.49e-15 (-32.33dB)
[@    27m15s] Timestep:        53710 || Speed:  100.3 MC/s (3.144e-02 s/TS) || Energy: ~1.59e-15 (-32.04dB)
[@    27m20s] Timestep:        53841 || Speed:   85.4 MC/s (3.695e-02 s/TS) || Energy: ~1.35e-15 (-32.75dB)
[@    27m24s] Timestep:        53972 || Speed:   98.5 MC/s (3.202e-02 s/TS) || Energy: ~1.25e-15 (-33.09dB)
[@    27m31s] Timestep:        54234 || Speed:  117.3 MC/s (2.690e-02 s/TS) || Energy: ~1.46e-15 (-32.41dB)
[@    27m38s] Timestep:        54496 || Speed:  112.0 MC/s (2.815e-02 s/TS) || Energy: ~1.13e-15 (-33.52dB)
[@    27m46s] Timestep:        54758 || Speed:  105.3 MC/s (2.996e-02 s/TS) || Energy: ~1.25e-15 (-33.08dB)
[@    27m51s] Timestep:        54889 || Speed:   97.0 MC/s (3.252e-02 s/TS) || Energy: ~1.26e-15 (-33.05dB)
[@    27m55s] Timestep:        55020 || Speed:  101.4 MC/s (3.109e-02 s/TS) || Energy: ~1.09e-15 (-33.67dB)
[@    28m02s] Timestep:        55282 || Speed:  109.9 MC/s (2.871e-02 s/TS) || Energy: ~1.03e-15 (-33.93dB)
[@    28m10s] Timestep:        55544 || Speed:  111.1 MC/s (2.840e-02 s/TS) || Energy: ~1.06e-15 (-33.79dB)
[@    28m14s] Timestep:        55675 || Speed:   87.7 MC/s (3.596e-02 s/TS) || Energy: ~9.05e-16 (-34.48dB)
[@    28m19s] Timestep:        55862 || Speed:  127.7 MC/s (2.470e-02 s/TS) || Energy: ~8.86e-16 (-34.58dB)
[@    28m24s] Timestep:        56068 || Speed:  119.5 MC/s (2.639e-02 s/TS) || Energy: ~9.86e-16 (-34.11dB)
[@    28m32s] Timestep:        56330 || Speed:  112.3 MC/s (2.808e-02 s/TS) || Energy: ~7.62e-16 (-35.23dB)
[@    28m36s] Timestep:        56461 || Speed:   92.5 MC/s (3.410e-02 s/TS) || Energy: ~7.75e-16 (-35.16dB)
[@    28m40s] Timestep:        56592 || Speed:  102.0 MC/s (3.093e-02 s/TS) || Energy: ~8.57e-16 (-34.72dB)
[@    28m44s] Timestep:        56723 || Speed:  102.7 MC/s (3.071e-02 s/TS) || Energy: ~8.45e-16 (-34.78dB)
[@    28m50s] Timestep:        56916 || Speed:  112.7 MC/s (2.799e-02 s/TS) || Energy: ~6.81e-16 (-35.71dB)
[@    28m55s] Timestep:        57116 || Speed:  110.9 MC/s (2.845e-02 s/TS) || Energy: ~7.10e-16 (-35.54dB)
[@    29m02s] Timestep:        57378 || Speed:  130.9 MC/s (2.409e-02 s/TS) || Energy: ~7.09e-16 (-35.54dB)
[@    29m09s] Timestep:        57640 || Speed:  113.1 MC/s (2.789e-02 s/TS) || Energy: ~5.87e-16 (-36.36dB)
[@    29m17s] Timestep:        57902 || Speed:  109.3 MC/s (2.885e-02 s/TS) || Energy: ~6.65e-16 (-35.82dB)
[@    29m22s] Timestep:        58033 || Speed:   74.8 MC/s (4.218e-02 s/TS) || Energy: ~5.87e-16 (-36.36dB)
[@    29m27s] Timestep:        58164 || Speed:   81.1 MC/s (3.890e-02 s/TS) || Energy: ~5.15e-16 (-36.93dB)
[@    29m34s] Timestep:        58426 || Speed:  118.7 MC/s (2.658e-02 s/TS) || Energy: ~5.85e-16 (-36.38dB)
[@    29m38s] Timestep:        58557 || Speed:  103.1 MC/s (3.058e-02 s/TS) || Energy: ~5.65e-16 (-36.53dB)
[@    29m46s] Timestep:        58819 || Speed:  104.2 MC/s (3.028e-02 s/TS) || Energy: ~4.50e-16 (-37.52dB)
[@    29m52s] Timestep:        59024 || Speed:  102.2 MC/s (3.085e-02 s/TS) || Energy: ~5.12e-16 (-36.96dB)
[@    29m59s] Timestep:        59212 || Speed:   95.1 MC/s (3.315e-02 s/TS) || Energy: ~4.72e-16 (-37.31dB)
[@    30m07s] Timestep:        59474 || Speed:  101.5 MC/s (3.108e-02 s/TS) || Energy: ~4.03e-16 (-38.00dB)
[@    30m12s] Timestep:        59605 || Speed:   84.2 MC/s (3.744e-02 s/TS) || Energy: ~4.44e-16 (-37.58dB)
[@    30m17s] Timestep:        59736 || Speed:   84.2 MC/s (3.745e-02 s/TS) || Energy: ~4.46e-16 (-37.56dB)
[@    30m22s] Timestep:        59867 || Speed:   79.1 MC/s (3.987e-02 s/TS) || Energy: ~3.91e-16 (-38.13dB)
[@    30m27s] Timestep:        59998 || Speed:   81.3 MC/s (3.879e-02 s/TS) || Energy: ~3.48e-16 (-38.63dB)
[@    30m32s] Timestep:        60129 || Speed:   74.9 MC/s (4.210e-02 s/TS) || Energy: ~3.66e-16 (-38.41dB)
[@    30m37s] Timestep:        60260 || Speed:   82.8 MC/s (3.810e-02 s/TS) || Energy: ~3.97e-16 (-38.06dB)
[@    30m42s] Timestep:        60391 || Speed:   87.9 MC/s (3.587e-02 s/TS) || Energy: ~3.77e-16 (-38.28dB)
[@    30m47s] Timestep:        60522 || Speed:   92.6 MC/s (3.407e-02 s/TS) || Energy: ~3.24e-16 (-38.94dB)
[@    30m51s] Timestep:        60653 || Speed:   89.4 MC/s (3.527e-02 s/TS) || Energy: ~3.07e-16 (-39.18dB)
[@    30m59s] Timestep:        60915 || Speed:  111.3 MC/s (2.835e-02 s/TS) || Energy: ~3.48e-16 (-38.63dB)
[@    31m06s] Timestep:        61132 || Speed:   98.8 MC/s (3.192e-02 s/TS) || Energy: ~2.84e-16 (-39.52dB)
[@    31m10s] Timestep:        61308 || Speed:  125.5 MC/s (2.513e-02 s/TS) || Energy: ~2.76e-16 (-39.64dB)
[@    31m14s] Timestep:        61439 || Speed:  101.5 MC/s (3.108e-02 s/TS) || Energy: ~3.02e-16 (-39.24dB)
[@    31m18s] Timestep:        61570 || Speed:  102.5 MC/s (3.076e-02 s/TS) || Energy: ~2.99e-16 (-39.30dB)
[@    31m22s] Timestep:        61701 || Speed:   95.8 MC/s (3.293e-02 s/TS) || Energy: ~2.60e-16 (-39.90dB)
[@    31m27s] Timestep:        61832 || Speed:   90.7 MC/s (3.477e-02 s/TS) || Energy: ~2.36e-16 (-40.32dB)
Time for 61832 iterations with 3153956.00 cells : 1887.43 sec
Speed: 103.32 MCells/s 

     freq       S11   S21 coupling   AR embedded      Dmax
   5.800G   -19.00dB        -20.49dB         3.94dB     6.11dBi
