[cv22] mesh 371x220x26 = 2.12 Mcells   ground 108.6 x 60.0 mm   pitch 25.8442 mm
openEMS - fixed number of threads: 6
 ---------------------------------------------------------------------- 
 | openEMS 64bit -- version v0.37.0-rc1-2-g7b051bb
 | (C) 2010-2026 Thorsten Liebig <thorsten.liebig@gmx.de>  GPL license
 ---------------------------------------------------------------------- 
	Used external libraries:
		CSXCAD -- Version: v0.7.0-rc1-1-g5115701
		hdf5   -- Version: 2.2.0
		          compiled against: HDF5 library version: 2.2.0
		tinyxml -- compiled against: 2.6.2
		fparser
		boost  -- compiled against: 1_90
		vtk -- disabled in this build

Create FDTD operator (compressed SSE + multi-threading)
FDTD simulation size: 371x220x26 --> 2.12212e+06 FDTD cells 
FDTD timestep is: 1.48172e-13 s; Nyquist rate: 507 timesteps @6.65574e+09 Hz
Excitation signal length is: 22747 timesteps (3.37047e-09s)
Max. number of timesteps: 140000 ( --> 6.15466 * Excitation signal length)
Create FDTD engine (compressed SSE + multi-threading)
Running FDTD engine... this may take a while... grab a cup of coffee?!?
[@        4s] Timestep:          378 || Speed:  200.1 MC/s (1.060e-02 s/TS) || Energy: ~7.01e-21 (- 0.00dB)
[@        8s] Timestep:          756 || Speed:  184.9 MC/s (1.148e-02 s/TS) || Energy: ~1.45e-20 (- 0.00dB)
[@       12s] Timestep:         1134 || Speed:  177.7 MC/s (1.194e-02 s/TS) || Energy: ~7.89e-20 (- 0.00dB)
[@       17s] Timestep:         1512 || Speed:  190.8 MC/s (1.112e-02 s/TS) || Energy: ~2.36e-19 (- 0.00dB)
[@       21s] Timestep:         1890 || Speed:  179.0 MC/s (1.185e-02 s/TS) || Energy: ~4.77e-19 (- 0.00dB)
[@       25s] Timestep:         2268 || Speed:  183.3 MC/s (1.158e-02 s/TS) || Energy: ~2.02e-18 (- 0.00dB)
[@       30s] Timestep:         2646 || Speed:  183.4 MC/s (1.157e-02 s/TS) || Energy: ~4.58e-18 (- 0.00dB)
[@       34s] Timestep:         3024 || Speed:  190.5 MC/s (1.114e-02 s/TS) || Energy: ~9.80e-18 (- 0.00dB)
[@       38s] Timestep:         3402 || Speed:  186.1 MC/s (1.140e-02 s/TS) || Energy: ~3.42e-17 (- 0.00dB)
[@       43s] Timestep:         3780 || Speed:  177.8 MC/s (1.194e-02 s/TS) || Energy: ~6.36e-17 (- 0.00dB)
[@       47s] Timestep:         4158 || Speed:  186.1 MC/s (1.140e-02 s/TS) || Energy: ~1.42e-16 (- 0.00dB)
[@       51s] Timestep:         4536 || Speed:  191.0 MC/s (1.111e-02 s/TS) || Energy: ~3.98e-16 (- 0.00dB)
[@       56s] Timestep:         4914 || Speed:  182.7 MC/s (1.161e-02 s/TS) || Energy: ~6.44e-16 (- 0.00dB)
[@     1m00s] Timestep:         5292 || Speed:  183.3 MC/s (1.158e-02 s/TS) || Energy: ~1.46e-15 (- 0.00dB)
[@     1m04s] Timestep:         5670 || Speed:  184.7 MC/s (1.149e-02 s/TS) || Energy: ~3.24e-15 (- 0.00dB)
[@     1m09s] Timestep:         6048 || Speed:  190.5 MC/s (1.114e-02 s/TS) || Energy: ~4.82e-15 (- 0.00dB)
[@     1m13s] Timestep:         6426 || Speed:  183.7 MC/s (1.155e-02 s/TS) || Energy: ~1.04e-14 (- 0.00dB)
[@     1m17s] Timestep:         6804 || Speed:  185.7 MC/s (1.143e-02 s/TS) || Energy: ~1.86e-14 (- 0.00dB)
[@     1m22s] Timestep:         7182 || Speed:  182.6 MC/s (1.162e-02 s/TS) || Energy: ~2.68e-14 (- 0.00dB)
[@     1m26s] Timestep:         7560 || Speed:  174.3 MC/s (1.217e-02 s/TS) || Energy: ~5.24e-14 (- 0.00dB)
[@     1m31s] Timestep:         7938 || Speed:  156.9 MC/s (1.352e-02 s/TS) || Energy: ~7.73e-14 (- 0.00dB)
[@     1m37s] Timestep:         8316 || Speed:  147.2 MC/s (1.441e-02 s/TS) || Energy: ~1.10e-13 (- 0.00dB)
[@     1m41s] Timestep:         8619 || Speed:  152.8 MC/s (1.388e-02 s/TS) || Energy: ~1.70e-13 (- 0.00dB)
[@     1m46s] Timestep:         8946 || Speed:  157.0 MC/s (1.352e-02 s/TS) || Energy: ~2.05e-13 (- 0.00dB)
[@     1m51s] Timestep:         9324 || Speed:  155.9 MC/s (1.362e-02 s/TS) || Energy: ~3.21e-13 (- 0.00dB)
[@     1m55s] Timestep:         9633 || Speed:  157.2 MC/s (1.350e-02 s/TS) || Energy: ~3.71e-13 (- 0.00dB)
[@     1m59s] Timestep:         9954 || Speed:  163.1 MC/s (1.301e-02 s/TS) || Energy: ~5.05e-13 (- 0.00dB)
[@     2m04s] Timestep:        10332 || Speed:  161.0 MC/s (1.318e-02 s/TS) || Energy: ~6.23e-13 (- 0.00dB)
[@     2m08s] Timestep:        10647 || Speed:  164.0 MC/s (1.294e-02 s/TS) || Energy: ~7.34e-13 (- 0.00dB)
[@     2m14s] Timestep:        11088 || Speed:  168.1 MC/s (1.262e-02 s/TS) || Energy: ~9.40e-13 (- 0.00dB)
[@     2m19s] Timestep:        11466 || Speed:  157.1 MC/s (1.350e-02 s/TS) || Energy: ~1.03e-12 (- 0.00dB)
[@     2m24s] Timestep:        11844 || Speed:  158.5 MC/s (1.339e-02 s/TS) || Energy: ~1.19e-12 (- 0.00dB)
[@     2m28s] Timestep:        12168 || Speed:  157.0 MC/s (1.352e-02 s/TS) || Energy: ~1.26e-12 (- 0.00dB)
[@     2m33s] Timestep:        12474 || Speed:  148.3 MC/s (1.431e-02 s/TS) || Energy: ~1.36e-12 (- 0.00dB)
[@     2m38s] Timestep:        12852 || Speed:  154.5 MC/s (1.373e-02 s/TS) || Energy: ~1.41e-12 (- 0.00dB)
[@     2m42s] Timestep:        13182 || Speed:  153.5 MC/s (1.382e-02 s/TS) || Energy: ~1.39e-12 (- 0.05dB)
[@     2m48s] Timestep:        13608 || Speed:  159.2 MC/s (1.333e-02 s/TS) || Energy: ~1.49e-12 (- 0.00dB)
[@     2m53s] Timestep:        13986 || Speed:  153.6 MC/s (1.381e-02 s/TS) || Energy: ~1.34e-12 (- 0.45dB)
[@     2m59s] Timestep:        14364 || Speed:  147.5 MC/s (1.439e-02 s/TS) || Energy: ~1.31e-12 (- 0.56dB)
[@     3m04s] Timestep:        14703 || Speed:  147.0 MC/s (1.444e-02 s/TS) || Energy: ~1.34e-12 (- 0.45dB)
[@     3m08s] Timestep:        14994 || Speed:  146.5 MC/s (1.449e-02 s/TS) || Energy: ~1.17e-12 (- 1.05dB)
[@     3m13s] Timestep:        15372 || Speed:  152.1 MC/s (1.395e-02 s/TS) || Energy: ~1.25e-12 (- 0.75dB)
[@     3m18s] Timestep:        15717 || Speed:  154.3 MC/s (1.375e-02 s/TS) || Energy: ~1.03e-12 (- 1.61dB)
[@     3m23s] Timestep:        16128 || Speed:  164.9 MC/s (1.287e-02 s/TS) || Energy: ~1.01e-12 (- 1.66dB)
[@     3m28s] Timestep:        16506 || Speed:  150.2 MC/s (1.413e-02 s/TS) || Energy: ~1.07e-12 (- 1.44dB)
[@     3m34s] Timestep:        16884 || Speed:  148.0 MC/s (1.433e-02 s/TS) || Energy: ~8.80e-13 (- 2.28dB)
[@     3m39s] Timestep:        17238 || Speed:  147.8 MC/s (1.436e-02 s/TS) || Energy: ~9.38e-13 (- 2.00dB)
[@     3m45s] Timestep:        17640 || Speed:  152.0 MC/s (1.397e-02 s/TS) || Energy: ~9.35e-13 (- 2.01dB)
[@     3m50s] Timestep:        18018 || Speed:  148.1 MC/s (1.433e-02 s/TS) || Energy: ~7.73e-13 (- 2.84dB)
[@     3m55s] Timestep:        18396 || Speed:  147.2 MC/s (1.441e-02 s/TS) || Energy: ~8.46e-13 (- 2.45dB)
[@     4m01s] Timestep:        18759 || Speed:  146.9 MC/s (1.444e-02 s/TS) || Energy: ~8.05e-13 (- 2.66dB)
[@     4m06s] Timestep:        19152 || Speed:  152.8 MC/s (1.389e-02 s/TS) || Energy: ~6.76e-13 (- 3.42dB)
[@     4m12s] Timestep:        19530 || Speed:  147.3 MC/s (1.441e-02 s/TS) || Energy: ~7.62e-13 (- 2.90dB)
[@     4m17s] Timestep:        19908 || Speed:  147.8 MC/s (1.436e-02 s/TS) || Energy: ~6.73e-13 (- 3.44dB)
[@     4m23s] Timestep:        20280 || Speed:  141.9 MC/s (1.496e-02 s/TS) || Energy: ~5.78e-13 (- 4.11dB)
[@     4m28s] Timestep:        20664 || Speed:  150.8 MC/s (1.407e-02 s/TS) || Energy: ~6.51e-13 (- 3.58dB)
[@     4m33s] Timestep:        21042 || Speed:  145.2 MC/s (1.462e-02 s/TS) || Energy: ~5.23e-13 (- 4.54dB)
[@     4m39s] Timestep:        21420 || Speed:  147.7 MC/s (1.437e-02 s/TS) || Energy: ~4.77e-13 (- 4.94dB)
[@     4m44s] Timestep:        21798 || Speed:  152.7 MC/s (1.390e-02 s/TS) || Energy: ~5.25e-13 (- 4.52dB)
[@     4m50s] Timestep:        22176 || Speed:  144.7 MC/s (1.466e-02 s/TS) || Energy: ~3.88e-13 (- 5.83dB)
[@     4m55s] Timestep:        22554 || Speed:  141.8 MC/s (1.497e-02 s/TS) || Energy: ~3.90e-13 (- 5.81dB)
[@     5m01s] Timestep:        22932 || Speed:  142.2 MC/s (1.492e-02 s/TS) || Energy: ~4.02e-13 (- 5.68dB)
[@     5m07s] Timestep:        23310 || Speed:  145.1 MC/s (1.462e-02 s/TS) || Energy: ~2.83e-13 (- 7.20dB)
[@     5m12s] Timestep:        23688 || Speed:  141.4 MC/s (1.501e-02 s/TS) || Energy: ~3.14e-13 (- 6.75dB)
[@     5m16s] Timestep:        23940 || Speed:  131.8 MC/s (1.610e-02 s/TS) || Energy: ~2.51e-13 (- 7.73dB)
[@     5m22s] Timestep:        24318 || Speed:  146.2 MC/s (1.452e-02 s/TS) || Energy: ~2.50e-13 (- 7.73dB)
[@     5m27s] Timestep:        24696 || Speed:  140.6 MC/s (1.509e-02 s/TS) || Energy: ~2.65e-13 (- 7.49dB)
[@     5m33s] Timestep:        25074 || Speed:  141.6 MC/s (1.499e-02 s/TS) || Energy: ~1.79e-13 (- 9.20dB)
[@     5m37s] Timestep:        25350 || Speed:  140.1 MC/s (1.514e-02 s/TS) || Energy: ~2.30e-13 (- 8.11dB)
[@     5m42s] Timestep:        25704 || Speed:  147.3 MC/s (1.441e-02 s/TS) || Energy: ~1.60e-13 (- 9.69dB)
[@     5m48s] Timestep:        26082 || Speed:  140.3 MC/s (1.512e-02 s/TS) || Energy: ~1.57e-13 (- 9.76dB)
[@     5m52s] Timestep:        26364 || Speed:  140.8 MC/s (1.507e-02 s/TS) || Energy: ~1.55e-13 (- 9.80dB)
[@     5m57s] Timestep:        26712 || Speed:  144.6 MC/s (1.467e-02 s/TS) || Energy: ~1.22e-13 (-10.85dB)
[@     6m02s] Timestep:        26964 || Speed:  130.1 MC/s (1.631e-02 s/TS) || Energy: ~1.38e-13 (-10.32dB)
[@     6m07s] Timestep:        27342 || Speed:  146.0 MC/s (1.454e-02 s/TS) || Energy: ~9.73e-14 (-11.84dB)
[@     6m13s] Timestep:        27720 || Speed:  142.0 MC/s (1.495e-02 s/TS) || Energy: ~1.26e-13 (-10.70dB)
[@     6m18s] Timestep:        28098 || Speed:  142.0 MC/s (1.494e-02 s/TS) || Energy: ~9.73e-14 (-11.84dB)
[@     6m23s] Timestep:        28392 || Speed:  138.4 MC/s (1.533e-02 s/TS) || Energy: ~9.26e-14 (-12.05dB)
[@     6m28s] Timestep:        28728 || Speed:  138.7 MC/s (1.530e-02 s/TS) || Energy: ~9.20e-14 (-12.08dB)
[@     6m32s] Timestep:        28980 || Speed:  121.3 MC/s (1.749e-02 s/TS) || Energy: ~7.94e-14 (-12.72dB)
[@     6m38s] Timestep:        29358 || Speed:  140.0 MC/s (1.516e-02 s/TS) || Energy: ~8.53e-14 (-12.41dB)
[@     6m42s] Timestep:        29610 || Speed:  123.9 MC/s (1.713e-02 s/TS) || Energy: ~6.09e-14 (-13.87dB)
[@     6m47s] Timestep:        29913 || Speed:  140.9 MC/s (1.506e-02 s/TS) || Energy: ~7.20e-14 (-13.15dB)
[@     6m52s] Timestep:        30240 || Speed:  146.1 MC/s (1.453e-02 s/TS) || Energy: ~4.75e-14 (-14.95dB)
[@     6m56s] Timestep:        30492 || Speed:  130.4 MC/s (1.628e-02 s/TS) || Energy: ~6.25e-14 (-13.76dB)
[@     7m01s] Timestep:        30870 || Speed:  146.2 MC/s (1.451e-02 s/TS) || Energy: ~3.91e-14 (-15.80dB)
[@     7m07s] Timestep:        31248 || Speed:  139.7 MC/s (1.519e-02 s/TS) || Energy: ~5.31e-14 (-14.47dB)
[@     7m11s] Timestep:        31500 || Speed:  122.4 MC/s (1.733e-02 s/TS) || Energy: ~3.46e-14 (-16.32dB)
[@     7m17s] Timestep:        31752 || Speed:  104.9 MC/s (2.022e-02 s/TS) || Energy: ~5.10e-14 (-14.64dB)
[@     7m22s] Timestep:        32130 || Speed:  141.8 MC/s (1.496e-02 s/TS) || Energy: ~3.29e-14 (-16.55dB)
[@     7m27s] Timestep:        32448 || Speed:  140.9 MC/s (1.506e-02 s/TS) || Energy: ~3.75e-14 (-15.98dB)
[@     7m32s] Timestep:        32760 || Speed:  145.2 MC/s (1.461e-02 s/TS) || Energy: ~3.23e-14 (-16.64dB)
[@     7m37s] Timestep:        33138 || Speed:  138.5 MC/s (1.532e-02 s/TS) || Energy: ~2.43e-14 (-17.86dB)
[@     7m42s] Timestep:        33462 || Speed:  135.1 MC/s (1.571e-02 s/TS) || Energy: ~3.44e-14 (-16.35dB)
[@     7m49s] Timestep:        33768 || Speed:  102.7 MC/s (2.066e-02 s/TS) || Energy: ~1.96e-14 (-18.80dB)
[@     7m55s] Timestep:        34146 || Speed:  134.2 MC/s (1.581e-02 s/TS) || Energy: ~2.83e-14 (-17.21dB)
[@     8m00s] Timestep:        34476 || Speed:  140.3 MC/s (1.513e-02 s/TS) || Energy: ~2.01e-14 (-18.70dB)
[@     8m04s] Timestep:        34776 || Speed:  143.7 MC/s (1.476e-02 s/TS) || Energy: ~2.23e-14 (-18.25dB)
[@     8m08s] Timestep:        35028 || Speed:  125.9 MC/s (1.686e-02 s/TS) || Energy: ~1.63e-14 (-19.59dB)
[@     8m14s] Timestep:        35406 || Speed:  137.4 MC/s (1.544e-02 s/TS) || Energy: ~1.69e-14 (-19.43dB)
[@     8m19s] Timestep:        35658 || Speed:  115.0 MC/s (1.846e-02 s/TS) || Energy: ~1.62e-14 (-19.62dB)
[@     8m24s] Timestep:        35997 || Speed:  134.7 MC/s (1.575e-02 s/TS) || Energy: ~1.45e-14 (-20.12dB)
[@     8m29s] Timestep:        36288 || Speed:  141.0 MC/s (1.505e-02 s/TS) || Energy: ~1.61e-14 (-19.65dB)
[@     8m33s] Timestep:        36540 || Speed:  127.9 MC/s (1.660e-02 s/TS) || Energy: ~1.43e-14 (-20.16dB)
[@     8m37s] Timestep:        36792 || Speed:  130.5 MC/s (1.626e-02 s/TS) || Energy: ~1.15e-14 (-21.10dB)
[@     8m41s] Timestep:        37044 || Speed:  128.1 MC/s (1.656e-02 s/TS) || Energy: ~1.52e-14 (-19.89dB)
[@     8m46s] Timestep:        37296 || Speed:  102.0 MC/s (2.081e-02 s/TS) || Energy: ~8.76e-15 (-22.30dB)
[@     8m50s] Timestep:        37548 || Speed:  129.3 MC/s (1.641e-02 s/TS) || Energy: ~1.42e-14 (-20.19dB)
[@     8m56s] Timestep:        37926 || Speed:  145.7 MC/s (1.457e-02 s/TS) || Energy: ~8.28e-15 (-22.54dB)
[@     9m02s] Timestep:        38304 || Speed:  140.0 MC/s (1.516e-02 s/TS) || Energy: ~9.21e-15 (-22.08dB)
[@     9m06s] Timestep:        38556 || Speed:  127.9 MC/s (1.659e-02 s/TS) || Energy: ~8.27e-15 (-22.54dB)
[@     9m11s] Timestep:        38808 || Speed:  100.1 MC/s (2.119e-02 s/TS) || Energy: ~1.01e-14 (-21.69dB)
[@     9m15s] Timestep:        39060 || Speed:  131.4 MC/s (1.615e-02 s/TS) || Energy: ~6.05e-15 (-23.91dB)
[@     9m21s] Timestep:        39438 || Speed:  147.5 MC/s (1.439e-02 s/TS) || Energy: ~7.84e-15 (-22.78dB)
[@     9m26s] Timestep:        39816 || Speed:  139.8 MC/s (1.518e-02 s/TS) || Energy: ~8.14e-15 (-22.61dB)
[@     9m31s] Timestep:        40068 || Speed:  127.6 MC/s (1.664e-02 s/TS) || Energy: ~5.91e-15 (-24.01dB)
[@     9m36s] Timestep:        40320 || Speed:   99.6 MC/s (2.130e-02 s/TS) || Energy: ~5.98e-15 (-23.96dB)
[@     9m40s] Timestep:        40560 || Speed:  126.5 MC/s (1.677e-02 s/TS) || Energy: ~6.81e-15 (-23.39dB)
[@     9m44s] Timestep:        40824 || Speed:  137.3 MC/s (1.546e-02 s/TS) || Energy: ~4.26e-15 (-25.43dB)
[@     9m50s] Timestep:        41202 || Speed:  142.2 MC/s (1.492e-02 s/TS) || Energy: ~5.06e-15 (-24.68dB)
[@     9m56s] Timestep:        41574 || Speed:  132.0 MC/s (1.608e-02 s/TS) || Energy: ~5.72e-15 (-24.15dB)
[@    10m01s] Timestep:        41832 || Speed:   97.3 MC/s (2.181e-02 s/TS) || Energy: ~3.79e-15 (-25.93dB)
[@    10m06s] Timestep:        42081 || Speed:  114.9 MC/s (1.847e-02 s/TS) || Energy: ~4.30e-15 (-25.39dB)
[@    10m10s] Timestep:        42336 || Speed:  126.9 MC/s (1.672e-02 s/TS) || Energy: ~4.32e-15 (-25.37dB)
[@    10m16s] Timestep:        42714 || Speed:  137.8 MC/s (1.540e-02 s/TS) || Energy: ~4.29e-15 (-25.39dB)
[@    10m22s] Timestep:        43092 || Speed:  135.8 MC/s (1.563e-02 s/TS) || Energy: ~2.41e-15 (-27.90dB)
[@    10m27s] Timestep:        43344 || Speed:   97.3 MC/s (2.182e-02 s/TS) || Energy: ~4.05e-15 (-25.64dB)
[@    10m32s] Timestep:        43596 || Speed:  125.6 MC/s (1.689e-02 s/TS) || Energy: ~2.44e-15 (-27.84dB)
[@    10m36s] Timestep:        43848 || Speed:  133.4 MC/s (1.590e-02 s/TS) || Energy: ~3.14e-15 (-26.75dB)
[@    10m40s] Timestep:        44109 || Speed:  135.3 MC/s (1.568e-02 s/TS) || Energy: ~2.72e-15 (-27.38dB)
[@    10m44s] Timestep:        44352 || Speed:  123.7 MC/s (1.716e-02 s/TS) || Energy: ~2.22e-15 (-28.27dB)
[@    10m50s] Timestep:        44730 || Speed:  142.9 MC/s (1.485e-02 s/TS) || Energy: ~2.09e-15 (-28.51dB)
[@    10m55s] Timestep:        45108 || Speed:  139.2 MC/s (1.525e-02 s/TS) || Energy: ~2.83e-15 (-27.20dB)
[@    11m00s] Timestep:        45360 || Speed:  126.0 MC/s (1.684e-02 s/TS) || Energy: ~1.59e-15 (-29.72dB)
[@    11m05s] Timestep:        45612 || Speed:   98.4 MC/s (2.158e-02 s/TS) || Energy: ~2.27e-15 (-28.16dB)
[@    11m10s] Timestep:        45864 || Speed:  105.1 MC/s (2.019e-02 s/TS) || Energy: ~1.81e-15 (-29.15dB)
[@    11m14s] Timestep:        46137 || Speed:  134.5 MC/s (1.578e-02 s/TS) || Energy: ~1.73e-15 (-29.34dB)
[@    11m20s] Timestep:        46494 || Speed:  130.8 MC/s (1.622e-02 s/TS) || Energy: ~1.35e-15 (-30.42dB)
[@    11m26s] Timestep:        46872 || Speed:  139.9 MC/s (1.517e-02 s/TS) || Energy: ~1.96e-15 (-28.80dB)
[@    11m31s] Timestep:        47151 || Speed:  128.4 MC/s (1.653e-02 s/TS) || Energy: ~1.01e-15 (-31.69dB)
[@    11m35s] Timestep:        47376 || Speed:  100.5 MC/s (2.111e-02 s/TS) || Energy: ~1.63e-15 (-29.59dB)
[@    11m41s] Timestep:        47628 || Speed:  101.4 MC/s (2.092e-02 s/TS) || Energy: ~1.16e-15 (-31.06dB)
[@    11m46s] Timestep:        48006 || Speed:  138.1 MC/s (1.536e-02 s/TS) || Energy: ~1.53e-15 (-29.88dB)
[@    11m52s] Timestep:        48384 || Speed:  139.3 MC/s (1.523e-02 s/TS) || Energy: ~8.38e-16 (-32.49dB)
[@    11m56s] Timestep:        48636 || Speed:  125.9 MC/s (1.685e-02 s/TS) || Energy: ~1.34e-15 (-30.44dB)
[@    12m02s] Timestep:        48888 || Speed:  100.4 MC/s (2.114e-02 s/TS) || Energy: ~6.99e-16 (-33.28dB)
[@    12m07s] Timestep:        49140 || Speed:   99.6 MC/s (2.132e-02 s/TS) || Energy: ~1.16e-15 (-31.06dB)
[@    12m11s] Timestep:        49392 || Speed:  126.7 MC/s (1.675e-02 s/TS) || Energy: ~7.50e-16 (-32.97dB)
[@    12m16s] Timestep:        49686 || Speed:  140.6 MC/s (1.509e-02 s/TS) || Energy: ~9.71e-16 (-31.85dB)
[@    12m21s] Timestep:        50022 || Speed:  143.3 MC/s (1.481e-02 s/TS) || Energy: ~5.74e-16 (-34.14dB)
[@    12m25s] Timestep:        50274 || Speed:  114.3 MC/s (1.856e-02 s/TS) || Energy: ~8.71e-16 (-32.32dB)
[@    12m30s] Timestep:        50526 || Speed:  108.2 MC/s (1.961e-02 s/TS) || Energy: ~6.50e-16 (-33.59dB)
[@    12m35s] Timestep:        50700 || Speed:   78.6 MC/s (2.698e-02 s/TS) || Energy: ~5.01e-16 (-34.72dB)
[@    12m41s] Timestep:        50904 || Speed:   68.7 MC/s (3.090e-02 s/TS) || Energy: ~8.24e-16 (-32.56dB)
[@    12m46s] Timestep:        51030 || Speed:   64.7 MC/s (3.282e-02 s/TS) || Energy: ~7.35e-16 (-33.06dB)
[@    12m50s] Timestep:        51156 || Speed:   59.2 MC/s (3.583e-02 s/TS) || Energy: ~4.86e-16 (-34.86dB)
[@    12m57s] Timestep:        51408 || Speed:   77.2 MC/s (2.749e-02 s/TS) || Energy: ~6.39e-16 (-33.67dB)
[@    13m02s] Timestep:        51660 || Speed:  108.7 MC/s (1.951e-02 s/TS) || Energy: ~5.63e-16 (-34.21dB)
[@    13m07s] Timestep:        51912 || Speed:   99.8 MC/s (2.126e-02 s/TS) || Energy: ~4.48e-16 (-35.21dB)
[@    13m14s] Timestep:        52164 || Speed:   83.8 MC/s (2.533e-02 s/TS) || Energy: ~6.13e-16 (-33.85dB)
[@    13m21s] Timestep:        52416 || Speed:   76.6 MC/s (2.769e-02 s/TS) || Energy: ~3.33e-16 (-36.50dB)
[@    13m27s] Timestep:        52668 || Speed:   84.9 MC/s (2.501e-02 s/TS) || Energy: ~5.77e-16 (-34.11dB)
[@    13m32s] Timestep:        52920 || Speed:  100.7 MC/s (2.106e-02 s/TS) || Energy: ~3.17e-16 (-36.71dB)
[@    13m37s] Timestep:        53172 || Speed:  123.5 MC/s (1.718e-02 s/TS) || Energy: ~4.64e-16 (-35.05dB)
[@    13m41s] Timestep:        53424 || Speed:  119.3 MC/s (1.779e-02 s/TS) || Energy: ~3.64e-16 (-36.11dB)
[@    13m46s] Timestep:        53676 || Speed:  107.1 MC/s (1.981e-02 s/TS) || Energy: ~3.31e-16 (-36.53dB)
[@    13m52s] Timestep:        53928 || Speed:   97.3 MC/s (2.180e-02 s/TS) || Energy: ~4.08e-16 (-35.61dB)
[@    13m56s] Timestep:        54180 || Speed:  119.3 MC/s (1.779e-02 s/TS) || Energy: ~2.36e-16 (-37.98dB)
[@    14m01s] Timestep:        54432 || Speed:  103.9 MC/s (2.042e-02 s/TS) || Energy: ~4.01e-16 (-35.69dB)
[@    14m07s] Timestep:        54684 || Speed:   84.4 MC/s (2.516e-02 s/TS) || Energy: ~2.10e-16 (-38.50dB)
[@    14m14s] Timestep:        54936 || Speed:   85.9 MC/s (2.472e-02 s/TS) || Energy: ~3.35e-16 (-36.47dB)
[@    14m20s] Timestep:        55188 || Speed:   89.4 MC/s (2.373e-02 s/TS) || Energy: ~2.35e-16 (-38.01dB)
[@    14m24s] Timestep:        55440 || Speed:  115.0 MC/s (1.846e-02 s/TS) || Energy: ~2.44e-16 (-37.84dB)
[@    14m29s] Timestep:        55692 || Speed:  121.0 MC/s (1.754e-02 s/TS) || Energy: ~2.70e-16 (-37.42dB)
[@    14m34s] Timestep:        55944 || Speed:  109.1 MC/s (1.945e-02 s/TS) || Energy: ~1.71e-16 (-39.39dB)
[@    14m38s] Timestep:        56196 || Speed:  130.9 MC/s (1.621e-02 s/TS) || Energy: ~2.75e-16 (-37.33dB)
[@    14m43s] Timestep:        56448 || Speed:  109.1 MC/s (1.945e-02 s/TS) || Energy: ~1.41e-16 (-40.21dB)
Time for 56448 iterations with 2122120.00 cells : 883.14 sec
Speed: 135.64 MCells/s 

     freq       S11   S21 coupling   AR embedded      Dmax
   5.800G   -19.87dB        -21.99dB         4.36dB     6.27dBi
