[inj15] w=1.5385 s=0.4424 len=7.7249 mm   mesh 63x49x14 = 0.04 Mcells
openEMS - fixed number of threads: 6
 ---------------------------------------------------------------------- 
 | openEMS 64bit -- version v0.37.0-rc1-2-g7b051bb
 | (C) 2010-2026 Thorsten Liebig <thorsten.liebig@gmx.de>  GPL license
 ---------------------------------------------------------------------- 
	Used external libraries:
		CSXCAD -- Version: v0.7.0-rc1-1-g5115701
		hdf5   -- Version: 2.2.0
		          compiled against: HDF5 library version: 2.2.0
		tinyxml -- compiled against: 2.6.2
		fparser
		boost  -- compiled against: 1_90
		vtk -- disabled in this build

Create FDTD operator (compressed SSE + multi-threading)
FDTD simulation size: 63x49x14 --> 43218 FDTD cells 
FDTD timestep is: 1.19333e-13 s; Nyquist rate: 551 timesteps @7.60425e+09 Hz
Excitation signal length is: 13337 timesteps (1.59155e-09s)
Max. number of timesteps: 160000 ( --> 11.9967 * Excitation signal length)
Create FDTD engine (compressed SSE + multi-threading)
Running FDTD engine... this may take a while... grab a cup of coffee?!?
[@        4s] Timestep:         2603 || Speed:   27.2 MC/s (1.591e-03 s/TS) || Energy: ~3.13e-14 (- 0.00dB)
[@        8s] Timestep:         4795 || Speed:   23.3 MC/s (1.857e-03 s/TS) || Energy: ~6.87e-12 (- 0.00dB)
[@       12s] Timestep:         6987 || Speed:   22.8 MC/s (1.892e-03 s/TS) || Energy: ~2.91e-11 (- 0.00dB)
[@       16s] Timestep:         8631 || Speed:   17.5 MC/s (2.468e-03 s/TS) || Energy: ~5.58e-12 (- 7.17dB)
[@       20s] Timestep:        10001 || Speed:   13.0 MC/s (3.327e-03 s/TS) || Energy: ~4.42e-13 (-18.19dB)
[@       24s] Timestep:        10960 || Speed:   10.4 MC/s (4.171e-03 s/TS) || Energy: ~1.87e-14 (-31.93dB)
[@       29s] Timestep:        12604 || Speed:   16.6 MC/s (2.597e-03 s/TS) || Energy: ~4.09e-17 (-58.52dB)
Time for 12604 iterations with 43218.00 cells : 29.25 sec
Speed: 18.63 MCells/s 
   at 5.800 GHz: coupling -21.93 dB   through -0.88 dB   isolation -21.04 dB   return -32.06 dB
   directivity -0.89 dB   phase of the sample   +88.9 deg
   across the band: coupling -21.97 to -21.89 dB, return worse than -31.94 dB
