[f16a] mesh 463x262x26 = 3.15 Mcells   ground 108.6 x 60.0 mm   pitch 25.8442 mm
openEMS - fixed number of threads: 6
 ---------------------------------------------------------------------- 
 | openEMS 64bit -- version v0.37.0-rc1-2-g7b051bb
 | (C) 2010-2026 Thorsten Liebig <thorsten.liebig@gmx.de>  GPL license
 ---------------------------------------------------------------------- 
	Used external libraries:
		CSXCAD -- Version: v0.7.0-rc1-1-g5115701
		hdf5   -- Version: 2.2.0
		          compiled against: HDF5 library version: 2.2.0
		tinyxml -- compiled against: 2.6.2
		fparser
		boost  -- compiled against: 1_90
		vtk -- disabled in this build

Create FDTD operator (compressed SSE + multi-threading)
FDTD simulation size: 463x262x26 --> 3.15396e+06 FDTD cells 
FDTD timestep is: 1.42642e-13 s; Nyquist rate: 527 timesteps @6.65137e+09 Hz
Excitation signal length is: 23628 timesteps (3.37035e-09s)
Max. number of timesteps: 140000 ( --> 5.92517 * Excitation signal length)
Create FDTD engine (compressed SSE + multi-threading)
Running FDTD engine... this may take a while... grab a cup of coffee?!?
[@        5s] Timestep:          262 || Speed:  162.6 MC/s (1.939e-02 s/TS) || Energy: ~3.05e-21 (- 0.00dB)
[@       10s] Timestep:          524 || Speed:  157.6 MC/s (2.002e-02 s/TS) || Energy: ~1.93e-20 (- 0.00dB)
[@       18s] Timestep:          786 || Speed:  106.7 MC/s (2.957e-02 s/TS) || Energy: ~2.41e-20 (- 0.00dB)
[@       26s] Timestep:         1048 || Speed:   99.4 MC/s (3.174e-02 s/TS) || Energy: ~9.63e-20 (- 0.00dB)
[@       30s] Timestep:         1179 || Speed:   98.5 MC/s (3.200e-02 s/TS) || Energy: ~1.32e-19 (- 0.00dB)
[@       34s] Timestep:         1310 || Speed:   94.5 MC/s (3.339e-02 s/TS) || Energy: ~1.41e-19 (- 0.00dB)
[@       39s] Timestep:         1441 || Speed:   87.2 MC/s (3.618e-02 s/TS) || Energy: ~1.93e-19 (- 0.00dB)
[@       44s] Timestep:         1572 || Speed:   90.9 MC/s (3.469e-02 s/TS) || Energy: ~3.75e-19 (- 0.00dB)
[@       51s] Timestep:         1834 || Speed:  113.1 MC/s (2.789e-02 s/TS) || Energy: ~7.49e-19 (- 0.00dB)
[@       55s] Timestep:         1965 || Speed:   99.6 MC/s (3.168e-02 s/TS) || Energy: ~8.13e-19 (- 0.00dB)
[@     1m00s] Timestep:         2108 || Speed:  100.0 MC/s (3.154e-02 s/TS) || Energy: ~1.33e-18 (- 0.00dB)
[@     1m08s] Timestep:         2358 || Speed:   98.9 MC/s (3.189e-02 s/TS) || Energy: ~3.38e-18 (- 0.00dB)
[@     1m12s] Timestep:         2489 || Speed:   97.6 MC/s (3.231e-02 s/TS) || Energy: ~3.75e-18 (- 0.00dB)
[@     1m16s] Timestep:         2620 || Speed:   90.2 MC/s (3.496e-02 s/TS) || Energy: ~4.34e-18 (- 0.00dB)
[@     1m21s] Timestep:         2751 || Speed:   84.3 MC/s (3.743e-02 s/TS) || Energy: ~7.27e-18 (- 0.00dB)
[@     1m26s] Timestep:         2882 || Speed:   84.4 MC/s (3.737e-02 s/TS) || Energy: ~1.23e-17 (- 0.00dB)
[@     1m31s] Timestep:         3013 || Speed:   95.7 MC/s (3.294e-02 s/TS) || Energy: ~1.60e-17 (- 0.00dB)
[@     1m35s] Timestep:         3144 || Speed:   91.9 MC/s (3.431e-02 s/TS) || Energy: ~1.70e-17 (- 0.00dB)
[@     1m40s] Timestep:         3275 || Speed:   89.8 MC/s (3.512e-02 s/TS) || Energy: ~2.19e-17 (- 0.00dB)
[@     1m44s] Timestep:         3406 || Speed:   96.9 MC/s (3.255e-02 s/TS) || Energy: ~3.74e-17 (- 0.00dB)
[@     1m48s] Timestep:         3537 || Speed:   98.2 MC/s (3.213e-02 s/TS) || Energy: ~5.70e-17 (- 0.00dB)
[@     1m52s] Timestep:         3668 || Speed:  100.1 MC/s (3.151e-02 s/TS) || Energy: ~6.65e-17 (- 0.00dB)
[@     1m56s] Timestep:         3799 || Speed:  101.8 MC/s (3.099e-02 s/TS) || Energy: ~7.14e-17 (- 0.00dB)
[@     2m04s] Timestep:         4061 || Speed:  113.6 MC/s (2.776e-02 s/TS) || Energy: ~1.68e-16 (- 0.00dB)
[@     2m08s] Timestep:         4216 || Speed:  102.4 MC/s (3.081e-02 s/TS) || Energy: ~2.36e-16 (- 0.00dB)
[@     2m15s] Timestep:         4454 || Speed:  113.8 MC/s (2.773e-02 s/TS) || Energy: ~2.83e-16 (- 0.00dB)
[@     2m23s] Timestep:         4716 || Speed:  100.8 MC/s (3.130e-02 s/TS) || Energy: ~6.60e-16 (- 0.00dB)
[@     2m29s] Timestep:         4847 || Speed:   76.8 MC/s (4.106e-02 s/TS) || Energy: ~8.11e-16 (- 0.00dB)
[@     2m33s] Timestep:         4978 || Speed:   88.8 MC/s (3.551e-02 s/TS) || Energy: ~8.52e-16 (- 0.00dB)
[@     2m38s] Timestep:         5109 || Speed:   94.4 MC/s (3.343e-02 s/TS) || Energy: ~1.05e-15 (- 0.00dB)
[@     2m42s] Timestep:         5270 || Speed:  109.4 MC/s (2.883e-02 s/TS) || Energy: ~1.77e-15 (- 0.00dB)
[@     2m48s] Timestep:         5502 || Speed:  126.8 MC/s (2.488e-02 s/TS) || Energy: ~2.56e-15 (- 0.00dB)
[@     2m56s] Timestep:         5764 || Speed:  107.1 MC/s (2.946e-02 s/TS) || Energy: ~3.57e-15 (- 0.00dB)
[@     3m00s] Timestep:         5895 || Speed:   96.1 MC/s (3.282e-02 s/TS) || Energy: ~5.33e-15 (- 0.00dB)
[@     3m04s] Timestep:         6026 || Speed:  102.8 MC/s (3.067e-02 s/TS) || Energy: ~6.86e-15 (- 0.00dB)
[@     3m08s] Timestep:         6157 || Speed:   93.3 MC/s (3.379e-02 s/TS) || Energy: ~7.29e-15 (- 0.00dB)
[@     3m13s] Timestep:         6288 || Speed:   97.2 MC/s (3.244e-02 s/TS) || Energy: ~7.99e-15 (- 0.00dB)
[@     3m18s] Timestep:         6419 || Speed:   81.6 MC/s (3.863e-02 s/TS) || Energy: ~1.10e-14 (- 0.00dB)
[@     3m22s] Timestep:         6550 || Speed:   97.6 MC/s (3.230e-02 s/TS) || Energy: ~1.56e-14 (- 0.00dB)
[@     3m29s] Timestep:         6812 || Speed:  126.3 MC/s (2.498e-02 s/TS) || Energy: ~1.90e-14 (- 0.00dB)
[@     3m33s] Timestep:         6943 || Speed:   96.8 MC/s (3.260e-02 s/TS) || Energy: ~2.18e-14 (- 0.00dB)
[@     3m40s] Timestep:         7205 || Speed:  120.1 MC/s (2.627e-02 s/TS) || Energy: ~4.03e-14 (- 0.00dB)
[@     3m45s] Timestep:         7378 || Speed:  100.5 MC/s (3.138e-02 s/TS) || Energy: ~4.44e-14 (- 0.00dB)
[@     3m51s] Timestep:         7598 || Speed:  111.1 MC/s (2.840e-02 s/TS) || Energy: ~5.49e-14 (- 0.00dB)
[@     3m56s] Timestep:         7729 || Speed:   88.0 MC/s (3.584e-02 s/TS) || Energy: ~7.55e-14 (- 0.00dB)
[@     4m00s] Timestep:         7860 || Speed:   96.8 MC/s (3.257e-02 s/TS) || Energy: ~9.27e-14 (- 0.00dB)
[@     4m05s] Timestep:         7991 || Speed:   91.9 MC/s (3.430e-02 s/TS) || Energy: ~9.62e-14 (- 0.00dB)
[@     4m12s] Timestep:         8253 || Speed:  118.2 MC/s (2.669e-02 s/TS) || Energy: ~1.26e-13 (- 0.00dB)
[@     4m17s] Timestep:         8432 || Speed:  101.5 MC/s (3.108e-02 s/TS) || Energy: ~1.79e-13 (- 0.00dB)
[@     4m24s] Timestep:         8646 || Speed:  105.2 MC/s (2.999e-02 s/TS) || Energy: ~1.90e-13 (- 0.00dB)
[@     4m29s] Timestep:         8777 || Speed:   79.3 MC/s (3.975e-02 s/TS) || Energy: ~2.04e-13 (- 0.00dB)
[@     4m36s] Timestep:         8908 || Speed:   56.7 MC/s (5.560e-02 s/TS) || Energy: ~2.62e-13 (- 0.00dB)
[@     4m40s] Timestep:         8959 || Speed:   38.7 MC/s (8.158e-02 s/TS) || Energy: ~2.90e-13 (- 0.00dB)
[@     4m46s] Timestep:         9039 || Speed:   45.6 MC/s (6.914e-02 s/TS) || Energy: ~3.28e-13 (- 0.00dB)
[@     4m56s] Timestep:         9170 || Speed:   42.8 MC/s (7.374e-02 s/TS) || Energy: ~3.50e-13 (- 0.00dB)
[@     5m07s] Timestep:         9301 || Speed:   36.9 MC/s (8.553e-02 s/TS) || Energy: ~3.44e-13 (- 0.07dB)
[@     5m16s] Timestep:         9432 || Speed:   43.6 MC/s (7.237e-02 s/TS) || Energy: ~3.86e-13 (- 0.00dB)
[@     5m23s] Timestep:         9563 || Speed:   58.6 MC/s (5.379e-02 s/TS) || Energy: ~4.92e-13 (- 0.00dB)
[@     5m28s] Timestep:         9694 || Speed:   90.4 MC/s (3.490e-02 s/TS) || Energy: ~5.78e-13 (- 0.00dB)
[@     5m35s] Timestep:         9956 || Speed:  123.3 MC/s (2.558e-02 s/TS) || Energy: ~5.76e-13 (- 0.01dB)
[@     5m40s] Timestep:        10218 || Speed:  143.7 MC/s (2.195e-02 s/TS) || Energy: ~8.29e-13 (- 0.00dB)
[@     5m45s] Timestep:        10480 || Speed:  169.5 MC/s (1.861e-02 s/TS) || Energy: ~8.84e-13 (- 0.00dB)
[@     5m52s] Timestep:        10742 || Speed:  128.4 MC/s (2.457e-02 s/TS) || Energy: ~1.06e-12 (- 0.00dB)
[@     6m00s] Timestep:        11004 || Speed:  102.1 MC/s (3.090e-02 s/TS) || Energy: ~1.30e-12 (- 0.00dB)
[@     6m04s] Timestep:        11135 || Speed:   90.8 MC/s (3.472e-02 s/TS) || Energy: ~1.24e-12 (- 0.20dB)
[@     6m12s] Timestep:        11397 || Speed:  108.9 MC/s (2.895e-02 s/TS) || Energy: ~1.53e-12 (- 0.00dB)
[@     6m18s] Timestep:        11594 || Speed:  107.2 MC/s (2.941e-02 s/TS) || Energy: ~1.72e-12 (- 0.00dB)
[@     6m23s] Timestep:        11790 || Speed:  124.5 MC/s (2.534e-02 s/TS) || Energy: ~1.62e-12 (- 0.26dB)
[@     6m29s] Timestep:        12052 || Speed:  141.7 MC/s (2.226e-02 s/TS) || Energy: ~1.99e-12 (- 0.00dB)
[@     6m35s] Timestep:        12314 || Speed:  121.2 MC/s (2.601e-02 s/TS) || Energy: ~2.02e-12 (- 0.00dB)
[@     6m43s] Timestep:        12576 || Speed:  109.7 MC/s (2.875e-02 s/TS) || Energy: ~2.14e-12 (- 0.00dB)
[@     6m50s] Timestep:        12838 || Speed:  109.8 MC/s (2.872e-02 s/TS) || Energy: ~2.38e-12 (- 0.00dB)
[@     6m57s] Timestep:        13100 || Speed:  122.0 MC/s (2.586e-02 s/TS) || Energy: ~2.26e-12 (- 0.23dB)
[@     7m03s] Timestep:        13362 || Speed:  133.9 MC/s (2.356e-02 s/TS) || Energy: ~2.54e-12 (- 0.00dB)
[@     7m10s] Timestep:        13624 || Speed:  123.5 MC/s (2.554e-02 s/TS) || Energy: ~2.42e-12 (- 0.20dB)
[@     7m15s] Timestep:        13755 || Speed:   89.6 MC/s (3.522e-02 s/TS) || Energy: ~2.40e-12 (- 0.25dB)
[@     7m19s] Timestep:        13886 || Speed:   90.6 MC/s (3.482e-02 s/TS) || Energy: ~2.49e-12 (- 0.09dB)
[@     7m24s] Timestep:        14017 || Speed:   83.8 MC/s (3.763e-02 s/TS) || Energy: ~2.56e-12 (- 0.00dB)
[@     7m28s] Timestep:        14148 || Speed:   98.4 MC/s (3.204e-02 s/TS) || Energy: ~2.54e-12 (- 0.04dB)
[@     7m35s] Timestep:        14410 || Speed:  118.0 MC/s (2.674e-02 s/TS) || Energy: ~2.38e-12 (- 0.33dB)
[@     7m41s] Timestep:        14672 || Speed:  136.4 MC/s (2.313e-02 s/TS) || Energy: ~2.47e-12 (- 0.16dB)
[@     7m48s] Timestep:        14934 || Speed:  129.4 MC/s (2.438e-02 s/TS) || Energy: ~2.33e-12 (- 0.41dB)
[@     7m55s] Timestep:        15196 || Speed:  119.7 MC/s (2.635e-02 s/TS) || Energy: ~2.24e-12 (- 0.59dB)
[@     8m01s] Timestep:        15458 || Speed:  122.8 MC/s (2.569e-02 s/TS) || Energy: ~2.31e-12 (- 0.45dB)
[@     8m06s] Timestep:        15720 || Speed:  165.4 MC/s (1.907e-02 s/TS) || Energy: ~2.00e-12 (- 1.09dB)
[@     8m12s] Timestep:        15982 || Speed:  150.5 MC/s (2.095e-02 s/TS) || Energy: ~2.19e-12 (- 0.69dB)
[@     8m18s] Timestep:        16244 || Speed:  140.6 MC/s (2.243e-02 s/TS) || Energy: ~1.89e-12 (- 1.33dB)
[@     8m25s] Timestep:        16506 || Speed:  122.8 MC/s (2.568e-02 s/TS) || Energy: ~1.94e-12 (- 1.21dB)
[@     8m31s] Timestep:        16768 || Speed:  132.5 MC/s (2.381e-02 s/TS) || Energy: ~1.89e-12 (- 1.31dB)
[@     8m37s] Timestep:        17030 || Speed:  123.4 MC/s (2.556e-02 s/TS) || Energy: ~1.67e-12 (- 1.85dB)
[@     8m43s] Timestep:        17292 || Speed:  156.7 MC/s (2.013e-02 s/TS) || Energy: ~1.90e-12 (- 1.31dB)
[@     8m48s] Timestep:        17554 || Speed:  157.4 MC/s (2.004e-02 s/TS) || Energy: ~1.52e-12 (- 2.28dB)
[@     8m53s] Timestep:        17816 || Speed:  170.8 MC/s (1.846e-02 s/TS) || Energy: ~1.79e-12 (- 1.55dB)
[@     8m58s] Timestep:        18078 || Speed:  156.1 MC/s (2.020e-02 s/TS) || Energy: ~1.50e-12 (- 2.31dB)
[@     9m04s] Timestep:        18340 || Speed:  145.4 MC/s (2.169e-02 s/TS) || Energy: ~1.59e-12 (- 2.07dB)
[@     9m08s] Timestep:        18471 || Speed:   99.9 MC/s (3.157e-02 s/TS) || Energy: ~1.71e-12 (- 1.76dB)
[@     9m16s] Timestep:        18733 || Speed:   99.1 MC/s (3.181e-02 s/TS) || Energy: ~1.36e-12 (- 2.75dB)
[@     9m21s] Timestep:        18864 || Speed:   87.0 MC/s (3.625e-02 s/TS) || Energy: ~1.38e-12 (- 2.67dB)
[@     9m25s] Timestep:        18972 || Speed:   77.9 MC/s (4.049e-02 s/TS) || Energy: ~1.54e-12 (- 2.21dB)
[@     9m31s] Timestep:        19126 || Speed:   88.9 MC/s (3.550e-02 s/TS) || Energy: ~1.59e-12 (- 2.06dB)
[@     9m35s] Timestep:        19257 || Speed:   90.7 MC/s (3.479e-02 s/TS) || Energy: ~1.39e-12 (- 2.64dB)
[@     9m43s] Timestep:        19499 || Speed:   99.4 MC/s (3.173e-02 s/TS) || Energy: ~1.33e-12 (- 2.84dB)
[@     9m48s] Timestep:        19650 || Speed:  106.4 MC/s (2.964e-02 s/TS) || Energy: ~1.51e-12 (- 2.29dB)
[@     9m55s] Timestep:        19912 || Speed:  107.2 MC/s (2.943e-02 s/TS) || Energy: ~1.23e-12 (- 3.19dB)
[@    10m03s] Timestep:        20174 || Speed:  113.4 MC/s (2.782e-02 s/TS) || Energy: ~1.33e-12 (- 2.85dB)
[@    10m09s] Timestep:        20436 || Speed:  129.5 MC/s (2.435e-02 s/TS) || Energy: ~1.26e-12 (- 3.08dB)
[@    10m15s] Timestep:        20698 || Speed:  129.2 MC/s (2.440e-02 s/TS) || Energy: ~1.12e-12 (- 3.58dB)
[@    10m22s] Timestep:        20960 || Speed:  122.2 MC/s (2.581e-02 s/TS) || Energy: ~1.27e-12 (- 3.07dB)
[@    10m29s] Timestep:        21222 || Speed:  115.6 MC/s (2.727e-02 s/TS) || Energy: ~9.74e-13 (- 4.20dB)
[@    10m37s] Timestep:        21484 || Speed:  104.1 MC/s (3.030e-02 s/TS) || Energy: ~1.18e-12 (- 3.37dB)
[@    10m41s] Timestep:        21615 || Speed:  102.5 MC/s (3.076e-02 s/TS) || Energy: ~1.10e-12 (- 3.69dB)
[@    10m49s] Timestep:        21877 || Speed:  108.6 MC/s (2.905e-02 s/TS) || Energy: ~8.88e-13 (- 4.61dB)
[@    10m56s] Timestep:        22134 || Speed:  107.8 MC/s (2.925e-02 s/TS) || Energy: ~1.06e-12 (- 3.84dB)
[@    11m03s] Timestep:        22401 || Speed:  130.0 MC/s (2.425e-02 s/TS) || Energy: ~7.84e-13 (- 5.15dB)
[@    11m09s] Timestep:        22661 || Speed:  136.2 MC/s (2.316e-02 s/TS) || Energy: ~9.35e-13 (- 4.38dB)
[@    11m15s] Timestep:        22925 || Speed:  133.2 MC/s (2.367e-02 s/TS) || Energy: ~7.60e-13 (- 5.28dB)
[@    11m22s] Timestep:        23187 || Speed:  120.0 MC/s (2.628e-02 s/TS) || Energy: ~7.67e-13 (- 5.24dB)
[@    11m29s] Timestep:        23449 || Speed:  117.4 MC/s (2.687e-02 s/TS) || Energy: ~7.64e-13 (- 5.26dB)
[@    11m36s] Timestep:        23711 || Speed:  127.0 MC/s (2.483e-02 s/TS) || Energy: ~6.14e-13 (- 6.21dB)
[@    11m40s] Timestep:        23842 || Speed:   95.0 MC/s (3.321e-02 s/TS) || Energy: ~7.12e-13 (- 5.57dB)
[@    11m46s] Timestep:        24104 || Speed:  125.5 MC/s (2.513e-02 s/TS) || Energy: ~6.24e-13 (- 6.14dB)
[@    11m54s] Timestep:        24366 || Speed:  114.9 MC/s (2.744e-02 s/TS) || Energy: ~5.65e-13 (- 6.57dB)
[@    12m01s] Timestep:        24628 || Speed:  116.0 MC/s (2.718e-02 s/TS) || Energy: ~6.21e-13 (- 6.16dB)
[@    12m05s] Timestep:        24769 || Speed:  105.9 MC/s (2.978e-02 s/TS) || Energy: ~4.96e-13 (- 7.13dB)
[@    12m12s] Timestep:        25021 || Speed:  116.9 MC/s (2.698e-02 s/TS) || Energy: ~5.26e-13 (- 6.88dB)
[@    12m19s] Timestep:        25283 || Speed:  117.6 MC/s (2.682e-02 s/TS) || Energy: ~5.10e-13 (- 7.02dB)
[@    12m26s] Timestep:        25545 || Speed:  115.2 MC/s (2.737e-02 s/TS) || Energy: ~4.13e-13 (- 7.93dB)
[@    12m33s] Timestep:        25807 || Speed:  120.1 MC/s (2.626e-02 s/TS) || Energy: ~4.96e-13 (- 7.13dB)
[@    12m40s] Timestep:        26069 || Speed:  119.1 MC/s (2.648e-02 s/TS) || Energy: ~3.46e-13 (- 8.69dB)
[@    12m46s] Timestep:        26331 || Speed:  124.0 MC/s (2.544e-02 s/TS) || Energy: ~4.42e-13 (- 7.63dB)
[@    12m54s] Timestep:        26593 || Speed:  112.6 MC/s (2.802e-02 s/TS) || Energy: ~3.29e-13 (- 8.91dB)
[@    13m01s] Timestep:        26855 || Speed:  116.4 MC/s (2.710e-02 s/TS) || Energy: ~3.59e-13 (- 8.53dB)
[@    13m09s] Timestep:        27117 || Speed:  107.7 MC/s (2.928e-02 s/TS) || Energy: ~3.36e-13 (- 8.83dB)
[@    13m16s] Timestep:        27379 || Speed:  109.5 MC/s (2.881e-02 s/TS) || Energy: ~2.80e-13 (- 9.62dB)
[@    13m21s] Timestep:        27510 || Speed:   87.7 MC/s (3.596e-02 s/TS) || Energy: ~3.33e-13 (- 8.86dB)
[@    13m25s] Timestep:        27641 || Speed:   92.0 MC/s (3.430e-02 s/TS) || Energy: ~3.33e-13 (- 8.87dB)
[@    13m32s] Timestep:        27903 || Speed:  124.6 MC/s (2.532e-02 s/TS) || Energy: ~2.31e-13 (-10.46dB)
[@    13m39s] Timestep:        28165 || Speed:  119.9 MC/s (2.629e-02 s/TS) || Energy: ~3.02e-13 (- 9.29dB)
[@    13m47s] Timestep:        28427 || Speed:  106.6 MC/s (2.959e-02 s/TS) || Energy: ~2.17e-13 (-10.73dB)
[@    13m51s] Timestep:        28558 || Speed:   99.1 MC/s (3.181e-02 s/TS) || Energy: ~2.07e-13 (-10.92dB)
[@    13m58s] Timestep:        28820 || Speed:  110.0 MC/s (2.868e-02 s/TS) || Energy: ~2.64e-13 (- 9.86dB)
[@    14m03s] Timestep:        28951 || Speed:   97.7 MC/s (3.228e-02 s/TS) || Energy: ~2.22e-13 (-10.62dB)
[@    14m07s] Timestep:        29082 || Speed:  100.8 MC/s (3.130e-02 s/TS) || Energy: ~1.80e-13 (-11.53dB)
[@    14m14s] Timestep:        29344 || Speed:  118.2 MC/s (2.669e-02 s/TS) || Energy: ~2.30e-13 (-10.46dB)
[@    14m18s] Timestep:        29512 || Speed:  111.2 MC/s (2.837e-02 s/TS) || Energy: ~2.12e-13 (-10.82dB)
[@    14m25s] Timestep:        29737 || Speed:  111.9 MC/s (2.819e-02 s/TS) || Energy: ~1.57e-13 (-12.12dB)
[@    14m31s] Timestep:        29999 || Speed:  127.2 MC/s (2.480e-02 s/TS) || Energy: ~2.07e-13 (-10.92dB)
[@    14m39s] Timestep:        30261 || Speed:  113.3 MC/s (2.783e-02 s/TS) || Energy: ~1.45e-13 (-12.47dB)
[@    14m46s] Timestep:        30523 || Speed:  108.5 MC/s (2.907e-02 s/TS) || Energy: ~1.74e-13 (-11.68dB)
[@    14m50s] Timestep:        30654 || Speed:   99.2 MC/s (3.181e-02 s/TS) || Energy: ~1.80e-13 (-11.53dB)
[@    14m55s] Timestep:        30785 || Speed:   95.8 MC/s (3.292e-02 s/TS) || Energy: ~1.48e-13 (-12.38dB)
[@    14m59s] Timestep:        30916 || Speed:  101.5 MC/s (3.106e-02 s/TS) || Energy: ~1.23e-13 (-13.19dB)
[@    15m04s] Timestep:        31093 || Speed:   98.5 MC/s (3.201e-02 s/TS) || Energy: ~1.47e-13 (-12.42dB)
[@    15m11s] Timestep:        31309 || Speed:   99.4 MC/s (3.174e-02 s/TS) || Energy: ~1.51e-13 (-12.29dB)
[@    15m18s] Timestep:        31571 || Speed:  116.1 MC/s (2.717e-02 s/TS) || Energy: ~1.10e-13 (-13.68dB)
[@    15m26s] Timestep:        31833 || Speed:  112.9 MC/s (2.793e-02 s/TS) || Energy: ~1.43e-13 (-12.53dB)
[@    15m33s] Timestep:        32095 || Speed:  111.6 MC/s (2.826e-02 s/TS) || Energy: ~9.89e-14 (-14.14dB)
[@    15m38s] Timestep:        32226 || Speed:   92.5 MC/s (3.411e-02 s/TS) || Energy: ~1.02e-13 (-13.98dB)
[@    15m42s] Timestep:        32357 || Speed:   92.7 MC/s (3.404e-02 s/TS) || Energy: ~1.23e-13 (-13.19dB)
[@    15m47s] Timestep:        32488 || Speed:   79.1 MC/s (3.987e-02 s/TS) || Energy: ~1.23e-13 (-13.18dB)
[@    15m53s] Timestep:        32619 || Speed:   76.2 MC/s (4.137e-02 s/TS) || Energy: ~9.98e-14 (-14.10dB)
[@    15m58s] Timestep:        32750 || Speed:   78.0 MC/s (4.045e-02 s/TS) || Energy: ~8.55e-14 (-14.77dB)
[@    16m05s] Timestep:        33012 || Speed:  114.9 MC/s (2.745e-02 s/TS) || Energy: ~1.12e-13 (-13.58dB)
[@    16m10s] Timestep:        33201 || Speed:  111.3 MC/s (2.834e-02 s/TS) || Energy: ~9.27e-14 (-14.42dB)
[@    16m17s] Timestep:        33405 || Speed:   96.7 MC/s (3.262e-02 s/TS) || Energy: ~7.78e-14 (-15.18dB)
[@    16m23s] Timestep:        33667 || Speed:  147.9 MC/s (2.133e-02 s/TS) || Energy: ~9.91e-14 (-14.13dB)
[@    16m30s] Timestep:        33929 || Speed:  117.6 MC/s (2.683e-02 s/TS) || Energy: ~6.83e-14 (-15.75dB)
[@    16m38s] Timestep:        34191 || Speed:  101.4 MC/s (3.111e-02 s/TS) || Energy: ~8.68e-14 (-14.70dB)
[@    16m42s] Timestep:        34322 || Speed:   90.6 MC/s (3.481e-02 s/TS) || Energy: ~8.43e-14 (-14.83dB)
[@    16m47s] Timestep:        34453 || Speed:   89.0 MC/s (3.545e-02 s/TS) || Energy: ~6.77e-14 (-15.78dB)
[@    16m52s] Timestep:        34584 || Speed:   81.7 MC/s (3.861e-02 s/TS) || Energy: ~6.02e-14 (-16.29dB)
[@    16m57s] Timestep:        34715 || Speed:   82.7 MC/s (3.812e-02 s/TS) || Energy: ~7.01e-14 (-15.63dB)
[@    17m01s] Timestep:        34846 || Speed:  103.3 MC/s (3.054e-02 s/TS) || Energy: ~7.84e-14 (-15.15dB)
[@    17m08s] Timestep:        35108 || Speed:  124.2 MC/s (2.539e-02 s/TS) || Energy: ~5.57e-14 (-16.63dB)
[@    17m13s] Timestep:        35309 || Speed:  119.3 MC/s (2.644e-02 s/TS) || Energy: ~6.12e-14 (-16.22dB)
[@    17m20s] Timestep:        35501 || Speed:   94.3 MC/s (3.343e-02 s/TS) || Energy: ~6.83e-14 (-15.74dB)
[@    17m24s] Timestep:        35632 || Speed:  103.2 MC/s (3.055e-02 s/TS) || Energy: ~5.66e-14 (-16.56dB)
[@    17m29s] Timestep:        35836 || Speed:  113.0 MC/s (2.790e-02 s/TS) || Energy: ~4.89e-14 (-17.19dB)
[@    17m34s] Timestep:        36025 || Speed:  129.8 MC/s (2.430e-02 s/TS) || Energy: ~6.11e-14 (-16.23dB)
[@    17m43s] Timestep:        36287 || Speed:   94.5 MC/s (3.337e-02 s/TS) || Energy: ~4.61e-14 (-17.46dB)
[@    17m48s] Timestep:        36418 || Speed:   80.1 MC/s (3.938e-02 s/TS) || Energy: ~4.27e-14 (-17.78dB)
[@    17m52s] Timestep:        36549 || Speed:   90.4 MC/s (3.490e-02 s/TS) || Energy: ~5.01e-14 (-17.09dB)
[@    17m59s] Timestep:        36811 || Speed:  114.9 MC/s (2.744e-02 s/TS) || Energy: ~4.73e-14 (-17.34dB)
[@    18m07s] Timestep:        37073 || Speed:  110.1 MC/s (2.865e-02 s/TS) || Energy: ~3.98e-14 (-18.09dB)
[@    18m15s] Timestep:        37335 || Speed:   97.4 MC/s (3.238e-02 s/TS) || Energy: ~4.69e-14 (-17.38dB)
[@    18m22s] Timestep:        37466 || Speed:   67.9 MC/s (4.646e-02 s/TS) || Energy: ~3.84e-14 (-18.25dB)
[@    18m26s] Timestep:        37597 || Speed:   84.3 MC/s (3.742e-02 s/TS) || Energy: ~3.34e-14 (-18.85dB)
[@    18m33s] Timestep:        37859 || Speed:  118.3 MC/s (2.665e-02 s/TS) || Energy: ~4.27e-14 (-17.78dB)
[@    18m38s] Timestep:        37990 || Speed:   99.2 MC/s (3.178e-02 s/TS) || Energy: ~3.91e-14 (-18.16dB)
[@    18m45s] Timestep:        38252 || Speed:  106.4 MC/s (2.964e-02 s/TS) || Energy: ~3.04e-14 (-19.27dB)
[@    18m50s] Timestep:        38383 || Speed:   88.2 MC/s (3.577e-02 s/TS) || Energy: ~3.57e-14 (-18.56dB)
[@    18m56s] Timestep:        38514 || Speed:   71.2 MC/s (4.429e-02 s/TS) || Energy: ~3.76e-14 (-18.34dB)
[@    19m01s] Timestep:        38645 || Speed:   82.4 MC/s (3.828e-02 s/TS) || Energy: ~3.20e-14 (-19.04dB)
[@    19m05s] Timestep:        38776 || Speed:   93.5 MC/s (3.374e-02 s/TS) || Energy: ~2.66e-14 (-19.83dB)
[@    19m09s] Timestep:        38907 || Speed:  100.8 MC/s (3.128e-02 s/TS) || Energy: ~2.85e-14 (-19.54dB)
[@    19m17s] Timestep:        39169 || Speed:  114.4 MC/s (2.756e-02 s/TS) || Energy: ~3.20e-14 (-19.04dB)
[@    19m23s] Timestep:        39431 || Speed:  123.8 MC/s (2.548e-02 s/TS) || Energy: ~2.35e-14 (-20.37dB)
[@    19m27s] Timestep:        39562 || Speed:  100.5 MC/s (3.139e-02 s/TS) || Energy: ~2.70e-14 (-19.78dB)
[@    19m35s] Timestep:        39824 || Speed:  108.7 MC/s (2.901e-02 s/TS) || Energy: ~2.65e-14 (-19.85dB)
[@    19m39s] Timestep:        39955 || Speed:   95.6 MC/s (3.299e-02 s/TS) || Energy: ~2.16e-14 (-20.74dB)
[@    19m44s] Timestep:        40086 || Speed:   87.4 MC/s (3.610e-02 s/TS) || Energy: ~2.16e-14 (-20.74dB)
[@    19m49s] Timestep:        40217 || Speed:   81.4 MC/s (3.875e-02 s/TS) || Energy: ~2.53e-14 (-20.06dB)
[@    19m54s] Timestep:        40348 || Speed:   94.1 MC/s (3.351e-02 s/TS) || Energy: ~2.58e-14 (-19.97dB)
[@    20m00s] Timestep:        40579 || Speed:  109.5 MC/s (2.880e-02 s/TS) || Energy: ~1.88e-14 (-21.34dB)
[@    20m04s] Timestep:        40741 || Speed:  126.5 MC/s (2.494e-02 s/TS) || Energy: ~2.03e-14 (-21.01dB)
[@    20m12s] Timestep:        41003 || Speed:  103.7 MC/s (3.042e-02 s/TS) || Energy: ~2.17e-14 (-20.71dB)
[@    20m17s] Timestep:        41134 || Speed:   88.4 MC/s (3.567e-02 s/TS) || Energy: ~1.77e-14 (-21.60dB)
[@    20m21s] Timestep:        41265 || Speed:   97.0 MC/s (3.253e-02 s/TS) || Energy: ~1.66e-14 (-21.89dB)
[@    20m25s] Timestep:        41396 || Speed:   95.7 MC/s (3.297e-02 s/TS) || Energy: ~1.91e-14 (-21.27dB)
[@    20m32s] Timestep:        41633 || Speed:  121.7 MC/s (2.591e-02 s/TS) || Energy: ~1.86e-14 (-21.39dB)
[@    20m36s] Timestep:        41789 || Speed:  100.2 MC/s (3.148e-02 s/TS) || Energy: ~1.49e-14 (-22.37dB)
[@    20m41s] Timestep:        41920 || Speed:   90.4 MC/s (3.487e-02 s/TS) || Energy: ~1.53e-14 (-22.23dB)
[@    20m46s] Timestep:        42051 || Speed:   78.2 MC/s (4.032e-02 s/TS) || Energy: ~1.78e-14 (-21.59dB)
[@    20m51s] Timestep:        42160 || Speed:   77.3 MC/s (4.082e-02 s/TS) || Energy: ~1.79e-14 (-21.56dB)
[@    20m56s] Timestep:        42313 || Speed:   95.2 MC/s (3.312e-02 s/TS) || Energy: ~1.46e-14 (-22.43dB)
[@    21m00s] Timestep:        42444 || Speed:   92.2 MC/s (3.420e-02 s/TS) || Energy: ~1.29e-14 (-22.97dB)
[@    21m05s] Timestep:        42575 || Speed:   93.6 MC/s (3.369e-02 s/TS) || Energy: ~1.44e-14 (-22.50dB)
[@    21m12s] Timestep:        42837 || Speed:  121.3 MC/s (2.599e-02 s/TS) || Energy: ~1.47e-14 (-22.41dB)
[@    21m18s] Timestep:        43099 || Speed:  120.9 MC/s (2.609e-02 s/TS) || Energy: ~1.17e-14 (-23.41dB)
[@    21m23s] Timestep:        43230 || Speed:   94.2 MC/s (3.348e-02 s/TS) || Energy: ~1.35e-14 (-22.79dB)
[@    21m28s] Timestep:        43361 || Speed:   76.1 MC/s (4.145e-02 s/TS) || Energy: ~1.41e-14 (-22.61dB)
[@    21m33s] Timestep:        43492 || Speed:   84.0 MC/s (3.756e-02 s/TS) || Energy: ~1.21e-14 (-23.26dB)
[@    21m37s] Timestep:        43623 || Speed:   98.9 MC/s (3.189e-02 s/TS) || Energy: ~1.03e-14 (-23.98dB)
[@    21m42s] Timestep:        43754 || Speed:   97.2 MC/s (3.244e-02 s/TS) || Energy: ~1.09e-14 (-23.72dB)
[@    21m46s] Timestep:        43885 || Speed:   86.3 MC/s (3.654e-02 s/TS) || Energy: ~1.24e-14 (-23.16dB)
[@    21m50s] Timestep:        44016 || Speed:  100.6 MC/s (3.135e-02 s/TS) || Energy: ~1.20e-14 (-23.31dB)
[@    21m59s] Timestep:        44268 || Speed:   93.8 MC/s (3.361e-02 s/TS) || Energy: ~9.02e-15 (-24.54dB)
[@    22m04s] Timestep:        44409 || Speed:   92.9 MC/s (3.394e-02 s/TS) || Energy: ~1.02e-14 (-24.01dB)
[@    22m09s] Timestep:        44540 || Speed:   81.2 MC/s (3.882e-02 s/TS) || Energy: ~1.11e-14 (-23.65dB)
[@    22m14s] Timestep:        44671 || Speed:   80.4 MC/s (3.920e-02 s/TS) || Energy: ~9.93e-15 (-24.12dB)
[@    22m18s] Timestep:        44795 || Speed:   92.2 MC/s (3.420e-02 s/TS) || Energy: ~8.30e-15 (-24.90dB)
[@    22m22s] Timestep:        44933 || Speed:  104.1 MC/s (3.031e-02 s/TS) || Energy: ~8.24e-15 (-24.93dB)
[@    22m30s] Timestep:        45195 || Speed:  110.3 MC/s (2.861e-02 s/TS) || Energy: ~9.59e-15 (-24.27dB)
[@    22m34s] Timestep:        45322 || Speed:   96.2 MC/s (3.277e-02 s/TS) || Energy: ~8.19e-15 (-24.95dB)
[@    22m39s] Timestep:        45457 || Speed:   94.3 MC/s (3.344e-02 s/TS) || Energy: ~7.08e-15 (-25.59dB)
[@    22m46s] Timestep:        45719 || Speed:  113.3 MC/s (2.783e-02 s/TS) || Energy: ~8.59e-15 (-24.75dB)
[@    22m53s] Timestep:        45981 || Speed:  118.3 MC/s (2.666e-02 s/TS) || Energy: ~6.70e-15 (-25.82dB)
[@    23m01s] Timestep:        46243 || Speed:   95.2 MC/s (3.313e-02 s/TS) || Energy: ~7.16e-15 (-25.54dB)
[@    23m07s] Timestep:        46374 || Speed:   77.3 MC/s (4.080e-02 s/TS) || Energy: ~7.59e-15 (-25.29dB)
[@    23m12s] Timestep:        46505 || Speed:   79.7 MC/s (3.960e-02 s/TS) || Energy: ~6.68e-15 (-25.84dB)
[@    23m16s] Timestep:        46636 || Speed:  102.1 MC/s (3.089e-02 s/TS) || Energy: ~5.64e-15 (-26.58dB)
[@    23m24s] Timestep:        46898 || Speed:  105.4 MC/s (2.992e-02 s/TS) || Energy: ~6.59e-15 (-25.90dB)
[@    23m28s] Timestep:        47029 || Speed:   97.5 MC/s (3.235e-02 s/TS) || Energy: ~6.51e-15 (-25.96dB)
[@    23m33s] Timestep:        47160 || Speed:   77.7 MC/s (4.062e-02 s/TS) || Energy: ~5.48e-15 (-26.70dB)
[@    23m39s] Timestep:        47291 || Speed:   73.9 MC/s (4.271e-02 s/TS) || Energy: ~4.90e-15 (-27.18dB)
[@    23m43s] Timestep:        47430 || Speed:  100.1 MC/s (3.150e-02 s/TS) || Energy: ~5.44e-15 (-26.73dB)
[@    23m51s] Timestep:        47684 || Speed:  104.9 MC/s (3.008e-02 s/TS) || Energy: ~5.44e-15 (-26.73dB)
[@    23m55s] Timestep:        47815 || Speed:   98.7 MC/s (3.194e-02 s/TS) || Energy: ~4.54e-15 (-27.51dB)
[@    24m00s] Timestep:        47946 || Speed:   92.3 MC/s (3.419e-02 s/TS) || Energy: ~4.41e-15 (-27.64dB)
[@    24m05s] Timestep:        48077 || Speed:   73.6 MC/s (4.282e-02 s/TS) || Energy: ~5.00e-15 (-27.10dB)
[@    24m10s] Timestep:        48208 || Speed:   86.7 MC/s (3.637e-02 s/TS) || Energy: ~5.17e-15 (-26.95dB)
[@    24m14s] Timestep:        48339 || Speed:   98.0 MC/s (3.217e-02 s/TS) || Energy: ~4.49e-15 (-27.57dB)
[@    24m22s] Timestep:        48601 || Speed:  104.0 MC/s (3.034e-02 s/TS) || Energy: ~4.06e-15 (-28.00dB)
[@    24m30s] Timestep:        48863 || Speed:  105.0 MC/s (3.003e-02 s/TS) || Energy: ~4.39e-15 (-27.66dB)
[@    24m35s] Timestep:        48994 || Speed:   82.8 MC/s (3.807e-02 s/TS) || Energy: ~3.69e-15 (-28.42dB)
[@    24m40s] Timestep:        49125 || Speed:   77.4 MC/s (4.073e-02 s/TS) || Energy: ~3.39e-15 (-28.78dB)
[@    24m46s] Timestep:        49256 || Speed:   74.8 MC/s (4.218e-02 s/TS) || Energy: ~3.77e-15 (-28.32dB)
[@    24m52s] Timestep:        49387 || Speed:   70.9 MC/s (4.452e-02 s/TS) || Energy: ~4.05e-15 (-28.01dB)
[@    24m58s] Timestep:        49518 || Speed:   65.5 MC/s (4.814e-02 s/TS) || Energy: ~3.65e-15 (-28.46dB)
[@    25m04s] Timestep:        49649 || Speed:   71.2 MC/s (4.430e-02 s/TS) || Energy: ~3.08e-15 (-29.20dB)
[@    25m09s] Timestep:        49780 || Speed:   90.1 MC/s (3.499e-02 s/TS) || Energy: ~3.08e-15 (-29.21dB)
[@    25m13s] Timestep:        49911 || Speed:  100.0 MC/s (3.153e-02 s/TS) || Energy: ~3.47e-15 (-28.68dB)
[@    25m17s] Timestep:        50042 || Speed:   87.8 MC/s (3.594e-02 s/TS) || Energy: ~3.50e-15 (-28.65dB)
[@    25m23s] Timestep:        50173 || Speed:   78.4 MC/s (4.022e-02 s/TS) || Energy: ~3.01e-15 (-29.30dB)
[@    25m28s] Timestep:        50304 || Speed:   81.1 MC/s (3.891e-02 s/TS) || Energy: ~2.65e-15 (-29.86dB)
[@    25m33s] Timestep:        50435 || Speed:   80.8 MC/s (3.906e-02 s/TS) || Energy: ~2.84e-15 (-29.56dB)
[@    25m37s] Timestep:        50592 || Speed:  110.7 MC/s (2.849e-02 s/TS) || Energy: ~3.14e-15 (-29.12dB)
[@    25m44s] Timestep:        50828 || Speed:  108.2 MC/s (2.916e-02 s/TS) || Energy: ~2.49e-15 (-30.13dB)
[@    25m49s] Timestep:        50959 || Speed:   91.6 MC/s (3.442e-02 s/TS) || Energy: ~2.35e-15 (-30.38dB)
[@    25m54s] Timestep:        51090 || Speed:   79.6 MC/s (3.963e-02 s/TS) || Energy: ~2.62e-15 (-29.90dB)
[@    25m59s] Timestep:        51221 || Speed:   84.8 MC/s (3.721e-02 s/TS) || Energy: ~2.76e-15 (-29.68dB)
[@    26m03s] Timestep:        51352 || Speed:  100.0 MC/s (3.154e-02 s/TS) || Energy: ~2.45e-15 (-30.20dB)
[@    26m10s] Timestep:        51614 || Speed:  123.0 MC/s (2.564e-02 s/TS) || Energy: ~2.14e-15 (-30.78dB)
[@    26m14s] Timestep:        51745 || Speed:   90.3 MC/s (3.493e-02 s/TS) || Energy: ~2.40e-15 (-30.29dB)
[@    26m19s] Timestep:        51876 || Speed:   92.4 MC/s (3.414e-02 s/TS) || Energy: ~2.36e-15 (-30.35dB)
[@    26m24s] Timestep:        52007 || Speed:   83.7 MC/s (3.768e-02 s/TS) || Energy: ~2.02e-15 (-31.04dB)
[@    26m29s] Timestep:        52138 || Speed:   76.6 MC/s (4.118e-02 s/TS) || Energy: ~1.82e-15 (-31.50dB)
[@    26m35s] Timestep:        52269 || Speed:   66.6 MC/s (4.734e-02 s/TS) || Energy: ~1.97e-15 (-31.13dB)
[@    26m41s] Timestep:        52400 || Speed:   68.7 MC/s (4.589e-02 s/TS) || Energy: ~2.14e-15 (-30.78dB)
[@    26m47s] Timestep:        52531 || Speed:   68.0 MC/s (4.636e-02 s/TS) || Energy: ~1.98e-15 (-31.12dB)
[@    26m53s] Timestep:        52662 || Speed:   69.2 MC/s (4.555e-02 s/TS) || Energy: ~1.67e-15 (-31.85dB)
[@    26m58s] Timestep:        52793 || Speed:   80.6 MC/s (3.911e-02 s/TS) || Energy: ~1.63e-15 (-31.98dB)
[@    27m03s] Timestep:        52924 || Speed:   91.8 MC/s (3.435e-02 s/TS) || Energy: ~1.82e-15 (-31.50dB)
[@    27m08s] Timestep:        53055 || Speed:   88.9 MC/s (3.548e-02 s/TS) || Energy: ~1.87e-15 (-31.38dB)
[@    27m12s] Timestep:        53227 || Speed:  110.8 MC/s (2.845e-02 s/TS) || Energy: ~1.55e-15 (-32.19dB)
[@    27m19s] Timestep:        53448 || Speed:  100.1 MC/s (3.150e-02 s/TS) || Energy: ~1.49e-15 (-32.37dB)
[@    27m24s] Timestep:        53579 || Speed:   97.0 MC/s (3.252e-02 s/TS) || Energy: ~1.64e-15 (-31.93dB)
[@    27m29s] Timestep:        53754 || Speed:  103.5 MC/s (3.047e-02 s/TS) || Energy: ~1.51e-15 (-32.29dB)
[@    27m35s] Timestep:        53972 || Speed:  115.0 MC/s (2.742e-02 s/TS) || Energy: ~1.25e-15 (-33.13dB)
[@    27m39s] Timestep:        54103 || Speed:   93.4 MC/s (3.377e-02 s/TS) || Energy: ~1.37e-15 (-32.73dB)
[@    27m44s] Timestep:        54234 || Speed:   84.2 MC/s (3.747e-02 s/TS) || Energy: ~1.46e-15 (-32.45dB)
[@    27m50s] Timestep:        54365 || Speed:   72.5 MC/s (4.352e-02 s/TS) || Energy: ~1.32e-15 (-32.87dB)
[@    27m55s] Timestep:        54496 || Speed:   87.7 MC/s (3.596e-02 s/TS) || Energy: ~1.13e-15 (-33.56dB)
[@    27m59s] Timestep:        54627 || Speed:   89.2 MC/s (3.537e-02 s/TS) || Energy: ~1.12e-15 (-33.58dB)
[@    28m04s] Timestep:        54758 || Speed:   91.5 MC/s (3.446e-02 s/TS) || Energy: ~1.25e-15 (-33.11dB)
[@    28m09s] Timestep:        54889 || Speed:   88.1 MC/s (3.582e-02 s/TS) || Energy: ~1.26e-15 (-33.09dB)
[@    28m13s] Timestep:        55020 || Speed:   88.1 MC/s (3.580e-02 s/TS) || Energy: ~1.09e-15 (-33.71dB)
[@    28m17s] Timestep:        55151 || Speed:  101.1 MC/s (3.121e-02 s/TS) || Energy: ~9.69e-16 (-34.23dB)
[@    28m21s] Timestep:        55282 || Speed:  102.0 MC/s (3.092e-02 s/TS) || Energy: ~1.03e-15 (-33.97dB)
[@    28m25s] Timestep:        55413 || Speed:  103.2 MC/s (3.057e-02 s/TS) || Energy: ~1.12e-15 (-33.58dB)
[@    28m33s] Timestep:        55675 || Speed:  107.5 MC/s (2.934e-02 s/TS) || Energy: ~9.05e-16 (-34.52dB)
[@    28m38s] Timestep:        55806 || Speed:   80.9 MC/s (3.896e-02 s/TS) || Energy: ~8.56e-16 (-34.76dB)
[@    28m43s] Timestep:        55937 || Speed:   80.1 MC/s (3.939e-02 s/TS) || Energy: ~9.44e-16 (-34.34dB)
[@    28m48s] Timestep:        56068 || Speed:   82.9 MC/s (3.803e-02 s/TS) || Energy: ~9.86e-16 (-34.15dB)
[@    28m53s] Timestep:        56199 || Speed:   93.3 MC/s (3.382e-02 s/TS) || Energy: ~8.82e-16 (-34.63dB)
[@    28m58s] Timestep:        56389 || Speed:  109.0 MC/s (2.893e-02 s/TS) || Energy: ~7.50e-16 (-35.34dB)
[@    29m05s] Timestep:        56592 || Speed:  100.2 MC/s (3.148e-02 s/TS) || Energy: ~8.57e-16 (-34.76dB)
[@    29m09s] Timestep:        56723 || Speed:   90.5 MC/s (3.486e-02 s/TS) || Energy: ~8.45e-16 (-34.82dB)
[@    29m14s] Timestep:        56854 || Speed:   84.2 MC/s (3.744e-02 s/TS) || Energy: ~7.29e-16 (-35.46dB)
[@    29m20s] Timestep:        56985 || Speed:   75.1 MC/s (4.199e-02 s/TS) || Energy: ~6.60e-16 (-35.89dB)
[@    29m24s] Timestep:        57116 || Speed:   87.4 MC/s (3.608e-02 s/TS) || Energy: ~7.10e-16 (-35.58dB)
[@    29m29s] Timestep:        57247 || Speed:   89.2 MC/s (3.534e-02 s/TS) || Energy: ~7.63e-16 (-35.26dB)
[@    29m35s] Timestep:        57443 || Speed:   94.9 MC/s (3.324e-02 s/TS) || Energy: ~6.54e-16 (-35.93dB)
[@    29m41s] Timestep:        57640 || Speed:  110.1 MC/s (2.864e-02 s/TS) || Energy: ~5.87e-16 (-36.40dB)
[@    29m49s] Timestep:        57902 || Speed:  102.6 MC/s (3.075e-02 s/TS) || Energy: ~6.65e-16 (-35.86dB)
[@    29m55s] Timestep:        58033 || Speed:   70.8 MC/s (4.456e-02 s/TS) || Energy: ~5.87e-16 (-36.40dB)
[@    30m01s] Timestep:        58164 || Speed:   74.2 MC/s (4.253e-02 s/TS) || Energy: ~5.15e-16 (-36.97dB)
[@    30m06s] Timestep:        58295 || Speed:   79.8 MC/s (3.950e-02 s/TS) || Energy: ~5.34e-16 (-36.82dB)
[@    30m11s] Timestep:        58426 || Speed:   83.5 MC/s (3.777e-02 s/TS) || Energy: ~5.85e-16 (-36.42dB)
[@    30m16s] Timestep:        58557 || Speed:   82.6 MC/s (3.817e-02 s/TS) || Energy: ~5.65e-16 (-36.57dB)
[@    30m23s] Timestep:        58819 || Speed:  107.6 MC/s (2.930e-02 s/TS) || Energy: ~4.50e-16 (-37.56dB)
[@    30m28s] Timestep:        58950 || Speed:   90.0 MC/s (3.505e-02 s/TS) || Energy: ~4.88e-16 (-37.20dB)
[@    30m33s] Timestep:        59081 || Speed:   83.8 MC/s (3.765e-02 s/TS) || Energy: ~5.17e-16 (-36.95dB)
[@    30m38s] Timestep:        59212 || Speed:   82.6 MC/s (3.817e-02 s/TS) || Energy: ~4.72e-16 (-37.35dB)
[@    30m44s] Timestep:        59343 || Speed:   66.3 MC/s (4.756e-02 s/TS) || Energy: ~4.07e-16 (-37.99dB)
[@    30m50s] Timestep:        59474 || Speed:   69.3 MC/s (4.552e-02 s/TS) || Energy: ~4.03e-16 (-38.04dB)
[@    30m56s] Timestep:        59605 || Speed:   73.3 MC/s (4.304e-02 s/TS) || Energy: ~4.44e-16 (-37.62dB)
[@    31m01s] Timestep:        59736 || Speed:   83.3 MC/s (3.785e-02 s/TS) || Energy: ~4.46e-16 (-37.60dB)
[@    31m06s] Timestep:        59867 || Speed:   82.8 MC/s (3.808e-02 s/TS) || Energy: ~3.91e-16 (-38.17dB)
[@    31m12s] Timestep:        60078 || Speed:  102.2 MC/s (3.087e-02 s/TS) || Energy: ~3.54e-16 (-38.60dB)
[@    31m18s] Timestep:        60260 || Speed:   94.5 MC/s (3.337e-02 s/TS) || Energy: ~3.97e-16 (-38.10dB)
[@    31m23s] Timestep:        60391 || Speed:   87.6 MC/s (3.602e-02 s/TS) || Energy: ~3.77e-16 (-38.32dB)
[@    31m28s] Timestep:        60522 || Speed:   84.0 MC/s (3.753e-02 s/TS) || Energy: ~3.24e-16 (-38.98dB)
[@    31m32s] Timestep:        60605 || Speed:   58.8 MC/s (5.367e-02 s/TS) || Energy: ~3.06e-16 (-39.23dB)
[@    31m40s] Timestep:        60784 || Speed:   73.2 MC/s (4.309e-02 s/TS) || Energy: ~3.35e-16 (-38.84dB)
[@    31m45s] Timestep:        60915 || Speed:   82.0 MC/s (3.848e-02 s/TS) || Energy: ~3.48e-16 (-38.67dB)
[@    31m49s] Timestep:        61046 || Speed:   98.7 MC/s (3.197e-02 s/TS) || Energy: ~3.14e-16 (-39.13dB)
[@    31m53s] Timestep:        61177 || Speed:   99.8 MC/s (3.160e-02 s/TS) || Energy: ~2.73e-16 (-39.73dB)
[@    32m02s] Timestep:        61439 || Speed:   93.5 MC/s (3.375e-02 s/TS) || Energy: ~3.02e-16 (-39.28dB)
[@    32m07s] Timestep:        61570 || Speed:   88.0 MC/s (3.583e-02 s/TS) || Energy: ~2.99e-16 (-39.34dB)
[@    32m12s] Timestep:        61701 || Speed:   88.9 MC/s (3.547e-02 s/TS) || Energy: ~2.60e-16 (-39.94dB)
[@    32m16s] Timestep:        61832 || Speed:  101.4 MC/s (3.110e-02 s/TS) || Energy: ~2.36e-16 (-40.36dB)
Time for 61832 iterations with 3153956.00 cells : 1936.18 sec
Speed: 100.72 MCells/s 

     freq       S11   S21 coupling   AR embedded      Dmax
   5.700G    -9.29dB        -23.32dB         5.70dB     6.35dBi
   5.740G   -14.49dB        -21.53dB         5.43dB     6.14dBi
   5.780G   -27.19dB        -20.61dB         4.54dB     6.13dBi
   5.800G   -19.00dB        -20.49dB         3.94dB     6.11dBi
   5.820G   -14.40dB        -20.57dB         3.28dB     6.07dBi
   5.860G   -10.41dB        -21.36dB         1.98dB     5.93dBi
   5.900G    -9.42dB        -22.92dB         2.08dB     5.77dBi
