[f16b] mesh 463x262x26 = 3.15 Mcells   ground 108.6 x 60.0 mm   pitch 25.8442 mm
openEMS - fixed number of threads: 6
 ---------------------------------------------------------------------- 
 | openEMS 64bit -- version v0.37.0-rc1-2-g7b051bb
 | (C) 2010-2026 Thorsten Liebig <thorsten.liebig@gmx.de>  GPL license
 ---------------------------------------------------------------------- 
	Used external libraries:
		CSXCAD -- Version: v0.7.0-rc1-1-g5115701
		hdf5   -- Version: 2.2.0
		          compiled against: HDF5 library version: 2.2.0
		tinyxml -- compiled against: 2.6.2
		fparser
		boost  -- compiled against: 1_90
		vtk -- disabled in this build

Create FDTD operator (compressed SSE + multi-threading)
FDTD simulation size: 463x262x26 --> 3.15396e+06 FDTD cells 
FDTD timestep is: 1.42642e-13 s; Nyquist rate: 527 timesteps @6.65137e+09 Hz
Excitation signal length is: 23628 timesteps (3.37035e-09s)
Max. number of timesteps: 140000 ( --> 5.92517 * Excitation signal length)
Create FDTD engine (compressed SSE + multi-threading)
Running FDTD engine... this may take a while... grab a cup of coffee?!?
[@        6s] Timestep:          262 || Speed:  125.2 MC/s (2.519e-02 s/TS) || Energy: ~3.84e-21 (- 0.00dB)
[@       14s] Timestep:          524 || Speed:  101.4 MC/s (3.112e-02 s/TS) || Energy: ~2.33e-20 (- 0.00dB)
[@       19s] Timestep:          655 || Speed:   80.6 MC/s (3.911e-02 s/TS) || Energy: ~2.54e-20 (- 0.00dB)
[@       25s] Timestep:          786 || Speed:   78.0 MC/s (4.043e-02 s/TS) || Energy: ~3.01e-20 (- 0.00dB)
[@       32s] Timestep:         1048 || Speed:  108.4 MC/s (2.910e-02 s/TS) || Energy: ~1.16e-19 (- 0.00dB)
[@       39s] Timestep:         1310 || Speed:  127.7 MC/s (2.470e-02 s/TS) || Energy: ~1.78e-19 (- 0.00dB)
[@       45s] Timestep:         1572 || Speed:  137.5 MC/s (2.293e-02 s/TS) || Energy: ~4.44e-19 (- 0.00dB)
[@       51s] Timestep:         1834 || Speed:  134.3 MC/s (2.348e-02 s/TS) || Energy: ~9.12e-19 (- 0.00dB)
[@       56s] Timestep:         2096 || Speed:  176.6 MC/s (1.786e-02 s/TS) || Energy: ~1.53e-18 (- 0.00dB)
[@     1m02s] Timestep:         2358 || Speed:  132.0 MC/s (2.389e-02 s/TS) || Energy: ~4.03e-18 (- 0.00dB)
[@     1m08s] Timestep:         2620 || Speed:  132.4 MC/s (2.381e-02 s/TS) || Energy: ~5.26e-18 (- 0.00dB)
[@     1m15s] Timestep:         2882 || Speed:  122.6 MC/s (2.572e-02 s/TS) || Energy: ~1.48e-17 (- 0.00dB)
[@     1m21s] Timestep:         3144 || Speed:  128.0 MC/s (2.464e-02 s/TS) || Energy: ~2.00e-17 (- 0.00dB)
[@     1m28s] Timestep:         3406 || Speed:  129.9 MC/s (2.428e-02 s/TS) || Energy: ~4.57e-17 (- 0.00dB)
[@     1m33s] Timestep:         3668 || Speed:  145.8 MC/s (2.163e-02 s/TS) || Energy: ~7.68e-17 (- 0.00dB)
[@     1m39s] Timestep:         3930 || Speed:  136.7 MC/s (2.307e-02 s/TS) || Energy: ~1.26e-16 (- 0.00dB)
[@     1m45s] Timestep:         4192 || Speed:  140.2 MC/s (2.250e-02 s/TS) || Energy: ~2.65e-16 (- 0.00dB)
[@     1m51s] Timestep:         4454 || Speed:  135.6 MC/s (2.326e-02 s/TS) || Energy: ~3.42e-16 (- 0.00dB)
[@     1m57s] Timestep:         4716 || Speed:  143.4 MC/s (2.199e-02 s/TS) || Energy: ~7.81e-16 (- 0.00dB)
[@     2m05s] Timestep:         4978 || Speed:  109.1 MC/s (2.890e-02 s/TS) || Energy: ~9.83e-16 (- 0.00dB)
[@     2m12s] Timestep:         5240 || Speed:  118.9 MC/s (2.653e-02 s/TS) || Energy: ~1.97e-15 (- 0.00dB)
[@     2m18s] Timestep:         5502 || Speed:  127.5 MC/s (2.474e-02 s/TS) || Energy: ~2.85e-15 (- 0.00dB)
[@     2m24s] Timestep:         5764 || Speed:  138.5 MC/s (2.278e-02 s/TS) || Energy: ~4.46e-15 (- 0.00dB)
[@     2m30s] Timestep:         6026 || Speed:  135.0 MC/s (2.336e-02 s/TS) || Energy: ~7.63e-15 (- 0.00dB)
[@     2m35s] Timestep:         6288 || Speed:  170.0 MC/s (1.855e-02 s/TS) || Energy: ~9.74e-15 (- 0.00dB)
[@     2m41s] Timestep:         6550 || Speed:  131.6 MC/s (2.397e-02 s/TS) || Energy: ~1.80e-14 (- 0.00dB)
[@     2m48s] Timestep:         6812 || Speed:  129.2 MC/s (2.441e-02 s/TS) || Energy: ~2.15e-14 (- 0.00dB)
[@     2m54s] Timestep:         7074 || Speed:  130.5 MC/s (2.417e-02 s/TS) || Energy: ~3.71e-14 (- 0.00dB)
[@     3m00s] Timestep:         7336 || Speed:  139.9 MC/s (2.255e-02 s/TS) || Energy: ~4.74e-14 (- 0.00dB)
[@     3m05s] Timestep:         7598 || Speed:  154.7 MC/s (2.039e-02 s/TS) || Energy: ~6.97e-14 (- 0.00dB)
[@     3m10s] Timestep:         7860 || Speed:  178.0 MC/s (1.772e-02 s/TS) || Energy: ~9.79e-14 (- 0.00dB)
[@     3m16s] Timestep:         8122 || Speed:  137.5 MC/s (2.294e-02 s/TS) || Energy: ~1.24e-13 (- 0.00dB)
[@     3m22s] Timestep:         8384 || Speed:  139.6 MC/s (2.259e-02 s/TS) || Energy: ~1.84e-13 (- 0.00dB)
[@     3m28s] Timestep:         8646 || Speed:  135.0 MC/s (2.336e-02 s/TS) || Energy: ~2.16e-13 (- 0.00dB)
[@     3m34s] Timestep:         8908 || Speed:  147.7 MC/s (2.135e-02 s/TS) || Energy: ~3.13e-13 (- 0.00dB)
[@     3m39s] Timestep:         9170 || Speed:  152.0 MC/s (2.076e-02 s/TS) || Energy: ~3.64e-13 (- 0.00dB)
[@     3m44s] Timestep:         9432 || Speed:  183.2 MC/s (1.721e-02 s/TS) || Energy: ~4.92e-13 (- 0.00dB)
[@     3m49s] Timestep:         9694 || Speed:  144.0 MC/s (2.191e-02 s/TS) || Energy: ~5.83e-13 (- 0.00dB)
[@     3m55s] Timestep:         9956 || Speed:  142.4 MC/s (2.216e-02 s/TS) || Energy: ~7.27e-13 (- 0.00dB)
[@     4m00s] Timestep:        10218 || Speed:  153.8 MC/s (2.050e-02 s/TS) || Energy: ~8.76e-13 (- 0.00dB)
[@     4m05s] Timestep:        10480 || Speed:  180.6 MC/s (1.747e-02 s/TS) || Energy: ~1.02e-12 (- 0.00dB)
[@     4m11s] Timestep:        10742 || Speed:  140.4 MC/s (2.247e-02 s/TS) || Energy: ~1.23e-12 (- 0.00dB)
[@     4m17s] Timestep:        11004 || Speed:  140.8 MC/s (2.240e-02 s/TS) || Energy: ~1.36e-12 (- 0.00dB)
[@     4m22s] Timestep:        11266 || Speed:  150.5 MC/s (2.095e-02 s/TS) || Energy: ~1.63e-12 (- 0.00dB)
[@     4m27s] Timestep:        11528 || Speed:  187.5 MC/s (1.682e-02 s/TS) || Energy: ~1.72e-12 (- 0.00dB)
[@     4m32s] Timestep:        11790 || Speed:  167.8 MC/s (1.879e-02 s/TS) || Energy: ~2.02e-12 (- 0.00dB)
[@     4m37s] Timestep:        12052 || Speed:  169.4 MC/s (1.861e-02 s/TS) || Energy: ~2.09e-12 (- 0.00dB)
[@     4m43s] Timestep:        12314 || Speed:  137.3 MC/s (2.296e-02 s/TS) || Energy: ~2.35e-12 (- 0.00dB)
[@     4m48s] Timestep:        12576 || Speed:  141.3 MC/s (2.232e-02 s/TS) || Energy: ~2.43e-12 (- 0.00dB)
[@     4m54s] Timestep:        12838 || Speed:  159.5 MC/s (1.977e-02 s/TS) || Energy: ~2.60e-12 (- 0.00dB)
[@     4m58s] Timestep:        13100 || Speed:  185.6 MC/s (1.700e-02 s/TS) || Energy: ~2.68e-12 (- 0.00dB)
[@     5m04s] Timestep:        13362 || Speed:  145.1 MC/s (2.174e-02 s/TS) || Energy: ~2.77e-12 (- 0.00dB)
[@     5m10s] Timestep:        13624 || Speed:  140.6 MC/s (2.243e-02 s/TS) || Energy: ~2.82e-12 (- 0.00dB)
[@     5m15s] Timestep:        13886 || Speed:  150.0 MC/s (2.103e-02 s/TS) || Energy: ~2.85e-12 (- 0.00dB)
[@     5m20s] Timestep:        14148 || Speed:  187.0 MC/s (1.687e-02 s/TS) || Energy: ~2.84e-12 (- 0.02dB)
[@     5m25s] Timestep:        14410 || Speed:  148.2 MC/s (2.128e-02 s/TS) || Energy: ~2.81e-12 (- 0.07dB)
[@     5m30s] Timestep:        14672 || Speed:  168.2 MC/s (1.875e-02 s/TS) || Energy: ~2.83e-12 (- 0.03dB)
[@     5m36s] Timestep:        14934 || Speed:  141.0 MC/s (2.238e-02 s/TS) || Energy: ~2.62e-12 (- 0.38dB)
[@     5m42s] Timestep:        15196 || Speed:  139.9 MC/s (2.254e-02 s/TS) || Energy: ~2.83e-12 (- 0.04dB)
[@     5m47s] Timestep:        15458 || Speed:  150.6 MC/s (2.094e-02 s/TS) || Energy: ~2.36e-12 (- 0.83dB)
[@     5m52s] Timestep:        15720 || Speed:  188.1 MC/s (1.677e-02 s/TS) || Energy: ~2.75e-12 (- 0.15dB)
[@     5m57s] Timestep:        15982 || Speed:  149.2 MC/s (2.114e-02 s/TS) || Energy: ~2.19e-12 (- 1.14dB)
[@     6m02s] Timestep:        16244 || Speed:  165.8 MC/s (1.902e-02 s/TS) || Energy: ~2.51e-12 (- 0.55dB)
[@     6m07s] Timestep:        16506 || Speed:  160.8 MC/s (1.961e-02 s/TS) || Energy: ~2.22e-12 (- 1.09dB)
[@     6m12s] Timestep:        16768 || Speed:  162.9 MC/s (1.936e-02 s/TS) || Energy: ~2.13e-12 (- 1.27dB)
[@     6m18s] Timestep:        17030 || Speed:  140.5 MC/s (2.245e-02 s/TS) || Energy: ~2.36e-12 (- 0.83dB)
[@     6m24s] Timestep:        17292 || Speed:  139.4 MC/s (2.262e-02 s/TS) || Energy: ~1.78e-12 (- 2.04dB)
[@     6m30s] Timestep:        17554 || Speed:  154.9 MC/s (2.036e-02 s/TS) || Energy: ~2.39e-12 (- 0.76dB)
[@     6m34s] Timestep:        17816 || Speed:  185.0 MC/s (1.705e-02 s/TS) || Energy: ~1.65e-12 (- 2.37dB)
[@     6m40s] Timestep:        18078 || Speed:  148.5 MC/s (2.124e-02 s/TS) || Energy: ~2.21e-12 (- 1.11dB)
[@     6m45s] Timestep:        18340 || Speed:  142.7 MC/s (2.210e-02 s/TS) || Energy: ~1.76e-12 (- 2.10dB)
[@     6m51s] Timestep:        18602 || Speed:  149.9 MC/s (2.104e-02 s/TS) || Energy: ~1.87e-12 (- 1.85dB)
[@     6m55s] Timestep:        18864 || Speed:  187.8 MC/s (1.679e-02 s/TS) || Energy: ~1.94e-12 (- 1.68dB)
[@     7m01s] Timestep:        19126 || Speed:  156.3 MC/s (2.018e-02 s/TS) || Energy: ~1.55e-12 (- 2.66dB)
[@     7m05s] Timestep:        19388 || Speed:  174.0 MC/s (1.813e-02 s/TS) || Energy: ~1.99e-12 (- 1.57dB)
[@     7m11s] Timestep:        19650 || Speed:  144.4 MC/s (2.184e-02 s/TS) || Energy: ~1.40e-12 (- 3.09dB)
[@     7m17s] Timestep:        19912 || Speed:  139.9 MC/s (2.254e-02 s/TS) || Energy: ~1.82e-12 (- 1.94dB)
[@     7m22s] Timestep:        20174 || Speed:  157.3 MC/s (2.005e-02 s/TS) || Energy: ~1.42e-12 (- 3.04dB)
[@     7m27s] Timestep:        20436 || Speed:  182.9 MC/s (1.724e-02 s/TS) || Energy: ~1.53e-12 (- 2.71dB)
[@     7m32s] Timestep:        20698 || Speed:  164.9 MC/s (1.913e-02 s/TS) || Energy: ~1.47e-12 (- 2.87dB)
[@     7m37s] Timestep:        20960 || Speed:  172.1 MC/s (1.833e-02 s/TS) || Energy: ~1.24e-12 (- 3.60dB)
[@     7m42s] Timestep:        21222 || Speed:  145.6 MC/s (2.166e-02 s/TS) || Energy: ~1.44e-12 (- 2.96dB)
[@     7m48s] Timestep:        21484 || Speed:  141.6 MC/s (2.228e-02 s/TS) || Energy: ~1.07e-12 (- 4.27dB)
[@     7m53s] Timestep:        21746 || Speed:  153.6 MC/s (2.053e-02 s/TS) || Energy: ~1.29e-12 (- 3.45dB)
[@     7m58s] Timestep:        22008 || Speed:  188.4 MC/s (1.674e-02 s/TS) || Energy: ~9.96e-13 (- 4.57dB)
[@     8m03s] Timestep:        22270 || Speed:  153.6 MC/s (2.054e-02 s/TS) || Energy: ~1.06e-12 (- 4.29dB)
[@     8m08s] Timestep:        22532 || Speed:  174.0 MC/s (1.812e-02 s/TS) || Energy: ~9.64e-13 (- 4.71dB)
[@     8m14s] Timestep:        22794 || Speed:  144.2 MC/s (2.187e-02 s/TS) || Energy: ~8.44e-13 (- 5.29dB)
[@     8m20s] Timestep:        23056 || Speed:  140.8 MC/s (2.240e-02 s/TS) || Energy: ~9.02e-13 (- 5.00dB)
[@     8m25s] Timestep:        23318 || Speed:  154.2 MC/s (2.046e-02 s/TS) || Energy: ~6.92e-13 (- 6.15dB)
[@     8m29s] Timestep:        23580 || Speed:  188.8 MC/s (1.671e-02 s/TS) || Energy: ~7.86e-13 (- 5.60dB)
[@     8m35s] Timestep:        23842 || Speed:  153.3 MC/s (2.057e-02 s/TS) || Energy: ~6.07e-13 (- 6.72dB)
[@     8m40s] Timestep:        24104 || Speed:  142.0 MC/s (2.221e-02 s/TS) || Energy: ~6.40e-13 (- 6.49dB)
[@     8m46s] Timestep:        24366 || Speed:  154.0 MC/s (2.048e-02 s/TS) || Energy: ~5.56e-13 (- 7.10dB)
[@     8m51s] Timestep:        24628 || Speed:  156.6 MC/s (2.014e-02 s/TS) || Energy: ~5.01e-13 (- 7.55dB)
[@     8m56s] Timestep:        24890 || Speed:  178.9 MC/s (1.763e-02 s/TS) || Energy: ~5.03e-13 (- 7.53dB)
[@     9m00s] Timestep:        25152 || Speed:  181.2 MC/s (1.740e-02 s/TS) || Energy: ~3.99e-13 (- 8.55dB)
[@     9m06s] Timestep:        25414 || Speed:  147.4 MC/s (2.139e-02 s/TS) || Energy: ~4.33e-13 (- 8.19dB)
[@     9m12s] Timestep:        25676 || Speed:  139.3 MC/s (2.264e-02 s/TS) || Energy: ~3.35e-13 (- 9.30dB)
[@     9m17s] Timestep:        25938 || Speed:  150.6 MC/s (2.094e-02 s/TS) || Energy: ~3.51e-13 (- 9.10dB)
[@     9m22s] Timestep:        26200 || Speed:  188.8 MC/s (1.671e-02 s/TS) || Energy: ~2.95e-13 (- 9.85dB)
[@     9m27s] Timestep:        26462 || Speed:  155.3 MC/s (2.031e-02 s/TS) || Energy: ~2.74e-13 (-10.18dB)
[@     9m33s] Timestep:        26724 || Speed:  141.9 MC/s (2.223e-02 s/TS) || Energy: ~2.62e-13 (-10.38dB)
[@     9m38s] Timestep:        26986 || Speed:  149.3 MC/s (2.113e-02 s/TS) || Energy: ~2.14e-13 (-11.24dB)
[@     9m43s] Timestep:        27248 || Speed:  187.6 MC/s (1.681e-02 s/TS) || Energy: ~2.24e-13 (-11.06dB)
[@     9m48s] Timestep:        27510 || Speed:  158.5 MC/s (1.989e-02 s/TS) || Energy: ~1.75e-13 (-12.12dB)
[@     9m54s] Timestep:        27772 || Speed:  144.8 MC/s (2.178e-02 s/TS) || Energy: ~1.82e-13 (-11.95dB)
[@     9m59s] Timestep:        28034 || Speed:  157.8 MC/s (1.999e-02 s/TS) || Energy: ~1.50e-13 (-12.80dB)
[@    10m04s] Timestep:        28296 || Speed:  162.2 MC/s (1.944e-02 s/TS) || Energy: ~1.43e-13 (-13.01dB)
[@    10m09s] Timestep:        28558 || Speed:  157.4 MC/s (2.003e-02 s/TS) || Energy: ~1.31e-13 (-13.40dB)
[@    10m14s] Timestep:        28820 || Speed:  163.8 MC/s (1.925e-02 s/TS) || Energy: ~1.11e-13 (-14.10dB)
[@    10m20s] Timestep:        29082 || Speed:  155.7 MC/s (2.026e-02 s/TS) || Energy: ~1.12e-13 (-14.08dB)
[@    10m25s] Timestep:        29344 || Speed:  142.2 MC/s (2.218e-02 s/TS) || Energy: ~8.90e-14 (-15.06dB)
[@    10m31s] Timestep:        29606 || Speed:  154.8 MC/s (2.037e-02 s/TS) || Energy: ~9.16e-14 (-14.93dB)
[@    10m35s] Timestep:        29868 || Speed:  187.7 MC/s (1.681e-02 s/TS) || Energy: ~7.45e-14 (-15.83dB)
[@    10m40s] Timestep:        30130 || Speed:  161.1 MC/s (1.958e-02 s/TS) || Energy: ~7.26e-14 (-15.94dB)
[@    10m45s] Timestep:        30392 || Speed:  169.5 MC/s (1.861e-02 s/TS) || Energy: ~6.41e-14 (-16.48dB)
[@    10m50s] Timestep:        30654 || Speed:  157.9 MC/s (1.998e-02 s/TS) || Energy: ~5.67e-14 (-17.02dB)
[@    10m56s] Timestep:        30916 || Speed:  142.6 MC/s (2.212e-02 s/TS) || Energy: ~5.48e-14 (-17.16dB)
[@    11m00s] Timestep:        31093 || Speed:  136.0 MC/s (2.318e-02 s/TS) || Energy: ~4.67e-14 (-17.86dB)
[@    11m06s] Timestep:        31440 || Speed:  184.5 MC/s (1.709e-02 s/TS) || Energy: ~4.56e-14 (-17.96dB)
[@    11m11s] Timestep:        31702 || Speed:  161.6 MC/s (1.952e-02 s/TS) || Energy: ~3.72e-14 (-18.85dB)
[@    11m16s] Timestep:        31964 || Speed:  173.8 MC/s (1.814e-02 s/TS) || Energy: ~3.67e-14 (-18.91dB)
[@    11m22s] Timestep:        32226 || Speed:  151.6 MC/s (2.081e-02 s/TS) || Energy: ~3.16e-14 (-19.55dB)
[@    11m27s] Timestep:        32488 || Speed:  140.8 MC/s (2.240e-02 s/TS) || Energy: ~2.90e-14 (-19.93dB)
[@    11m33s] Timestep:        32750 || Speed:  154.4 MC/s (2.043e-02 s/TS) || Energy: ~2.71e-14 (-20.23dB)
[@    11m37s] Timestep:        33012 || Speed:  188.8 MC/s (1.671e-02 s/TS) || Energy: ~2.31e-14 (-20.92dB)
[@    11m42s] Timestep:        33274 || Speed:  157.4 MC/s (2.004e-02 s/TS) || Energy: ~2.28e-14 (-20.98dB)
[@    11m47s] Timestep:        33536 || Speed:  178.5 MC/s (1.767e-02 s/TS) || Energy: ~1.89e-14 (-21.79dB)
[@    11m52s] Timestep:        33798 || Speed:  153.6 MC/s (2.053e-02 s/TS) || Energy: ~1.87e-14 (-21.84dB)
[@    11m58s] Timestep:        34060 || Speed:  139.7 MC/s (2.257e-02 s/TS) || Energy: ~1.59e-14 (-22.53dB)
[@    12m03s] Timestep:        34255 || Speed:  142.9 MC/s (2.207e-02 s/TS) || Energy: ~1.49e-14 (-22.81dB)
[@    12m08s] Timestep:        34584 || Speed:  185.5 MC/s (1.700e-02 s/TS) || Energy: ~1.36e-14 (-23.21dB)
[@    12m13s] Timestep:        34846 || Speed:  167.4 MC/s (1.884e-02 s/TS) || Energy: ~1.21e-14 (-23.74dB)
[@    12m18s] Timestep:        35108 || Speed:  177.0 MC/s (1.782e-02 s/TS) || Energy: ~1.16e-14 (-23.92dB)
[@    12m22s] Timestep:        35309 || Speed:  158.4 MC/s (1.992e-02 s/TS) || Energy: ~1.01e-14 (-24.49dB)
[@    12m26s] Timestep:        35501 || Speed:  139.2 MC/s (2.267e-02 s/TS) || Energy: ~9.77e-15 (-24.65dB)
[@    12m32s] Timestep:        35763 || Speed:  142.8 MC/s (2.209e-02 s/TS) || Energy: ~9.05e-15 (-24.99dB)
[@    12m37s] Timestep:        36025 || Speed:  166.8 MC/s (1.890e-02 s/TS) || Energy: ~7.96e-15 (-25.54dB)
[@    12m41s] Timestep:        36287 || Speed:  187.0 MC/s (1.686e-02 s/TS) || Energy: ~7.66e-15 (-25.71dB)
[@    12m46s] Timestep:        36549 || Speed:  171.6 MC/s (1.838e-02 s/TS) || Energy: ~6.62e-15 (-26.34dB)
[@    12m51s] Timestep:        36811 || Speed:  172.3 MC/s (1.831e-02 s/TS) || Energy: ~6.37e-15 (-26.51dB)
[@    12m57s] Timestep:        37073 || Speed:  141.2 MC/s (2.233e-02 s/TS) || Energy: ~5.62e-15 (-27.05dB)
[@    13m03s] Timestep:        37335 || Speed:  142.0 MC/s (2.221e-02 s/TS) || Energy: ~5.26e-15 (-27.34dB)
[@    13m08s] Timestep:        37597 || Speed:  165.5 MC/s (1.906e-02 s/TS) || Energy: ~4.81e-15 (-27.73dB)
[@    13m12s] Timestep:        37859 || Speed:  174.2 MC/s (1.810e-02 s/TS) || Energy: ~4.35e-15 (-28.16dB)
[@    13m18s] Timestep:        38121 || Speed:  141.5 MC/s (2.229e-02 s/TS) || Energy: ~4.09e-15 (-28.43dB)
[@    13m26s] Timestep:        38383 || Speed:  110.8 MC/s (2.846e-02 s/TS) || Energy: ~3.66e-15 (-28.92dB)
[@    13m30s] Timestep:        38514 || Speed:   99.8 MC/s (3.160e-02 s/TS) || Energy: ~3.55e-15 (-29.04dB)
[@    13m38s] Timestep:        38776 || Speed:  106.1 MC/s (2.972e-02 s/TS) || Energy: ~3.29e-15 (-29.38dB)
[@    13m44s] Timestep:        38998 || Speed:  116.0 MC/s (2.720e-02 s/TS) || Energy: ~3.02e-15 (-29.76dB)
[@    13m50s] Timestep:        39300 || Speed:  155.3 MC/s (2.031e-02 s/TS) || Energy: ~2.80e-15 (-30.09dB)
[@    13m54s] Timestep:        39525 || Speed:  164.5 MC/s (1.917e-02 s/TS) || Energy: ~2.57e-15 (-30.45dB)
[@    13m58s] Timestep:        39693 || Speed:  122.5 MC/s (2.575e-02 s/TS) || Energy: ~2.45e-15 (-30.67dB)
[@    14m06s] Timestep:        39955 || Speed:  111.9 MC/s (2.818e-02 s/TS) || Energy: ~2.27e-15 (-30.99dB)
[@    14m14s] Timestep:        40217 || Speed:   98.8 MC/s (3.191e-02 s/TS) || Energy: ~2.08e-15 (-31.36dB)
[@    14m18s] Timestep:        40348 || Speed:   95.9 MC/s (3.288e-02 s/TS) || Energy: ~2.00e-15 (-31.54dB)
[@    14m23s] Timestep:        40479 || Speed:   91.4 MC/s (3.450e-02 s/TS) || Energy: ~1.93e-15 (-31.70dB)
[@    14m28s] Timestep:        40610 || Speed:   79.9 MC/s (3.948e-02 s/TS) || Energy: ~1.86e-15 (-31.86dB)
[@    14m33s] Timestep:        40741 || Speed:   79.9 MC/s (3.947e-02 s/TS) || Energy: ~1.79e-15 (-32.02dB)
[@    14m38s] Timestep:        40872 || Speed:   96.8 MC/s (3.258e-02 s/TS) || Energy: ~1.71e-15 (-32.21dB)
[@    14m44s] Timestep:        41106 || Speed:  112.1 MC/s (2.813e-02 s/TS) || Energy: ~1.59e-15 (-32.53dB)
[@    14m49s] Timestep:        41265 || Speed:  104.0 MC/s (3.032e-02 s/TS) || Energy: ~1.54e-15 (-32.69dB)
[@    14m53s] Timestep:        41396 || Speed:   98.0 MC/s (3.220e-02 s/TS) || Energy: ~1.48e-15 (-32.85dB)
[@    14m58s] Timestep:        41527 || Speed:   83.0 MC/s (3.801e-02 s/TS) || Energy: ~1.41e-15 (-33.07dB)
[@    15m03s] Timestep:        41633 || Speed:   76.5 MC/s (4.125e-02 s/TS) || Energy: ~1.36e-15 (-33.23dB)
[@    15m07s] Timestep:        41789 || Speed:  106.9 MC/s (2.952e-02 s/TS) || Energy: ~1.31e-15 (-33.38dB)
[@    15m13s] Timestep:        42051 || Speed:  146.4 MC/s (2.154e-02 s/TS) || Energy: ~1.22e-15 (-33.68dB)
[@    15m20s] Timestep:        42313 || Speed:  121.6 MC/s (2.595e-02 s/TS) || Energy: ~1.11e-15 (-34.08dB)
[@    15m26s] Timestep:        42575 || Speed:  138.2 MC/s (2.282e-02 s/TS) || Energy: ~1.06e-15 (-34.28dB)
[@    15m34s] Timestep:        42837 || Speed:  103.8 MC/s (3.040e-02 s/TS) || Energy: ~9.52e-16 (-34.77dB)
[@    15m38s] Timestep:        42968 || Speed:   87.9 MC/s (3.589e-02 s/TS) || Energy: ~9.30e-16 (-34.87dB)
[@    15m44s] Timestep:        43099 || Speed:   76.5 MC/s (4.120e-02 s/TS) || Energy: ~9.20e-16 (-34.92dB)
[@    15m49s] Timestep:        43214 || Speed:   74.1 MC/s (4.256e-02 s/TS) || Energy: ~8.90e-16 (-35.06dB)
[@    15m54s] Timestep:        43361 || Speed:   88.6 MC/s (3.561e-02 s/TS) || Energy: ~8.28e-16 (-35.37dB)
[@    15m58s] Timestep:        43492 || Speed:   91.4 MC/s (3.449e-02 s/TS) || Energy: ~7.91e-16 (-35.57dB)
[@    16m03s] Timestep:        43623 || Speed:   90.5 MC/s (3.486e-02 s/TS) || Energy: ~7.85e-16 (-35.60dB)
[@    16m08s] Timestep:        43741 || Speed:   78.0 MC/s (4.041e-02 s/TS) || Energy: ~7.76e-16 (-35.65dB)
[@    16m14s] Timestep:        43885 || Speed:   73.8 MC/s (4.272e-02 s/TS) || Energy: ~7.30e-16 (-35.92dB)
[@    16m20s] Timestep:        44016 || Speed:   69.0 MC/s (4.572e-02 s/TS) || Energy: ~6.82e-16 (-36.21dB)
[@    16m24s] Timestep:        44147 || Speed:   95.1 MC/s (3.317e-02 s/TS) || Energy: ~6.65e-16 (-36.33dB)
[@    16m28s] Timestep:        44268 || Speed:   91.9 MC/s (3.433e-02 s/TS) || Energy: ~6.67e-16 (-36.31dB)
[@    16m33s] Timestep:        44409 || Speed:  100.0 MC/s (3.154e-02 s/TS) || Energy: ~6.47e-16 (-36.44dB)
[@    16m37s] Timestep:        44540 || Speed:   90.7 MC/s (3.479e-02 s/TS) || Energy: ~6.01e-16 (-36.76dB)
[@    16m42s] Timestep:        44671 || Speed:   96.3 MC/s (3.274e-02 s/TS) || Energy: ~5.67e-16 (-37.01dB)
[@    16m46s] Timestep:        44802 || Speed:  101.0 MC/s (3.122e-02 s/TS) || Energy: ~5.66e-16 (-37.03dB)
[@    16m51s] Timestep:        45064 || Speed:  150.0 MC/s (2.102e-02 s/TS) || Energy: ~5.38e-16 (-37.25dB)
[@    16m57s] Timestep:        45322 || Speed:  129.3 MC/s (2.439e-02 s/TS) || Energy: ~4.78e-16 (-37.76dB)
[@    17m05s] Timestep:        45588 || Speed:  109.3 MC/s (2.886e-02 s/TS) || Energy: ~4.79e-16 (-37.75dB)
[@    17m12s] Timestep:        45849 || Speed:  113.2 MC/s (2.787e-02 s/TS) || Energy: ~4.12e-16 (-38.41dB)
[@    17m19s] Timestep:        46112 || Speed:  116.8 MC/s (2.700e-02 s/TS) || Energy: ~4.17e-16 (-38.35dB)
[@    17m28s] Timestep:        46374 || Speed:   98.9 MC/s (3.189e-02 s/TS) || Energy: ~3.65e-16 (-38.93dB)
[@    17m33s] Timestep:        46505 || Speed:   83.1 MC/s (3.798e-02 s/TS) || Energy: ~3.47e-16 (-39.15dB)
[@    17m37s] Timestep:        46636 || Speed:   97.5 MC/s (3.234e-02 s/TS) || Energy: ~3.54e-16 (-39.06dB)
[@    17m45s] Timestep:        46898 || Speed:  106.9 MC/s (2.951e-02 s/TS) || Energy: ~3.31e-16 (-39.35dB)
[@    17m52s] Timestep:        47160 || Speed:  117.1 MC/s (2.694e-02 s/TS) || Energy: ~2.98e-16 (-39.82dB)
[@    17m59s] Timestep:        47422 || Speed:  109.6 MC/s (2.877e-02 s/TS) || Energy: ~3.00e-16 (-39.78dB)
[@    18m04s] Timestep:        47553 || Speed:   87.4 MC/s (3.610e-02 s/TS) || Energy: ~2.72e-16 (-40.21dB)
Time for 47553 iterations with 3153956.00 cells : 1084.62 sec
Speed: 138.28 MCells/s 

     freq       S11   S21 coupling   AR embedded      Dmax
   5.700G    -7.97dB        -23.19dB         7.67dB     6.61dBi
   5.740G    -8.30dB        -21.86dB         6.73dB     6.41dBi
   5.780G    -8.41dB        -21.11dB         6.12dB     6.21dBi
   5.800G    -8.34dB        -20.94dB         5.99dB     6.13dBi
   5.820G    -8.19dB        -20.92dB         5.98dB     6.05dBi
   5.860G    -7.64dB        -21.31dB         6.28dB     5.97dBi
   5.900G    -6.93dB        -22.35dB         6.80dB     5.96dBi
