[f1] mesh 282x172x26 = 1.26 Mcells   ground 108.8 x 60.0 mm   pitch 25.8442 mm
openEMS - fixed number of threads: 8
 ---------------------------------------------------------------------- 
 | openEMS 64bit -- version v0.37.0-rc1-2-g7b051bb
 | (C) 2010-2026 Thorsten Liebig <thorsten.liebig@gmx.de>  GPL license
 ---------------------------------------------------------------------- 
	Used external libraries:
		CSXCAD -- Version: v0.7.0-rc1-1-g5115701
		hdf5   -- Version: 2.2.0
		          compiled against: HDF5 library version: 2.2.0
		tinyxml -- compiled against: 2.6.2
		fparser
		boost  -- compiled against: 1_90
		vtk -- disabled in this build

Create FDTD operator (compressed SSE + multi-threading)
FDTD simulation size: 282x172x26 --> 1.2611e+06 FDTD cells 
FDTD timestep is: 1.74448e-13 s; Nyquist rate: 431 timesteps @6.65006e+09 Hz
Excitation signal length is: 19320 timesteps (3.37034e-09s)
Max. number of timesteps: 140000 ( --> 7.24638 * Excitation signal length)
Create FDTD engine (compressed SSE + multi-threading)
Running FDTD engine... this may take a while... grab a cup of coffee?!?
[@        4s] Timestep:          321 || Speed:   81.9 MC/s (1.540e-02 s/TS) || Energy: ~7.04e-21 (- 0.00dB)
[@        9s] Timestep:          749 || Speed:  107.1 MC/s (1.177e-02 s/TS) || Energy: ~2.85e-20 (- 0.00dB)
[@       15s] Timestep:         1070 || Speed:   79.2 MC/s (1.592e-02 s/TS) || Energy: ~7.06e-20 (- 0.00dB)
[@       19s] Timestep:         1284 || Speed:   62.1 MC/s (2.032e-02 s/TS) || Energy: ~2.19e-19 (- 0.00dB)
[@       26s] Timestep:         1498 || Speed:   41.1 MC/s (3.072e-02 s/TS) || Energy: ~3.96e-19 (- 0.00dB)
[@       32s] Timestep:         1712 || Speed:   44.6 MC/s (2.828e-02 s/TS) || Energy: ~6.98e-19 (- 0.00dB)
[@       36s] Timestep:         1926 || Speed:   58.7 MC/s (2.150e-02 s/TS) || Energy: ~1.88e-18 (- 0.00dB)
[@       41s] Timestep:         2155 || Speed:   65.9 MC/s (1.913e-02 s/TS) || Energy: ~2.40e-18 (- 0.00dB)
[@       45s] Timestep:         2354 || Speed:   58.6 MC/s (2.152e-02 s/TS) || Energy: ~7.07e-18 (- 0.00dB)
[@       49s] Timestep:         2568 || Speed:   61.3 MC/s (2.056e-02 s/TS) || Energy: ~8.52e-18 (- 0.00dB)
[@       54s] Timestep:         2782 || Speed:   57.6 MC/s (2.190e-02 s/TS) || Energy: ~2.14e-17 (- 0.00dB)
[@       59s] Timestep:         2996 || Speed:   50.4 MC/s (2.503e-02 s/TS) || Energy: ~3.44e-17 (- 0.00dB)
[@     1m05s] Timestep:         3210 || Speed:   48.1 MC/s (2.621e-02 s/TS) || Energy: ~5.63e-17 (- 0.00dB)
[@     1m09s] Timestep:         3424 || Speed:   67.2 MC/s (1.877e-02 s/TS) || Energy: ~1.23e-16 (- 0.00dB)
[@     1m13s] Timestep:         3638 || Speed:   65.3 MC/s (1.931e-02 s/TS) || Energy: ~1.47e-16 (- 0.00dB)
[@     1m17s] Timestep:         3852 || Speed:   61.6 MC/s (2.048e-02 s/TS) || Energy: ~3.65e-16 (- 0.00dB)
[@     1m22s] Timestep:         4066 || Speed:   59.1 MC/s (2.134e-02 s/TS) || Energy: ~4.30e-16 (- 0.00dB)
[@     1m26s] Timestep:         4280 || Speed:   62.7 MC/s (2.013e-02 s/TS) || Energy: ~8.98e-16 (- 0.00dB)
[@     1m31s] Timestep:         4494 || Speed:   63.5 MC/s (1.986e-02 s/TS) || Energy: ~1.30e-15 (- 0.00dB)
[@     1m36s] Timestep:         4708 || Speed:   52.6 MC/s (2.396e-02 s/TS) || Energy: ~1.95e-15 (- 0.00dB)
[@     1m41s] Timestep:         4922 || Speed:   46.8 MC/s (2.694e-02 s/TS) || Energy: ~3.58e-15 (- 0.00dB)
[@     1m45s] Timestep:         5136 || Speed:   66.7 MC/s (1.889e-02 s/TS) || Energy: ~4.20e-15 (- 0.00dB)
[@     1m50s] Timestep:         5350 || Speed:   65.2 MC/s (1.933e-02 s/TS) || Energy: ~8.34e-15 (- 0.00dB)
[@     1m54s] Timestep:         5564 || Speed:   62.6 MC/s (2.014e-02 s/TS) || Energy: ~9.67e-15 (- 0.00dB)
[@     1m59s] Timestep:         5778 || Speed:   58.6 MC/s (2.150e-02 s/TS) || Energy: ~1.65e-14 (- 0.00dB)
[@     2m03s] Timestep:         5992 || Speed:   65.4 MC/s (1.929e-02 s/TS) || Energy: ~2.24e-14 (- 0.00dB)
[@     2m07s] Timestep:         6206 || Speed:   58.8 MC/s (2.143e-02 s/TS) || Energy: ~2.97e-14 (- 0.00dB)
[@     2m12s] Timestep:         6420 || Speed:   52.8 MC/s (2.391e-02 s/TS) || Energy: ~4.73e-14 (- 0.00dB)
[@     2m18s] Timestep:         6634 || Speed:   48.2 MC/s (2.617e-02 s/TS) || Energy: ~5.32e-14 (- 0.00dB)
[@     2m22s] Timestep:         6848 || Speed:   65.9 MC/s (1.914e-02 s/TS) || Energy: ~8.63e-14 (- 0.00dB)
[@     2m26s] Timestep:         7062 || Speed:   63.3 MC/s (1.991e-02 s/TS) || Energy: ~9.84e-14 (- 0.00dB)
[@     2m31s] Timestep:         7276 || Speed:   61.8 MC/s (2.042e-02 s/TS) || Energy: ~1.38e-13 (- 0.00dB)
[@     2m35s] Timestep:         7490 || Speed:   58.4 MC/s (2.158e-02 s/TS) || Energy: ~1.78e-13 (- 0.00dB)
[@     2m40s] Timestep:         7704 || Speed:   58.0 MC/s (2.173e-02 s/TS) || Energy: ~2.07e-13 (- 0.00dB)
[@     2m46s] Timestep:         7918 || Speed:   46.5 MC/s (2.715e-02 s/TS) || Energy: ~2.91e-13 (- 0.00dB)
[@     2m51s] Timestep:         8132 || Speed:   52.2 MC/s (2.415e-02 s/TS) || Energy: ~3.10e-13 (- 0.00dB)
[@     2m55s] Timestep:         8346 || Speed:   66.2 MC/s (1.906e-02 s/TS) || Energy: ~4.20e-13 (- 0.00dB)
[@     3m00s] Timestep:         8620 || Speed:   70.8 MC/s (1.780e-02 s/TS) || Energy: ~4.73e-13 (- 0.00dB)
[@     3m05s] Timestep:         8881 || Speed:   61.1 MC/s (2.064e-02 s/TS) || Energy: ~6.29e-13 (- 0.00dB)
[@     3m10s] Timestep:         9095 || Speed:   56.2 MC/s (2.245e-02 s/TS) || Energy: ~6.70e-13 (- 0.00dB)
[@     3m16s] Timestep:         9309 || Speed:   43.6 MC/s (2.893e-02 s/TS) || Energy: ~7.78e-13 (- 0.00dB)
[@     3m21s] Timestep:         9523 || Speed:   60.5 MC/s (2.085e-02 s/TS) || Energy: ~8.89e-13 (- 0.00dB)
[@     3m25s] Timestep:         9737 || Speed:   67.3 MC/s (1.875e-02 s/TS) || Energy: ~9.21e-13 (- 0.00dB)
[@     3m29s] Timestep:         9951 || Speed:   65.1 MC/s (1.938e-02 s/TS) || Energy: ~1.08e-12 (- 0.00dB)
[@     3m34s] Timestep:        10165 || Speed:   58.2 MC/s (2.167e-02 s/TS) || Energy: ~1.09e-12 (- 0.00dB)
[@     3m38s] Timestep:        10379 || Speed:   57.1 MC/s (2.209e-02 s/TS) || Energy: ~1.19e-12 (- 0.00dB)
[@     3m44s] Timestep:        10593 || Speed:   44.9 MC/s (2.810e-02 s/TS) || Energy: ~1.26e-12 (- 0.00dB)
[@     3m48s] Timestep:        10775 || Speed:   55.4 MC/s (2.277e-02 s/TS) || Energy: ~1.24e-12 (- 0.05dB)
[@     3m53s] Timestep:        11021 || Speed:   64.8 MC/s (1.947e-02 s/TS) || Energy: ~1.36e-12 (- 0.00dB)
[@     3m59s] Timestep:        11342 || Speed:   68.8 MC/s (1.834e-02 s/TS) || Energy: ~1.31e-12 (- 0.17dB)
[@     4m03s] Timestep:        11556 || Speed:   61.8 MC/s (2.039e-02 s/TS) || Energy: ~1.40e-12 (- 0.00dB)
[@     4m09s] Timestep:        11770 || Speed:   50.0 MC/s (2.522e-02 s/TS) || Energy: ~1.31e-12 (- 0.26dB)
[@     4m14s] Timestep:        11984 || Speed:   48.5 MC/s (2.601e-02 s/TS) || Energy: ~1.33e-12 (- 0.21dB)
[@     4m19s] Timestep:        12198 || Speed:   59.6 MC/s (2.114e-02 s/TS) || Energy: ~1.34e-12 (- 0.19dB)
[@     4m23s] Timestep:        12412 || Speed:   65.1 MC/s (1.938e-02 s/TS) || Energy: ~1.22e-12 (- 0.60dB)
[@     4m28s] Timestep:        12626 || Speed:   59.5 MC/s (2.119e-02 s/TS) || Energy: ~1.31e-12 (- 0.29dB)
[@     4m32s] Timestep:        12840 || Speed:   57.4 MC/s (2.198e-02 s/TS) || Energy: ~1.15e-12 (- 0.84dB)
[@     4m38s] Timestep:        13054 || Speed:   45.9 MC/s (2.745e-02 s/TS) || Energy: ~1.19e-12 (- 0.71dB)
[@     4m43s] Timestep:        13268 || Speed:   60.6 MC/s (2.083e-02 s/TS) || Energy: ~1.15e-12 (- 0.84dB)
[@     4m47s] Timestep:        13482 || Speed:   65.1 MC/s (1.938e-02 s/TS) || Energy: ~1.03e-12 (- 1.32dB)
[@     4m53s] Timestep:        13792 || Speed:   63.7 MC/s (1.979e-02 s/TS) || Energy: ~1.05e-12 (- 1.23dB)
[@     4m58s] Timestep:        14017 || Speed:   56.5 MC/s (2.230e-02 s/TS) || Energy: ~9.69e-13 (- 1.59dB)
[@     5m04s] Timestep:        14223 || Speed:   43.9 MC/s (2.870e-02 s/TS) || Energy: ~1.07e-12 (- 1.17dB)
[@     5m11s] Timestep:        14445 || Speed:   41.3 MC/s (3.050e-02 s/TS) || Energy: ~8.56e-13 (- 2.12dB)
[@     5m17s] Timestep:        14654 || Speed:   39.9 MC/s (3.162e-02 s/TS) || Energy: ~1.03e-12 (- 1.33dB)
[@     5m24s] Timestep:        14873 || Speed:   43.7 MC/s (2.885e-02 s/TS) || Energy: ~8.29e-13 (- 2.26dB)
[@     5m30s] Timestep:        15085 || Speed:   42.6 MC/s (2.959e-02 s/TS) || Energy: ~9.23e-13 (- 1.80dB)
[@     5m36s] Timestep:        15301 || Speed:   47.5 MC/s (2.653e-02 s/TS) || Energy: ~8.66e-13 (- 2.07dB)
[@     5m41s] Timestep:        15515 || Speed:   47.2 MC/s (2.671e-02 s/TS) || Energy: ~7.92e-13 (- 2.46dB)
[@     5m47s] Timestep:        15729 || Speed:   46.5 MC/s (2.709e-02 s/TS) || Energy: ~9.01e-13 (- 1.90dB)
[@     5m53s] Timestep:        15943 || Speed:   47.3 MC/s (2.664e-02 s/TS) || Energy: ~6.93e-13 (- 3.04dB)
[@     5m59s] Timestep:        16157 || Speed:   45.9 MC/s (2.745e-02 s/TS) || Energy: ~8.76e-13 (- 2.03dB)
[@     6m04s] Timestep:        16371 || Speed:   47.4 MC/s (2.661e-02 s/TS) || Energy: ~6.63e-13 (- 3.23dB)
[@     6m11s] Timestep:        16585 || Speed:   43.7 MC/s (2.886e-02 s/TS) || Energy: ~7.77e-13 (- 2.55dB)
[@     6m16s] Timestep:        16799 || Speed:   46.9 MC/s (2.692e-02 s/TS) || Energy: ~6.90e-13 (- 3.06dB)
[@     6m22s] Timestep:        17013 || Speed:   44.6 MC/s (2.830e-02 s/TS) || Energy: ~6.39e-13 (- 3.39dB)
[@     6m28s] Timestep:        17227 || Speed:   47.4 MC/s (2.659e-02 s/TS) || Energy: ~7.22e-13 (- 2.86dB)
[@     6m34s] Timestep:        17441 || Speed:   45.9 MC/s (2.749e-02 s/TS) || Energy: ~5.26e-13 (- 4.24dB)
[@     6m40s] Timestep:        17655 || Speed:   46.6 MC/s (2.707e-02 s/TS) || Energy: ~7.00e-13 (- 3.00dB)
[@     6m46s] Timestep:        17869 || Speed:   46.1 MC/s (2.735e-02 s/TS) || Energy: ~4.83e-13 (- 4.61dB)
[@     6m51s] Timestep:        18083 || Speed:   46.4 MC/s (2.717e-02 s/TS) || Energy: ~6.02e-13 (- 3.65dB)
[@     6m56s] Timestep:        18297 || Speed:   65.3 MC/s (1.931e-02 s/TS) || Energy: ~5.05e-13 (- 4.41dB)
[@     7m00s] Timestep:        18511 || Speed:   55.7 MC/s (2.263e-02 s/TS) || Energy: ~4.66e-13 (- 4.76dB)
[@     7m07s] Timestep:        18725 || Speed:   43.1 MC/s (2.926e-02 s/TS) || Energy: ~5.37e-13 (- 4.15dB)
[@     7m12s] Timestep:        18939 || Speed:   46.4 MC/s (2.720e-02 s/TS) || Energy: ~3.58e-13 (- 5.91dB)
[@     7m17s] Timestep:        19153 || Speed:   59.3 MC/s (2.128e-02 s/TS) || Energy: ~5.18e-13 (- 4.31dB)
[@     7m21s] Timestep:        19367 || Speed:   65.6 MC/s (1.922e-02 s/TS) || Energy: ~3.23e-13 (- 6.36dB)
[@     7m26s] Timestep:        19581 || Speed:   58.9 MC/s (2.140e-02 s/TS) || Energy: ~4.31e-13 (- 5.11dB)
[@     7m30s] Timestep:        19795 || Speed:   65.7 MC/s (1.921e-02 s/TS) || Energy: ~3.49e-13 (- 6.02dB)
[@     7m34s] Timestep:        20009 || Speed:   59.5 MC/s (2.121e-02 s/TS) || Energy: ~3.13e-13 (- 6.49dB)
[@     7m39s] Timestep:        20223 || Speed:   61.4 MC/s (2.052e-02 s/TS) || Energy: ~3.81e-13 (- 5.64dB)
[@     7m43s] Timestep:        20437 || Speed:   56.6 MC/s (2.226e-02 s/TS) || Energy: ~2.27e-13 (- 7.88dB)
[@     7m48s] Timestep:        20651 || Speed:   62.5 MC/s (2.019e-02 s/TS) || Energy: ~3.66e-13 (- 5.82dB)
[@     7m52s] Timestep:        20865 || Speed:   59.4 MC/s (2.123e-02 s/TS) || Energy: ~2.07e-13 (- 8.30dB)
[@     7m57s] Timestep:        21079 || Speed:   60.1 MC/s (2.098e-02 s/TS) || Energy: ~2.94e-13 (- 6.77dB)
[@     8m01s] Timestep:        21293 || Speed:   62.2 MC/s (2.027e-02 s/TS) || Energy: ~2.35e-13 (- 7.73dB)
[@     8m05s] Timestep:        21507 || Speed:   63.7 MC/s (1.979e-02 s/TS) || Energy: ~2.02e-13 (- 8.39dB)
[@     8m10s] Timestep:        21721 || Speed:   63.4 MC/s (1.989e-02 s/TS) || Energy: ~2.64e-13 (- 7.23dB)
[@     8m14s] Timestep:        21935 || Speed:   62.9 MC/s (2.006e-02 s/TS) || Energy: ~1.40e-13 (- 9.97dB)
[@     8m18s] Timestep:        22149 || Speed:   63.7 MC/s (1.979e-02 s/TS) || Energy: ~2.52e-13 (- 7.43dB)
[@     8m22s] Timestep:        22363 || Speed:   63.3 MC/s (1.992e-02 s/TS) || Energy: ~1.32e-13 (-10.25dB)
[@     8m27s] Timestep:        22577 || Speed:   62.3 MC/s (2.025e-02 s/TS) || Energy: ~1.97e-13 (- 8.51dB)
[@     8m31s] Timestep:        22791 || Speed:   64.6 MC/s (1.951e-02 s/TS) || Energy: ~1.59e-13 (- 9.45dB)
[@     8m35s] Timestep:        23005 || Speed:   60.1 MC/s (2.100e-02 s/TS) || Energy: ~1.29e-13 (-10.34dB)
[@     8m40s] Timestep:        23219 || Speed:   60.9 MC/s (2.072e-02 s/TS) || Energy: ~1.82e-13 (- 8.85dB)
[@     8m44s] Timestep:        23433 || Speed:   59.8 MC/s (2.108e-02 s/TS) || Energy: ~8.73e-14 (-12.04dB)
[@     8m49s] Timestep:        23647 || Speed:   58.9 MC/s (2.141e-02 s/TS) || Energy: ~1.72e-13 (- 9.08dB)
[@     8m53s] Timestep:        23861 || Speed:   62.4 MC/s (2.022e-02 s/TS) || Energy: ~8.53e-14 (-12.14dB)
[@     8m59s] Timestep:        24136 || Speed:   66.2 MC/s (1.904e-02 s/TS) || Energy: ~1.51e-13 (- 9.67dB)
[@     9m04s] Timestep:        24396 || Speed:   65.8 MC/s (1.917e-02 s/TS) || Energy: ~6.55e-14 (-13.29dB)
[@     9m08s] Timestep:        24610 || Speed:   61.1 MC/s (2.065e-02 s/TS) || Energy: ~1.27e-13 (-10.40dB)
[@     9m12s] Timestep:        24824 || Speed:   64.3 MC/s (1.961e-02 s/TS) || Energy: ~7.84e-14 (-12.51dB)
[@     9m17s] Timestep:        25038 || Speed:   57.4 MC/s (2.197e-02 s/TS) || Energy: ~8.64e-14 (-12.09dB)
[@     9m21s] Timestep:        25252 || Speed:   63.3 MC/s (1.992e-02 s/TS) || Energy: ~9.88e-14 (-11.50dB)
[@     9m26s] Timestep:        25466 || Speed:   60.0 MC/s (2.101e-02 s/TS) || Energy: ~5.30e-14 (-14.21dB)
[@     9m30s] Timestep:        25680 || Speed:   63.9 MC/s (1.974e-02 s/TS) || Energy: ~1.04e-13 (-11.28dB)
[@     9m34s] Timestep:        25894 || Speed:   60.0 MC/s (2.101e-02 s/TS) || Energy: ~4.30e-14 (-15.11dB)
[@     9m39s] Timestep:        26108 || Speed:   57.2 MC/s (2.205e-02 s/TS) || Energy: ~8.66e-14 (-12.07dB)
[@     9m43s] Timestep:        26291 || Speed:   55.1 MC/s (2.287e-02 s/TS) || Energy: ~6.40e-14 (-13.39dB)
[@     9m48s] Timestep:        26536 || Speed:   58.9 MC/s (2.140e-02 s/TS) || Energy: ~5.77e-14 (-13.84dB)
[@     9m53s] Timestep:        26750 || Speed:   65.5 MC/s (1.926e-02 s/TS) || Energy: ~6.85e-14 (-13.09dB)
[@     9m57s] Timestep:        26964 || Speed:   67.0 MC/s (1.883e-02 s/TS) || Energy: ~3.50e-14 (-16.01dB)
[@    10m01s] Timestep:        27153 || Speed:   57.3 MC/s (2.199e-02 s/TS) || Energy: ~7.20e-14 (-12.87dB)
[@    10m06s] Timestep:        27392 || Speed:   54.3 MC/s (2.323e-02 s/TS) || Energy: ~2.91e-14 (-16.81dB)
[@    10m11s] Timestep:        27584 || Speed:   47.3 MC/s (2.669e-02 s/TS) || Energy: ~5.53e-14 (-14.02dB)
[@    10m17s] Timestep:        27820 || Speed:   50.5 MC/s (2.496e-02 s/TS) || Energy: ~3.73e-14 (-15.73dB)
[@    10m23s] Timestep:        28015 || Speed:   44.0 MC/s (2.863e-02 s/TS) || Energy: ~3.52e-14 (-15.99dB)
[@    10m29s] Timestep:        28248 || Speed:   46.3 MC/s (2.722e-02 s/TS) || Energy: ~4.78e-14 (-14.66dB)
[@    10m35s] Timestep:        28446 || Speed:   45.9 MC/s (2.745e-02 s/TS) || Energy: ~2.24e-14 (-17.95dB)
[@    10m40s] Timestep:        28676 || Speed:   53.1 MC/s (2.375e-02 s/TS) || Energy: ~4.97e-14 (-14.48dB)
[@    10m45s] Timestep:        28877 || Speed:   52.9 MC/s (2.383e-02 s/TS) || Energy: ~2.12e-14 (-18.19dB)
[@    10m50s] Timestep:        29104 || Speed:   52.4 MC/s (2.408e-02 s/TS) || Energy: ~4.07e-14 (-15.36dB)
[@    10m56s] Timestep:        29308 || Speed:   48.3 MC/s (2.611e-02 s/TS) || Energy: ~2.77e-14 (-17.02dB)
[@    11m01s] Timestep:        29532 || Speed:   53.9 MC/s (2.339e-02 s/TS) || Energy: ~2.66e-14 (-17.20dB)
[@    11m06s] Timestep:        29739 || Speed:   49.6 MC/s (2.543e-02 s/TS) || Energy: ~3.42e-14 (-16.10dB)
[@    11m12s] Timestep:        29960 || Speed:   51.6 MC/s (2.445e-02 s/TS) || Energy: ~1.62e-14 (-19.35dB)
[@    11m17s] Timestep:        30170 || Speed:   46.6 MC/s (2.708e-02 s/TS) || Energy: ~3.45e-14 (-16.07dB)
[@    11m23s] Timestep:        30388 || Speed:   48.6 MC/s (2.593e-02 s/TS) || Energy: ~1.41e-14 (-19.96dB)
[@    11m29s] Timestep:        30601 || Speed:   45.3 MC/s (2.787e-02 s/TS) || Energy: ~2.79e-14 (-16.99dB)
[@    11m35s] Timestep:        30816 || Speed:   45.1 MC/s (2.798e-02 s/TS) || Energy: ~1.84e-14 (-18.80dB)
[@    11m41s] Timestep:        31030 || Speed:   42.9 MC/s (2.942e-02 s/TS) || Energy: ~1.83e-14 (-18.83dB)
[@    11m46s] Timestep:        31244 || Speed:   54.7 MC/s (2.304e-02 s/TS) || Energy: ~2.34e-14 (-17.77dB)
[@    11m51s] Timestep:        31458 || Speed:   58.7 MC/s (2.149e-02 s/TS) || Energy: ~1.12e-14 (-20.95dB)
[@    11m55s] Timestep:        31672 || Speed:   57.7 MC/s (2.184e-02 s/TS) || Energy: ~2.39e-14 (-17.66dB)
[@    12m00s] Timestep:        31886 || Speed:   61.1 MC/s (2.064e-02 s/TS) || Energy: ~9.94e-15 (-21.48dB)
[@    12m04s] Timestep:        32100 || Speed:   60.9 MC/s (2.069e-02 s/TS) || Energy: ~1.93e-14 (-18.59dB)
[@    12m09s] Timestep:        32314 || Speed:   55.3 MC/s (2.279e-02 s/TS) || Energy: ~1.30e-14 (-20.31dB)
[@    12m14s] Timestep:        32528 || Speed:   51.9 MC/s (2.429e-02 s/TS) || Energy: ~1.26e-14 (-20.46dB)
[@    12m20s] Timestep:        32742 || Speed:   51.1 MC/s (2.468e-02 s/TS) || Energy: ~1.63e-14 (-19.32dB)
[@    12m25s] Timestep:        32956 || Speed:   48.4 MC/s (2.606e-02 s/TS) || Energy: ~7.81e-15 (-22.52dB)
[@    12m31s] Timestep:        33170 || Speed:   45.7 MC/s (2.762e-02 s/TS) || Energy: ~1.66e-14 (-19.25dB)
[@    12m37s] Timestep:        33384 || Speed:   46.5 MC/s (2.714e-02 s/TS) || Energy: ~7.03e-15 (-22.98dB)
[@    12m43s] Timestep:        33598 || Speed:   47.3 MC/s (2.664e-02 s/TS) || Energy: ~1.33e-14 (-20.21dB)
[@    12m48s] Timestep:        33812 || Speed:   46.7 MC/s (2.699e-02 s/TS) || Energy: ~9.16e-15 (-21.83dB)
[@    12m54s] Timestep:        34026 || Speed:   44.8 MC/s (2.813e-02 s/TS) || Energy: ~8.66e-15 (-22.07dB)
[@    13m01s] Timestep:        34240 || Speed:   44.4 MC/s (2.839e-02 s/TS) || Energy: ~1.14e-14 (-20.88dB)
[@    13m06s] Timestep:        34454 || Speed:   47.0 MC/s (2.680e-02 s/TS) || Energy: ~5.44e-15 (-24.09dB)
[@    13m12s] Timestep:        34668 || Speed:   43.7 MC/s (2.883e-02 s/TS) || Energy: ~1.15e-14 (-20.85dB)
[@    13m18s] Timestep:        34882 || Speed:   47.5 MC/s (2.653e-02 s/TS) || Energy: ~4.97e-15 (-24.48dB)
[@    13m24s] Timestep:        35096 || Speed:   43.5 MC/s (2.900e-02 s/TS) || Energy: ~9.16e-15 (-21.83dB)
[@    13m29s] Timestep:        35310 || Speed:   56.0 MC/s (2.252e-02 s/TS) || Energy: ~6.45e-15 (-23.35dB)
[@    13m34s] Timestep:        35524 || Speed:   55.7 MC/s (2.262e-02 s/TS) || Energy: ~5.96e-15 (-23.69dB)
[@    13m39s] Timestep:        35738 || Speed:   53.0 MC/s (2.380e-02 s/TS) || Energy: ~7.94e-15 (-22.45dB)
[@    13m45s] Timestep:        35952 || Speed:   49.2 MC/s (2.564e-02 s/TS) || Energy: ~3.80e-15 (-25.65dB)
[@    13m50s] Timestep:        36166 || Speed:   46.0 MC/s (2.741e-02 s/TS) || Energy: ~7.93e-15 (-22.45dB)
[@    13m57s] Timestep:        36380 || Speed:   43.5 MC/s (2.901e-02 s/TS) || Energy: ~3.51e-15 (-25.99dB)
[@    14m03s] Timestep:        36594 || Speed:   45.5 MC/s (2.773e-02 s/TS) || Energy: ~6.30e-15 (-23.46dB)
[@    14m09s] Timestep:        36808 || Speed:   43.7 MC/s (2.888e-02 s/TS) || Energy: ~4.53e-15 (-24.89dB)
[@    14m15s] Timestep:        37022 || Speed:   43.4 MC/s (2.908e-02 s/TS) || Energy: ~4.11e-15 (-25.31dB)
[@    14m20s] Timestep:        37236 || Speed:   57.4 MC/s (2.196e-02 s/TS) || Energy: ~5.52e-15 (-24.03dB)
[@    14m24s] Timestep:        37450 || Speed:   56.9 MC/s (2.218e-02 s/TS) || Energy: ~2.65e-15 (-27.22dB)
[@    14m29s] Timestep:        37664 || Speed:   59.4 MC/s (2.122e-02 s/TS) || Energy: ~5.48e-15 (-24.06dB)
[@    14m34s] Timestep:        37878 || Speed:   58.8 MC/s (2.146e-02 s/TS) || Energy: ~2.48e-15 (-27.51dB)
[@    14m38s] Timestep:        38092 || Speed:   56.3 MC/s (2.242e-02 s/TS) || Energy: ~4.33e-15 (-25.09dB)
[@    14m44s] Timestep:        38306 || Speed:   50.3 MC/s (2.507e-02 s/TS) || Energy: ~3.18e-15 (-26.43dB)
[@    14m49s] Timestep:        38520 || Speed:   51.5 MC/s (2.449e-02 s/TS) || Energy: ~2.82e-15 (-26.94dB)
[@    14m54s] Timestep:        38734 || Speed:   52.6 MC/s (2.399e-02 s/TS) || Energy: ~3.84e-15 (-25.61dB)
[@    15m00s] Timestep:        38948 || Speed:   48.9 MC/s (2.581e-02 s/TS) || Energy: ~1.84e-15 (-28.79dB)
[@    15m05s] Timestep:        39162 || Speed:   53.7 MC/s (2.347e-02 s/TS) || Energy: ~3.77e-15 (-25.68dB)
[@    15m10s] Timestep:        39376 || Speed:   52.9 MC/s (2.384e-02 s/TS) || Energy: ~1.74e-15 (-29.03dB)
[@    15m16s] Timestep:        39590 || Speed:   44.2 MC/s (2.854e-02 s/TS) || Energy: ~2.97e-15 (-26.72dB)
[@    15m21s] Timestep:        39804 || Speed:   57.6 MC/s (2.190e-02 s/TS) || Energy: ~2.22e-15 (-27.98dB)
[@    15m25s] Timestep:        40018 || Speed:   58.1 MC/s (2.169e-02 s/TS) || Energy: ~1.94e-15 (-28.56dB)
[@    15m30s] Timestep:        40232 || Speed:   56.1 MC/s (2.249e-02 s/TS) || Energy: ~2.66e-15 (-27.20dB)
[@    15m35s] Timestep:        40446 || Speed:   55.1 MC/s (2.288e-02 s/TS) || Energy: ~1.28e-15 (-30.36dB)
[@    15m40s] Timestep:        40660 || Speed:   50.2 MC/s (2.513e-02 s/TS) || Energy: ~2.60e-15 (-27.30dB)
[@    15m46s] Timestep:        40874 || Speed:   51.2 MC/s (2.461e-02 s/TS) || Energy: ~1.23e-15 (-30.57dB)
[@    15m51s] Timestep:        41088 || Speed:   48.7 MC/s (2.589e-02 s/TS) || Energy: ~2.04e-15 (-28.36dB)
[@    15m58s] Timestep:        41302 || Speed:   39.8 MC/s (3.169e-02 s/TS) || Energy: ~1.55e-15 (-29.54dB)
[@    16m03s] Timestep:        41516 || Speed:   56.4 MC/s (2.235e-02 s/TS) || Energy: ~1.33e-15 (-30.20dB)
[@    16m07s] Timestep:        41730 || Speed:   55.5 MC/s (2.271e-02 s/TS) || Energy: ~1.84e-15 (-28.80dB)
[@    16m13s] Timestep:        41944 || Speed:   53.6 MC/s (2.351e-02 s/TS) || Energy: ~8.92e-16 (-31.94dB)
[@    16m18s] Timestep:        42158 || Speed:   48.5 MC/s (2.599e-02 s/TS) || Energy: ~1.79e-15 (-28.93dB)
[@    16m23s] Timestep:        42372 || Speed:   53.1 MC/s (2.373e-02 s/TS) || Energy: ~8.59e-16 (-32.11dB)
[@    16m29s] Timestep:        42586 || Speed:   49.6 MC/s (2.543e-02 s/TS) || Energy: ~1.39e-15 (-30.01dB)
[@    16m33s] Timestep:        42800 || Speed:   61.9 MC/s (2.038e-02 s/TS) || Energy: ~1.08e-15 (-31.10dB)
[@    16m38s] Timestep:        43100 || Speed:   73.6 MC/s (1.713e-02 s/TS) || Energy: ~1.28e-15 (-30.37dB)
[@    16m42s] Timestep:        43335 || Speed:   67.9 MC/s (1.856e-02 s/TS) || Energy: ~8.00e-16 (-32.42dB)
[@    16m47s] Timestep:        43531 || Speed:   60.6 MC/s (2.080e-02 s/TS) || Energy: ~8.77e-16 (-32.02dB)
[@    16m52s] Timestep:        43763 || Speed:   58.5 MC/s (2.154e-02 s/TS) || Energy: ~9.98e-16 (-31.46dB)
[@    16m57s] Timestep:        44084 || Speed:   79.9 MC/s (1.578e-02 s/TS) || Energy: ~9.55e-16 (-31.65dB)
[@    17m01s] Timestep:        44405 || Speed:   97.9 MC/s (1.289e-02 s/TS) || Energy: ~4.83e-16 (-34.61dB)
[@    17m05s] Timestep:        44726 || Speed:  100.8 MC/s (1.251e-02 s/TS) || Energy: ~8.78e-16 (-32.01dB)
[@    17m09s] Timestep:        45047 || Speed:   85.5 MC/s (1.474e-02 s/TS) || Energy: ~6.50e-16 (-33.32dB)
[@    17m13s] Timestep:        45261 || Speed:   67.4 MC/s (1.870e-02 s/TS) || Energy: ~6.91e-16 (-33.05dB)
[@    17m19s] Timestep:        45582 || Speed:   74.9 MC/s (1.684e-02 s/TS) || Energy: ~6.53e-16 (-33.30dB)
[@    17m24s] Timestep:        45903 || Speed:   72.8 MC/s (1.732e-02 s/TS) || Energy: ~3.37e-16 (-36.17dB)
[@    17m29s] Timestep:        46224 || Speed:   84.0 MC/s (1.502e-02 s/TS) || Energy: ~6.05e-16 (-33.63dB)
[@    17m34s] Timestep:        46545 || Speed:   78.4 MC/s (1.610e-02 s/TS) || Energy: ~4.45e-16 (-34.97dB)
[@    17m39s] Timestep:        46759 || Speed:   65.8 MC/s (1.916e-02 s/TS) || Energy: ~4.78e-16 (-34.65dB)
[@    17m44s] Timestep:        47080 || Speed:   79.0 MC/s (1.596e-02 s/TS) || Energy: ~4.47e-16 (-34.95dB)
[@    17m49s] Timestep:        47401 || Speed:   78.0 MC/s (1.617e-02 s/TS) || Energy: ~2.34e-16 (-37.75dB)
[@    17m55s] Timestep:        47722 || Speed:   63.0 MC/s (2.003e-02 s/TS) || Energy: ~4.17e-16 (-35.25dB)
[@    18m00s] Timestep:        47936 || Speed:   57.4 MC/s (2.197e-02 s/TS) || Energy: ~2.07e-16 (-38.30dB)
[@    18m05s] Timestep:        48257 || Speed:   84.1 MC/s (1.500e-02 s/TS) || Energy: ~3.30e-16 (-36.26dB)
[@    18m10s] Timestep:        48578 || Speed:   78.1 MC/s (1.614e-02 s/TS) || Energy: ~3.05e-16 (-36.60dB)
[@    18m15s] Timestep:        48899 || Speed:   80.0 MC/s (1.577e-02 s/TS) || Energy: ~1.63e-16 (-39.32dB)
[@    18m20s] Timestep:        49220 || Speed:   80.4 MC/s (1.568e-02 s/TS) || Energy: ~2.87e-16 (-36.87dB)
[@    18m25s] Timestep:        49541 || Speed:   83.5 MC/s (1.511e-02 s/TS) || Energy: ~2.08e-16 (-38.27dB)
[@    18m30s] Timestep:        49862 || Speed:   83.7 MC/s (1.506e-02 s/TS) || Energy: ~1.42e-16 (-39.93dB)
[@    18m35s] Timestep:        50183 || Speed:   80.1 MC/s (1.574e-02 s/TS) || Energy: ~2.37e-16 (-37.71dB)
[@    18m40s] Timestep:        50504 || Speed:   80.2 MC/s (1.573e-02 s/TS) || Energy: ~1.39e-16 (-40.01dB)
Time for 50504 iterations with 1261104.00 cells : 1120.37 sec
Speed: 56.85 MCells/s 

     freq       S11   S21 coupling   AR embedded      Dmax
   5.725G   -28.61dB        -20.63dB         3.17dB     6.21dBi
   5.800G   -11.02dB        -22.36dB         1.32dB     5.97dBi
   5.875G   -10.34dB        -26.67dB         3.04dB     5.96dBi
