[f2] mesh 282x172x26 = 1.26 Mcells   ground 108.8 x 60.0 mm   pitch 25.8442 mm
openEMS - fixed number of threads: 8
 ---------------------------------------------------------------------- 
 | openEMS 64bit -- version v0.37.0-rc1-2-g7b051bb
 | (C) 2010-2026 Thorsten Liebig <thorsten.liebig@gmx.de>  GPL license
 ---------------------------------------------------------------------- 
	Used external libraries:
		CSXCAD -- Version: v0.7.0-rc1-1-g5115701
		hdf5   -- Version: 2.2.0
		          compiled against: HDF5 library version: 2.2.0
		tinyxml -- compiled against: 2.6.2
		fparser
		boost  -- compiled against: 1_90
		vtk -- disabled in this build

Create FDTD operator (compressed SSE + multi-threading)
FDTD simulation size: 282x172x26 --> 1.2611e+06 FDTD cells 
FDTD timestep is: 1.74448e-13 s; Nyquist rate: 431 timesteps @6.65006e+09 Hz
Excitation signal length is: 19320 timesteps (3.37034e-09s)
Max. number of timesteps: 140000 ( --> 7.24638 * Excitation signal length)
Create FDTD engine (compressed SSE + multi-threading)
Running FDTD engine... this may take a while... grab a cup of coffee?!?
[@        4s] Timestep:          321 || Speed:   82.4 MC/s (1.530e-02 s/TS) || Energy: ~6.33e-21 (- 0.00dB)
[@        9s] Timestep:          535 || Speed:   63.1 MC/s (1.999e-02 s/TS) || Energy: ~1.01e-20 (- 0.00dB)
[@       15s] Timestep:          749 || Speed:   45.4 MC/s (2.780e-02 s/TS) || Energy: ~2.55e-20 (- 0.00dB)
[@       21s] Timestep:          963 || Speed:   42.9 MC/s (2.941e-02 s/TS) || Energy: ~6.79e-20 (- 0.00dB)
[@       26s] Timestep:         1177 || Speed:   53.0 MC/s (2.379e-02 s/TS) || Energy: ~9.25e-20 (- 0.00dB)
[@       30s] Timestep:         1391 || Speed:   67.4 MC/s (1.872e-02 s/TS) || Energy: ~3.24e-19 (- 0.00dB)
[@       35s] Timestep:         1605 || Speed:   58.7 MC/s (2.147e-02 s/TS) || Energy: ~3.74e-19 (- 0.00dB)
[@       39s] Timestep:         1819 || Speed:   60.2 MC/s (2.095e-02 s/TS) || Energy: ~1.23e-18 (- 0.00dB)
[@       44s] Timestep:         2033 || Speed:   58.6 MC/s (2.153e-02 s/TS) || Energy: ~1.72e-18 (- 0.00dB)
[@       49s] Timestep:         2247 || Speed:   51.4 MC/s (2.454e-02 s/TS) || Energy: ~3.84e-18 (- 0.00dB)
[@       55s] Timestep:         2461 || Speed:   46.0 MC/s (2.740e-02 s/TS) || Energy: ~7.65e-18 (- 0.00dB)
[@       59s] Timestep:         2675 || Speed:   65.3 MC/s (1.932e-02 s/TS) || Energy: ~1.08e-17 (- 0.00dB)
[@     1m05s] Timestep:         2996 || Speed:   67.2 MC/s (1.878e-02 s/TS) || Energy: ~3.02e-17 (- 0.00dB)
[@     1m10s] Timestep:         3210 || Speed:   59.0 MC/s (2.138e-02 s/TS) || Energy: ~5.31e-17 (- 0.00dB)
[@     1m14s] Timestep:         3424 || Speed:   59.6 MC/s (2.117e-02 s/TS) || Energy: ~1.10e-16 (- 0.00dB)
[@     1m18s] Timestep:         3638 || Speed:   63.1 MC/s (2.000e-02 s/TS) || Energy: ~1.36e-16 (- 0.00dB)
[@     1m23s] Timestep:         3852 || Speed:   63.9 MC/s (1.973e-02 s/TS) || Energy: ~3.36e-16 (- 0.00dB)
[@     1m29s] Timestep:         4066 || Speed:   45.5 MC/s (2.770e-02 s/TS) || Energy: ~3.76e-16 (- 0.00dB)
[@     1m34s] Timestep:         4280 || Speed:   53.7 MC/s (2.351e-02 s/TS) || Energy: ~8.57e-16 (- 0.00dB)
[@     1m40s] Timestep:         4601 || Speed:   67.0 MC/s (1.882e-02 s/TS) || Energy: ~1.25e-15 (- 0.00dB)
[@     1m44s] Timestep:         4815 || Speed:   60.5 MC/s (2.085e-02 s/TS) || Energy: ~2.75e-15 (- 0.00dB)
[@     1m48s] Timestep:         5029 || Speed:   61.1 MC/s (2.064e-02 s/TS) || Energy: ~3.13e-15 (- 0.00dB)
[@     1m53s] Timestep:         5243 || Speed:   63.1 MC/s (2.000e-02 s/TS) || Energy: ~5.94e-15 (- 0.00dB)
[@     1m57s] Timestep:         5457 || Speed:   61.9 MC/s (2.037e-02 s/TS) || Energy: ~7.89e-15 (- 0.00dB)
[@     2m02s] Timestep:         5671 || Speed:   53.0 MC/s (2.379e-02 s/TS) || Energy: ~1.16e-14 (- 0.00dB)
[@     2m08s] Timestep:         5885 || Speed:   47.4 MC/s (2.661e-02 s/TS) || Energy: ~1.83e-14 (- 0.00dB)
[@     2m12s] Timestep:         6099 || Speed:   63.5 MC/s (1.986e-02 s/TS) || Energy: ~2.17e-14 (- 0.00dB)
[@     2m16s] Timestep:         6313 || Speed:   66.2 MC/s (1.904e-02 s/TS) || Energy: ~3.77e-14 (- 0.00dB)
[@     2m21s] Timestep:         6527 || Speed:   59.4 MC/s (2.124e-02 s/TS) || Energy: ~4.12e-14 (- 0.00dB)
[@     2m25s] Timestep:         6741 || Speed:   60.7 MC/s (2.077e-02 s/TS) || Energy: ~6.83e-14 (- 0.00dB)
[@     2m30s] Timestep:         6955 || Speed:   57.3 MC/s (2.202e-02 s/TS) || Energy: ~7.78e-14 (- 0.00dB)
[@     2m35s] Timestep:         7169 || Speed:   49.3 MC/s (2.556e-02 s/TS) || Energy: ~1.13e-13 (- 0.00dB)
[@     2m40s] Timestep:         7327 || Speed:   44.3 MC/s (2.846e-02 s/TS) || Energy: ~1.39e-13 (- 0.00dB)
[@     2m45s] Timestep:         7597 || Speed:   64.1 MC/s (1.967e-02 s/TS) || Energy: ~1.74e-13 (- 0.00dB)
[@     2m51s] Timestep:         7918 || Speed:   69.4 MC/s (1.817e-02 s/TS) || Energy: ~2.35e-13 (- 0.00dB)
[@     2m56s] Timestep:         8132 || Speed:   59.9 MC/s (2.106e-02 s/TS) || Energy: ~3.15e-13 (- 0.00dB)
[@     3m00s] Timestep:         8346 || Speed:   56.7 MC/s (2.223e-02 s/TS) || Energy: ~3.62e-13 (- 0.00dB)
[@     3m06s] Timestep:         8560 || Speed:   43.9 MC/s (2.873e-02 s/TS) || Energy: ~4.35e-13 (- 0.00dB)
[@     3m11s] Timestep:         8774 || Speed:   58.6 MC/s (2.153e-02 s/TS) || Energy: ~5.25e-13 (- 0.00dB)
[@     3m15s] Timestep:         8988 || Speed:   66.4 MC/s (1.900e-02 s/TS) || Energy: ~5.70e-13 (- 0.00dB)
[@     3m19s] Timestep:         9202 || Speed:   65.6 MC/s (1.922e-02 s/TS) || Energy: ~7.11e-13 (- 0.00dB)
[@     3m24s] Timestep:         9416 || Speed:   59.7 MC/s (2.112e-02 s/TS) || Energy: ~7.18e-13 (- 0.00dB)
[@     3m28s] Timestep:         9630 || Speed:   59.1 MC/s (2.133e-02 s/TS) || Energy: ~8.98e-13 (- 0.00dB)
[@     3m34s] Timestep:         9844 || Speed:   44.6 MC/s (2.829e-02 s/TS) || Energy: ~8.72e-13 (- 0.15dB)
[@     3m39s] Timestep:        10058 || Speed:   54.8 MC/s (2.303e-02 s/TS) || Energy: ~1.06e-12 (- 0.00dB)
[@     3m44s] Timestep:        10272 || Speed:   62.8 MC/s (2.009e-02 s/TS) || Energy: ~1.02e-12 (- 0.19dB)
[@     3m48s] Timestep:        10486 || Speed:   66.5 MC/s (1.897e-02 s/TS) || Energy: ~1.19e-12 (- 0.00dB)
[@     3m52s] Timestep:        10700 || Speed:   62.2 MC/s (2.028e-02 s/TS) || Energy: ~1.15e-12 (- 0.17dB)
[@     3m57s] Timestep:        10914 || Speed:   55.4 MC/s (2.277e-02 s/TS) || Energy: ~1.27e-12 (- 0.00dB)
[@     4m03s] Timestep:        11128 || Speed:   46.1 MC/s (2.735e-02 s/TS) || Energy: ~1.26e-12 (- 0.05dB)
[@     4m07s] Timestep:        11342 || Speed:   57.3 MC/s (2.199e-02 s/TS) || Energy: ~1.27e-12 (- 0.01dB)
[@     4m12s] Timestep:        11556 || Speed:   63.9 MC/s (1.975e-02 s/TS) || Energy: ~1.37e-12 (- 0.00dB)
[@     4m16s] Timestep:        11770 || Speed:   62.9 MC/s (2.004e-02 s/TS) || Energy: ~1.17e-12 (- 0.69dB)
[@     4m20s] Timestep:        11984 || Speed:   60.1 MC/s (2.097e-02 s/TS) || Energy: ~1.48e-12 (- 0.00dB)
[@     4m26s] Timestep:        12198 || Speed:   47.0 MC/s (2.682e-02 s/TS) || Energy: ~1.03e-12 (- 1.57dB)
[@     4m31s] Timestep:        12412 || Speed:   53.5 MC/s (2.355e-02 s/TS) || Energy: ~1.52e-12 (- 0.00dB)
[@     4m36s] Timestep:        12626 || Speed:   61.7 MC/s (2.044e-02 s/TS) || Energy: ~9.89e-13 (- 1.85dB)
[@     4m41s] Timestep:        12930 || Speed:   65.7 MC/s (1.919e-02 s/TS) || Energy: ~1.52e-12 (- 0.00dB)
[@     4m46s] Timestep:        13161 || Speed:   58.2 MC/s (2.166e-02 s/TS) || Energy: ~8.01e-13 (- 2.77dB)
[@     4m52s] Timestep:        13361 || Speed:   48.1 MC/s (2.619e-02 s/TS) || Energy: ~1.42e-12 (- 0.29dB)
[@     4m59s] Timestep:        13589 || Speed:   40.6 MC/s (3.109e-02 s/TS) || Energy: ~8.55e-13 (- 2.49dB)
[@     5m05s] Timestep:        13792 || Speed:   39.5 MC/s (3.190e-02 s/TS) || Energy: ~1.11e-12 (- 1.37dB)
[@     5m12s] Timestep:        14017 || Speed:   43.7 MC/s (2.888e-02 s/TS) || Energy: ~1.11e-12 (- 1.36dB)
[@     5m18s] Timestep:        14223 || Speed:   41.8 MC/s (3.019e-02 s/TS) || Energy: ~7.47e-13 (- 3.08dB)
[@     5m24s] Timestep:        14445 || Speed:   46.8 MC/s (2.692e-02 s/TS) || Energy: ~1.33e-12 (- 0.58dB)
[@     5m30s] Timestep:        14654 || Speed:   45.0 MC/s (2.803e-02 s/TS) || Energy: ~5.73e-13 (- 4.23dB)
[@     5m36s] Timestep:        14873 || Speed:   47.5 MC/s (2.653e-02 s/TS) || Energy: ~1.28e-12 (- 0.73dB)
[@     5m41s] Timestep:        15085 || Speed:   46.0 MC/s (2.744e-02 s/TS) || Energy: ~6.76e-13 (- 3.51dB)
[@     5m47s] Timestep:        15301 || Speed:   47.2 MC/s (2.674e-02 s/TS) || Energy: ~9.74e-13 (- 1.92dB)
[@     5m53s] Timestep:        15515 || Speed:   48.0 MC/s (2.625e-02 s/TS) || Energy: ~9.29e-13 (- 2.13dB)
[@     5m59s] Timestep:        15729 || Speed:   45.7 MC/s (2.758e-02 s/TS) || Energy: ~6.32e-13 (- 3.80dB)
[@     6m05s] Timestep:        15943 || Speed:   45.1 MC/s (2.799e-02 s/TS) || Energy: ~1.09e-12 (- 1.45dB)
[@     6m11s] Timestep:        16157 || Speed:   46.2 MC/s (2.731e-02 s/TS) || Energy: ~4.88e-13 (- 4.92dB)
[@     6m16s] Timestep:        16371 || Speed:   46.8 MC/s (2.697e-02 s/TS) || Energy: ~9.90e-13 (- 1.85dB)
[@     6m22s] Timestep:        16585 || Speed:   45.0 MC/s (2.802e-02 s/TS) || Energy: ~5.80e-13 (- 4.18dB)
[@     6m28s] Timestep:        16799 || Speed:   46.6 MC/s (2.707e-02 s/TS) || Energy: ~7.17e-13 (- 3.25dB)
[@     6m34s] Timestep:        17013 || Speed:   45.7 MC/s (2.761e-02 s/TS) || Energy: ~7.44e-13 (- 3.09dB)
[@     6m40s] Timestep:        17227 || Speed:   46.5 MC/s (2.714e-02 s/TS) || Energy: ~4.71e-13 (- 5.08dB)
[@     6m45s] Timestep:        17441 || Speed:   54.4 MC/s (2.318e-02 s/TS) || Energy: ~7.93e-13 (- 2.82dB)
[@     6m49s] Timestep:        17655 || Speed:   61.2 MC/s (2.062e-02 s/TS) || Energy: ~3.90e-13 (- 5.89dB)
[@     6m55s] Timestep:        17869 || Speed:   47.4 MC/s (2.660e-02 s/TS) || Energy: ~6.68e-13 (- 3.56dB)
[@     7m01s] Timestep:        18083 || Speed:   43.0 MC/s (2.931e-02 s/TS) || Energy: ~4.53e-13 (- 5.24dB)
[@     7m06s] Timestep:        18297 || Speed:   54.0 MC/s (2.334e-02 s/TS) || Energy: ~4.63e-13 (- 5.16dB)
[@     7m10s] Timestep:        18511 || Speed:   64.7 MC/s (1.950e-02 s/TS) || Energy: ~5.31e-13 (- 4.56dB)
[@     7m15s] Timestep:        18725 || Speed:   59.3 MC/s (2.126e-02 s/TS) || Energy: ~3.13e-13 (- 6.86dB)
[@     7m19s] Timestep:        18939 || Speed:   65.5 MC/s (1.925e-02 s/TS) || Energy: ~5.16e-13 (- 4.68dB)
[@     7m24s] Timestep:        19153 || Speed:   59.3 MC/s (2.128e-02 s/TS) || Energy: ~2.78e-13 (- 7.36dB)
[@     7m28s] Timestep:        19367 || Speed:   61.0 MC/s (2.068e-02 s/TS) || Energy: ~4.06e-13 (- 5.72dB)
[@     7m33s] Timestep:        19581 || Speed:   57.0 MC/s (2.211e-02 s/TS) || Energy: ~3.17e-13 (- 6.80dB)
[@     7m37s] Timestep:        19795 || Speed:   58.5 MC/s (2.156e-02 s/TS) || Energy: ~2.74e-13 (- 7.43dB)
[@     7m42s] Timestep:        20009 || Speed:   60.2 MC/s (2.093e-02 s/TS) || Energy: ~3.44e-13 (- 6.44dB)
[@     7m46s] Timestep:        20223 || Speed:   58.6 MC/s (2.151e-02 s/TS) || Energy: ~1.95e-13 (- 8.91dB)
[@     7m51s] Timestep:        20437 || Speed:   61.5 MC/s (2.050e-02 s/TS) || Energy: ~3.11e-13 (- 6.88dB)
[@     7m55s] Timestep:        20651 || Speed:   60.4 MC/s (2.087e-02 s/TS) || Energy: ~1.85e-13 (- 9.13dB)
[@     7m59s] Timestep:        20865 || Speed:   63.6 MC/s (1.982e-02 s/TS) || Energy: ~2.32e-13 (- 8.16dB)
[@     8m04s] Timestep:        21079 || Speed:   61.6 MC/s (2.048e-02 s/TS) || Energy: ~2.07e-13 (- 8.65dB)
[@     8m08s] Timestep:        21293 || Speed:   62.0 MC/s (2.033e-02 s/TS) || Energy: ~1.56e-13 (- 9.89dB)
[@     8m13s] Timestep:        21507 || Speed:   62.5 MC/s (2.018e-02 s/TS) || Energy: ~2.11e-13 (- 8.56dB)
[@     8m17s] Timestep:        21721 || Speed:   61.5 MC/s (2.051e-02 s/TS) || Energy: ~1.19e-13 (-11.06dB)
[@     8m21s] Timestep:        21935 || Speed:   62.6 MC/s (2.015e-02 s/TS) || Energy: ~1.79e-13 (- 9.28dB)
[@     8m26s] Timestep:        22149 || Speed:   60.6 MC/s (2.079e-02 s/TS) || Energy: ~1.19e-13 (-11.04dB)
[@     8m30s] Timestep:        22363 || Speed:   60.6 MC/s (2.081e-02 s/TS) || Energy: ~1.28e-13 (-10.73dB)
[@     8m35s] Timestep:        22577 || Speed:   58.4 MC/s (2.160e-02 s/TS) || Energy: ~1.30e-13 (-10.67dB)
[@     8m39s] Timestep:        22791 || Speed:   58.7 MC/s (2.149e-02 s/TS) || Energy: ~8.76e-14 (-12.39dB)
[@     8m44s] Timestep:        23005 || Speed:   62.9 MC/s (2.004e-02 s/TS) || Energy: ~1.25e-13 (-10.84dB)
[@     8m48s] Timestep:        23219 || Speed:   67.2 MC/s (1.878e-02 s/TS) || Energy: ~7.26e-14 (-13.20dB)
[@     8m52s] Timestep:        23433 || Speed:   62.9 MC/s (2.005e-02 s/TS) || Energy: ~1.00e-13 (-11.79dB)
[@     8m56s] Timestep:        23647 || Speed:   62.2 MC/s (2.028e-02 s/TS) || Energy: ~7.60e-14 (-13.00dB)
[@     9m01s] Timestep:        23861 || Speed:   61.2 MC/s (2.060e-02 s/TS) || Energy: ~6.99e-14 (-13.36dB)
[@     9m05s] Timestep:        24075 || Speed:   60.1 MC/s (2.099e-02 s/TS) || Energy: ~7.99e-14 (-12.78dB)
[@     9m10s] Timestep:        24289 || Speed:   58.7 MC/s (2.148e-02 s/TS) || Energy: ~4.99e-14 (-14.83dB)
[@     9m14s] Timestep:        24503 || Speed:   62.8 MC/s (2.007e-02 s/TS) || Energy: ~7.26e-14 (-13.20dB)
[@     9m19s] Timestep:        24717 || Speed:   56.7 MC/s (2.224e-02 s/TS) || Energy: ~4.50e-14 (-15.28dB)
[@     9m23s] Timestep:        24931 || Speed:   60.7 MC/s (2.079e-02 s/TS) || Energy: ~5.55e-14 (-14.37dB)
[@     9m28s] Timestep:        25145 || Speed:   56.2 MC/s (2.245e-02 s/TS) || Energy: ~4.80e-14 (-15.00dB)
[@     9m33s] Timestep:        25359 || Speed:   54.2 MC/s (2.329e-02 s/TS) || Energy: ~3.83e-14 (-15.98dB)
[@     9m38s] Timestep:        25573 || Speed:   58.4 MC/s (2.159e-02 s/TS) || Energy: ~4.85e-14 (-14.96dB)
[@     9m42s] Timestep:        25787 || Speed:   64.0 MC/s (1.971e-02 s/TS) || Energy: ~2.91e-14 (-17.17dB)
[@     9m46s] Timestep:        26001 || Speed:   66.1 MC/s (1.909e-02 s/TS) || Energy: ~4.17e-14 (-15.61dB)
[@     9m50s] Timestep:        26215 || Speed:   61.0 MC/s (2.067e-02 s/TS) || Energy: ~2.82e-14 (-17.30dB)
[@     9m56s] Timestep:        26429 || Speed:   53.2 MC/s (2.370e-02 s/TS) || Energy: ~3.05e-14 (-16.96dB)
[@    10m01s] Timestep:        26643 || Speed:   49.1 MC/s (2.569e-02 s/TS) || Energy: ~3.01e-14 (-17.02dB)
[@    10m07s] Timestep:        26857 || Speed:   49.1 MC/s (2.571e-02 s/TS) || Energy: ~2.12e-14 (-18.54dB)
[@    10m12s] Timestep:        27071 || Speed:   46.9 MC/s (2.691e-02 s/TS) || Energy: ~2.91e-14 (-17.17dB)
[@    10m18s] Timestep:        27285 || Speed:   45.2 MC/s (2.788e-02 s/TS) || Energy: ~1.74e-14 (-19.40dB)
[@    10m24s] Timestep:        27499 || Speed:   44.0 MC/s (2.864e-02 s/TS) || Energy: ~2.37e-14 (-18.05dB)
[@    10m30s] Timestep:        27713 || Speed:   48.6 MC/s (2.596e-02 s/TS) || Energy: ~1.79e-14 (-19.28dB)
[@    10m35s] Timestep:        27927 || Speed:   54.3 MC/s (2.322e-02 s/TS) || Energy: ~1.69e-14 (-19.54dB)
[@    10m40s] Timestep:        28141 || Speed:   52.1 MC/s (2.421e-02 s/TS) || Energy: ~1.89e-14 (-19.06dB)
[@    10m45s] Timestep:        28355 || Speed:   50.5 MC/s (2.498e-02 s/TS) || Energy: ~1.21e-14 (-20.99dB)
[@    10m51s] Timestep:        28569 || Speed:   51.1 MC/s (2.469e-02 s/TS) || Energy: ~1.74e-14 (-19.41dB)
[@    10m56s] Timestep:        28783 || Speed:   51.2 MC/s (2.465e-02 s/TS) || Energy: ~1.07e-14 (-21.50dB)
[@    11m02s] Timestep:        28997 || Speed:   48.6 MC/s (2.593e-02 s/TS) || Energy: ~1.35e-14 (-20.50dB)
[@    11m07s] Timestep:        29211 || Speed:   49.2 MC/s (2.563e-02 s/TS) || Energy: ~1.14e-14 (-21.22dB)
[@    11m13s] Timestep:        29425 || Speed:   46.6 MC/s (2.705e-02 s/TS) || Energy: ~9.40e-15 (-22.08dB)
[@    11m18s] Timestep:        29639 || Speed:   49.1 MC/s (2.566e-02 s/TS) || Energy: ~1.18e-14 (-21.11dB)
[@    11m25s] Timestep:        29853 || Speed:   41.1 MC/s (3.071e-02 s/TS) || Energy: ~7.04e-15 (-23.33dB)
[@    11m31s] Timestep:        30067 || Speed:   41.5 MC/s (3.038e-02 s/TS) || Energy: ~1.03e-14 (-21.67dB)
[@    11m36s] Timestep:        30281 || Speed:   53.7 MC/s (2.347e-02 s/TS) || Energy: ~6.76e-15 (-23.51dB)
[@    11m41s] Timestep:        30495 || Speed:   58.6 MC/s (2.153e-02 s/TS) || Energy: ~7.70e-15 (-22.94dB)
[@    11m46s] Timestep:        30709 || Speed:   56.3 MC/s (2.238e-02 s/TS) || Energy: ~7.33e-15 (-23.16dB)
[@    11m50s] Timestep:        30923 || Speed:   59.8 MC/s (2.109e-02 s/TS) || Energy: ~5.33e-15 (-24.55dB)
[@    11m55s] Timestep:        31137 || Speed:   60.9 MC/s (2.072e-02 s/TS) || Energy: ~7.30e-15 (-23.18dB)
[@    12m00s] Timestep:        31351 || Speed:   55.2 MC/s (2.285e-02 s/TS) || Energy: ~4.24e-15 (-25.54dB)
[@    12m05s] Timestep:        31565 || Speed:   52.1 MC/s (2.420e-02 s/TS) || Energy: ~6.14e-15 (-23.93dB)
[@    12m10s] Timestep:        31779 || Speed:   50.2 MC/s (2.514e-02 s/TS) || Energy: ~4.33e-15 (-25.44dB)
[@    12m16s] Timestep:        31993 || Speed:   47.4 MC/s (2.659e-02 s/TS) || Energy: ~4.42e-15 (-25.35dB)
[@    12m22s] Timestep:        32207 || Speed:   44.8 MC/s (2.817e-02 s/TS) || Energy: ~4.70e-15 (-25.09dB)
[@    12m28s] Timestep:        32421 || Speed:   46.2 MC/s (2.728e-02 s/TS) || Energy: ~3.08e-15 (-26.92dB)
[@    12m33s] Timestep:        32635 || Speed:   47.0 MC/s (2.685e-02 s/TS) || Energy: ~4.53e-15 (-25.25dB)
[@    12m39s] Timestep:        32849 || Speed:   46.7 MC/s (2.700e-02 s/TS) || Energy: ~2.62e-15 (-27.62dB)
[@    12m45s] Timestep:        33063 || Speed:   44.2 MC/s (2.853e-02 s/TS) || Energy: ~3.66e-15 (-26.18dB)
[@    12m51s] Timestep:        33277 || Speed:   44.6 MC/s (2.829e-02 s/TS) || Energy: ~2.80e-15 (-27.33dB)
[@    12m57s] Timestep:        33491 || Speed:   46.5 MC/s (2.709e-02 s/TS) || Energy: ~2.57e-15 (-27.71dB)
[@    13m03s] Timestep:        33705 || Speed:   43.2 MC/s (2.922e-02 s/TS) || Energy: ~3.01e-15 (-27.02dB)
[@    13m09s] Timestep:        33919 || Speed:   48.2 MC/s (2.617e-02 s/TS) || Energy: ~1.83e-15 (-29.18dB)
[@    13m15s] Timestep:        34133 || Speed:   43.9 MC/s (2.871e-02 s/TS) || Energy: ~2.80e-15 (-27.33dB)
[@    13m20s] Timestep:        34347 || Speed:   55.7 MC/s (2.266e-02 s/TS) || Energy: ~1.66e-15 (-29.60dB)
[@    13m25s] Timestep:        34561 || Speed:   55.1 MC/s (2.291e-02 s/TS) || Energy: ~2.19e-15 (-28.41dB)
[@    13m30s] Timestep:        34775 || Speed:   52.2 MC/s (2.415e-02 s/TS) || Energy: ~1.83e-15 (-29.19dB)
[@    13m36s] Timestep:        34989 || Speed:   47.5 MC/s (2.656e-02 s/TS) || Energy: ~1.51e-15 (-30.01dB)
[@    13m42s] Timestep:        35203 || Speed:   45.3 MC/s (2.785e-02 s/TS) || Energy: ~1.93e-15 (-28.95dB)
[@    13m46s] Timestep:        35342 || Speed:   41.7 MC/s (3.024e-02 s/TS) || Energy: ~1.25e-15 (-30.82dB)
[@    13m51s] Timestep:        35524 || Speed:   44.9 MC/s (2.808e-02 s/TS) || Energy: ~1.42e-15 (-30.30dB)
[@    13m57s] Timestep:        35738 || Speed:   45.7 MC/s (2.760e-02 s/TS) || Energy: ~1.54e-15 (-29.94dB)
[@    14m04s] Timestep:        35952 || Speed:   37.9 MC/s (3.327e-02 s/TS) || Energy: ~9.89e-16 (-31.86dB)
[@    14m09s] Timestep:        36166 || Speed:   57.0 MC/s (2.211e-02 s/TS) || Energy: ~1.49e-15 (-30.08dB)
[@    14m14s] Timestep:        36380 || Speed:   54.9 MC/s (2.299e-02 s/TS) || Energy: ~8.49e-16 (-32.52dB)
[@    14m18s] Timestep:        36594 || Speed:   58.8 MC/s (2.146e-02 s/TS) || Energy: ~1.21e-15 (-30.99dB)
[@    14m23s] Timestep:        36808 || Speed:   56.6 MC/s (2.229e-02 s/TS) || Energy: ~9.17e-16 (-32.18dB)
[@    14m28s] Timestep:        37022 || Speed:   55.8 MC/s (2.260e-02 s/TS) || Energy: ~8.54e-16 (-32.49dB)
[@    14m34s] Timestep:        37236 || Speed:   47.9 MC/s (2.634e-02 s/TS) || Energy: ~9.96e-16 (-31.83dB)
[@    14m39s] Timestep:        37450 || Speed:   52.9 MC/s (2.384e-02 s/TS) || Energy: ~6.11e-16 (-33.95dB)
[@    14m44s] Timestep:        37664 || Speed:   49.7 MC/s (2.539e-02 s/TS) || Energy: ~9.38e-16 (-32.09dB)
[@    14m49s] Timestep:        37878 || Speed:   52.2 MC/s (2.418e-02 s/TS) || Energy: ~5.51e-16 (-34.39dB)
[@    14m55s] Timestep:        38092 || Speed:   51.5 MC/s (2.449e-02 s/TS) || Energy: ~7.45e-16 (-33.09dB)
[@    15m00s] Timestep:        38306 || Speed:   53.6 MC/s (2.352e-02 s/TS) || Energy: ~6.05e-16 (-33.99dB)
[@    15m06s] Timestep:        38520 || Speed:   43.6 MC/s (2.893e-02 s/TS) || Energy: ~5.24e-16 (-34.61dB)
[@    15m11s] Timestep:        38734 || Speed:   56.6 MC/s (2.227e-02 s/TS) || Energy: ~6.45e-16 (-33.71dB)
[@    15m15s] Timestep:        38948 || Speed:   55.6 MC/s (2.268e-02 s/TS) || Energy: ~3.87e-16 (-35.93dB)
[@    15m20s] Timestep:        39162 || Speed:   57.6 MC/s (2.191e-02 s/TS) || Energy: ~5.93e-16 (-34.08dB)
[@    15m25s] Timestep:        39376 || Speed:   52.4 MC/s (2.406e-02 s/TS) || Energy: ~3.63e-16 (-36.21dB)
[@    15m30s] Timestep:        39590 || Speed:   51.6 MC/s (2.444e-02 s/TS) || Energy: ~4.63e-16 (-35.15dB)
[@    15m36s] Timestep:        39804 || Speed:   50.1 MC/s (2.518e-02 s/TS) || Energy: ~4.00e-16 (-35.79dB)
[@    15m41s] Timestep:        40018 || Speed:   51.7 MC/s (2.439e-02 s/TS) || Energy: ~3.27e-16 (-36.66dB)
[@    15m48s] Timestep:        40232 || Speed:   38.6 MC/s (3.268e-02 s/TS) || Energy: ~4.18e-16 (-35.60dB)
[@    15m53s] Timestep:        40446 || Speed:   56.3 MC/s (2.241e-02 s/TS) || Energy: ~2.50e-16 (-37.83dB)
[@    15m58s] Timestep:        40660 || Speed:   54.3 MC/s (2.321e-02 s/TS) || Energy: ~3.76e-16 (-36.05dB)
[@    16m03s] Timestep:        40874 || Speed:   53.9 MC/s (2.342e-02 s/TS) || Energy: ~2.42e-16 (-37.97dB)
[@    16m09s] Timestep:        41088 || Speed:   47.6 MC/s (2.650e-02 s/TS) || Energy: ~2.91e-16 (-37.17dB)
[@    16m13s] Timestep:        41302 || Speed:   54.7 MC/s (2.304e-02 s/TS) || Energy: ~2.65e-16 (-37.58dB)
[@    16m19s] Timestep:        41516 || Speed:   47.4 MC/s (2.659e-02 s/TS) || Energy: ~2.08e-16 (-38.63dB)
[@    16m23s] Timestep:        41730 || Speed:   63.5 MC/s (1.984e-02 s/TS) || Energy: ~2.71e-16 (-37.48dB)
[@    16m29s] Timestep:        42051 || Speed:   72.0 MC/s (1.750e-02 s/TS) || Energy: ~1.96e-16 (-38.88dB)
[@    16m33s] Timestep:        42265 || Speed:   65.8 MC/s (1.916e-02 s/TS) || Energy: ~2.20e-16 (-38.38dB)
[@    16m37s] Timestep:        42479 || Speed:   63.0 MC/s (2.000e-02 s/TS) || Energy: ~1.46e-16 (-40.17dB)
Time for 42479 iterations with 1261104.00 cells : 997.88 sec
Speed: 53.68 MCells/s 

     freq       S11   S21 coupling   AR embedded      Dmax
   5.725G   -10.06dB        -20.82dB         4.14dB     6.06dBi
   5.800G    -7.34dB        -21.97dB         4.91dB     6.36dBi
   5.875G    -5.77dB        -25.95dB         7.22dB     6.24dBi
