[fa] mesh 286x161x24 = 1.11 Mcells   ground 108.2 x 59.1 mm   pitch 25.8442 mm
openEMS - fixed number of threads: 8
 ---------------------------------------------------------------------- 
 | openEMS 64bit -- version v0.37.0-rc1-2-g7b051bb
 | (C) 2010-2026 Thorsten Liebig <thorsten.liebig@gmx.de>  GPL license
 ---------------------------------------------------------------------- 
	Used external libraries:
		CSXCAD -- Version: v0.7.0-rc1-1-g5115701
		hdf5   -- Version: 2.2.0
		          compiled against: HDF5 library version: 2.2.0
		tinyxml -- compiled against: 2.6.2
		fparser
		boost  -- compiled against: 1_90
		vtk -- disabled in this build

Create FDTD operator (compressed SSE + multi-threading)
FDTD simulation size: 286x161x24 --> 1.1051e+06 FDTD cells 
FDTD timestep is: 1.78153e-13 s; Nyquist rate: 422 timesteps @6.65066e+09 Hz
Excitation signal length is: 18919 timesteps (3.37047e-09s)
Max. number of timesteps: 140000 ( --> 7.39997 * Excitation signal length)
Create FDTD engine (compressed SSE + multi-threading)
Running FDTD engine... this may take a while... grab a cup of coffee?!?
[@        4s] Timestep:          630 || Speed:  150.9 MC/s (7.321e-03 s/TS) || Energy: ~1.83e-20 (- 0.00dB)
[@        9s] Timestep:         1260 || Speed:  152.8 MC/s (7.231e-03 s/TS) || Energy: ~3.38e-19 (- 0.00dB)
[@       13s] Timestep:         1890 || Speed:  146.1 MC/s (7.564e-03 s/TS) || Energy: ~2.83e-18 (- 0.00dB)
[@       18s] Timestep:         2520 || Speed:  160.2 MC/s (6.896e-03 s/TS) || Energy: ~1.28e-17 (- 0.00dB)
[@       22s] Timestep:         3150 || Speed:  149.1 MC/s (7.414e-03 s/TS) || Energy: ~8.71e-17 (- 0.00dB)
[@       27s] Timestep:         3780 || Speed:  152.7 MC/s (7.237e-03 s/TS) || Energy: ~5.44e-16 (- 0.00dB)
[@       32s] Timestep:         4410 || Speed:  152.4 MC/s (7.250e-03 s/TS) || Energy: ~1.92e-15 (- 0.00dB)
[@       36s] Timestep:         4935 || Speed:  145.0 MC/s (7.621e-03 s/TS) || Energy: ~5.48e-15 (- 0.00dB)
[@       40s] Timestep:         5460 || Speed:  132.1 MC/s (8.364e-03 s/TS) || Energy: ~1.45e-14 (- 0.00dB)
[@       44s] Timestep:         5985 || Speed:  144.9 MC/s (7.626e-03 s/TS) || Energy: ~3.54e-14 (- 0.00dB)
[@       48s] Timestep:         6510 || Speed:  143.8 MC/s (7.688e-03 s/TS) || Energy: ~7.84e-14 (- 0.00dB)
[@       52s] Timestep:         7035 || Speed:  144.4 MC/s (7.654e-03 s/TS) || Energy: ~1.57e-13 (- 0.00dB)
[@       56s] Timestep:         7560 || Speed:  144.0 MC/s (7.672e-03 s/TS) || Energy: ~2.83e-13 (- 0.00dB)
[@     1m01s] Timestep:         8190 || Speed:  148.3 MC/s (7.454e-03 s/TS) || Energy: ~5.72e-13 (- 0.00dB)
[@     1m05s] Timestep:         8715 || Speed:  145.0 MC/s (7.620e-03 s/TS) || Energy: ~8.67e-13 (- 0.00dB)
[@     1m09s] Timestep:         9240 || Speed:  140.8 MC/s (7.848e-03 s/TS) || Energy: ~1.19e-12 (- 0.00dB)
[@     1m13s] Timestep:         9765 || Speed:  135.8 MC/s (8.140e-03 s/TS) || Energy: ~1.46e-12 (- 0.00dB)
[@     1m18s] Timestep:        10290 || Speed:  131.5 MC/s (8.405e-03 s/TS) || Energy: ~1.61e-12 (- 0.00dB)
[@     1m22s] Timestep:        10920 || Speed:  146.4 MC/s (7.547e-03 s/TS) || Energy: ~1.45e-12 (- 0.47dB)
[@     1m26s] Timestep:        11394 || Speed:  130.1 MC/s (8.492e-03 s/TS) || Energy: ~1.42e-12 (- 0.55dB)
[@     1m31s] Timestep:        11970 || Speed:  144.7 MC/s (7.635e-03 s/TS) || Energy: ~1.30e-12 (- 0.95dB)
[@     1m35s] Timestep:        12495 || Speed:  141.9 MC/s (7.786e-03 s/TS) || Energy: ~1.18e-12 (- 1.36dB)
[@     1m39s] Timestep:        13082 || Speed:  146.5 MC/s (7.544e-03 s/TS) || Energy: ~1.08e-12 (- 1.74dB)
[@     1m44s] Timestep:        13650 || Speed:  147.3 MC/s (7.503e-03 s/TS) || Energy: ~9.02e-13 (- 2.53dB)
[@     1m48s] Timestep:        14280 || Speed:  154.0 MC/s (7.175e-03 s/TS) || Energy: ~5.96e-13 (- 4.33dB)
[@     1m52s] Timestep:        14805 || Speed:  143.9 MC/s (7.678e-03 s/TS) || Energy: ~4.79e-13 (- 5.27dB)
[@     1m56s] Timestep:        15330 || Speed:  141.3 MC/s (7.820e-03 s/TS) || Energy: ~3.98e-13 (- 6.07dB)
[@     2m01s] Timestep:        15960 || Speed:  147.3 MC/s (7.501e-03 s/TS) || Energy: ~4.45e-13 (- 5.59dB)
[@     2m06s] Timestep:        16590 || Speed:  150.3 MC/s (7.351e-03 s/TS) || Energy: ~4.19e-13 (- 5.86dB)
[@     2m10s] Timestep:        17220 || Speed:  153.4 MC/s (7.206e-03 s/TS) || Energy: ~2.41e-13 (- 8.26dB)
[@     2m15s] Timestep:        17850 || Speed:  148.1 MC/s (7.461e-03 s/TS) || Energy: ~1.90e-13 (- 9.29dB)
[@     2m19s] Timestep:        18480 || Speed:  156.4 MC/s (7.066e-03 s/TS) || Energy: ~2.24e-13 (- 8.57dB)
[@     2m24s] Timestep:        19110 || Speed:  146.5 MC/s (7.543e-03 s/TS) || Energy: ~1.61e-13 (-10.01dB)
[@     2m29s] Timestep:        19740 || Speed:  148.9 MC/s (7.424e-03 s/TS) || Energy: ~8.27e-14 (-12.90dB)
[@     2m33s] Timestep:        20370 || Speed:  152.6 MC/s (7.241e-03 s/TS) || Energy: ~8.48e-14 (-12.80dB)
[@     2m37s] Timestep:        20895 || Speed:  137.8 MC/s (8.019e-03 s/TS) || Energy: ~7.62e-14 (-13.26dB)
[@     2m41s] Timestep:        21420 || Speed:  142.6 MC/s (7.751e-03 s/TS) || Energy: ~6.75e-14 (-13.79dB)
[@     2m46s] Timestep:        21944 || Speed:  137.8 MC/s (8.022e-03 s/TS) || Energy: ~5.84e-14 (-14.41dB)
[@     2m50s] Timestep:        22470 || Speed:  138.2 MC/s (7.999e-03 s/TS) || Energy: ~4.98e-14 (-15.10dB)
[@     2m54s] Timestep:        22995 || Speed:  143.3 MC/s (7.712e-03 s/TS) || Energy: ~4.17e-14 (-15.88dB)
[@     2m59s] Timestep:        23625 || Speed:  145.6 MC/s (7.589e-03 s/TS) || Energy: ~2.73e-14 (-17.72dB)
[@     3m04s] Timestep:        24255 || Speed:  144.9 MC/s (7.626e-03 s/TS) || Energy: ~1.56e-14 (-20.15dB)
[@     3m08s] Timestep:        24885 || Speed:  145.4 MC/s (7.601e-03 s/TS) || Energy: ~1.61e-14 (-20.00dB)
[@     3m13s] Timestep:        25410 || Speed:  132.9 MC/s (8.315e-03 s/TS) || Energy: ~1.44e-14 (-20.49dB)
[@     3m17s] Timestep:        25935 || Speed:  142.4 MC/s (7.763e-03 s/TS) || Energy: ~1.28e-14 (-21.01dB)
[@     3m21s] Timestep:        26460 || Speed:  132.2 MC/s (8.357e-03 s/TS) || Energy: ~1.13e-14 (-21.56dB)
[@     3m25s] Timestep:        26985 || Speed:  140.8 MC/s (7.849e-03 s/TS) || Energy: ~9.82e-15 (-22.16dB)
[@     3m29s] Timestep:        27510 || Speed:  143.4 MC/s (7.706e-03 s/TS) || Energy: ~8.46e-15 (-22.80dB)
[@     3m34s] Timestep:        28140 || Speed:  144.7 MC/s (7.636e-03 s/TS) || Energy: ~6.10e-15 (-24.22dB)
[@     3m38s] Timestep:        28665 || Speed:  143.7 MC/s (7.690e-03 s/TS) || Energy: ~4.77e-15 (-25.29dB)
[@     3m42s] Timestep:        29190 || Speed:  141.2 MC/s (7.829e-03 s/TS) || Energy: ~3.68e-15 (-26.42dB)
[@     3m46s] Timestep:        29715 || Speed:  143.3 MC/s (7.713e-03 s/TS) || Energy: ~2.82e-15 (-27.58dB)
[@     3m50s] Timestep:        30240 || Speed:  140.2 MC/s (7.883e-03 s/TS) || Energy: ~2.15e-15 (-28.75dB)
[@     3m55s] Timestep:        30765 || Speed:  140.0 MC/s (7.891e-03 s/TS) || Energy: ~1.65e-15 (-29.89dB)
[@     3m59s] Timestep:        31395 || Speed:  145.1 MC/s (7.614e-03 s/TS) || Energy: ~1.46e-15 (-30.45dB)
[@     4m04s] Timestep:        31920 || Speed:  135.7 MC/s (8.146e-03 s/TS) || Energy: ~1.30e-15 (-30.92dB)
[@     4m08s] Timestep:        32494 || Speed:  142.3 MC/s (7.765e-03 s/TS) || Energy: ~1.36e-15 (-30.75dB)
[@     4m13s] Timestep:        33075 || Speed:  143.4 MC/s (7.704e-03 s/TS) || Energy: ~1.23e-15 (-31.19dB)
[@     4m17s] Timestep:        33600 || Speed:  142.2 MC/s (7.772e-03 s/TS) || Energy: ~1.01e-15 (-32.05dB)
[@     4m21s] Timestep:        34125 || Speed:  139.8 MC/s (7.907e-03 s/TS) || Energy: ~8.13e-16 (-32.98dB)
[@     4m25s] Timestep:        34650 || Speed:  132.8 MC/s (8.321e-03 s/TS) || Energy: ~6.45e-16 (-33.98dB)
[@     4m29s] Timestep:        35175 || Speed:  143.0 MC/s (7.726e-03 s/TS) || Energy: ~5.04e-16 (-35.05dB)
[@     4m33s] Timestep:        35700 || Speed:  143.6 MC/s (7.698e-03 s/TS) || Energy: ~3.89e-16 (-36.18dB)
[@     4m37s] Timestep:        36225 || Speed:  144.1 MC/s (7.668e-03 s/TS) || Energy: ~2.97e-16 (-37.35dB)
[@     4m42s] Timestep:        36855 || Speed:  149.9 MC/s (7.371e-03 s/TS) || Energy: ~1.69e-16 (-39.81dB)
[@     4m47s] Timestep:        37485 || Speed:  146.0 MC/s (7.570e-03 s/TS) || Energy: ~2.09e-16 (-38.87dB)
[@     4m51s] Timestep:        38010 || Speed:  137.1 MC/s (8.060e-03 s/TS) || Energy: ~1.90e-16 (-39.30dB)
[@     4m55s] Timestep:        38535 || Speed:  140.2 MC/s (7.880e-03 s/TS) || Energy: ~1.70e-16 (-39.78dB)
[@     4m59s] Timestep:        39060 || Speed:  144.6 MC/s (7.640e-03 s/TS) || Energy: ~1.49e-16 (-40.34dB)
Time for 39060 iterations with 1105104.00 cells : 299.63 sec
Speed: 144.06 MCells/s 

     freq       S11   S21 coupling   AR embedded      Dmax
   5.725G    -5.99dB        -31.86dB         3.55dB     6.57dBi
   5.800G    -6.50dB        -33.81dB         8.69dB     6.53dBi
   5.875G    -7.83dB        -35.69dB        15.46dB     6.42dBi
