[cut2] driving TX2   mesh 297x443x24 = 3.16 Mcells   board 76.0 x 176.0 mm   slot y 66.0..78.0, 199 vias kept
openEMS - fixed number of threads: 6
 ---------------------------------------------------------------------- 
 | openEMS 64bit -- version v0.37.0-rc1-2-g7b051bb
 | (C) 2010-2026 Thorsten Liebig <thorsten.liebig@gmx.de>  GPL license
 ---------------------------------------------------------------------- 
	Used external libraries:
		CSXCAD -- Version: v0.7.0-rc1-1-g5115701
		hdf5   -- Version: 2.2.0
		          compiled against: HDF5 library version: 2.2.0
		tinyxml -- compiled against: 2.6.2
		fparser
		boost  -- compiled against: 1_90
		vtk -- disabled in this build

Create FDTD operator (compressed SSE + multi-threading)
FDTD simulation size: 297x443x24 --> 3.1577e+06 FDTD cells 
FDTD timestep is: 1.10087e-13 s; Nyquist rate: 709 timesteps @6.406e+09 Hz
Excitation signal length is: 43372 timesteps (4.7747e-09s)
Max. number of timesteps: 200000 ( --> 4.61127 * Excitation signal length)
Create FDTD engine (compressed SSE + multi-threading)
Warning: Unused primitive (type: Polygon) detected in property: top!
Warning: Unused primitive (type: Polygon) detected in property: top!
Warning: Unused primitive (type: Polygon) detected in property: top!
Running FDTD engine... this may take a while... grab a cup of coffee?!?
[@        8s] Timestep:          177 || Speed:   62.6 MC/s (5.048e-02 s/TS) || Energy: ~3.06e-22 (- 0.00dB)
[@       15s] Timestep:          354 || Speed:   80.9 MC/s (3.901e-02 s/TS) || Energy: ~2.02e-21 (- 0.00dB)
[@       24s] Timestep:          531 || Speed:   62.9 MC/s (5.022e-02 s/TS) || Energy: ~6.71e-21 (- 0.00dB)
[@       31s] Timestep:          708 || Speed:   83.5 MC/s (3.783e-02 s/TS) || Energy: ~1.67e-20 (- 0.00dB)
[@       37s] Timestep:          885 || Speed:   92.8 MC/s (3.402e-02 s/TS) || Energy: ~2.68e-20 (- 0.00dB)
[@       42s] Timestep:         1062 || Speed:  100.9 MC/s (3.130e-02 s/TS) || Energy: ~3.31e-20 (- 0.00dB)
[@       48s] Timestep:         1239 || Speed:  108.5 MC/s (2.910e-02 s/TS) || Energy: ~4.49e-20 (- 0.00dB)
[@       54s] Timestep:         1416 || Speed:   94.4 MC/s (3.343e-02 s/TS) || Energy: ~6.79e-20 (- 0.00dB)
[@     1m00s] Timestep:         1593 || Speed:   88.8 MC/s (3.554e-02 s/TS) || Energy: ~9.45e-20 (- 0.00dB)
[@     1m05s] Timestep:         1770 || Speed:   99.9 MC/s (3.160e-02 s/TS) || Energy: ~1.25e-19 (- 0.00dB)
[@     1m11s] Timestep:         1947 || Speed:   97.6 MC/s (3.236e-02 s/TS) || Energy: ~1.62e-19 (- 0.00dB)
[@     1m17s] Timestep:         2124 || Speed:  104.7 MC/s (3.015e-02 s/TS) || Energy: ~2.22e-19 (- 0.00dB)
[@     1m22s] Timestep:         2301 || Speed:  103.3 MC/s (3.056e-02 s/TS) || Energy: ~3.04e-19 (- 0.00dB)
[@     1m28s] Timestep:         2478 || Speed:   96.3 MC/s (3.279e-02 s/TS) || Energy: ~3.96e-19 (- 0.00dB)
[@     1m34s] Timestep:         2655 || Speed:   94.8 MC/s (3.330e-02 s/TS) || Energy: ~5.01e-19 (- 0.00dB)
[@     1m40s] Timestep:         2832 || Speed:   93.0 MC/s (3.397e-02 s/TS) || Energy: ~6.56e-19 (- 0.00dB)
[@     1m47s] Timestep:         3009 || Speed:   77.2 MC/s (4.089e-02 s/TS) || Energy: ~9.07e-19 (- 0.00dB)
[@     1m53s] Timestep:         3186 || Speed:   87.7 MC/s (3.600e-02 s/TS) || Energy: ~1.21e-18 (- 0.00dB)
[@     1m59s] Timestep:         3363 || Speed:   97.3 MC/s (3.246e-02 s/TS) || Energy: ~1.47e-18 (- 0.00dB)
[@     2m05s] Timestep:         3540 || Speed:   97.5 MC/s (3.237e-02 s/TS) || Energy: ~1.82e-18 (- 0.00dB)
[@     2m11s] Timestep:         3717 || Speed:   92.5 MC/s (3.413e-02 s/TS) || Energy: ~2.49e-18 (- 0.00dB)
[@     2m16s] Timestep:         3894 || Speed:  107.3 MC/s (2.943e-02 s/TS) || Energy: ~3.42e-18 (- 0.00dB)
[@     2m22s] Timestep:         4071 || Speed:   92.7 MC/s (3.406e-02 s/TS) || Energy: ~4.24e-18 (- 0.00dB)
[@     2m28s] Timestep:         4248 || Speed:   92.0 MC/s (3.432e-02 s/TS) || Energy: ~5.02e-18 (- 0.00dB)
[@     2m33s] Timestep:         4425 || Speed:  105.0 MC/s (3.007e-02 s/TS) || Energy: ~6.52e-18 (- 0.00dB)
[@     2m38s] Timestep:         4602 || Speed:  127.7 MC/s (2.472e-02 s/TS) || Energy: ~9.05e-18 (- 0.00dB)
[@     2m42s] Timestep:         4779 || Speed:  129.6 MC/s (2.436e-02 s/TS) || Energy: ~1.16e-17 (- 0.00dB)
[@     2m47s] Timestep:         4956 || Speed:  113.2 MC/s (2.789e-02 s/TS) || Energy: ~1.36e-17 (- 0.00dB)
[@     2m52s] Timestep:         5133 || Speed:  106.0 MC/s (2.978e-02 s/TS) || Energy: ~1.67e-17 (- 0.00dB)
[@     2m58s] Timestep:         5310 || Speed:  106.9 MC/s (2.955e-02 s/TS) || Energy: ~2.28e-17 (- 0.00dB)
[@     3m03s] Timestep:         5487 || Speed:  103.5 MC/s (3.050e-02 s/TS) || Energy: ~3.01e-17 (- 0.00dB)
[@     3m09s] Timestep:         5664 || Speed:   87.7 MC/s (3.601e-02 s/TS) || Energy: ~3.58e-17 (- 0.00dB)
[@     3m16s] Timestep:         5841 || Speed:   82.4 MC/s (3.833e-02 s/TS) || Energy: ~4.19e-17 (- 0.00dB)
[@     3m21s] Timestep:         6018 || Speed:  105.8 MC/s (2.984e-02 s/TS) || Energy: ~5.46e-17 (- 0.00dB)
[@     3m27s] Timestep:         6195 || Speed:  100.9 MC/s (3.130e-02 s/TS) || Energy: ~7.39e-17 (- 0.00dB)
[@     3m33s] Timestep:         6372 || Speed:   93.7 MC/s (3.368e-02 s/TS) || Energy: ~9.08e-17 (- 0.00dB)
[@     3m40s] Timestep:         6549 || Speed:   82.7 MC/s (3.820e-02 s/TS) || Energy: ~1.04e-16 (- 0.00dB)
[@     3m46s] Timestep:         6726 || Speed:   84.4 MC/s (3.741e-02 s/TS) || Energy: ~1.27e-16 (- 0.00dB)
[@     3m52s] Timestep:         6903 || Speed:   97.8 MC/s (3.227e-02 s/TS) || Energy: ~1.71e-16 (- 0.00dB)
[@     3m57s] Timestep:         7080 || Speed:  101.4 MC/s (3.115e-02 s/TS) || Energy: ~2.19e-16 (- 0.00dB)
[@     4m03s] Timestep:         7257 || Speed:  102.5 MC/s (3.080e-02 s/TS) || Energy: ~2.51e-16 (- 0.00dB)
[@     4m08s] Timestep:         7434 || Speed:  111.2 MC/s (2.839e-02 s/TS) || Energy: ~2.91e-16 (- 0.00dB)
[@     4m14s] Timestep:         7611 || Speed:   95.1 MC/s (3.321e-02 s/TS) || Energy: ~3.77e-16 (- 0.00dB)
[@     4m20s] Timestep:         7788 || Speed:   87.4 MC/s (3.611e-02 s/TS) || Energy: ~4.97e-16 (- 0.00dB)
[@     4m28s] Timestep:         7965 || Speed:   74.8 MC/s (4.224e-02 s/TS) || Energy: ~5.89e-16 (- 0.00dB)
[@     4m35s] Timestep:         8142 || Speed:   80.4 MC/s (3.928e-02 s/TS) || Energy: ~6.58e-16 (- 0.00dB)
[@     4m42s] Timestep:         8319 || Speed:   71.6 MC/s (4.413e-02 s/TS) || Energy: ~8.04e-16 (- 0.00dB)
[@     4m48s] Timestep:         8496 || Speed:  101.5 MC/s (3.110e-02 s/TS) || Energy: ~1.07e-15 (- 0.00dB)
[@     4m53s] Timestep:         8673 || Speed:  108.3 MC/s (2.916e-02 s/TS) || Energy: ~1.32e-15 (- 0.00dB)
[@     4m59s] Timestep:         8850 || Speed:   98.6 MC/s (3.203e-02 s/TS) || Energy: ~1.46e-15 (- 0.00dB)
[@     5m04s] Timestep:         9027 || Speed:  111.8 MC/s (2.823e-02 s/TS) || Energy: ~1.68e-15 (- 0.00dB)
[@     5m09s] Timestep:         9204 || Speed:  106.2 MC/s (2.973e-02 s/TS) || Energy: ~2.17e-15 (- 0.00dB)
[@     5m15s] Timestep:         9381 || Speed:  100.6 MC/s (3.138e-02 s/TS) || Energy: ~2.78e-15 (- 0.00dB)
[@     5m20s] Timestep:         9558 || Speed:  106.5 MC/s (2.964e-02 s/TS) || Energy: ~3.16e-15 (- 0.00dB)
[@     5m25s] Timestep:         9735 || Speed:  112.0 MC/s (2.820e-02 s/TS) || Energy: ~3.47e-15 (- 0.00dB)
[@     5m31s] Timestep:         9912 || Speed:   92.2 MC/s (3.424e-02 s/TS) || Energy: ~4.25e-15 (- 0.00dB)
[@     5m39s] Timestep:        10089 || Speed:   69.4 MC/s (4.547e-02 s/TS) || Energy: ~5.53e-15 (- 0.00dB)
[@     5m48s] Timestep:        10266 || Speed:   61.6 MC/s (5.130e-02 s/TS) || Energy: ~6.56e-15 (- 0.00dB)
[@     5m56s] Timestep:        10443 || Speed:   73.6 MC/s (4.292e-02 s/TS) || Energy: ~7.08e-15 (- 0.00dB)
[@     6m03s] Timestep:        10620 || Speed:   75.8 MC/s (4.168e-02 s/TS) || Energy: ~8.11e-15 (- 0.00dB)
[@     6m12s] Timestep:        10797 || Speed:   63.2 MC/s (5.000e-02 s/TS) || Energy: ~1.04e-14 (- 0.00dB)
[@     6m17s] Timestep:        10974 || Speed:  102.5 MC/s (3.080e-02 s/TS) || Energy: ~1.29e-14 (- 0.00dB)
[@     6m23s] Timestep:        11151 || Speed:   99.4 MC/s (3.177e-02 s/TS) || Energy: ~1.41e-14 (- 0.00dB)
[@     6m29s] Timestep:        11328 || Speed:   94.7 MC/s (3.333e-02 s/TS) || Energy: ~1.53e-14 (- 0.00dB)
[@     6m37s] Timestep:        11505 || Speed:   70.5 MC/s (4.477e-02 s/TS) || Energy: ~1.88e-14 (- 0.00dB)
[@     6m44s] Timestep:        11682 || Speed:   80.8 MC/s (3.910e-02 s/TS) || Energy: ~2.39e-14 (- 0.00dB)
[@     6m50s] Timestep:        11859 || Speed:   93.3 MC/s (3.383e-02 s/TS) || Energy: ~2.72e-14 (- 0.00dB)
[@     6m56s] Timestep:        12036 || Speed:   93.1 MC/s (3.392e-02 s/TS) || Energy: ~2.86e-14 (- 0.00dB)
[@     7m02s] Timestep:        12213 || Speed:   92.8 MC/s (3.404e-02 s/TS) || Energy: ~3.28e-14 (- 0.00dB)
[@     7m07s] Timestep:        12390 || Speed:   98.0 MC/s (3.222e-02 s/TS) || Energy: ~4.17e-14 (- 0.00dB)
[@     7m14s] Timestep:        12567 || Speed:   85.6 MC/s (3.689e-02 s/TS) || Energy: ~4.98e-14 (- 0.00dB)
[@     7m23s] Timestep:        12744 || Speed:   62.2 MC/s (5.080e-02 s/TS) || Energy: ~5.27e-14 (- 0.00dB)
[@     7m32s] Timestep:        12921 || Speed:   59.7 MC/s (5.291e-02 s/TS) || Energy: ~5.66e-14 (- 0.00dB)
[@     7m38s] Timestep:        13098 || Speed:   95.0 MC/s (3.324e-02 s/TS) || Energy: ~6.94e-14 (- 0.00dB)
[@     7m43s] Timestep:        13275 || Speed:  114.7 MC/s (2.754e-02 s/TS) || Energy: ~8.59e-14 (- 0.00dB)
[@     7m48s] Timestep:        13452 || Speed:  104.6 MC/s (3.018e-02 s/TS) || Energy: ~9.41e-14 (- 0.00dB)
[@     7m54s] Timestep:        13629 || Speed:  107.6 MC/s (2.934e-02 s/TS) || Energy: ~9.70e-14 (- 0.00dB)
[@     7m59s] Timestep:        13806 || Speed:  107.4 MC/s (2.941e-02 s/TS) || Energy: ~1.12e-13 (- 0.00dB)
[@     8m04s] Timestep:        13983 || Speed:  101.6 MC/s (3.108e-02 s/TS) || Energy: ~1.40e-13 (- 0.00dB)
[@     8m11s] Timestep:        14160 || Speed:   86.8 MC/s (3.640e-02 s/TS) || Energy: ~1.60e-13 (- 0.00dB)
[@     8m18s] Timestep:        14337 || Speed:   77.5 MC/s (4.073e-02 s/TS) || Energy: ~1.65e-13 (- 0.00dB)
[@     8m23s] Timestep:        14514 || Speed:  102.0 MC/s (3.097e-02 s/TS) || Energy: ~1.76e-13 (- 0.00dB)
[@     8m29s] Timestep:        14691 || Speed:   97.8 MC/s (3.228e-02 s/TS) || Energy: ~2.16e-13 (- 0.00dB)
[@     8m35s] Timestep:        14868 || Speed:   95.2 MC/s (3.318e-02 s/TS) || Energy: ~2.58e-13 (- 0.00dB)
[@     8m41s] Timestep:        15045 || Speed:   87.4 MC/s (3.615e-02 s/TS) || Energy: ~2.72e-13 (- 0.00dB)
[@     8m47s] Timestep:        15222 || Speed:   92.0 MC/s (3.431e-02 s/TS) || Energy: ~2.77e-13 (- 0.00dB)
[@     8m54s] Timestep:        15399 || Speed:   92.3 MC/s (3.422e-02 s/TS) || Energy: ~3.20e-13 (- 0.00dB)
[@     8m59s] Timestep:        15576 || Speed:   95.6 MC/s (3.305e-02 s/TS) || Energy: ~3.92e-13 (- 0.00dB)
[@     9m05s] Timestep:        15753 || Speed:   97.1 MC/s (3.251e-02 s/TS) || Energy: ~4.32e-13 (- 0.00dB)
[@     9m10s] Timestep:        15930 || Speed:  104.6 MC/s (3.020e-02 s/TS) || Energy: ~4.33e-13 (- 0.00dB)
[@     9m17s] Timestep:        16107 || Speed:   87.5 MC/s (3.610e-02 s/TS) || Energy: ~4.66e-13 (- 0.00dB)
[@     9m22s] Timestep:        16284 || Speed:   99.5 MC/s (3.173e-02 s/TS) || Energy: ~5.63e-13 (- 0.00dB)
[@     9m28s] Timestep:        16461 || Speed:   94.2 MC/s (3.353e-02 s/TS) || Energy: ~6.50e-13 (- 0.00dB)
[@     9m34s] Timestep:        16638 || Speed:   95.8 MC/s (3.296e-02 s/TS) || Energy: ~6.64e-13 (- 0.00dB)
[@     9m41s] Timestep:        16815 || Speed:   88.3 MC/s (3.578e-02 s/TS) || Energy: ~6.75e-13 (- 0.00dB)
[@     9m47s] Timestep:        16992 || Speed:   86.8 MC/s (3.639e-02 s/TS) || Energy: ~7.77e-13 (- 0.00dB)
[@     9m54s] Timestep:        17169 || Speed:   81.7 MC/s (3.867e-02 s/TS) || Energy: ~9.20e-13 (- 0.00dB)
[@    10m00s] Timestep:        17346 || Speed:   90.7 MC/s (3.483e-02 s/TS) || Energy: ~9.79e-13 (- 0.00dB)
[@    10m06s] Timestep:        17523 || Speed:   86.7 MC/s (3.641e-02 s/TS) || Energy: ~9.73e-13 (- 0.03dB)
[@    10m14s] Timestep:        17700 || Speed:   76.2 MC/s (4.146e-02 s/TS) || Energy: ~1.05e-12 (- 0.00dB)
[@    10m22s] Timestep:        17877 || Speed:   68.2 MC/s (4.631e-02 s/TS) || Energy: ~1.24e-12 (- 0.00dB)
[@    10m29s] Timestep:        18054 || Speed:   76.6 MC/s (4.120e-02 s/TS) || Energy: ~1.37e-12 (- 0.00dB)
[@    10m36s] Timestep:        18231 || Speed:   82.8 MC/s (3.812e-02 s/TS) || Energy: ~1.38e-12 (- 0.00dB)
[@    10m42s] Timestep:        18408 || Speed:   98.0 MC/s (3.222e-02 s/TS) || Energy: ~1.41e-12 (- 0.00dB)
[@    10m49s] Timestep:        18585 || Speed:   76.9 MC/s (4.107e-02 s/TS) || Energy: ~1.60e-12 (- 0.00dB)
[@    10m54s] Timestep:        18762 || Speed:  102.4 MC/s (3.084e-02 s/TS) || Energy: ~1.81e-12 (- 0.00dB)
[@    11m00s] Timestep:        18939 || Speed:  106.5 MC/s (2.965e-02 s/TS) || Energy: ~1.88e-12 (- 0.00dB)
[@    11m07s] Timestep:        19116 || Speed:   72.8 MC/s (4.338e-02 s/TS) || Energy: ~1.88e-12 (- 0.00dB)
[@    11m20s] Timestep:        19293 || Speed:   46.1 MC/s (6.851e-02 s/TS) || Energy: ~2.03e-12 (- 0.00dB)
[@    11m33s] Timestep:        19470 || Speed:   42.3 MC/s (7.470e-02 s/TS) || Energy: ~2.28e-12 (- 0.00dB)
[@    11m44s] Timestep:        19647 || Speed:   50.7 MC/s (6.231e-02 s/TS) || Energy: ~2.44e-12 (- 0.00dB)
[@    11m53s] Timestep:        19824 || Speed:   61.9 MC/s (5.102e-02 s/TS) || Energy: ~2.46e-12 (- 0.00dB)
[@    11m59s] Timestep:        20001 || Speed:   87.1 MC/s (3.624e-02 s/TS) || Energy: ~2.56e-12 (- 0.00dB)
[@    12m05s] Timestep:        20178 || Speed:  105.7 MC/s (2.988e-02 s/TS) || Energy: ~2.79e-12 (- 0.00dB)
[@    12m10s] Timestep:        20355 || Speed:  110.2 MC/s (2.867e-02 s/TS) || Energy: ~3.00e-12 (- 0.00dB)
[@    12m14s] Timestep:        20532 || Speed:  114.3 MC/s (2.763e-02 s/TS) || Energy: ~3.10e-12 (- 0.00dB)
[@    12m20s] Timestep:        20709 || Speed:   99.9 MC/s (3.162e-02 s/TS) || Energy: ~3.20e-12 (- 0.00dB)
[@    12m25s] Timestep:        20886 || Speed:  110.2 MC/s (2.866e-02 s/TS) || Energy: ~3.38e-12 (- 0.00dB)
[@    12m30s] Timestep:        21063 || Speed:  105.9 MC/s (2.982e-02 s/TS) || Energy: ~3.56e-12 (- 0.00dB)
[@    12m37s] Timestep:        21240 || Speed:   85.6 MC/s (3.688e-02 s/TS) || Energy: ~3.70e-12 (- 0.00dB)
[@    12m44s] Timestep:        21417 || Speed:   74.7 MC/s (4.225e-02 s/TS) || Energy: ~3.87e-12 (- 0.00dB)
[@    12m51s] Timestep:        21594 || Speed:   82.9 MC/s (3.810e-02 s/TS) || Energy: ~4.07e-12 (- 0.00dB)
[@    12m57s] Timestep:        21771 || Speed:   90.7 MC/s (3.481e-02 s/TS) || Energy: ~4.15e-12 (- 0.00dB)
[@    13m04s] Timestep:        21948 || Speed:   87.2 MC/s (3.623e-02 s/TS) || Energy: ~4.21e-12 (- 0.00dB)
[@    13m10s] Timestep:        22125 || Speed:   84.4 MC/s (3.741e-02 s/TS) || Energy: ~4.47e-12 (- 0.00dB)
[@    13m19s] Timestep:        22302 || Speed:   68.5 MC/s (4.611e-02 s/TS) || Energy: ~4.82e-12 (- 0.00dB)
[@    13m26s] Timestep:        22479 || Speed:   72.1 MC/s (4.377e-02 s/TS) || Energy: ~4.87e-12 (- 0.00dB)
[@    13m34s] Timestep:        22656 || Speed:   70.2 MC/s (4.496e-02 s/TS) || Energy: ~4.68e-12 (- 0.17dB)
[@    13m41s] Timestep:        22833 || Speed:   85.2 MC/s (3.707e-02 s/TS) || Energy: ~4.86e-12 (- 0.01dB)
[@    13m46s] Timestep:        23010 || Speed:  105.9 MC/s (2.982e-02 s/TS) || Energy: ~5.47e-12 (- 0.00dB)
[@    13m52s] Timestep:        23187 || Speed:   94.0 MC/s (3.359e-02 s/TS) || Energy: ~5.72e-12 (- 0.00dB)
[@    13m58s] Timestep:        23364 || Speed:   91.8 MC/s (3.441e-02 s/TS) || Energy: ~5.27e-12 (- 0.36dB)
[@    14m05s] Timestep:        23541 || Speed:   79.9 MC/s (3.952e-02 s/TS) || Energy: ~5.04e-12 (- 0.55dB)
[@    14m12s] Timestep:        23718 || Speed:   86.0 MC/s (3.671e-02 s/TS) || Energy: ~5.80e-12 (- 0.00dB)
[@    14m18s] Timestep:        23895 || Speed:   86.0 MC/s (3.670e-02 s/TS) || Energy: ~6.56e-12 (- 0.00dB)
[@    14m24s] Timestep:        24072 || Speed:   93.6 MC/s (3.375e-02 s/TS) || Energy: ~6.11e-12 (- 0.31dB)
[@    14m32s] Timestep:        24249 || Speed:   67.3 MC/s (4.693e-02 s/TS) || Energy: ~5.23e-12 (- 0.98dB)
[@    14m38s] Timestep:        24426 || Speed:  105.9 MC/s (2.982e-02 s/TS) || Energy: ~5.69e-12 (- 0.62dB)
[@    14m43s] Timestep:        24603 || Speed:  108.8 MC/s (2.902e-02 s/TS) || Energy: ~7.07e-12 (- 0.00dB)
[@    14m48s] Timestep:        24780 || Speed:  110.1 MC/s (2.869e-02 s/TS) || Energy: ~7.17e-12 (- 0.00dB)
[@    14m54s] Timestep:        24957 || Speed:   92.7 MC/s (3.405e-02 s/TS) || Energy: ~5.73e-12 (- 0.97dB)
[@    15m00s] Timestep:        25134 || Speed:   93.1 MC/s (3.391e-02 s/TS) || Energy: ~5.30e-12 (- 1.31dB)
[@    15m06s] Timestep:        25311 || Speed:   92.5 MC/s (3.414e-02 s/TS) || Energy: ~6.96e-12 (- 0.13dB)
[@    15m12s] Timestep:        25488 || Speed:   92.8 MC/s (3.402e-02 s/TS) || Energy: ~8.12e-12 (- 0.00dB)
[@    15m19s] Timestep:        25665 || Speed:   76.4 MC/s (4.134e-02 s/TS) || Energy: ~6.72e-12 (- 0.82dB)
[@    15m26s] Timestep:        25842 || Speed:   89.3 MC/s (3.534e-02 s/TS) || Energy: ~5.06e-12 (- 2.05dB)
[@    15m31s] Timestep:        26019 || Speed:  101.9 MC/s (3.098e-02 s/TS) || Energy: ~6.18e-12 (- 1.18dB)
[@    15m36s] Timestep:        26196 || Speed:  108.5 MC/s (2.909e-02 s/TS) || Energy: ~8.48e-12 (- 0.00dB)
[@    15m42s] Timestep:        26373 || Speed:   98.6 MC/s (3.202e-02 s/TS) || Energy: ~8.04e-12 (- 0.23dB)
[@    15m47s] Timestep:        26550 || Speed:  107.5 MC/s (2.939e-02 s/TS) || Energy: ~5.43e-12 (- 1.94dB)
[@    15m52s] Timestep:        26727 || Speed:  109.0 MC/s (2.896e-02 s/TS) || Energy: ~5.12e-12 (- 2.19dB)
[@    15m58s] Timestep:        26904 || Speed:   94.9 MC/s (3.328e-02 s/TS) || Energy: ~7.91e-12 (- 0.30dB)
[@    16m06s] Timestep:        27081 || Speed:   73.6 MC/s (4.289e-02 s/TS) || Energy: ~9.17e-12 (- 0.00dB)
[@    16m11s] Timestep:        27258 || Speed:   98.7 MC/s (3.200e-02 s/TS) || Energy: ~6.57e-12 (- 1.44dB)
[@    16m17s] Timestep:        27435 || Speed:  100.6 MC/s (3.138e-02 s/TS) || Energy: ~4.41e-12 (- 3.17dB)
[@    16m23s] Timestep:        27612 || Speed:   98.0 MC/s (3.223e-02 s/TS) || Energy: ~6.50e-12 (- 1.49dB)
[@    16m30s] Timestep:        27789 || Speed:   76.3 MC/s (4.137e-02 s/TS) || Energy: ~9.45e-12 (- 0.00dB)
[@    16m35s] Timestep:        27966 || Speed:  104.8 MC/s (3.014e-02 s/TS) || Energy: ~8.16e-12 (- 0.64dB)
[@    16m40s] Timestep:        28143 || Speed:  116.7 MC/s (2.706e-02 s/TS) || Energy: ~4.63e-12 (- 3.09dB)
[@    16m45s] Timestep:        28320 || Speed:  121.1 MC/s (2.608e-02 s/TS) || Energy: ~4.85e-12 (- 2.90dB)
[@    16m51s] Timestep:        28497 || Speed:   89.9 MC/s (3.511e-02 s/TS) || Energy: ~8.56e-12 (- 0.43dB)
[@    16m56s] Timestep:        28674 || Speed:  114.6 MC/s (2.755e-02 s/TS) || Energy: ~9.46e-12 (- 0.00dB)
[@    17m00s] Timestep:        28851 || Speed:  119.4 MC/s (2.645e-02 s/TS) || Energy: ~5.86e-12 (- 2.08dB)
[@    17m05s] Timestep:        29028 || Speed:  119.4 MC/s (2.644e-02 s/TS) || Energy: ~3.76e-12 (- 4.00dB)
[@    17m11s] Timestep:        29205 || Speed:   92.1 MC/s (3.428e-02 s/TS) || Energy: ~6.74e-12 (- 1.47dB)
[@    17m16s] Timestep:        29382 || Speed:  105.5 MC/s (2.992e-02 s/TS) || Energy: ~9.75e-12 (- 0.00dB)
[@    17m22s] Timestep:        29559 || Speed:  105.7 MC/s (2.987e-02 s/TS) || Energy: ~7.59e-12 (- 1.09dB)
[@    17m28s] Timestep:        29736 || Speed:   94.2 MC/s (3.351e-02 s/TS) || Energy: ~3.81e-12 (- 4.08dB)
[@    17m34s] Timestep:        29913 || Speed:   87.5 MC/s (3.610e-02 s/TS) || Energy: ~4.75e-12 (- 3.12dB)
[@    17m40s] Timestep:        30090 || Speed:  101.7 MC/s (3.106e-02 s/TS) || Energy: ~8.76e-12 (- 0.47dB)
[@    17m45s] Timestep:        30267 || Speed:  101.7 MC/s (3.104e-02 s/TS) || Energy: ~8.97e-12 (- 0.36dB)
[@    17m50s] Timestep:        30444 || Speed:  103.1 MC/s (3.063e-02 s/TS) || Energy: ~4.95e-12 (- 2.94dB)
[@    17m56s] Timestep:        30621 || Speed:   99.4 MC/s (3.176e-02 s/TS) || Energy: ~3.43e-12 (- 4.54dB)
[@    18m01s] Timestep:        30798 || Speed:  121.0 MC/s (2.609e-02 s/TS) || Energy: ~6.84e-12 (- 1.54dB)
[@    18m05s] Timestep:        30975 || Speed:  123.1 MC/s (2.565e-02 s/TS) || Energy: ~9.29e-12 (- 0.21dB)
[@    18m10s] Timestep:        31152 || Speed:  114.6 MC/s (2.755e-02 s/TS) || Energy: ~6.58e-12 (- 1.71dB)
[@    18m15s] Timestep:        31329 || Speed:  113.3 MC/s (2.787e-02 s/TS) || Energy: ~3.26e-12 (- 4.76dB)
[@    18m20s] Timestep:        31506 || Speed:  116.9 MC/s (2.702e-02 s/TS) || Energy: ~4.79e-12 (- 3.09dB)
[@    18m25s] Timestep:        31683 || Speed:  107.4 MC/s (2.941e-02 s/TS) || Energy: ~8.37e-12 (- 0.66dB)
[@    18m30s] Timestep:        31860 || Speed:  120.1 MC/s (2.629e-02 s/TS) || Energy: ~7.86e-12 (- 0.94dB)
[@    18m36s] Timestep:        32037 || Speed:   90.9 MC/s (3.474e-02 s/TS) || Energy: ~4.13e-12 (- 3.73dB)
[@    18m41s] Timestep:        32214 || Speed:  115.8 MC/s (2.727e-02 s/TS) || Energy: ~3.39e-12 (- 4.59dB)
[@    18m45s] Timestep:        32391 || Speed:  118.8 MC/s (2.658e-02 s/TS) || Energy: ~6.62e-12 (- 1.68dB)
[@    18m50s] Timestep:        32568 || Speed:  115.1 MC/s (2.742e-02 s/TS) || Energy: ~8.17e-12 (- 0.77dB)
[@    18m56s] Timestep:        32745 || Speed:   92.2 MC/s (3.423e-02 s/TS) || Energy: ~5.43e-12 (- 2.54dB)
[@    19m01s] Timestep:        32922 || Speed:  109.1 MC/s (2.895e-02 s/TS) || Energy: ~3.01e-12 (- 5.10dB)
[@    19m07s] Timestep:        33099 || Speed:   96.5 MC/s (3.271e-02 s/TS) || Energy: ~4.76e-12 (- 3.11dB)
[@    19m13s] Timestep:        33276 || Speed:   92.8 MC/s (3.402e-02 s/TS) || Energy: ~7.42e-12 (- 1.19dB)
[@    19m19s] Timestep:        33453 || Speed:   95.6 MC/s (3.304e-02 s/TS) || Energy: ~6.42e-12 (- 1.81dB)
[@    19m25s] Timestep:        33630 || Speed:  100.9 MC/s (3.129e-02 s/TS) || Energy: ~3.49e-12 (- 4.46dB)
[@    19m29s] Timestep:        33807 || Speed:  116.3 MC/s (2.715e-02 s/TS) || Energy: ~3.43e-12 (- 4.54dB)
[@    19m34s] Timestep:        33984 || Speed:  123.9 MC/s (2.548e-02 s/TS) || Energy: ~5.99e-12 (- 2.11dB)
[@    19m39s] Timestep:        34161 || Speed:  114.7 MC/s (2.754e-02 s/TS) || Energy: ~6.65e-12 (- 1.66dB)
[@    19m44s] Timestep:        34338 || Speed:  106.9 MC/s (2.954e-02 s/TS) || Energy: ~4.32e-12 (- 3.53dB)
[@    19m49s] Timestep:        34515 || Speed:  122.9 MC/s (2.569e-02 s/TS) || Energy: ~2.89e-12 (- 5.29dB)
[@    19m54s] Timestep:        34692 || Speed:  111.0 MC/s (2.845e-02 s/TS) || Energy: ~4.47e-12 (- 3.39dB)
[@    19m59s] Timestep:        34869 || Speed:  100.8 MC/s (3.131e-02 s/TS) || Energy: ~6.08e-12 (- 2.05dB)
[@    20m04s] Timestep:        35046 || Speed:  114.4 MC/s (2.760e-02 s/TS) || Energy: ~4.94e-12 (- 2.95dB)
[@    20m09s] Timestep:        35223 || Speed:  106.2 MC/s (2.972e-02 s/TS) || Energy: ~2.99e-12 (- 5.13dB)
[@    20m16s] Timestep:        35400 || Speed:   90.2 MC/s (3.501e-02 s/TS) || Energy: ~3.31e-12 (- 4.69dB)
[@    20m22s] Timestep:        35577 || Speed:   87.7 MC/s (3.599e-02 s/TS) || Energy: ~5.02e-12 (- 2.88dB)
[@    20m28s] Timestep:        35754 || Speed:   94.0 MC/s (3.358e-02 s/TS) || Energy: ~5.05e-12 (- 2.86dB)
[@    20m34s] Timestep:        35931 || Speed:   86.6 MC/s (3.648e-02 s/TS) || Energy: ~3.36e-12 (- 4.63dB)
[@    20m40s] Timestep:        36108 || Speed:   90.1 MC/s (3.505e-02 s/TS) || Energy: ~2.71e-12 (- 5.56dB)
[@    20m48s] Timestep:        36285 || Speed:   79.2 MC/s (3.985e-02 s/TS) || Energy: ~3.88e-12 (- 4.00dB)
[@    20m52s] Timestep:        36462 || Speed:  123.5 MC/s (2.556e-02 s/TS) || Energy: ~4.62e-12 (- 3.24dB)
[@    20m56s] Timestep:        36639 || Speed:  132.1 MC/s (2.391e-02 s/TS) || Energy: ~3.62e-12 (- 4.30dB)
[@    21m01s] Timestep:        36816 || Speed:  113.4 MC/s (2.785e-02 s/TS) || Energy: ~2.54e-12 (- 5.85dB)
[@    21m06s] Timestep:        36993 || Speed:  113.4 MC/s (2.785e-02 s/TS) || Energy: ~2.98e-12 (- 5.15dB)
[@    21m12s] Timestep:        37170 || Speed:   98.7 MC/s (3.200e-02 s/TS) || Energy: ~3.89e-12 (- 3.99dB)
[@    21m17s] Timestep:        37347 || Speed:   98.6 MC/s (3.204e-02 s/TS) || Energy: ~3.59e-12 (- 4.34dB)
[@    21m23s] Timestep:        37524 || Speed:  106.6 MC/s (2.962e-02 s/TS) || Energy: ~2.56e-12 (- 5.81dB)
[@    21m30s] Timestep:        37701 || Speed:   82.1 MC/s (3.846e-02 s/TS) || Energy: ~2.41e-12 (- 6.07dB)
[@    21m35s] Timestep:        37878 || Speed:  108.2 MC/s (2.918e-02 s/TS) || Energy: ~3.12e-12 (- 4.95dB)
[@    21m40s] Timestep:        38055 || Speed:  115.2 MC/s (2.740e-02 s/TS) || Energy: ~3.27e-12 (- 4.74dB)
[@    21m44s] Timestep:        38232 || Speed:  116.5 MC/s (2.710e-02 s/TS) || Energy: ~2.56e-12 (- 5.81dB)
[@    21m51s] Timestep:        38409 || Speed:   82.7 MC/s (3.820e-02 s/TS) || Energy: ~2.11e-12 (- 6.65dB)
[@    21m56s] Timestep:        38586 || Speed:  106.1 MC/s (2.977e-02 s/TS) || Energy: ~2.48e-12 (- 5.95dB)
[@    22m01s] Timestep:        38763 || Speed:  114.6 MC/s (2.755e-02 s/TS) || Energy: ~2.80e-12 (- 5.42dB)
[@    22m06s] Timestep:        38940 || Speed:  112.5 MC/s (2.807e-02 s/TS) || Energy: ~2.42e-12 (- 6.05dB)
[@    22m11s] Timestep:        39117 || Speed:  106.2 MC/s (2.972e-02 s/TS) || Energy: ~1.94e-12 (- 7.02dB)
[@    22m17s] Timestep:        39294 || Speed:  108.7 MC/s (2.906e-02 s/TS) || Energy: ~2.02e-12 (- 6.83dB)
[@    22m22s] Timestep:        39471 || Speed:   96.2 MC/s (3.283e-02 s/TS) || Energy: ~2.32e-12 (- 6.24dB)
[@    22m29s] Timestep:        39648 || Speed:   91.2 MC/s (3.461e-02 s/TS) || Energy: ~2.17e-12 (- 6.52dB)
[@    22m35s] Timestep:        39825 || Speed:   86.1 MC/s (3.667e-02 s/TS) || Energy: ~1.78e-12 (- 7.39dB)
[@    22m41s] Timestep:        40002 || Speed:   91.3 MC/s (3.457e-02 s/TS) || Energy: ~1.72e-12 (- 7.54dB)
[@    22m48s] Timestep:        40179 || Speed:   84.4 MC/s (3.742e-02 s/TS) || Energy: ~1.92e-12 (- 7.05dB)
[@    22m54s] Timestep:        40356 || Speed:   86.5 MC/s (3.650e-02 s/TS) || Energy: ~1.88e-12 (- 7.15dB)
[@    23m01s] Timestep:        40533 || Speed:   84.8 MC/s (3.722e-02 s/TS) || Energy: ~1.58e-12 (- 7.90dB)
[@    23m07s] Timestep:        40710 || Speed:   87.6 MC/s (3.606e-02 s/TS) || Energy: ~1.48e-12 (- 8.20dB)
[@    23m13s] Timestep:        40887 || Speed:   90.2 MC/s (3.500e-02 s/TS) || Energy: ~1.62e-12 (- 7.80dB)
[@    23m19s] Timestep:        41064 || Speed:   98.5 MC/s (3.205e-02 s/TS) || Energy: ~1.62e-12 (- 7.80dB)
[@    23m26s] Timestep:        41241 || Speed:   82.3 MC/s (3.839e-02 s/TS) || Energy: ~1.37e-12 (- 8.51dB)
[@    23m32s] Timestep:        41418 || Speed:   89.2 MC/s (3.539e-02 s/TS) || Energy: ~1.25e-12 (- 8.92dB)
[@    23m39s] Timestep:        41595 || Speed:   86.8 MC/s (3.636e-02 s/TS) || Energy: ~1.37e-12 (- 8.51dB)
[@    23m44s] Timestep:        41772 || Speed:  100.3 MC/s (3.148e-02 s/TS) || Energy: ~1.41e-12 (- 8.40dB)
[@    23m51s] Timestep:        41949 || Speed:   81.3 MC/s (3.884e-02 s/TS) || Energy: ~1.19e-12 (- 9.12dB)
[@    23m57s] Timestep:        42126 || Speed:  101.6 MC/s (3.108e-02 s/TS) || Energy: ~1.04e-12 (- 9.74dB)
[@    24m02s] Timestep:        42303 || Speed:  101.4 MC/s (3.114e-02 s/TS) || Energy: ~1.15e-12 (- 9.30dB)
[@    24m08s] Timestep:        42480 || Speed:   92.4 MC/s (3.416e-02 s/TS) || Energy: ~1.24e-12 (- 8.94dB)
[@    24m15s] Timestep:        42657 || Speed:   82.4 MC/s (3.832e-02 s/TS) || Energy: ~1.07e-12 (- 9.61dB)
[@    24m21s] Timestep:        42834 || Speed:   87.9 MC/s (3.591e-02 s/TS) || Energy: ~8.52e-13 (-10.58dB)
[@    24m28s] Timestep:        43011 || Speed:   83.4 MC/s (3.788e-02 s/TS) || Energy: ~9.21e-13 (-10.25dB)
[@    24m33s] Timestep:        43188 || Speed:  102.1 MC/s (3.094e-02 s/TS) || Energy: ~1.09e-12 (- 9.52dB)
[@    24m39s] Timestep:        43365 || Speed:   92.8 MC/s (3.404e-02 s/TS) || Energy: ~9.89e-13 (- 9.94dB)
[@    24m44s] Timestep:        43542 || Speed:  112.2 MC/s (2.815e-02 s/TS) || Energy: ~7.29e-13 (-11.26dB)
[@    24m49s] Timestep:        43719 || Speed:  116.2 MC/s (2.718e-02 s/TS) || Energy: ~7.10e-13 (-11.38dB)
[@    24m54s] Timestep:        43896 || Speed:  108.6 MC/s (2.908e-02 s/TS) || Energy: ~9.16e-13 (-10.27dB)
[@    25m01s] Timestep:        44073 || Speed:   85.4 MC/s (3.699e-02 s/TS) || Energy: ~9.33e-13 (-10.19dB)
[@    25m06s] Timestep:        44250 || Speed:  110.9 MC/s (2.847e-02 s/TS) || Energy: ~6.75e-13 (-11.59dB)
[@    25m11s] Timestep:        44427 || Speed:  110.5 MC/s (2.858e-02 s/TS) || Energy: ~5.42e-13 (-12.55dB)
[@    25m17s] Timestep:        44604 || Speed:   95.5 MC/s (3.308e-02 s/TS) || Energy: ~7.23e-13 (-11.30dB)
[@    25m24s] Timestep:        44781 || Speed:   81.4 MC/s (3.879e-02 s/TS) || Energy: ~8.62e-13 (-10.54dB)
[@    25m29s] Timestep:        44958 || Speed:  102.7 MC/s (3.075e-02 s/TS) || Energy: ~6.74e-13 (-11.60dB)
[@    25m34s] Timestep:        45135 || Speed:  107.2 MC/s (2.947e-02 s/TS) || Energy: ~4.44e-13 (-13.42dB)
[@    25m40s] Timestep:        45312 || Speed:  101.4 MC/s (3.114e-02 s/TS) || Energy: ~5.32e-13 (-12.63dB)
[@    25m46s] Timestep:        45489 || Speed:   95.9 MC/s (3.292e-02 s/TS) || Energy: ~7.52e-13 (-11.13dB)
[@    25m51s] Timestep:        45666 || Speed:   99.6 MC/s (3.170e-02 s/TS) || Energy: ~6.90e-13 (-11.50dB)
[@    25m57s] Timestep:        45843 || Speed:   96.6 MC/s (3.268e-02 s/TS) || Energy: ~4.20e-13 (-13.66dB)
[@    26m03s] Timestep:        46020 || Speed:   98.1 MC/s (3.220e-02 s/TS) || Energy: ~3.76e-13 (-14.14dB)
[@    26m09s] Timestep:        46197 || Speed:   91.5 MC/s (3.452e-02 s/TS) || Energy: ~6.03e-13 (-12.09dB)
[@    26m14s] Timestep:        46374 || Speed:  103.3 MC/s (3.057e-02 s/TS) || Energy: ~6.83e-13 (-11.55dB)
[@    26m20s] Timestep:        46551 || Speed:  102.6 MC/s (3.077e-02 s/TS) || Energy: ~4.54e-13 (-13.32dB)
[@    26m25s] Timestep:        46728 || Speed:  106.9 MC/s (2.953e-02 s/TS) || Energy: ~2.84e-13 (-15.36dB)
[@    26m30s] Timestep:        46905 || Speed:  106.1 MC/s (2.976e-02 s/TS) || Energy: ~4.39e-13 (-13.47dB)
[@    26m35s] Timestep:        47082 || Speed:  124.1 MC/s (2.544e-02 s/TS) || Energy: ~6.28e-13 (-11.91dB)
[@    26m40s] Timestep:        47259 || Speed:  108.7 MC/s (2.904e-02 s/TS) || Energy: ~5.07e-13 (-12.84dB)
[@    26m45s] Timestep:        47436 || Speed:  106.4 MC/s (2.969e-02 s/TS) || Energy: ~2.66e-13 (-15.65dB)
[@    26m52s] Timestep:        47613 || Speed:   81.3 MC/s (3.883e-02 s/TS) || Energy: ~2.95e-13 (-15.19dB)
[@    26m58s] Timestep:        47790 || Speed:   98.6 MC/s (3.202e-02 s/TS) || Energy: ~5.23e-13 (-12.71dB)
[@    27m03s] Timestep:        47967 || Speed:  103.8 MC/s (3.041e-02 s/TS) || Energy: ~5.41e-13 (-12.56dB)
[@    27m09s] Timestep:        48144 || Speed:   96.9 MC/s (3.259e-02 s/TS) || Energy: ~3.06e-13 (-15.03dB)
[@    27m15s] Timestep:        48321 || Speed:   92.8 MC/s (3.403e-02 s/TS) || Energy: ~2.04e-13 (-16.80dB)
[@    27m21s] Timestep:        48498 || Speed:   97.8 MC/s (3.228e-02 s/TS) || Energy: ~3.89e-13 (-13.99dB)
[@    27m26s] Timestep:        48675 || Speed:  105.5 MC/s (2.992e-02 s/TS) || Energy: ~5.28e-13 (-12.66dB)
[@    27m31s] Timestep:        48852 || Speed:  110.6 MC/s (2.855e-02 s/TS) || Energy: ~3.73e-13 (-14.17dB)
[@    27m36s] Timestep:        49029 || Speed:  108.5 MC/s (2.910e-02 s/TS) || Energy: ~1.78e-13 (-17.38dB)
[@    27m41s] Timestep:        49206 || Speed:  119.6 MC/s (2.641e-02 s/TS) || Energy: ~2.59e-13 (-15.75dB)
[@    27m46s] Timestep:        49383 || Speed:  113.5 MC/s (2.782e-02 s/TS) || Energy: ~4.61e-13 (-13.25dB)
[@    27m50s] Timestep:        49560 || Speed:  117.8 MC/s (2.681e-02 s/TS) || Energy: ~4.29e-13 (-13.57dB)
[@    27m55s] Timestep:        49737 || Speed:  111.4 MC/s (2.835e-02 s/TS) || Energy: ~2.11e-13 (-16.64dB)
[@    28m01s] Timestep:        49914 || Speed:   98.4 MC/s (3.211e-02 s/TS) || Energy: ~1.68e-13 (-17.64dB)
[@    28m07s] Timestep:        50091 || Speed:   93.0 MC/s (3.396e-02 s/TS) || Energy: ~3.56e-13 (-14.38dB)
[@    28m13s] Timestep:        50268 || Speed:   97.9 MC/s (3.224e-02 s/TS) || Energy: ~4.43e-13 (-13.42dB)
[@    28m19s] Timestep:        50445 || Speed:   87.7 MC/s (3.601e-02 s/TS) || Energy: ~2.77e-13 (-15.47dB)
[@    28m26s] Timestep:        50622 || Speed:   88.8 MC/s (3.558e-02 s/TS) || Energy: ~1.32e-13 (-18.67dB)
[@    28m32s] Timestep:        50799 || Speed:   91.7 MC/s (3.442e-02 s/TS) || Energy: ~2.43e-13 (-16.04dB)
[@    28m38s] Timestep:        50976 || Speed:   87.3 MC/s (3.618e-02 s/TS) || Energy: ~4.06e-13 (-13.80dB)
[@    28m44s] Timestep:        51153 || Speed:   97.5 MC/s (3.240e-02 s/TS) || Energy: ~3.39e-13 (-14.59dB)
[@    28m49s] Timestep:        51330 || Speed:  100.0 MC/s (3.158e-02 s/TS) || Energy: ~1.52e-13 (-18.06dB)
[@    28m54s] Timestep:        51507 || Speed:  116.6 MC/s (2.707e-02 s/TS) || Energy: ~1.53e-13 (-18.03dB)
[@    28m59s] Timestep:        51684 || Speed:  122.6 MC/s (2.576e-02 s/TS) || Energy: ~3.27e-13 (-14.74dB)
[@    29m04s] Timestep:        51861 || Speed:  114.5 MC/s (2.757e-02 s/TS) || Energy: ~3.70e-13 (-14.21dB)
[@    29m09s] Timestep:        52038 || Speed:  110.2 MC/s (2.865e-02 s/TS) || Energy: ~2.07e-13 (-16.73dB)
[@    29m14s] Timestep:        52215 || Speed:  106.6 MC/s (2.962e-02 s/TS) || Energy: ~1.10e-13 (-19.48dB)
[@    29m19s] Timestep:        52392 || Speed:  110.3 MC/s (2.862e-02 s/TS) || Energy: ~2.31e-13 (-16.25dB)
[@    29m25s] Timestep:        52569 || Speed:   94.7 MC/s (3.335e-02 s/TS) || Energy: ~3.55e-13 (-14.39dB)
[@    29m30s] Timestep:        52746 || Speed:  105.5 MC/s (2.993e-02 s/TS) || Energy: ~2.68e-13 (-15.61dB)
[@    29m36s] Timestep:        52923 || Speed:  102.3 MC/s (3.088e-02 s/TS) || Energy: ~1.15e-13 (-19.26dB)
[@    29m42s] Timestep:        53100 || Speed:   94.9 MC/s (3.327e-02 s/TS) || Energy: ~1.47e-13 (-18.20dB)
[@    29m47s] Timestep:        53277 || Speed:   95.4 MC/s (3.309e-02 s/TS) || Energy: ~2.98e-13 (-15.15dB)
[@    29m53s] Timestep:        53454 || Speed:   98.0 MC/s (3.223e-02 s/TS) || Energy: ~3.06e-13 (-15.03dB)
[@    29m58s] Timestep:        53631 || Speed:  108.1 MC/s (2.922e-02 s/TS) || Energy: ~1.57e-13 (-17.92dB)
[@    30m04s] Timestep:        53808 || Speed:   98.3 MC/s (3.213e-02 s/TS) || Energy: ~9.87e-14 (-19.95dB)
[@    30m11s] Timestep:        53985 || Speed:   78.0 MC/s (4.051e-02 s/TS) || Energy: ~2.19e-13 (-16.49dB)
[@    30m18s] Timestep:        54162 || Speed:   85.8 MC/s (3.679e-02 s/TS) || Energy: ~3.06e-13 (-15.04dB)
[@    30m23s] Timestep:        54339 || Speed:  103.7 MC/s (3.045e-02 s/TS) || Energy: ~2.11e-13 (-16.65dB)
[@    30m29s] Timestep:        54516 || Speed:  102.0 MC/s (3.095e-02 s/TS) || Energy: ~9.26e-14 (-20.23dB)
[@    30m34s] Timestep:        54693 || Speed:   95.2 MC/s (3.315e-02 s/TS) || Energy: ~1.43e-13 (-18.34dB)
[@    30m40s] Timestep:        54870 || Speed:  105.7 MC/s (2.988e-02 s/TS) || Energy: ~2.67e-13 (-15.63dB)
[@    30m45s] Timestep:        55047 || Speed:  106.8 MC/s (2.957e-02 s/TS) || Energy: ~2.51e-13 (-15.90dB)
[@    30m50s] Timestep:        55224 || Speed:  100.8 MC/s (3.132e-02 s/TS) || Energy: ~1.21e-13 (-19.05dB)
[@    30m56s] Timestep:        55401 || Speed:   93.2 MC/s (3.389e-02 s/TS) || Energy: ~9.26e-14 (-20.22dB)
[@    31m01s] Timestep:        55578 || Speed:  129.2 MC/s (2.444e-02 s/TS) || Energy: ~2.04e-13 (-16.80dB)
[@    31m05s] Timestep:        55755 || Speed:  126.7 MC/s (2.492e-02 s/TS) || Energy: ~2.60e-13 (-15.74dB)
[@    31m10s] Timestep:        55932 || Speed:  128.3 MC/s (2.462e-02 s/TS) || Energy: ~1.66e-13 (-17.70dB)
[@    31m14s] Timestep:        56109 || Speed:  116.9 MC/s (2.700e-02 s/TS) || Energy: ~7.77e-14 (-20.98dB)
[@    31m19s] Timestep:        56286 || Speed:  126.8 MC/s (2.491e-02 s/TS) || Energy: ~1.37e-13 (-18.51dB)
[@    31m23s] Timestep:        56463 || Speed:  128.4 MC/s (2.459e-02 s/TS) || Energy: ~2.36e-13 (-16.17dB)
[@    31m28s] Timestep:        56640 || Speed:  123.6 MC/s (2.555e-02 s/TS) || Energy: ~2.04e-13 (-16.80dB)
[@    31m34s] Timestep:        56817 || Speed:   90.0 MC/s (3.510e-02 s/TS) || Energy: ~9.51e-14 (-20.11dB)
[@    31m38s] Timestep:        56994 || Speed:  125.9 MC/s (2.508e-02 s/TS) || Energy: ~8.81e-14 (-20.44dB)
[@    31m43s] Timestep:        57171 || Speed:  117.2 MC/s (2.695e-02 s/TS) || Energy: ~1.86e-13 (-17.19dB)
[@    31m47s] Timestep:        57348 || Speed:  126.3 MC/s (2.499e-02 s/TS) || Energy: ~2.19e-13 (-16.49dB)
[@    31m55s] Timestep:        57525 || Speed:   78.5 MC/s (4.021e-02 s/TS) || Energy: ~1.30e-13 (-18.74dB)
[@    32m00s] Timestep:        57702 || Speed:  101.5 MC/s (3.112e-02 s/TS) || Energy: ~6.77e-14 (-21.59dB)
[@    32m05s] Timestep:        57879 || Speed:  104.2 MC/s (3.032e-02 s/TS) || Energy: ~1.30e-13 (-18.76dB)
[@    32m11s] Timestep:        58056 || Speed:  106.5 MC/s (2.966e-02 s/TS) || Energy: ~2.05e-13 (-16.77dB)
[@    32m17s] Timestep:        58233 || Speed:   90.9 MC/s (3.473e-02 s/TS) || Energy: ~1.65e-13 (-17.72dB)
[@    32m22s] Timestep:        58410 || Speed:  118.2 MC/s (2.672e-02 s/TS) || Energy: ~7.59e-14 (-21.09dB)
[@    32m27s] Timestep:        58587 || Speed:  112.9 MC/s (2.797e-02 s/TS) || Energy: ~8.38e-14 (-20.66dB)
[@    32m33s] Timestep:        58764 || Speed:   86.6 MC/s (3.646e-02 s/TS) || Energy: ~1.68e-13 (-17.64dB)
[@    32m40s] Timestep:        58941 || Speed:   76.3 MC/s (4.137e-02 s/TS) || Energy: ~1.83e-13 (-17.27dB)
[@    32m48s] Timestep:        59118 || Speed:   76.0 MC/s (4.155e-02 s/TS) || Energy: ~1.03e-13 (-19.78dB)
[@    32m55s] Timestep:        59295 || Speed:   80.3 MC/s (3.932e-02 s/TS) || Energy: ~6.03e-14 (-22.08dB)
[@    33m02s] Timestep:        59472 || Speed:   73.6 MC/s (4.291e-02 s/TS) || Energy: ~1.21e-13 (-19.07dB)
[@    33m10s] Timestep:        59649 || Speed:   74.8 MC/s (4.221e-02 s/TS) || Energy: ~1.77e-13 (-17.42dB)
[@    33m17s] Timestep:        59826 || Speed:   81.0 MC/s (3.901e-02 s/TS) || Energy: ~1.32e-13 (-18.67dB)
[@    33m23s] Timestep:        60003 || Speed:   81.9 MC/s (3.857e-02 s/TS) || Energy: ~6.17e-14 (-21.99dB)
[@    33m30s] Timestep:        60180 || Speed:   82.6 MC/s (3.822e-02 s/TS) || Energy: ~7.91e-14 (-20.91dB)
[@    33m37s] Timestep:        60357 || Speed:   83.7 MC/s (3.774e-02 s/TS) || Energy: ~1.49e-13 (-18.15dB)
[@    33m43s] Timestep:        60534 || Speed:   89.6 MC/s (3.526e-02 s/TS) || Energy: ~1.51e-13 (-18.09dB)
[@    33m49s] Timestep:        60711 || Speed:   89.9 MC/s (3.511e-02 s/TS) || Energy: ~8.11e-14 (-20.80dB)
[@    33m55s] Timestep:        60888 || Speed:   90.6 MC/s (3.485e-02 s/TS) || Energy: ~5.45e-14 (-22.52dB)
[@    34m02s] Timestep:        61065 || Speed:   84.9 MC/s (3.719e-02 s/TS) || Energy: ~1.11e-13 (-19.44dB)
[@    34m08s] Timestep:        61242 || Speed:   91.4 MC/s (3.454e-02 s/TS) || Energy: ~1.51e-13 (-18.11dB)
[@    34m14s] Timestep:        61419 || Speed:  101.0 MC/s (3.125e-02 s/TS) || Energy: ~1.06e-13 (-19.63dB)
[@    34m20s] Timestep:        61596 || Speed:   89.8 MC/s (3.517e-02 s/TS) || Energy: ~5.10e-14 (-22.81dB)
[@    34m27s] Timestep:        61773 || Speed:   83.8 MC/s (3.769e-02 s/TS) || Energy: ~7.40e-14 (-21.20dB)
[@    34m32s] Timestep:        61950 || Speed:   96.9 MC/s (3.260e-02 s/TS) || Energy: ~1.31e-13 (-18.70dB)
[@    34m39s] Timestep:        62127 || Speed:   88.2 MC/s (3.580e-02 s/TS) || Energy: ~1.24e-13 (-18.94dB)
[@    34m45s] Timestep:        62304 || Speed:   89.1 MC/s (3.542e-02 s/TS) || Energy: ~6.43e-14 (-21.80dB)
[@    34m52s] Timestep:        62481 || Speed:   82.3 MC/s (3.837e-02 s/TS) || Energy: ~4.97e-14 (-22.93dB)
[@    34m58s] Timestep:        62658 || Speed:   89.2 MC/s (3.540e-02 s/TS) || Energy: ~1.00e-13 (-19.87dB)
[@    35m04s] Timestep:        62835 || Speed:   94.7 MC/s (3.335e-02 s/TS) || Energy: ~1.28e-13 (-18.83dB)
[@    35m10s] Timestep:        63012 || Speed:   94.9 MC/s (3.327e-02 s/TS) || Energy: ~8.49e-14 (-20.60dB)
[@    35m16s] Timestep:        63189 || Speed:   96.9 MC/s (3.259e-02 s/TS) || Energy: ~4.28e-14 (-23.57dB)
[@    35m21s] Timestep:        63366 || Speed:  106.7 MC/s (2.960e-02 s/TS) || Energy: ~6.85e-14 (-21.53dB)
[@    35m26s] Timestep:        63543 || Speed:  105.0 MC/s (3.009e-02 s/TS) || Energy: ~1.15e-13 (-19.30dB)
[@    35m32s] Timestep:        63720 || Speed:  102.5 MC/s (3.081e-02 s/TS) || Energy: ~1.02e-13 (-19.80dB)
[@    35m37s] Timestep:        63897 || Speed:   96.5 MC/s (3.272e-02 s/TS) || Energy: ~5.13e-14 (-22.79dB)
[@    35m42s] Timestep:        64074 || Speed:  117.2 MC/s (2.694e-02 s/TS) || Energy: ~4.55e-14 (-23.31dB)
[@    35m47s] Timestep:        64251 || Speed:  115.5 MC/s (2.735e-02 s/TS) || Energy: ~9.02e-14 (-20.34dB)
[@    35m52s] Timestep:        64428 || Speed:  111.0 MC/s (2.845e-02 s/TS) || Energy: ~1.08e-13 (-19.57dB)
[@    35m57s] Timestep:        64605 || Speed:  104.4 MC/s (3.024e-02 s/TS) || Energy: ~6.78e-14 (-21.57dB)
[@    36m02s] Timestep:        64782 || Speed:  110.2 MC/s (2.865e-02 s/TS) || Energy: ~3.65e-14 (-24.26dB)
[@    36m08s] Timestep:        64959 || Speed:  110.1 MC/s (2.867e-02 s/TS) || Energy: ~6.30e-14 (-21.90dB)
[@    36m13s] Timestep:        65136 || Speed:  105.5 MC/s (2.994e-02 s/TS) || Energy: ~9.93e-14 (-19.92dB)
[@    36m19s] Timestep:        65313 || Speed:   86.2 MC/s (3.664e-02 s/TS) || Energy: ~8.32e-14 (-20.69dB)
[@    36m25s] Timestep:        65490 || Speed:  108.0 MC/s (2.923e-02 s/TS) || Energy: ~4.12e-14 (-23.74dB)
[@    36m30s] Timestep:        65667 || Speed:  108.7 MC/s (2.906e-02 s/TS) || Energy: ~4.16e-14 (-23.69dB)
[@    36m35s] Timestep:        65844 || Speed:  107.8 MC/s (2.930e-02 s/TS) || Energy: ~8.03e-14 (-20.84dB)
[@    36m41s] Timestep:        66021 || Speed:   95.2 MC/s (3.316e-02 s/TS) || Energy: ~9.02e-14 (-20.34dB)
[@    36m46s] Timestep:        66198 || Speed:  102.4 MC/s (3.083e-02 s/TS) || Energy: ~5.41e-14 (-22.56dB)
[@    36m52s] Timestep:        66375 || Speed:   96.6 MC/s (3.268e-02 s/TS) || Energy: ~3.16e-14 (-24.90dB)
[@    36m58s] Timestep:        66552 || Speed:   90.3 MC/s (3.498e-02 s/TS) || Energy: ~5.74e-14 (-22.30dB)
[@    37m05s] Timestep:        66729 || Speed:   83.5 MC/s (3.780e-02 s/TS) || Energy: ~8.55e-14 (-20.57dB)
[@    37m10s] Timestep:        66906 || Speed:  108.0 MC/s (2.924e-02 s/TS) || Energy: ~6.77e-14 (-21.59dB)
[@    37m16s] Timestep:        67083 || Speed:  101.0 MC/s (3.128e-02 s/TS) || Energy: ~3.34e-14 (-24.66dB)
[@    37m22s] Timestep:        67260 || Speed:   93.6 MC/s (3.372e-02 s/TS) || Energy: ~3.81e-14 (-24.08dB)
[@    37m27s] Timestep:        67437 || Speed:   94.0 MC/s (3.359e-02 s/TS) || Energy: ~7.10e-14 (-21.37dB)
[@    37m32s] Timestep:        67614 || Speed:  110.9 MC/s (2.847e-02 s/TS) || Energy: ~7.52e-14 (-21.13dB)
[@    37m38s] Timestep:        67791 || Speed:   95.5 MC/s (3.305e-02 s/TS) || Energy: ~4.32e-14 (-23.54dB)
[@    37m43s] Timestep:        67968 || Speed:  111.9 MC/s (2.822e-02 s/TS) || Energy: ~2.76e-14 (-25.48dB)
[@    37m49s] Timestep:        68145 || Speed:  100.4 MC/s (3.144e-02 s/TS) || Energy: ~5.21e-14 (-22.72dB)
[@    37m54s] Timestep:        68322 || Speed:  100.4 MC/s (3.145e-02 s/TS) || Energy: ~7.32e-14 (-21.24dB)
[@    38m00s] Timestep:        68499 || Speed:   95.7 MC/s (3.299e-02 s/TS) || Energy: ~5.48e-14 (-22.50dB)
[@    38m06s] Timestep:        68676 || Speed:  100.0 MC/s (3.159e-02 s/TS) || Energy: ~2.72e-14 (-25.54dB)
[@    38m12s] Timestep:        68853 || Speed:   92.7 MC/s (3.405e-02 s/TS) || Energy: ~3.49e-14 (-24.46dB)
[@    38m18s] Timestep:        69030 || Speed:   85.8 MC/s (3.681e-02 s/TS) || Energy: ~6.25e-14 (-21.93dB)
[@    38m25s] Timestep:        69207 || Speed:   90.5 MC/s (3.491e-02 s/TS) || Energy: ~6.24e-14 (-21.94dB)
[@    38m30s] Timestep:        69384 || Speed:  104.6 MC/s (3.018e-02 s/TS) || Energy: ~3.44e-14 (-24.52dB)
[@    38m35s] Timestep:        69561 || Speed:  101.7 MC/s (3.106e-02 s/TS) || Energy: ~2.44e-14 (-26.01dB)
[@    38m41s] Timestep:        69738 || Speed:  110.7 MC/s (2.853e-02 s/TS) || Energy: ~4.69e-14 (-23.18dB)
[@    38m46s] Timestep:        69915 || Speed:  100.1 MC/s (3.153e-02 s/TS) || Energy: ~6.24e-14 (-21.94dB)
[@    38m51s] Timestep:        70092 || Speed:  113.8 MC/s (2.775e-02 s/TS) || Energy: ~4.42e-14 (-23.43dB)
[@    38m56s] Timestep:        70269 || Speed:  103.1 MC/s (3.064e-02 s/TS) || Energy: ~2.25e-14 (-26.38dB)
[@    39m01s] Timestep:        70446 || Speed:  112.4 MC/s (2.810e-02 s/TS) || Energy: ~3.18e-14 (-24.86dB)
[@    39m07s] Timestep:        70623 || Speed:   94.8 MC/s (3.330e-02 s/TS) || Energy: ~5.46e-14 (-22.52dB)
[@    39m14s] Timestep:        70800 || Speed:   86.4 MC/s (3.653e-02 s/TS) || Energy: ~5.16e-14 (-22.77dB)
[@    39m20s] Timestep:        70977 || Speed:   84.3 MC/s (3.746e-02 s/TS) || Energy: ~2.75e-14 (-25.50dB)
[@    39m27s] Timestep:        71154 || Speed:   85.2 MC/s (3.706e-02 s/TS) || Energy: ~2.18e-14 (-26.51dB)
[@    39m33s] Timestep:        71331 || Speed:   89.0 MC/s (3.547e-02 s/TS) || Energy: ~4.21e-14 (-23.65dB)
[@    39m39s] Timestep:        71508 || Speed:   94.0 MC/s (3.360e-02 s/TS) || Energy: ~5.29e-14 (-22.66dB)
[@    39m45s] Timestep:        71685 || Speed:   93.1 MC/s (3.393e-02 s/TS) || Energy: ~3.56e-14 (-24.37dB)
[@    39m50s] Timestep:        71862 || Speed:  112.5 MC/s (2.807e-02 s/TS) || Energy: ~1.87e-14 (-27.16dB)
[@    39m55s] Timestep:        72039 || Speed:  116.7 MC/s (2.706e-02 s/TS) || Energy: ~2.90e-14 (-25.26dB)
[@    40m00s] Timestep:        72216 || Speed:  112.6 MC/s (2.804e-02 s/TS) || Energy: ~4.75e-14 (-23.12dB)
[@    40m05s] Timestep:        72393 || Speed:  105.1 MC/s (3.004e-02 s/TS) || Energy: ~4.24e-14 (-23.62dB)
[@    40m10s] Timestep:        72570 || Speed:  117.3 MC/s (2.692e-02 s/TS) || Energy: ~2.20e-14 (-26.47dB)
[@    40m14s] Timestep:        72747 || Speed:  130.0 MC/s (2.428e-02 s/TS) || Energy: ~1.95e-14 (-26.98dB)
[@    40m19s] Timestep:        72924 || Speed:  124.3 MC/s (2.541e-02 s/TS) || Energy: ~3.75e-14 (-24.15dB)
[@    40m25s] Timestep:        73101 || Speed:   96.5 MC/s (3.272e-02 s/TS) || Energy: ~4.46e-14 (-23.40dB)
[@    40m30s] Timestep:        73278 || Speed:  108.4 MC/s (2.912e-02 s/TS) || Energy: ~2.86e-14 (-25.33dB)
[@    40m35s] Timestep:        73455 || Speed:   97.3 MC/s (3.245e-02 s/TS) || Energy: ~1.58e-14 (-27.90dB)
[@    40m41s] Timestep:        73632 || Speed:   98.5 MC/s (3.206e-02 s/TS) || Energy: ~2.64e-14 (-25.68dB)
[@    40m48s] Timestep:        73809 || Speed:   85.9 MC/s (3.674e-02 s/TS) || Energy: ~4.11e-14 (-23.75dB)
[@    40m54s] Timestep:        73986 || Speed:   94.0 MC/s (3.358e-02 s/TS) || Energy: ~3.47e-14 (-24.48dB)
[@    40m59s] Timestep:        74163 || Speed:   96.7 MC/s (3.266e-02 s/TS) || Energy: ~1.77e-14 (-27.42dB)
[@    41m06s] Timestep:        74340 || Speed:   82.4 MC/s (3.830e-02 s/TS) || Energy: ~1.77e-14 (-27.42dB)
[@    41m10s] Timestep:        74445 || Speed:   79.3 MC/s (3.983e-02 s/TS) || Energy: ~2.67e-14 (-25.62dB)
[@    41m20s] Timestep:        74694 || Speed:   84.2 MC/s (3.748e-02 s/TS) || Energy: ~3.74e-14 (-24.16dB)
[@    41m26s] Timestep:        74871 || Speed:   92.0 MC/s (3.431e-02 s/TS) || Energy: ~2.29e-14 (-26.30dB)
[@    41m31s] Timestep:        75048 || Speed:   99.8 MC/s (3.165e-02 s/TS) || Energy: ~1.35e-14 (-28.57dB)
[@    41m37s] Timestep:        75225 || Speed:   97.6 MC/s (3.236e-02 s/TS) || Energy: ~2.39e-14 (-26.10dB)
[@    41m43s] Timestep:        75402 || Speed:  100.0 MC/s (3.159e-02 s/TS) || Energy: ~3.54e-14 (-24.40dB)
[@    41m49s] Timestep:        75579 || Speed:   92.9 MC/s (3.399e-02 s/TS) || Energy: ~2.83e-14 (-25.37dB)
[@    41m55s] Timestep:        75756 || Speed:   90.5 MC/s (3.489e-02 s/TS) || Energy: ~1.43e-14 (-28.34dB)
[@    42m01s] Timestep:        75933 || Speed:   88.2 MC/s (3.581e-02 s/TS) || Energy: ~1.60e-14 (-27.85dB)
[@    42m07s] Timestep:        76110 || Speed:  104.2 MC/s (3.032e-02 s/TS) || Energy: ~2.94e-14 (-25.20dB)
[@    42m12s] Timestep:        76287 || Speed:  102.8 MC/s (3.073e-02 s/TS) || Energy: ~3.13e-14 (-24.94dB)
[@    42m18s] Timestep:        76464 || Speed:  101.4 MC/s (3.115e-02 s/TS) || Energy: ~1.83e-14 (-27.27dB)
[@    42m23s] Timestep:        76641 || Speed:  100.4 MC/s (3.145e-02 s/TS) || Energy: ~1.17e-14 (-29.19dB)
[@    42m29s] Timestep:        76818 || Speed:   92.5 MC/s (3.412e-02 s/TS) || Energy: ~2.16e-14 (-26.55dB)
[@    42m34s] Timestep:        76995 || Speed:  111.2 MC/s (2.839e-02 s/TS) || Energy: ~3.04e-14 (-25.07dB)
[@    42m40s] Timestep:        77172 || Speed:  104.1 MC/s (3.032e-02 s/TS) || Energy: ~2.30e-14 (-26.27dB)
[@    42m46s] Timestep:        77349 || Speed:   91.8 MC/s (3.438e-02 s/TS) || Energy: ~1.16e-14 (-29.23dB)
[@    42m52s] Timestep:        77526 || Speed:   83.2 MC/s (3.795e-02 s/TS) || Energy: ~1.46e-14 (-28.26dB)
[@    42m59s] Timestep:        77703 || Speed:   85.5 MC/s (3.693e-02 s/TS) || Energy: ~2.59e-14 (-25.76dB)
[@    43m05s] Timestep:        77880 || Speed:   84.9 MC/s (3.719e-02 s/TS) || Energy: ~2.60e-14 (-25.74dB)
[@    43m10s] Timestep:        77990 || Speed:   82.1 MC/s (3.844e-02 s/TS) || Energy: ~1.92e-14 (-27.06dB)
[@    43m18s] Timestep:        78234 || Speed:   95.8 MC/s (3.295e-02 s/TS) || Energy: ~1.03e-14 (-29.76dB)
[@    43m23s] Timestep:        78411 || Speed:   97.3 MC/s (3.245e-02 s/TS) || Energy: ~1.94e-14 (-27.00dB)
[@    43m29s] Timestep:        78588 || Speed:  102.7 MC/s (3.074e-02 s/TS) || Energy: ~2.59e-14 (-25.76dB)
[@    43m33s] Timestep:        78699 || Speed:   87.6 MC/s (3.605e-02 s/TS) || Energy: ~2.26e-14 (-26.35dB)
[@    43m41s] Timestep:        78942 || Speed:   93.6 MC/s (3.374e-02 s/TS) || Energy: ~9.57e-15 (-30.08dB)
[@    43m47s] Timestep:        79119 || Speed:   88.9 MC/s (3.551e-02 s/TS) || Energy: ~1.32e-14 (-28.67dB)
[@    43m53s] Timestep:        79296 || Speed:   92.3 MC/s (3.421e-02 s/TS) || Energy: ~2.26e-14 (-26.34dB)
[@    43m59s] Timestep:        79473 || Speed:   93.8 MC/s (3.367e-02 s/TS) || Energy: ~2.15e-14 (-26.56dB)
[@    44m05s] Timestep:        79650 || Speed:  101.2 MC/s (3.119e-02 s/TS) || Energy: ~1.17e-14 (-29.22dB)
[@    44m10s] Timestep:        79827 || Speed:  104.7 MC/s (3.015e-02 s/TS) || Energy: ~9.16e-15 (-30.27dB)
[@    44m15s] Timestep:        80004 || Speed:  108.6 MC/s (2.907e-02 s/TS) || Energy: ~1.74e-14 (-27.48dB)
[@    44m21s] Timestep:        80181 || Speed:  105.8 MC/s (2.984e-02 s/TS) || Energy: ~2.20e-14 (-26.47dB)
[@    44m26s] Timestep:        80358 || Speed:  113.2 MC/s (2.788e-02 s/TS) || Energy: ~1.50e-14 (-28.13dB)
[@    44m31s] Timestep:        80535 || Speed:  109.7 MC/s (2.880e-02 s/TS) || Energy: ~7.98e-15 (-30.87dB)
[@    44m36s] Timestep:        80712 || Speed:  107.3 MC/s (2.942e-02 s/TS) || Energy: ~1.21e-14 (-29.08dB)
[@    44m42s] Timestep:        80889 || Speed:   95.8 MC/s (3.295e-02 s/TS) || Energy: ~1.97e-14 (-26.94dB)
[@    44m47s] Timestep:        81066 || Speed:  106.5 MC/s (2.965e-02 s/TS) || Energy: ~1.78e-14 (-27.40dB)
[@    44m52s] Timestep:        81243 || Speed:  106.5 MC/s (2.965e-02 s/TS) || Energy: ~9.36e-15 (-30.17dB)
[@    44m58s] Timestep:        81420 || Speed:  103.1 MC/s (3.063e-02 s/TS) || Energy: ~8.21e-15 (-30.75dB)
[@    45m04s] Timestep:        81597 || Speed:   94.5 MC/s (3.343e-02 s/TS) || Energy: ~1.55e-14 (-27.97dB)
[@    45m10s] Timestep:        81774 || Speed:   84.4 MC/s (3.743e-02 s/TS) || Energy: ~1.86e-14 (-27.20dB)
[@    45m17s] Timestep:        81951 || Speed:   86.4 MC/s (3.653e-02 s/TS) || Energy: ~1.21e-14 (-29.07dB)
[@    45m23s] Timestep:        82128 || Speed:   87.2 MC/s (3.620e-02 s/TS) || Energy: ~6.74e-15 (-31.60dB)
[@    45m29s] Timestep:        82305 || Speed:   90.6 MC/s (3.486e-02 s/TS) || Energy: ~1.10e-14 (-29.49dB)
[@    45m36s] Timestep:        82482 || Speed:   88.1 MC/s (3.584e-02 s/TS) || Energy: ~1.71e-14 (-27.57dB)
[@    45m42s] Timestep:        82659 || Speed:   90.6 MC/s (3.486e-02 s/TS) || Energy: ~1.46e-14 (-28.26dB)
[@    45m48s] Timestep:        82836 || Speed:   92.9 MC/s (3.400e-02 s/TS) || Energy: ~7.55e-15 (-31.11dB)
[@    45m52s] Timestep:        82953 || Speed:   90.1 MC/s (3.506e-02 s/TS) || Energy: ~6.35e-15 (-31.86dB)
[@    46m00s] Timestep:        83190 || Speed:   92.7 MC/s (3.407e-02 s/TS) || Energy: ~1.38e-14 (-28.49dB)
[@    46m06s] Timestep:        83367 || Speed:   90.1 MC/s (3.506e-02 s/TS) || Energy: ~1.56e-14 (-27.95dB)
[@    46m12s] Timestep:        83544 || Speed:  100.8 MC/s (3.133e-02 s/TS) || Energy: ~9.70e-15 (-30.02dB)
[@    46m16s] Timestep:        83662 || Speed:   92.7 MC/s (3.405e-02 s/TS) || Energy: ~6.20e-15 (-31.97dB)
[@    46m24s] Timestep:        83898 || Speed:   91.3 MC/s (3.457e-02 s/TS) || Energy: ~9.94e-15 (-29.92dB)
[@    46m29s] Timestep:        84075 || Speed:  101.6 MC/s (3.107e-02 s/TS) || Energy: ~1.47e-14 (-28.21dB)
[@    46m35s] Timestep:        84252 || Speed:  104.0 MC/s (3.036e-02 s/TS) || Energy: ~1.19e-14 (-29.13dB)
[@    46m39s] Timestep:        84371 || Speed:   90.8 MC/s (3.478e-02 s/TS) || Energy: ~7.66e-15 (-31.05dB)
[@    46m46s] Timestep:        84606 || Speed:  101.4 MC/s (3.114e-02 s/TS) || Energy: ~6.73e-15 (-31.61dB)
[@    46m52s] Timestep:        84783 || Speed:  100.4 MC/s (3.145e-02 s/TS) || Energy: ~1.22e-14 (-29.02dB)
[@    46m57s] Timestep:        84960 || Speed:  115.2 MC/s (2.740e-02 s/TS) || Energy: ~1.31e-14 (-28.72dB)
[@    47m02s] Timestep:        85137 || Speed:  106.6 MC/s (2.962e-02 s/TS) || Energy: ~7.78e-15 (-30.98dB)
[@    47m07s] Timestep:        85314 || Speed:  109.8 MC/s (2.877e-02 s/TS) || Energy: ~5.02e-15 (-32.88dB)
[@    47m12s] Timestep:        85491 || Speed:  110.6 MC/s (2.855e-02 s/TS) || Energy: ~8.99e-15 (-30.35dB)
[@    47m17s] Timestep:        85668 || Speed:  107.8 MC/s (2.928e-02 s/TS) || Energy: ~1.26e-14 (-28.87dB)
[@    47m22s] Timestep:        85845 || Speed:  106.5 MC/s (2.965e-02 s/TS) || Energy: ~9.70e-15 (-30.02dB)
[@    47m27s] Timestep:        86022 || Speed:  111.1 MC/s (2.843e-02 s/TS) || Energy: ~5.02e-15 (-32.89dB)
[@    47m32s] Timestep:        86199 || Speed:  117.0 MC/s (2.700e-02 s/TS) || Energy: ~6.13e-15 (-32.02dB)
[@    47m38s] Timestep:        86376 || Speed:  103.7 MC/s (3.046e-02 s/TS) || Energy: ~1.08e-14 (-29.57dB)
[@    47m42s] Timestep:        86498 || Speed:   92.4 MC/s (3.417e-02 s/TS) || Energy: ~1.16e-14 (-29.25dB)
[@    47m50s] Timestep:        86730 || Speed:   87.3 MC/s (3.616e-02 s/TS) || Energy: ~6.25e-15 (-31.93dB)
[@    47m56s] Timestep:        86907 || Speed:  102.2 MC/s (3.089e-02 s/TS) || Energy: ~4.42e-15 (-33.43dB)
[@    48m01s] Timestep:        87084 || Speed:  112.1 MC/s (2.816e-02 s/TS) || Energy: ~8.10e-15 (-30.80dB)
[@    48m06s] Timestep:        87261 || Speed:   99.3 MC/s (3.180e-02 s/TS) || Energy: ~1.08e-14 (-29.56dB)
[@    48m12s] Timestep:        87438 || Speed:  104.2 MC/s (3.032e-02 s/TS) || Energy: ~7.88e-15 (-30.93dB)
[@    48m17s] Timestep:        87615 || Speed:  105.1 MC/s (3.005e-02 s/TS) || Energy: ~4.15e-15 (-33.71dB)
[@    48m23s] Timestep:        87792 || Speed:   99.5 MC/s (3.173e-02 s/TS) || Energy: ~5.58e-15 (-32.42dB)
[@    48m28s] Timestep:        87969 || Speed:  106.3 MC/s (2.971e-02 s/TS) || Energy: ~9.42e-15 (-30.15dB)
[@    48m33s] Timestep:        88146 || Speed:  116.2 MC/s (2.718e-02 s/TS) || Energy: ~9.04e-15 (-30.33dB)
[@    48m38s] Timestep:        88323 || Speed:  107.8 MC/s (2.930e-02 s/TS) || Energy: ~5.03e-15 (-32.88dB)
[@    48m43s] Timestep:        88500 || Speed:  109.1 MC/s (2.894e-02 s/TS) || Energy: ~3.94e-15 (-33.94dB)
[@    48m47s] Timestep:        88625 || Speed:   96.2 MC/s (3.282e-02 s/TS) || Energy: ~6.12e-15 (-32.02dB)
[@    48m55s] Timestep:        88854 || Speed:   88.2 MC/s (3.580e-02 s/TS) || Energy: ~9.18e-15 (-30.26dB)
[@    49m01s] Timestep:        89031 || Speed:  101.4 MC/s (3.114e-02 s/TS) || Energy: ~6.38e-15 (-31.84dB)
[@    49m06s] Timestep:        89208 || Speed:  107.2 MC/s (2.945e-02 s/TS) || Energy: ~3.48e-15 (-34.47dB)
[@    49m10s] Timestep:        89334 || Speed:   94.2 MC/s (3.352e-02 s/TS) || Energy: ~4.20e-15 (-33.66dB)
[@    49m18s] Timestep:        89562 || Speed:   94.8 MC/s (3.330e-02 s/TS) || Energy: ~8.21e-15 (-30.74dB)
[@    49m23s] Timestep:        89739 || Speed:  104.6 MC/s (3.020e-02 s/TS) || Energy: ~7.47e-15 (-31.16dB)
[@    49m29s] Timestep:        89916 || Speed:  101.3 MC/s (3.117e-02 s/TS) || Energy: ~4.06e-15 (-33.81dB)
[@    49m33s] Timestep:        90043 || Speed:   95.6 MC/s (3.304e-02 s/TS) || Energy: ~3.20e-15 (-34.84dB)
[@    49m40s] Timestep:        90270 || Speed:  104.7 MC/s (3.015e-02 s/TS) || Energy: ~6.49e-15 (-31.76dB)
[@    49m45s] Timestep:        90447 || Speed:  104.0 MC/s (3.037e-02 s/TS) || Energy: ~7.77e-15 (-30.99dB)
[@    49m50s] Timestep:        90624 || Speed:  105.1 MC/s (3.006e-02 s/TS) || Energy: ~5.16e-15 (-32.77dB)
[@    49m55s] Timestep:        90752 || Speed:   96.5 MC/s (3.273e-02 s/TS) || Energy: ~3.22e-15 (-34.82dB)
[@    50m03s] Timestep:        90978 || Speed:   88.5 MC/s (3.568e-02 s/TS) || Energy: ~4.63e-15 (-33.23dB)
[@    50m10s] Timestep:        91155 || Speed:   80.6 MC/s (3.916e-02 s/TS) || Energy: ~7.13e-15 (-31.36dB)
[@    50m17s] Timestep:        91332 || Speed:   76.2 MC/s (4.146e-02 s/TS) || Energy: ~6.15e-15 (-32.00dB)
[@    50m23s] Timestep:        91461 || Speed:   67.5 MC/s (4.677e-02 s/TS) || Energy: ~3.96e-15 (-33.92dB)
[@    50m32s] Timestep:        91686 || Speed:   81.8 MC/s (3.859e-02 s/TS) || Energy: ~3.20e-15 (-34.84dB)
[@    50m37s] Timestep:        91863 || Speed:   96.8 MC/s (3.261e-02 s/TS) || Energy: ~5.78e-15 (-32.27dB)
[@    50m44s] Timestep:        92040 || Speed:   88.0 MC/s (3.588e-02 s/TS) || Energy: ~6.54e-15 (-31.73dB)
[@    50m48s] Timestep:        92170 || Speed:   91.9 MC/s (3.435e-02 s/TS) || Energy: ~4.93e-15 (-32.96dB)
[@    50m57s] Timestep:        92394 || Speed:   80.5 MC/s (3.923e-02 s/TS) || Energy: ~2.55e-15 (-35.83dB)
[@    51m03s] Timestep:        92571 || Speed:   90.8 MC/s (3.479e-02 s/TS) || Energy: ~4.20e-15 (-33.65dB)
[@    51m09s] Timestep:        92748 || Speed:   94.8 MC/s (3.332e-02 s/TS) || Energy: ~6.15e-15 (-32.00dB)
[@    51m14s] Timestep:        92879 || Speed:   89.4 MC/s (3.532e-02 s/TS) || Energy: ~5.62e-15 (-32.39dB)
[@    51m21s] Timestep:        93102 || Speed:   92.2 MC/s (3.424e-02 s/TS) || Energy: ~2.70e-15 (-35.58dB)
[@    51m27s] Timestep:        93279 || Speed:   97.2 MC/s (3.247e-02 s/TS) || Energy: ~2.90e-15 (-35.26dB)
[@    51m33s] Timestep:        93456 || Speed:   97.1 MC/s (3.251e-02 s/TS) || Energy: ~5.11e-15 (-32.80dB)
[@    51m37s] Timestep:        93588 || Speed:   91.1 MC/s (3.465e-02 s/TS) || Energy: ~5.70e-15 (-32.33dB)
[@    51m44s] Timestep:        93810 || Speed:  100.8 MC/s (3.134e-02 s/TS) || Energy: ~3.36e-15 (-34.62dB)
[@    51m50s] Timestep:        93987 || Speed:   98.1 MC/s (3.220e-02 s/TS) || Energy: ~2.22e-15 (-36.42dB)
[@    51m57s] Timestep:        94164 || Speed:   84.2 MC/s (3.749e-02 s/TS) || Energy: ~3.80e-15 (-34.09dB)
[@    52m02s] Timestep:        94297 || Speed:   80.8 MC/s (3.909e-02 s/TS) || Energy: ~5.13e-15 (-32.78dB)
[@    52m10s] Timestep:        94518 || Speed:   89.3 MC/s (3.538e-02 s/TS) || Energy: ~4.13e-15 (-33.74dB)
[@    52m17s] Timestep:        94695 || Speed:   71.9 MC/s (4.393e-02 s/TS) || Energy: ~2.23e-15 (-36.41dB)
[@    52m25s] Timestep:        94872 || Speed:   72.1 MC/s (4.381e-02 s/TS) || Energy: ~2.64e-15 (-35.67dB)
[@    52m31s] Timestep:        95006 || Speed:   74.2 MC/s (4.257e-02 s/TS) || Energy: ~4.11e-15 (-33.75dB)
[@    52m39s] Timestep:        95226 || Speed:   86.3 MC/s (3.660e-02 s/TS) || Energy: ~4.58e-15 (-33.28dB)
[@    52m45s] Timestep:        95403 || Speed:   90.2 MC/s (3.502e-02 s/TS) || Energy: ~2.72e-15 (-35.54dB)
[@    52m51s] Timestep:        95580 || Speed:   92.6 MC/s (3.410e-02 s/TS) || Energy: ~1.96e-15 (-36.96dB)
[@    52m56s] Timestep:        95715 || Speed:  100.0 MC/s (3.157e-02 s/TS) || Energy: ~2.98e-15 (-35.14dB)
[@    53m02s] Timestep:        95934 || Speed:  105.9 MC/s (2.981e-02 s/TS) || Energy: ~4.52e-15 (-33.34dB)
[@    53m07s] Timestep:        96111 || Speed:  113.1 MC/s (2.792e-02 s/TS) || Energy: ~3.36e-15 (-34.62dB)
[@    53m12s] Timestep:        96288 || Speed:  106.0 MC/s (2.979e-02 s/TS) || Energy: ~1.86e-15 (-37.20dB)
[@    53m18s] Timestep:        96424 || Speed:   79.7 MC/s (3.961e-02 s/TS) || Energy: ~2.09e-15 (-36.68dB)
[@    53m26s] Timestep:        96642 || Speed:   81.7 MC/s (3.865e-02 s/TS) || Energy: ~3.95e-15 (-33.93dB)
[@    53m34s] Timestep:        96819 || Speed:   74.8 MC/s (4.224e-02 s/TS) || Energy: ~3.81e-15 (-34.08dB)
[@    53m40s] Timestep:        96996 || Speed:   87.6 MC/s (3.604e-02 s/TS) || Energy: ~2.21e-15 (-36.45dB)
[@    53m45s] Timestep:        97133 || Speed:   81.5 MC/s (3.873e-02 s/TS) || Energy: ~1.66e-15 (-37.69dB)
[@    53m53s] Timestep:        97350 || Speed:   84.8 MC/s (3.722e-02 s/TS) || Energy: ~3.07e-15 (-35.01dB)
[@    53m59s] Timestep:        97527 || Speed:   97.2 MC/s (3.249e-02 s/TS) || Energy: ~3.85e-15 (-34.04dB)
[@    54m04s] Timestep:        97704 || Speed:  104.6 MC/s (3.018e-02 s/TS) || Energy: ~2.74e-15 (-35.51dB)
[@    54m09s] Timestep:        97842 || Speed:  103.7 MC/s (3.046e-02 s/TS) || Energy: ~1.70e-15 (-37.60dB)
[@    54m15s] Timestep:        98058 || Speed:  110.2 MC/s (2.865e-02 s/TS) || Energy: ~2.19e-15 (-36.48dB)
[@    54m20s] Timestep:        98235 || Speed:  113.9 MC/s (2.773e-02 s/TS) || Energy: ~3.44e-15 (-34.52dB)
[@    54m24s] Timestep:        98412 || Speed:  123.0 MC/s (2.567e-02 s/TS) || Energy: ~3.16e-15 (-34.89dB)
[@    54m28s] Timestep:        98551 || Speed:  105.3 MC/s (2.997e-02 s/TS) || Energy: ~2.06e-15 (-36.75dB)
[@    54m35s] Timestep:        98766 || Speed:  105.3 MC/s (2.999e-02 s/TS) || Energy: ~1.57e-15 (-37.93dB)
[@    54m40s] Timestep:        98943 || Speed:  103.9 MC/s (3.040e-02 s/TS) || Energy: ~2.74e-15 (-35.51dB)
[@    54m46s] Timestep:        99120 || Speed:  101.0 MC/s (3.126e-02 s/TS) || Energy: ~3.26e-15 (-34.76dB)
[@    54m51s] Timestep:        99260 || Speed:   88.2 MC/s (3.579e-02 s/TS) || Energy: ~2.51e-15 (-35.89dB)
[@    54m57s] Timestep:        99474 || Speed:  105.0 MC/s (3.006e-02 s/TS) || Energy: ~1.34e-15 (-38.63dB)
[@    55m03s] Timestep:        99651 || Speed:  104.7 MC/s (3.017e-02 s/TS) || Energy: ~1.99e-15 (-36.90dB)
[@    55m08s] Timestep:        99828 || Speed:  104.9 MC/s (3.009e-02 s/TS) || Energy: ~2.99e-15 (-35.14dB)
[@    55m12s] Timestep:        99969 || Speed:  101.8 MC/s (3.102e-02 s/TS) || Energy: ~2.81e-15 (-35.41dB)
[@    55m18s] Timestep:       100182 || Speed:  115.0 MC/s (2.746e-02 s/TS) || Energy: ~1.47e-15 (-38.22dB)
[@    55m23s] Timestep:       100359 || Speed:  109.3 MC/s (2.888e-02 s/TS) || Energy: ~1.42e-15 (-38.37dB)
[@    55m28s] Timestep:       100536 || Speed:  108.2 MC/s (2.918e-02 s/TS) || Energy: ~2.44e-15 (-36.02dB)
[@    55m33s] Timestep:       100678 || Speed:  107.9 MC/s (2.927e-02 s/TS) || Energy: ~2.81e-15 (-35.40dB)
[@    55m40s] Timestep:       100890 || Speed:   90.7 MC/s (3.480e-02 s/TS) || Energy: ~1.81e-15 (-37.32dB)
[@    55m44s] Timestep:       101067 || Speed:  129.4 MC/s (2.441e-02 s/TS) || Energy: ~1.16e-15 (-39.26dB)
[@    55m49s] Timestep:       101244 || Speed:  121.6 MC/s (2.596e-02 s/TS) || Energy: ~1.80e-15 (-37.33dB)
[@    55m53s] Timestep:       101387 || Speed:  105.9 MC/s (2.981e-02 s/TS) || Energy: ~2.51e-15 (-35.90dB)
[@    55m59s] Timestep:       101598 || Speed:  109.4 MC/s (2.885e-02 s/TS) || Energy: ~2.15e-15 (-36.57dB)
[@    56m05s] Timestep:       101775 || Speed:  100.6 MC/s (3.138e-02 s/TS) || Energy: ~1.21e-15 (-39.06dB)
[@    56m11s] Timestep:       101952 || Speed:   93.9 MC/s (3.364e-02 s/TS) || Energy: ~1.28e-15 (-38.80dB)
[@    56m16s] Timestep:       102096 || Speed:   84.8 MC/s (3.723e-02 s/TS) || Energy: ~2.01e-15 (-36.87dB)
[@    56m24s] Timestep:       102306 || Speed:   87.1 MC/s (3.626e-02 s/TS) || Energy: ~2.31e-15 (-36.25dB)
[@    56m30s] Timestep:       102483 || Speed:   82.9 MC/s (3.807e-02 s/TS) || Energy: ~1.47e-15 (-38.22dB)
[@    56m36s] Timestep:       102660 || Speed:   92.7 MC/s (3.405e-02 s/TS) || Energy: ~1.01e-15 (-39.85dB)
[@    56m41s] Timestep:       102805 || Speed:  102.1 MC/s (3.092e-02 s/TS) || Energy: ~1.47e-15 (-38.22dB)
[@    56m47s] Timestep:       103014 || Speed:  117.7 MC/s (2.684e-02 s/TS) || Energy: ~2.22e-15 (-36.43dB)
[@    56m51s] Timestep:       103191 || Speed:  122.8 MC/s (2.572e-02 s/TS) || Energy: ~1.76e-15 (-37.43dB)
[@    56m56s] Timestep:       103368 || Speed:  110.8 MC/s (2.850e-02 s/TS) || Energy: ~1.01e-15 (-39.86dB)
[@    57m00s] Timestep:       103514 || Speed:  108.1 MC/s (2.922e-02 s/TS) || Energy: ~1.06e-15 (-39.63dB)
[@    57m07s] Timestep:       103722 || Speed:   93.3 MC/s (3.386e-02 s/TS) || Energy: ~1.90e-15 (-37.11dB)
[@    57m13s] Timestep:       103899 || Speed:  107.3 MC/s (2.942e-02 s/TS) || Energy: ~1.93e-15 (-37.03dB)
[@    57m19s] Timestep:       104076 || Speed:   88.2 MC/s (3.582e-02 s/TS) || Energy: ~1.20e-15 (-39.11dB)
[@    57m25s] Timestep:       104223 || Speed:   81.2 MC/s (3.888e-02 s/TS) || Energy: ~8.70e-16 (-40.49dB)
[@    57m33s] Timestep:       104430 || Speed:   83.0 MC/s (3.805e-02 s/TS) || Energy: ~1.46e-15 (-38.24dB)
[@    57m39s] Timestep:       104607 || Speed:   80.6 MC/s (3.919e-02 s/TS) || Energy: ~1.90e-15 (-37.11dB)
[@    57m46s] Timestep:       104784 || Speed:   87.9 MC/s (3.594e-02 s/TS) || Energy: ~1.44e-15 (-38.30dB)
[@    57m52s] Timestep:       104932 || Speed:   80.6 MC/s (3.916e-02 s/TS) || Energy: ~9.00e-16 (-40.35dB)
[@    57m58s] Timestep:       105138 || Speed:  110.9 MC/s (2.848e-02 s/TS) || Energy: ~1.06e-15 (-39.65dB)
[@    58m02s] Timestep:       105315 || Speed:  116.6 MC/s (2.709e-02 s/TS) || Energy: ~1.66e-15 (-37.68dB)
[@    58m07s] Timestep:       105492 || Speed:  114.9 MC/s (2.747e-02 s/TS) || Energy: ~1.61e-15 (-37.82dB)
[@    58m12s] Timestep:       105641 || Speed:  108.2 MC/s (2.919e-02 s/TS) || Energy: ~1.07e-15 (-39.59dB)
[@    58m18s] Timestep:       105846 || Speed:  101.9 MC/s (3.100e-02 s/TS) || Energy: ~7.91e-16 (-40.91dB)
[@    58m23s] Timestep:       106023 || Speed:  104.3 MC/s (3.028e-02 s/TS) || Energy: ~1.31e-15 (-38.72dB)
[@    58m29s] Timestep:       106200 || Speed:  104.0 MC/s (3.037e-02 s/TS) || Energy: ~1.61e-15 (-37.81dB)
[@    58m34s] Timestep:       106350 || Speed:   83.1 MC/s (3.799e-02 s/TS) || Energy: ~1.27e-15 (-38.84dB)
[@    58m42s] Timestep:       106554 || Speed:   82.4 MC/s (3.831e-02 s/TS) || Energy: ~7.16e-16 (-41.34dB)
[@    58m48s] Timestep:       106731 || Speed:  103.1 MC/s (3.064e-02 s/TS) || Energy: ~9.58e-16 (-40.08dB)
[@    58m53s] Timestep:       106908 || Speed:  103.8 MC/s (3.042e-02 s/TS) || Energy: ~1.45e-15 (-38.28dB)
[@    58m58s] Timestep:       107059 || Speed:   99.1 MC/s (3.188e-02 s/TS) || Energy: ~1.40e-15 (-38.43dB)
[@    59m04s] Timestep:       107262 || Speed:  102.7 MC/s (3.075e-02 s/TS) || Energy: ~8.00e-16 (-40.86dB)
[@    59m09s] Timestep:       107439 || Speed:  108.8 MC/s (2.903e-02 s/TS) || Energy: ~7.07e-16 (-41.39dB)
[@    59m14s] Timestep:       107616 || Speed:  105.2 MC/s (3.001e-02 s/TS) || Energy: ~1.17e-15 (-39.23dB)
[@    59m20s] Timestep:       107768 || Speed:   94.9 MC/s (3.328e-02 s/TS) || Energy: ~1.38e-15 (-38.49dB)
[@    59m27s] Timestep:       107970 || Speed:   82.6 MC/s (3.824e-02 s/TS) || Energy: ~9.63e-16 (-40.05dB)
[@    59m33s] Timestep:       108147 || Speed:  105.7 MC/s (2.988e-02 s/TS) || Energy: ~6.13e-16 (-42.01dB)
[@    59m38s] Timestep:       108324 || Speed:  108.9 MC/s (2.900e-02 s/TS) || Energy: ~8.66e-16 (-40.51dB)
[@    59m42s] Timestep:       108477 || Speed:  105.9 MC/s (2.981e-02 s/TS) || Energy: ~1.23e-15 (-39.00dB)
[@    59m48s] Timestep:       108678 || Speed:  117.4 MC/s (2.690e-02 s/TS) || Energy: ~1.11e-15 (-39.45dB)
[@    59m53s] Timestep:       108855 || Speed:  110.9 MC/s (2.848e-02 s/TS) || Energy: ~6.59e-16 (-41.70dB)
[@    59m58s] Timestep:       109032 || Speed:   99.4 MC/s (3.177e-02 s/TS) || Energy: ~6.36e-16 (-41.86dB)
[@  1h00m04s] Timestep:       109186 || Speed:   90.6 MC/s (3.486e-02 s/TS) || Energy: ~9.82e-16 (-39.97dB)
[@  1h00m11s] Timestep:       109386 || Speed:   89.9 MC/s (3.512e-02 s/TS) || Energy: ~1.15e-15 (-39.27dB)
[@  1h00m17s] Timestep:       109563 || Speed:   87.0 MC/s (3.631e-02 s/TS) || Energy: ~7.86e-16 (-40.94dB)
[@  1h00m23s] Timestep:       109740 || Speed:   90.2 MC/s (3.501e-02 s/TS) || Energy: ~5.30e-16 (-42.65dB)
[@  1h00m30s] Timestep:       109895 || Speed:   77.4 MC/s (4.078e-02 s/TS) || Energy: ~7.32e-16 (-41.24dB)
[@  1h00m37s] Timestep:       110094 || Speed:   83.9 MC/s (3.762e-02 s/TS) || Energy: ~1.08e-15 (-39.54dB)
[@  1h00m42s] Timestep:       110271 || Speed:  112.3 MC/s (2.813e-02 s/TS) || Energy: ~9.12e-16 (-40.29dB)
[@  1h00m47s] Timestep:       110448 || Speed:  110.2 MC/s (2.866e-02 s/TS) || Energy: ~5.46e-16 (-42.52dB)
[@  1h00m51s] Timestep:       110604 || Speed:  113.9 MC/s (2.773e-02 s/TS) || Energy: ~5.43e-16 (-42.54dB)
[@  1h00m58s] Timestep:       110802 || Speed:  102.1 MC/s (3.092e-02 s/TS) || Energy: ~9.11e-16 (-40.29dB)
[@  1h01m02s] Timestep:       110979 || Speed:  127.3 MC/s (2.481e-02 s/TS) || Energy: ~9.70e-16 (-40.02dB)
[@  1h01m06s] Timestep:       111156 || Speed:  124.5 MC/s (2.535e-02 s/TS) || Energy: ~6.42e-16 (-41.81dB)
[@  1h01m11s] Timestep:       111313 || Speed:  109.8 MC/s (2.875e-02 s/TS) || Energy: ~4.60e-16 (-43.26dB)
[@  1h01m18s] Timestep:       111510 || Speed:   94.6 MC/s (3.337e-02 s/TS) || Energy: ~7.02e-16 (-41.43dB)
[@  1h01m22s] Timestep:       111687 || Speed:  117.6 MC/s (2.686e-02 s/TS) || Energy: ~9.30e-16 (-40.20dB)
[@  1h01m27s] Timestep:       111864 || Speed:  126.3 MC/s (2.501e-02 s/TS) || Energy: ~7.51e-16 (-41.13dB)
[@  1h01m31s] Timestep:       112022 || Speed:  112.0 MC/s (2.819e-02 s/TS) || Energy: ~4.75e-16 (-43.12dB)
[@  1h01m38s] Timestep:       112218 || Speed:   97.9 MC/s (3.226e-02 s/TS) || Energy: ~5.16e-16 (-42.76dB)
[@  1h01m43s] Timestep:       112395 || Speed:  100.5 MC/s (3.141e-02 s/TS) || Energy: ~8.00e-16 (-40.86dB)
[@  1h01m51s] Timestep:       112572 || Speed:   74.1 MC/s (4.261e-02 s/TS) || Energy: ~8.12e-16 (-40.79dB)
[@  1h02m01s] Timestep:       112731 || Speed:   48.3 MC/s (6.535e-02 s/TS) || Energy: ~5.55e-16 (-42.44dB)
[@  1h02m15s] Timestep:       112926 || Speed:   44.6 MC/s (7.084e-02 s/TS) || Energy: ~4.07e-16 (-43.80dB)
[@  1h02m28s] Timestep:       113103 || Speed:   41.1 MC/s (7.681e-02 s/TS) || Energy: ~6.29e-16 (-41.91dB)
[@  1h02m44s] Timestep:       113280 || Speed:   36.7 MC/s (8.603e-02 s/TS) || Energy: ~7.95e-16 (-40.89dB)
[@  1h02m56s] Timestep:       113440 || Speed:   42.2 MC/s (7.481e-02 s/TS) || Energy: ~6.44e-16 (-41.80dB)
[@  1h03m03s] Timestep:       113634 || Speed:   79.6 MC/s (3.966e-02 s/TS) || Energy: ~3.84e-16 (-44.05dB)
[@  1h03m08s] Timestep:       113811 || Speed:  115.2 MC/s (2.740e-02 s/TS) || Energy: ~4.66e-16 (-43.21dB)
[@  1h03m13s] Timestep:       113988 || Speed:  123.3 MC/s (2.561e-02 s/TS) || Energy: ~6.99e-16 (-41.44dB)
[@  1h03m17s] Timestep:       114149 || Speed:  118.8 MC/s (2.658e-02 s/TS) || Energy: ~6.94e-16 (-41.48dB)
[@  1h03m22s] Timestep:       114342 || Speed:  133.1 MC/s (2.373e-02 s/TS) || Energy: ~4.31e-16 (-43.54dB)
[@  1h03m26s] Timestep:       114519 || Speed:  123.0 MC/s (2.567e-02 s/TS) || Energy: ~3.60e-16 (-44.32dB)
[@  1h03m31s] Timestep:       114696 || Speed:  103.9 MC/s (3.038e-02 s/TS) || Energy: ~5.60e-16 (-42.40dB)
[@  1h03m37s] Timestep:       114858 || Speed:   96.7 MC/s (3.265e-02 s/TS) || Energy: ~6.79e-16 (-41.57dB)
[@  1h03m43s] Timestep:       115050 || Speed:   90.9 MC/s (3.475e-02 s/TS) || Energy: ~5.06e-16 (-42.85dB)
[@  1h03m50s] Timestep:       115227 || Speed:   86.3 MC/s (3.659e-02 s/TS) || Energy: ~3.26e-16 (-44.76dB)
[@  1h03m56s] Timestep:       115404 || Speed:   86.0 MC/s (3.670e-02 s/TS) || Energy: ~4.20e-16 (-43.66dB)
[@  1h04m03s] Timestep:       115567 || Speed:   80.7 MC/s (3.911e-02 s/TS) || Energy: ~5.99e-16 (-42.11dB)
[@  1h04m12s] Timestep:       115758 || Speed:   62.4 MC/s (5.058e-02 s/TS) || Energy: ~5.63e-16 (-42.38dB)
[@  1h04m21s] Timestep:       115935 || Speed:   63.9 MC/s (4.939e-02 s/TS) || Energy: ~3.55e-16 (-44.38dB)
[@  1h04m29s] Timestep:       116112 || Speed:   73.4 MC/s (4.303e-02 s/TS) || Energy: ~3.21e-16 (-44.83dB)
[@  1h04m34s] Timestep:       116276 || Speed:  105.8 MC/s (2.985e-02 s/TS) || Energy: ~4.84e-16 (-43.04dB)
[@  1h04m39s] Timestep:       116466 || Speed:  112.7 MC/s (2.801e-02 s/TS) || Energy: ~5.73e-16 (-42.31dB)
[@  1h04m44s] Timestep:       116643 || Speed:  118.8 MC/s (2.657e-02 s/TS) || Energy: ~4.14e-16 (-43.72dB)
[@  1h04m49s] Timestep:       116820 || Speed:  116.8 MC/s (2.704e-02 s/TS) || Energy: ~2.79e-16 (-45.43dB)
[@  1h04m53s] Timestep:       116985 || Speed:  108.0 MC/s (2.923e-02 s/TS) || Energy: ~3.66e-16 (-44.26dB)
[@  1h05m01s] Timestep:       117174 || Speed:   81.6 MC/s (3.872e-02 s/TS) || Energy: ~5.26e-16 (-42.68dB)
[@  1h05m06s] Timestep:       117351 || Speed:   97.4 MC/s (3.244e-02 s/TS) || Energy: ~4.67e-16 (-43.20dB)
[@  1h05m12s] Timestep:       117528 || Speed:   97.0 MC/s (3.254e-02 s/TS) || Energy: ~2.94e-16 (-45.21dB)
[@  1h05m17s] Timestep:       117694 || Speed:   99.9 MC/s (3.162e-02 s/TS) || Energy: ~2.80e-16 (-45.41dB)
[@  1h05m25s] Timestep:       117882 || Speed:   77.2 MC/s (4.091e-02 s/TS) || Energy: ~4.40e-16 (-43.46dB)
[@  1h05m31s] Timestep:       118059 || Speed:  102.0 MC/s (3.094e-02 s/TS) || Energy: ~4.84e-16 (-43.04dB)
[@  1h05m36s] Timestep:       118236 || Speed:  100.2 MC/s (3.150e-02 s/TS) || Energy: ~3.40e-16 (-44.58dB)
[@  1h05m42s] Timestep:       118403 || Speed:   90.3 MC/s (3.495e-02 s/TS) || Energy: ~2.42e-16 (-46.06dB)
[@  1h05m48s] Timestep:       118590 || Speed:   95.0 MC/s (3.323e-02 s/TS) || Energy: ~3.39e-16 (-44.59dB)
[@  1h05m54s] Timestep:       118767 || Speed:   92.7 MC/s (3.406e-02 s/TS) || Energy: ~4.53e-16 (-43.32dB)
[@  1h06m00s] Timestep:       118944 || Speed:   95.0 MC/s (3.325e-02 s/TS) || Energy: ~3.86e-16 (-44.03dB)
[@  1h06m06s] Timestep:       119112 || Speed:   91.4 MC/s (3.454e-02 s/TS) || Energy: ~2.50e-16 (-45.92dB)
[@  1h06m12s] Timestep:       119298 || Speed:   89.3 MC/s (3.534e-02 s/TS) || Energy: ~2.57e-16 (-45.79dB)
[@  1h06m17s] Timestep:       119475 || Speed:  120.8 MC/s (2.615e-02 s/TS) || Energy: ~3.87e-16 (-44.01dB)
[@  1h06m22s] Timestep:       119652 || Speed:  118.4 MC/s (2.666e-02 s/TS) || Energy: ~4.07e-16 (-43.80dB)
[@  1h06m27s] Timestep:       119821 || Speed:  107.5 MC/s (2.937e-02 s/TS) || Energy: ~2.85e-16 (-45.34dB)
[@  1h06m34s] Timestep:       120006 || Speed:   76.5 MC/s (4.129e-02 s/TS) || Energy: ~2.10e-16 (-46.66dB)
[@  1h06m39s] Timestep:       120183 || Speed:  111.5 MC/s (2.833e-02 s/TS) || Energy: ~3.03e-16 (-45.08dB)
[@  1h06m44s] Timestep:       120360 || Speed:  121.0 MC/s (2.610e-02 s/TS) || Energy: ~3.89e-16 (-43.99dB)
[@  1h06m49s] Timestep:       120530 || Speed:   99.3 MC/s (3.180e-02 s/TS) || Energy: ~3.23e-16 (-44.80dB)
[@  1h06m57s] Timestep:       120714 || Speed:   79.3 MC/s (3.981e-02 s/TS) || Energy: ~2.05e-16 (-46.76dB)
[@  1h07m02s] Timestep:       120891 || Speed:  106.1 MC/s (2.977e-02 s/TS) || Energy: ~2.30e-16 (-46.26dB)
[@  1h07m07s] Timestep:       121068 || Speed:  111.1 MC/s (2.841e-02 s/TS) || Energy: ~3.39e-16 (-44.59dB)
[@  1h07m13s] Timestep:       121239 || Speed:   99.4 MC/s (3.177e-02 s/TS) || Energy: ~3.43e-16 (-44.54dB)
[@  1h07m20s] Timestep:       121422 || Speed:   77.5 MC/s (4.077e-02 s/TS) || Energy: ~2.29e-16 (-46.29dB)
[@  1h07m26s] Timestep:       121599 || Speed:  101.5 MC/s (3.110e-02 s/TS) || Energy: ~1.84e-16 (-47.23dB)
[@  1h07m30s] Timestep:       121776 || Speed:  121.1 MC/s (2.607e-02 s/TS) || Energy: ~2.70e-16 (-45.58dB)
[@  1h07m36s] Timestep:       121948 || Speed:   97.3 MC/s (3.246e-02 s/TS) || Energy: ~3.32e-16 (-44.68dB)
[@  1h07m43s] Timestep:       122130 || Speed:   81.2 MC/s (3.889e-02 s/TS) || Energy: ~2.62e-16 (-45.71dB)
[@  1h07m48s] Timestep:       122307 || Speed:  103.5 MC/s (3.052e-02 s/TS) || Energy: ~1.74e-16 (-47.50dB)
[@  1h07m53s] Timestep:       122484 || Speed:  122.8 MC/s (2.571e-02 s/TS) || Energy: ~2.07e-16 (-46.73dB)
[@  1h07m58s] Timestep:       122657 || Speed:  109.5 MC/s (2.883e-02 s/TS) || Energy: ~2.94e-16 (-45.21dB)
[@  1h08m05s] Timestep:       122838 || Speed:   82.1 MC/s (3.847e-02 s/TS) || Energy: ~2.84e-16 (-45.35dB)
[@  1h08m10s] Timestep:       123015 || Speed:  104.3 MC/s (3.027e-02 s/TS) || Energy: ~1.89e-16 (-47.13dB)
[@  1h08m15s] Timestep:       123192 || Speed:  105.7 MC/s (2.986e-02 s/TS) || Energy: ~1.63e-16 (-47.78dB)
[@  1h08m22s] Timestep:       123366 || Speed:   82.9 MC/s (3.807e-02 s/TS) || Energy: ~2.38e-16 (-46.12dB)
[@  1h08m30s] Timestep:       123546 || Speed:   75.1 MC/s (4.205e-02 s/TS) || Energy: ~2.82e-16 (-45.38dB)
[@  1h08m35s] Timestep:       123723 || Speed:   93.6 MC/s (3.373e-02 s/TS) || Energy: ~2.15e-16 (-46.56dB)
[@  1h08m43s] Timestep:       123900 || Speed:   71.3 MC/s (4.431e-02 s/TS) || Energy: ~1.48e-16 (-48.19dB)
[@  1h08m58s] Timestep:       124075 || Speed:   38.8 MC/s (8.145e-02 s/TS) || Energy: ~1.84e-16 (-47.23dB)
[@  1h09m09s] Timestep:       124254 || Speed:   50.7 MC/s (6.226e-02 s/TS) || Energy: ~2.56e-16 (-45.80dB)
[@  1h09m17s] Timestep:       124431 || Speed:   71.4 MC/s (4.420e-02 s/TS) || Energy: ~2.36e-16 (-46.15dB)
[@  1h09m23s] Timestep:       124608 || Speed:   81.9 MC/s (3.857e-02 s/TS) || Energy: ~1.56e-16 (-47.96dB)
[@  1h09m28s] Timestep:       124784 || Speed:  109.7 MC/s (2.879e-02 s/TS) || Energy: ~1.44e-16 (-48.31dB)
[@  1h09m33s] Timestep:       124962 || Speed:  137.6 MC/s (2.295e-02 s/TS) || Energy: ~2.12e-16 (-46.62dB)
[@  1h09m40s] Timestep:       125316 || Speed:  152.4 MC/s (2.072e-02 s/TS) || Energy: ~1.77e-16 (-47.41dB)
[@  1h09m44s] Timestep:       125493 || Speed:  127.5 MC/s (2.477e-02 s/TS) || Energy: ~1.27e-16 (-48.86dB)
[@  1h09m50s] Timestep:       125670 || Speed:   97.2 MC/s (3.248e-02 s/TS) || Energy: ~1.66e-16 (-47.69dB)
[@  1h09m55s] Timestep:       125847 || Speed:  107.0 MC/s (2.950e-02 s/TS) || Energy: ~2.21e-16 (-46.44dB)
[@  1h09m59s] Timestep:       126024 || Speed:  135.9 MC/s (2.324e-02 s/TS) || Energy: ~1.96e-16 (-46.96dB)
[@  1h10m04s] Timestep:       126201 || Speed:  128.7 MC/s (2.454e-02 s/TS) || Energy: ~1.30e-16 (-48.76dB)
[@  1h10m10s] Timestep:       126378 || Speed:   92.0 MC/s (3.431e-02 s/TS) || Energy: ~1.28e-16 (-48.81dB)
[@  1h10m14s] Timestep:       126555 || Speed:  123.3 MC/s (2.561e-02 s/TS) || Energy: ~1.87e-16 (-47.18dB)
[@  1h10m19s] Timestep:       126732 || Speed:  129.8 MC/s (2.433e-02 s/TS) || Energy: ~2.02e-16 (-46.84dB)
[@  1h10m23s] Timestep:       126909 || Speed:  119.1 MC/s (2.652e-02 s/TS) || Energy: ~1.46e-16 (-48.26dB)
[@  1h10m29s] Timestep:       127086 || Speed:   91.7 MC/s (3.443e-02 s/TS) || Energy: ~1.10e-16 (-49.49dB)
[@  1h10m37s] Timestep:       127440 || Speed:  143.0 MC/s (2.209e-02 s/TS) || Energy: ~1.91e-16 (-47.09dB)
[@  1h10m42s] Timestep:       127617 || Speed:  108.4 MC/s (2.914e-02 s/TS) || Energy: ~1.62e-16 (-47.79dB)
[@  1h10m48s] Timestep:       127794 || Speed:   94.6 MC/s (3.337e-02 s/TS) || Energy: ~1.08e-16 (-49.54dB)
[@  1h10m53s] Timestep:       127971 || Speed:  127.6 MC/s (2.474e-02 s/TS) || Energy: ~1.14e-16 (-49.30dB)
[@  1h10m58s] Timestep:       128148 || Speed:  115.1 MC/s (2.742e-02 s/TS) || Energy: ~1.64e-16 (-47.75dB)
[@  1h11m03s] Timestep:       128325 || Speed:   95.9 MC/s (3.292e-02 s/TS) || Energy: ~1.69e-16 (-47.60dB)
[@  1h11m09s] Timestep:       128502 || Speed:   99.4 MC/s (3.175e-02 s/TS) || Energy: ~1.20e-16 (-49.10dB)
[@  1h11m13s] Timestep:       128679 || Speed:  133.3 MC/s (2.369e-02 s/TS) || Energy: ~9.56e-17 (-50.09dB)
Time for 128679 iterations with 3157704.00 cells : 4273.65 sec
Speed: 95.08 MCells/s 

   driven port: TX2
   S(TX1 <- TX2) =  -21.71 dB   coupling
   S(TX2 <- TX2) =  -12.84 dB   match
   S(RX1 <- TX2) =  -46.60 dB   coupling
   S(RX2 <- TX2) =  -43.37 dB   coupling
   far field 5.800 GHz: Dmax 6.51 dBi, wanted-sense axial ratio 4.36 dB
   worst TX1 coupling across the ISM band: -21.70 dB
   worst RX1 coupling across the ISM band: -45.64 dB
   worst RX2 coupling across the ISM band: -40.33 dB
