[tx1] driving TX1   mesh 299x434x24 = 3.11 Mcells   board 76.0 x 176.0 mm
openEMS - fixed number of threads: 8
 ---------------------------------------------------------------------- 
 | openEMS 64bit -- version v0.37.0-rc1-2-g7b051bb
 | (C) 2010-2026 Thorsten Liebig <thorsten.liebig@gmx.de>  GPL license
 ---------------------------------------------------------------------- 
	Used external libraries:
		CSXCAD -- Version: v0.7.0-rc1-1-g5115701
		hdf5   -- Version: 2.2.0
		          compiled against: HDF5 library version: 2.2.0
		tinyxml -- compiled against: 2.6.2
		fparser
		boost  -- compiled against: 1_90
		vtk -- disabled in this build

Create FDTD operator (compressed SSE + multi-threading)
FDTD simulation size: 299x434x24 --> 3.11438e+06 FDTD cells 
FDTD timestep is: 1.86704e-13 s; Nyquist rate: 405 timesteps @6.61245e+09 Hz
Excitation signal length is: 19181 timesteps (3.58116e-09s)
Max. number of timesteps: 140000 ( --> 7.29889 * Excitation signal length)
Create FDTD engine (compressed SSE + multi-threading)
Warning: Unused primitive (type: Polygon) detected in property: top!
Warning: Unused primitive (type: Polygon) detected in property: top!
Warning: Unused primitive (type: Polygon) detected in property: top!
Running FDTD engine... this may take a while... grab a cup of coffee?!?
[@        5s] Timestep:          303 || Speed:  167.4 MC/s (1.860e-02 s/TS) || Energy: ~2.30e-21 (- 0.00dB)
[@       11s] Timestep:          606 || Speed:  160.0 MC/s (1.946e-02 s/TS) || Energy: ~1.72e-20 (- 0.00dB)
[@       17s] Timestep:          909 || Speed:  162.8 MC/s (1.913e-02 s/TS) || Energy: ~5.41e-20 (- 0.00dB)
[@       23s] Timestep:         1212 || Speed:  157.7 MC/s (1.974e-02 s/TS) || Energy: ~1.35e-19 (- 0.00dB)
[@       27s] Timestep:         1414 || Speed:  153.8 MC/s (2.025e-02 s/TS) || Energy: ~3.27e-19 (- 0.00dB)
[@       31s] Timestep:         1616 || Speed:  154.6 MC/s (2.015e-02 s/TS) || Energy: ~5.42e-19 (- 0.00dB)
[@       37s] Timestep:         1919 || Speed:  158.5 MC/s (1.965e-02 s/TS) || Energy: ~1.63e-18 (- 0.00dB)
[@       41s] Timestep:         2121 || Speed:  153.2 MC/s (2.033e-02 s/TS) || Energy: ~2.72e-18 (- 0.00dB)
[@       45s] Timestep:         2323 || Speed:  141.4 MC/s (2.202e-02 s/TS) || Energy: ~5.60e-18 (- 0.00dB)
[@       50s] Timestep:         2525 || Speed:  133.3 MC/s (2.337e-02 s/TS) || Energy: ~9.30e-18 (- 0.00dB)
[@       55s] Timestep:         2727 || Speed:  122.6 MC/s (2.540e-02 s/TS) || Energy: ~1.77e-17 (- 0.00dB)
[@     1m00s] Timestep:         2929 || Speed:  124.5 MC/s (2.502e-02 s/TS) || Energy: ~3.01e-17 (- 0.00dB)
[@     1m06s] Timestep:         3131 || Speed:  122.4 MC/s (2.545e-02 s/TS) || Energy: ~5.24e-17 (- 0.00dB)
[@     1m11s] Timestep:         3333 || Speed:  120.3 MC/s (2.589e-02 s/TS) || Energy: ~9.08e-17 (- 0.00dB)
[@     1m16s] Timestep:         3535 || Speed:  128.5 MC/s (2.423e-02 s/TS) || Energy: ~1.48e-16 (- 0.00dB)
[@     1m21s] Timestep:         3737 || Speed:  127.1 MC/s (2.450e-02 s/TS) || Energy: ~2.54e-16 (- 0.00dB)
[@     1m25s] Timestep:         3939 || Speed:  131.6 MC/s (2.367e-02 s/TS) || Energy: ~4.01e-16 (- 0.00dB)
[@     1m30s] Timestep:         4141 || Speed:  136.2 MC/s (2.286e-02 s/TS) || Energy: ~6.62e-16 (- 0.00dB)
[@     1m35s] Timestep:         4343 || Speed:  134.7 MC/s (2.312e-02 s/TS) || Energy: ~1.02e-15 (- 0.00dB)
[@     1m39s] Timestep:         4545 || Speed:  133.8 MC/s (2.328e-02 s/TS) || Energy: ~1.63e-15 (- 0.00dB)
[@     1m44s] Timestep:         4747 || Speed:  134.0 MC/s (2.325e-02 s/TS) || Energy: ~2.44e-15 (- 0.00dB)
[@     1m49s] Timestep:         4949 || Speed:  122.0 MC/s (2.552e-02 s/TS) || Energy: ~3.81e-15 (- 0.00dB)
[@     1m54s] Timestep:         5151 || Speed:  125.8 MC/s (2.477e-02 s/TS) || Energy: ~5.47e-15 (- 0.00dB)
[@     1m59s] Timestep:         5353 || Speed:  129.7 MC/s (2.400e-02 s/TS) || Energy: ~8.36e-15 (- 0.00dB)
[@     2m04s] Timestep:         5555 || Speed:  127.9 MC/s (2.435e-02 s/TS) || Energy: ~1.17e-14 (- 0.00dB)
[@     2m09s] Timestep:         5757 || Speed:  122.9 MC/s (2.534e-02 s/TS) || Energy: ~1.71e-14 (- 0.00dB)
[@     2m14s] Timestep:         5959 || Speed:  124.5 MC/s (2.501e-02 s/TS) || Energy: ~2.38e-14 (- 0.00dB)
[@     2m19s] Timestep:         6161 || Speed:  127.4 MC/s (2.445e-02 s/TS) || Energy: ~3.24e-14 (- 0.00dB)
[@     2m24s] Timestep:         6363 || Speed:  122.7 MC/s (2.539e-02 s/TS) || Energy: ~4.64e-14 (- 0.00dB)
[@     2m29s] Timestep:         6565 || Speed:  130.4 MC/s (2.388e-02 s/TS) || Energy: ~5.82e-14 (- 0.00dB)
[@     2m34s] Timestep:         6767 || Speed:  127.5 MC/s (2.444e-02 s/TS) || Energy: ~8.42e-14 (- 0.00dB)
[@     2m39s] Timestep:         6969 || Speed:  123.7 MC/s (2.518e-02 s/TS) || Energy: ~1.01e-13 (- 0.00dB)
[@     2m44s] Timestep:         7171 || Speed:  127.4 MC/s (2.445e-02 s/TS) || Energy: ~1.41e-13 (- 0.00dB)
[@     2m49s] Timestep:         7373 || Speed:  122.6 MC/s (2.540e-02 s/TS) || Energy: ~1.70e-13 (- 0.00dB)
[@     2m54s] Timestep:         7575 || Speed:  120.6 MC/s (2.581e-02 s/TS) || Energy: ~2.18e-13 (- 0.00dB)
[@     2m59s] Timestep:         7777 || Speed:  123.4 MC/s (2.523e-02 s/TS) || Energy: ~2.74e-13 (- 0.00dB)
[@     3m05s] Timestep:         7979 || Speed:  116.3 MC/s (2.677e-02 s/TS) || Energy: ~3.19e-13 (- 0.00dB)
[@     3m10s] Timestep:         8181 || Speed:  119.9 MC/s (2.598e-02 s/TS) || Energy: ~4.14e-13 (- 0.00dB)
[@     3m15s] Timestep:         8383 || Speed:  120.0 MC/s (2.596e-02 s/TS) || Energy: ~4.55e-13 (- 0.00dB)
[@     3m21s] Timestep:         8585 || Speed:  119.3 MC/s (2.610e-02 s/TS) || Energy: ~5.75e-13 (- 0.00dB)
[@     3m26s] Timestep:         8787 || Speed:  122.8 MC/s (2.537e-02 s/TS) || Energy: ~6.37e-13 (- 0.00dB)
[@     3m31s] Timestep:         8989 || Speed:  119.5 MC/s (2.606e-02 s/TS) || Energy: ~7.44e-13 (- 0.00dB)
[@     3m36s] Timestep:         9191 || Speed:  127.7 MC/s (2.438e-02 s/TS) || Energy: ~8.54e-13 (- 0.00dB)
[@     3m41s] Timestep:         9393 || Speed:  119.6 MC/s (2.603e-02 s/TS) || Energy: ~9.26e-13 (- 0.00dB)
[@     3m46s] Timestep:         9590 || Speed:  120.6 MC/s (2.582e-02 s/TS) || Energy: ~1.06e-12 (- 0.00dB)
[@     3m52s] Timestep:         9797 || Speed:  119.5 MC/s (2.606e-02 s/TS) || Energy: ~1.14e-12 (- 0.00dB)
[@     3m57s] Timestep:         9999 || Speed:  116.8 MC/s (2.665e-02 s/TS) || Energy: ~1.22e-12 (- 0.00dB)
[@     4m02s] Timestep:        10201 || Speed:  123.0 MC/s (2.533e-02 s/TS) || Energy: ~1.40e-12 (- 0.00dB)
[@     4m08s] Timestep:        10403 || Speed:  117.6 MC/s (2.648e-02 s/TS) || Energy: ~1.32e-12 (- 0.24dB)
[@     4m13s] Timestep:        10605 || Speed:  117.7 MC/s (2.645e-02 s/TS) || Energy: ~1.64e-12 (- 0.00dB)
[@     4m18s] Timestep:        10807 || Speed:  122.0 MC/s (2.554e-02 s/TS) || Energy: ~1.42e-12 (- 0.60dB)
[@     4m24s] Timestep:        11009 || Speed:  113.3 MC/s (2.748e-02 s/TS) || Energy: ~1.76e-12 (- 0.00dB)
[@     4m29s] Timestep:        11211 || Speed:  124.0 MC/s (2.511e-02 s/TS) || Energy: ~1.62e-12 (- 0.36dB)
[@     4m34s] Timestep:        11413 || Speed:  128.3 MC/s (2.428e-02 s/TS) || Energy: ~1.68e-12 (- 0.19dB)
[@     4m39s] Timestep:        11615 || Speed:  117.9 MC/s (2.642e-02 s/TS) || Energy: ~1.92e-12 (- 0.00dB)
[@     4m44s] Timestep:        11817 || Speed:  117.7 MC/s (2.647e-02 s/TS) || Energy: ~1.45e-12 (- 1.23dB)
[@     4m49s] Timestep:        12019 || Speed:  123.3 MC/s (2.525e-02 s/TS) || Energy: ~2.24e-12 (- 0.00dB)
[@     4m54s] Timestep:        12221 || Speed:  122.2 MC/s (2.549e-02 s/TS) || Energy: ~1.25e-12 (- 2.55dB)
[@     5m00s] Timestep:        12423 || Speed:  115.8 MC/s (2.689e-02 s/TS) || Energy: ~2.35e-12 (- 0.00dB)
[@     5m07s] Timestep:        12625 || Speed:   90.6 MC/s (3.436e-02 s/TS) || Energy: ~1.31e-12 (- 2.54dB)
[@     5m12s] Timestep:        12827 || Speed:  114.9 MC/s (2.710e-02 s/TS) || Energy: ~2.06e-12 (- 0.56dB)
[@     5m17s] Timestep:        13029 || Speed:  130.9 MC/s (2.379e-02 s/TS) || Energy: ~1.73e-12 (- 1.33dB)
[@     5m22s] Timestep:        13231 || Speed:  128.0 MC/s (2.432e-02 s/TS) || Energy: ~1.46e-12 (- 2.06dB)
[@     5m27s] Timestep:        13433 || Speed:  116.3 MC/s (2.678e-02 s/TS) || Energy: ~2.29e-12 (- 0.11dB)
[@     5m33s] Timestep:        13635 || Speed:  115.9 MC/s (2.687e-02 s/TS) || Energy: ~8.87e-13 (- 4.23dB)
[@     5m38s] Timestep:        13837 || Speed:  114.9 MC/s (2.709e-02 s/TS) || Energy: ~2.57e-12 (- 0.00dB)
[@     5m44s] Timestep:        14039 || Speed:  110.6 MC/s (2.817e-02 s/TS) || Energy: ~7.60e-13 (- 5.29dB)
[@     5m49s] Timestep:        14241 || Speed:  116.8 MC/s (2.666e-02 s/TS) || Energy: ~2.27e-12 (- 0.53dB)
[@     5m55s] Timestep:        14443 || Speed:  116.2 MC/s (2.680e-02 s/TS) || Energy: ~1.18e-12 (- 3.37dB)
[@     6m00s] Timestep:        14645 || Speed:  117.0 MC/s (2.663e-02 s/TS) || Energy: ~1.54e-12 (- 2.23dB)
[@     6m06s] Timestep:        14847 || Speed:  110.9 MC/s (2.809e-02 s/TS) || Energy: ~1.81e-12 (- 1.51dB)
[@     6m12s] Timestep:        15049 || Speed:  111.3 MC/s (2.798e-02 s/TS) || Energy: ~8.28e-13 (- 4.91dB)
[@     6m18s] Timestep:        15251 || Speed:  101.5 MC/s (3.069e-02 s/TS) || Energy: ~2.16e-12 (- 0.75dB)
[@     6m24s] Timestep:        15453 || Speed:  102.3 MC/s (3.046e-02 s/TS) || Energy: ~5.69e-13 (- 6.54dB)
[@     6m29s] Timestep:        15655 || Speed:  114.9 MC/s (2.711e-02 s/TS) || Energy: ~1.97e-12 (- 1.14dB)
[@     6m35s] Timestep:        15857 || Speed:  115.1 MC/s (2.706e-02 s/TS) || Energy: ~7.95e-13 (- 5.09dB)
[@     6m40s] Timestep:        16059 || Speed:  117.4 MC/s (2.654e-02 s/TS) || Energy: ~1.42e-12 (- 2.58dB)
[@     6m46s] Timestep:        16261 || Speed:  114.0 MC/s (2.732e-02 s/TS) || Energy: ~1.20e-12 (- 3.29dB)
[@     6m51s] Timestep:        16463 || Speed:  116.6 MC/s (2.670e-02 s/TS) || Energy: ~8.61e-13 (- 4.74dB)
[@     6m57s] Timestep:        16665 || Speed:  114.1 MC/s (2.729e-02 s/TS) || Energy: ~1.45e-12 (- 2.48dB)
[@     7m02s] Timestep:        16867 || Speed:  116.5 MC/s (2.674e-02 s/TS) || Energy: ~5.65e-13 (- 6.58dB)
[@     7m07s] Timestep:        17069 || Speed:  115.6 MC/s (2.695e-02 s/TS) || Energy: ~1.40e-12 (- 2.65dB)
[@     7m13s] Timestep:        17271 || Speed:  114.2 MC/s (2.727e-02 s/TS) || Energy: ~5.52e-13 (- 6.67dB)
[@     7m18s] Timestep:        17473 || Speed:  115.1 MC/s (2.705e-02 s/TS) || Energy: ~1.11e-12 (- 3.62dB)
[@     7m24s] Timestep:        17675 || Speed:  108.8 MC/s (2.862e-02 s/TS) || Energy: ~6.89e-13 (- 5.71dB)
[@     7m30s] Timestep:        17877 || Speed:  112.8 MC/s (2.762e-02 s/TS) || Energy: ~7.71e-13 (- 5.22dB)
[@     7m35s] Timestep:        18079 || Speed:  112.1 MC/s (2.779e-02 s/TS) || Energy: ~8.21e-13 (- 4.95dB)
[@     7m41s] Timestep:        18281 || Speed:  107.2 MC/s (2.904e-02 s/TS) || Energy: ~4.99e-13 (- 7.12dB)
[@     7m47s] Timestep:        18483 || Speed:  112.1 MC/s (2.778e-02 s/TS) || Energy: ~8.51e-13 (- 4.80dB)
[@     7m53s] Timestep:        18685 || Speed:  111.4 MC/s (2.797e-02 s/TS) || Energy: ~3.62e-13 (- 8.51dB)
[@     7m58s] Timestep:        18887 || Speed:  114.0 MC/s (2.731e-02 s/TS) || Energy: ~7.54e-13 (- 5.32dB)
[@     8m03s] Timestep:        19089 || Speed:  123.6 MC/s (2.519e-02 s/TS) || Energy: ~3.53e-13 (- 8.61dB)
[@     8m09s] Timestep:        19291 || Speed:  117.8 MC/s (2.644e-02 s/TS) || Energy: ~5.70e-13 (- 6.54dB)
[@     8m14s] Timestep:        19493 || Speed:  114.1 MC/s (2.730e-02 s/TS) || Energy: ~4.12e-13 (- 7.94dB)
[@     8m19s] Timestep:        19695 || Speed:  116.6 MC/s (2.672e-02 s/TS) || Energy: ~3.76e-13 (- 8.35dB)
[@     8m25s] Timestep:        19897 || Speed:  106.1 MC/s (2.934e-02 s/TS) || Energy: ~4.59e-13 (- 7.48dB)
[@     8m31s] Timestep:        20099 || Speed:  107.4 MC/s (2.900e-02 s/TS) || Energy: ~2.41e-13 (-10.27dB)
[@     8m37s] Timestep:        20301 || Speed:  108.9 MC/s (2.859e-02 s/TS) || Energy: ~4.44e-13 (- 7.62dB)
[@     8m43s] Timestep:        20503 || Speed:  109.3 MC/s (2.849e-02 s/TS) || Energy: ~1.90e-13 (-11.30dB)
[@     8m48s] Timestep:        20705 || Speed:  111.3 MC/s (2.797e-02 s/TS) || Energy: ~3.71e-13 (- 8.40dB)
[@     8m54s] Timestep:        20907 || Speed:  111.0 MC/s (2.807e-02 s/TS) || Energy: ~1.99e-13 (-11.11dB)
[@     9m00s] Timestep:        21109 || Speed:  104.0 MC/s (2.994e-02 s/TS) || Energy: ~2.73e-13 (- 9.73dB)
[@     9m06s] Timestep:        21311 || Speed:  110.9 MC/s (2.808e-02 s/TS) || Energy: ~2.26e-13 (-10.55dB)
[@     9m11s] Timestep:        21513 || Speed:  111.9 MC/s (2.784e-02 s/TS) || Energy: ~1.87e-13 (-11.37dB)
[@     9m17s] Timestep:        21715 || Speed:  108.2 MC/s (2.879e-02 s/TS) || Energy: ~2.42e-13 (-10.26dB)
[@     9m23s] Timestep:        21917 || Speed:  112.3 MC/s (2.772e-02 s/TS) || Energy: ~1.32e-13 (-12.87dB)
[@     9m28s] Timestep:        22119 || Speed:  115.0 MC/s (2.708e-02 s/TS) || Energy: ~2.34e-13 (-10.40dB)
[@     9m34s] Timestep:        22321 || Speed:  106.4 MC/s (2.927e-02 s/TS) || Energy: ~1.11e-13 (-13.64dB)
[@     9m40s] Timestep:        22523 || Speed:  109.6 MC/s (2.843e-02 s/TS) || Energy: ~2.04e-13 (-10.99dB)
[@     9m46s] Timestep:        22725 || Speed:  110.4 MC/s (2.821e-02 s/TS) || Energy: ~1.16e-13 (-13.43dB)
[@     9m51s] Timestep:        22927 || Speed:  112.0 MC/s (2.781e-02 s/TS) || Energy: ~1.60e-13 (-12.04dB)
[@     9m57s] Timestep:        23129 || Speed:  112.8 MC/s (2.762e-02 s/TS) || Energy: ~1.35e-13 (-12.79dB)
[@    10m02s] Timestep:        23331 || Speed:  111.9 MC/s (2.782e-02 s/TS) || Energy: ~1.16e-13 (-13.43dB)
[@    10m08s] Timestep:        23533 || Speed:  110.9 MC/s (2.808e-02 s/TS) || Energy: ~1.50e-13 (-12.33dB)
[@    10m14s] Timestep:        23735 || Speed:  109.9 MC/s (2.833e-02 s/TS) || Energy: ~8.67e-14 (-14.72dB)
[@    10m20s] Timestep:        23937 || Speed:  106.0 MC/s (2.939e-02 s/TS) || Energy: ~1.50e-13 (-12.32dB)
[@    10m25s] Timestep:        24139 || Speed:  112.4 MC/s (2.771e-02 s/TS) || Energy: ~7.69e-14 (-15.24dB)
[@    10m32s] Timestep:        24341 || Speed:   96.0 MC/s (3.243e-02 s/TS) || Energy: ~1.34e-13 (-12.83dB)
[@    10m38s] Timestep:        24543 || Speed:  106.6 MC/s (2.922e-02 s/TS) || Energy: ~8.29e-14 (-14.91dB)
[@    10m43s] Timestep:        24745 || Speed:  119.0 MC/s (2.617e-02 s/TS) || Energy: ~1.07e-13 (-13.78dB)
[@    10m48s] Timestep:        24947 || Speed:  121.3 MC/s (2.568e-02 s/TS) || Energy: ~9.48e-14 (-14.33dB)
[@    10m54s] Timestep:        25149 || Speed:  114.8 MC/s (2.713e-02 s/TS) || Energy: ~8.13e-14 (-14.99dB)
[@    11m00s] Timestep:        25351 || Speed:  109.2 MC/s (2.852e-02 s/TS) || Energy: ~1.03e-13 (-13.95dB)
[@    11m06s] Timestep:        25553 || Speed:  105.2 MC/s (2.960e-02 s/TS) || Energy: ~6.26e-14 (-16.13dB)
[@    11m12s] Timestep:        25755 || Speed:   94.3 MC/s (3.302e-02 s/TS) || Energy: ~1.03e-13 (-13.95dB)
[@    11m19s] Timestep:        25957 || Speed:   86.2 MC/s (3.612e-02 s/TS) || Energy: ~5.46e-14 (-16.72dB)
[@    11m24s] Timestep:        26159 || Speed:  130.5 MC/s (2.387e-02 s/TS) || Energy: ~9.26e-14 (-14.43dB)
[@    11m29s] Timestep:        26361 || Speed:  124.8 MC/s (2.496e-02 s/TS) || Energy: ~5.73e-14 (-16.51dB)
[@    11m35s] Timestep:        26563 || Speed:  117.1 MC/s (2.659e-02 s/TS) || Energy: ~7.37e-14 (-15.42dB)
[@    11m40s] Timestep:        26765 || Speed:  111.1 MC/s (2.804e-02 s/TS) || Energy: ~6.62e-14 (-15.89dB)
[@    11m46s] Timestep:        26967 || Speed:  106.0 MC/s (2.939e-02 s/TS) || Energy: ~5.29e-14 (-16.86dB)
[@    11m53s] Timestep:        27169 || Speed:   99.7 MC/s (3.123e-02 s/TS) || Energy: ~7.35e-14 (-15.43dB)
[@    11m59s] Timestep:        27371 || Speed:  107.1 MC/s (2.907e-02 s/TS) || Energy: ~3.84e-14 (-18.25dB)
[@    12m04s] Timestep:        27573 || Speed:  109.6 MC/s (2.843e-02 s/TS) || Energy: ~7.24e-14 (-15.50dB)
[@    12m10s] Timestep:        27775 || Speed:  113.0 MC/s (2.756e-02 s/TS) || Energy: ~3.50e-14 (-18.65dB)
[@    12m16s] Timestep:        27977 || Speed:  110.6 MC/s (2.817e-02 s/TS) || Energy: ~6.11e-14 (-16.23dB)
[@    12m21s] Timestep:        28179 || Speed:  112.4 MC/s (2.771e-02 s/TS) || Energy: ~4.08e-14 (-17.98dB)
[@    12m28s] Timestep:        28381 || Speed:   86.1 MC/s (3.617e-02 s/TS) || Energy: ~4.46e-14 (-17.60dB)
[@    12m34s] Timestep:        28583 || Speed:  123.1 MC/s (2.529e-02 s/TS) || Energy: ~4.91e-14 (-17.18dB)
[@    12m39s] Timestep:        28785 || Speed:  126.3 MC/s (2.465e-02 s/TS) || Energy: ~3.04e-14 (-19.26dB)
[@    12m44s] Timestep:        28987 || Speed:  116.6 MC/s (2.671e-02 s/TS) || Energy: ~5.26e-14 (-16.89dB)
[@    12m50s] Timestep:        29189 || Speed:  108.8 MC/s (2.861e-02 s/TS) || Energy: ~2.42e-14 (-20.26dB)
[@    12m56s] Timestep:        29391 || Speed:  107.3 MC/s (2.903e-02 s/TS) || Energy: ~4.82e-14 (-17.26dB)
[@    13m01s] Timestep:        29593 || Speed:  107.8 MC/s (2.888e-02 s/TS) || Energy: ~2.62e-14 (-19.92dB)
[@    13m07s] Timestep:        29795 || Speed:  103.7 MC/s (3.004e-02 s/TS) || Energy: ~3.79e-14 (-18.30dB)
[@    13m15s] Timestep:        29997 || Speed:   83.5 MC/s (3.728e-02 s/TS) || Energy: ~3.24e-14 (-18.99dB)
[@    13m21s] Timestep:        30199 || Speed:  113.1 MC/s (2.753e-02 s/TS) || Energy: ~2.69e-14 (-19.79dB)
[@    13m25s] Timestep:        30401 || Speed:  130.0 MC/s (2.395e-02 s/TS) || Energy: ~3.75e-14 (-18.36dB)
[@    13m31s] Timestep:        30603 || Speed:  122.0 MC/s (2.552e-02 s/TS) || Energy: ~2.00e-14 (-21.09dB)
[@    13m36s] Timestep:        30805 || Speed:  113.2 MC/s (2.751e-02 s/TS) || Energy: ~3.75e-14 (-18.35dB)
[@    13m42s] Timestep:        31007 || Speed:  107.5 MC/s (2.896e-02 s/TS) || Energy: ~1.91e-14 (-21.29dB)
[@    13m48s] Timestep:        31209 || Speed:  106.8 MC/s (2.917e-02 s/TS) || Energy: ~3.24e-14 (-18.99dB)
[@    13m55s] Timestep:        31411 || Speed:   85.5 MC/s (3.641e-02 s/TS) || Energy: ~2.28e-14 (-20.52dB)
[@    14m01s] Timestep:        31613 || Speed:  104.1 MC/s (2.990e-02 s/TS) || Energy: ~2.47e-14 (-20.17dB)
[@    14m06s] Timestep:        31815 || Speed:  127.0 MC/s (2.452e-02 s/TS) || Energy: ~2.73e-14 (-19.73dB)
[@    14m11s] Timestep:        32017 || Speed:  120.8 MC/s (2.578e-02 s/TS) || Energy: ~1.84e-14 (-21.45dB)
[@    14m17s] Timestep:        32219 || Speed:  112.4 MC/s (2.770e-02 s/TS) || Energy: ~2.92e-14 (-19.44dB)
[@    14m23s] Timestep:        32421 || Speed:  109.7 MC/s (2.838e-02 s/TS) || Energy: ~1.61e-14 (-22.04dB)
[@    14m30s] Timestep:        32623 || Speed:   85.0 MC/s (3.666e-02 s/TS) || Energy: ~2.70e-14 (-19.78dB)
[@    14m36s] Timestep:        32825 || Speed:  100.4 MC/s (3.103e-02 s/TS) || Energy: ~1.76e-14 (-21.63dB)
[@    14m41s] Timestep:        33027 || Speed:  131.5 MC/s (2.368e-02 s/TS) || Energy: ~2.20e-14 (-20.66dB)
[@    14m46s] Timestep:        33229 || Speed:  125.6 MC/s (2.479e-02 s/TS) || Energy: ~2.08e-14 (-20.92dB)
[@    14m52s] Timestep:        33431 || Speed:  114.7 MC/s (2.715e-02 s/TS) || Energy: ~1.70e-14 (-21.78dB)
[@    14m57s] Timestep:        33633 || Speed:  110.6 MC/s (2.815e-02 s/TS) || Energy: ~2.27e-14 (-20.54dB)
[@    15m03s] Timestep:        33835 || Speed:  105.7 MC/s (2.947e-02 s/TS) || Energy: ~1.44e-14 (-22.52dB)
[@    15m09s] Timestep:        34037 || Speed:  104.8 MC/s (2.971e-02 s/TS) || Energy: ~2.19e-14 (-20.70dB)
[@    15m16s] Timestep:        34239 || Speed:   88.9 MC/s (3.504e-02 s/TS) || Energy: ~1.45e-14 (-22.47dB)
[@    15m22s] Timestep:        34441 || Speed:  103.7 MC/s (3.002e-02 s/TS) || Energy: ~1.87e-14 (-21.38dB)
[@    15m27s] Timestep:        34643 || Speed:  135.8 MC/s (2.293e-02 s/TS) || Energy: ~1.63e-14 (-21.97dB)
[@    15m32s] Timestep:        34845 || Speed:  126.5 MC/s (2.462e-02 s/TS) || Energy: ~1.50e-14 (-22.33dB)
[@    15m37s] Timestep:        35047 || Speed:  119.5 MC/s (2.605e-02 s/TS) || Energy: ~1.77e-14 (-21.62dB)
[@    15m43s] Timestep:        35249 || Speed:  114.2 MC/s (2.727e-02 s/TS) || Energy: ~1.26e-14 (-23.08dB)
[@    15m49s] Timestep:        35451 || Speed:  106.5 MC/s (2.924e-02 s/TS) || Energy: ~1.73e-14 (-21.72dB)
[@    15m56s] Timestep:        35653 || Speed:   83.5 MC/s (3.728e-02 s/TS) || Energy: ~1.23e-14 (-23.20dB)
[@    16m02s] Timestep:        35855 || Speed:  104.2 MC/s (2.990e-02 s/TS) || Energy: ~1.51e-14 (-22.29dB)
[@    16m07s] Timestep:        36057 || Speed:  133.1 MC/s (2.340e-02 s/TS) || Energy: ~1.32e-14 (-22.88dB)
[@    16m12s] Timestep:        36259 || Speed:  121.3 MC/s (2.567e-02 s/TS) || Energy: ~1.25e-14 (-23.13dB)
[@    16m18s] Timestep:        36461 || Speed:  116.7 MC/s (2.669e-02 s/TS) || Energy: ~1.40e-14 (-22.62dB)
[@    16m23s] Timestep:        36663 || Speed:  111.7 MC/s (2.789e-02 s/TS) || Energy: ~1.07e-14 (-23.79dB)
[@    16m29s] Timestep:        36865 || Speed:  103.7 MC/s (3.004e-02 s/TS) || Energy: ~1.36e-14 (-22.76dB)
[@    16m35s] Timestep:        37067 || Speed:  110.5 MC/s (2.820e-02 s/TS) || Energy: ~1.04e-14 (-23.92dB)
[@    16m41s] Timestep:        37269 || Speed:  104.3 MC/s (2.987e-02 s/TS) || Energy: ~1.19e-14 (-23.32dB)
[@    16m47s] Timestep:        37471 || Speed:  111.1 MC/s (2.804e-02 s/TS) || Energy: ~1.10e-14 (-23.67dB)
[@    16m52s] Timestep:        37673 || Speed:  113.2 MC/s (2.750e-02 s/TS) || Energy: ~1.00e-14 (-24.09dB)
[@    16m57s] Timestep:        37875 || Speed:  120.2 MC/s (2.592e-02 s/TS) || Energy: ~1.14e-14 (-23.52dB)
[@    17m03s] Timestep:        38077 || Speed:  121.3 MC/s (2.567e-02 s/TS) || Energy: ~8.82e-15 (-24.64dB)
[@    17m08s] Timestep:        38279 || Speed:  115.1 MC/s (2.707e-02 s/TS) || Energy: ~1.09e-14 (-23.74dB)
[@    17m14s] Timestep:        38481 || Speed:  108.0 MC/s (2.883e-02 s/TS) || Energy: ~8.75e-15 (-24.68dB)
[@    17m20s] Timestep:        38683 || Speed:  113.2 MC/s (2.750e-02 s/TS) || Energy: ~9.41e-15 (-24.36dB)
[@    17m25s] Timestep:        38885 || Speed:  106.0 MC/s (2.939e-02 s/TS) || Energy: ~9.27e-15 (-24.42dB)
[@    17m31s] Timestep:        39087 || Speed:  107.1 MC/s (2.907e-02 s/TS) || Energy: ~7.88e-15 (-25.13dB)
[@    17m37s] Timestep:        39289 || Speed:  108.6 MC/s (2.866e-02 s/TS) || Energy: ~9.51e-15 (-24.31dB)
[@    17m43s] Timestep:        39491 || Speed:  115.0 MC/s (2.708e-02 s/TS) || Energy: ~7.07e-15 (-25.60dB)
[@    17m48s] Timestep:        39693 || Speed:  118.7 MC/s (2.623e-02 s/TS) || Energy: ~8.88e-15 (-24.61dB)
[@    17m53s] Timestep:        39895 || Speed:  113.7 MC/s (2.740e-02 s/TS) || Energy: ~7.19e-15 (-25.53dB)
[@    17m59s] Timestep:        40097 || Speed:  117.4 MC/s (2.652e-02 s/TS) || Energy: ~7.56e-15 (-25.31dB)
[@    18m04s] Timestep:        40299 || Speed:  115.3 MC/s (2.702e-02 s/TS) || Energy: ~7.75e-15 (-25.20dB)
[@    18m10s] Timestep:        40501 || Speed:  110.7 MC/s (2.814e-02 s/TS) || Energy: ~6.22e-15 (-26.15dB)
[@    18m16s] Timestep:        40703 || Speed:  111.0 MC/s (2.807e-02 s/TS) || Energy: ~7.99e-15 (-25.07dB)
[@    18m21s] Timestep:        40905 || Speed:  112.8 MC/s (2.760e-02 s/TS) || Energy: ~5.56e-15 (-26.65dB)
[@    18m27s] Timestep:        41107 || Speed:  107.3 MC/s (2.903e-02 s/TS) || Energy: ~7.44e-15 (-25.38dB)
[@    18m33s] Timestep:        41309 || Speed:  110.7 MC/s (2.814e-02 s/TS) || Energy: ~5.73e-15 (-26.51dB)
[@    18m38s] Timestep:        41511 || Speed:  110.6 MC/s (2.816e-02 s/TS) || Energy: ~6.24e-15 (-26.15dB)
[@    18m44s] Timestep:        41713 || Speed:  112.3 MC/s (2.774e-02 s/TS) || Energy: ~6.34e-15 (-26.08dB)
[@    18m50s] Timestep:        41915 || Speed:  112.5 MC/s (2.767e-02 s/TS) || Energy: ~4.98e-15 (-27.13dB)
[@    18m55s] Timestep:        42117 || Speed:  110.4 MC/s (2.821e-02 s/TS) || Energy: ~6.68e-15 (-25.84dB)
[@    19m01s] Timestep:        42319 || Speed:  113.2 MC/s (2.752e-02 s/TS) || Energy: ~4.30e-15 (-27.76dB)
[@    19m07s] Timestep:        42521 || Speed:  111.3 MC/s (2.798e-02 s/TS) || Energy: ~6.31e-15 (-26.10dB)
[@    19m12s] Timestep:        42723 || Speed:  107.0 MC/s (2.909e-02 s/TS) || Energy: ~4.43e-15 (-27.63dB)
[@    19m18s] Timestep:        42925 || Speed:  107.7 MC/s (2.892e-02 s/TS) || Energy: ~5.26e-15 (-26.89dB)
[@    19m24s] Timestep:        43127 || Speed:  113.1 MC/s (2.753e-02 s/TS) || Energy: ~5.03e-15 (-27.08dB)
[@    19m29s] Timestep:        43329 || Speed:  115.8 MC/s (2.690e-02 s/TS) || Energy: ~4.06e-15 (-28.01dB)
[@    19m35s] Timestep:        43531 || Speed:  117.5 MC/s (2.652e-02 s/TS) || Energy: ~5.50e-15 (-26.69dB)
[@    19m40s] Timestep:        43733 || Speed:  117.5 MC/s (2.650e-02 s/TS) || Energy: ~3.32e-15 (-28.89dB)
[@    19m45s] Timestep:        43935 || Speed:  118.9 MC/s (2.619e-02 s/TS) || Energy: ~5.33e-15 (-26.82dB)
[@    19m51s] Timestep:        44137 || Speed:  111.0 MC/s (2.806e-02 s/TS) || Energy: ~3.32e-15 (-28.88dB)
[@    19m57s] Timestep:        44339 || Speed:  107.0 MC/s (2.910e-02 s/TS) || Energy: ~4.49e-15 (-27.57dB)
[@    20m02s] Timestep:        44541 || Speed:  110.7 MC/s (2.812e-02 s/TS) || Energy: ~3.88e-15 (-28.21dB)
[@    20m08s] Timestep:        44743 || Speed:  112.9 MC/s (2.759e-02 s/TS) || Energy: ~3.38e-15 (-28.80dB)
[@    20m13s] Timestep:        44945 || Speed:  116.7 MC/s (2.669e-02 s/TS) || Energy: ~4.43e-15 (-27.63dB)
[@    20m19s] Timestep:        45147 || Speed:  112.0 MC/s (2.781e-02 s/TS) || Energy: ~2.58e-15 (-29.97dB)
[@    20m26s] Timestep:        45349 || Speed:   90.6 MC/s (3.437e-02 s/TS) || Energy: ~4.47e-15 (-27.59dB)
[@    20m32s] Timestep:        45551 || Speed:  103.9 MC/s (2.998e-02 s/TS) || Energy: ~2.46e-15 (-30.19dB)
[@    20m37s] Timestep:        45753 || Speed:  124.6 MC/s (2.499e-02 s/TS) || Energy: ~3.85e-15 (-28.24dB)
[@    20m42s] Timestep:        45955 || Speed:  126.0 MC/s (2.471e-02 s/TS) || Energy: ~2.91e-15 (-29.45dB)
[@    20m47s] Timestep:        46157 || Speed:  116.8 MC/s (2.666e-02 s/TS) || Energy: ~2.88e-15 (-29.51dB)
[@    20m53s] Timestep:        46359 || Speed:  105.0 MC/s (2.966e-02 s/TS) || Energy: ~3.49e-15 (-28.66dB)
[@    20m59s] Timestep:        46561 || Speed:  108.3 MC/s (2.875e-02 s/TS) || Energy: ~2.07e-15 (-30.94dB)
[@    21m05s] Timestep:        46763 || Speed:  105.0 MC/s (2.966e-02 s/TS) || Energy: ~3.69e-15 (-28.42dB)
[@    21m11s] Timestep:        46965 || Speed:  106.6 MC/s (2.922e-02 s/TS) || Energy: ~1.82e-15 (-31.48dB)
[@    21m17s] Timestep:        47167 || Speed:  115.0 MC/s (2.709e-02 s/TS) || Energy: ~3.29e-15 (-28.92dB)
[@    21m22s] Timestep:        47369 || Speed:  111.4 MC/s (2.796e-02 s/TS) || Energy: ~2.15e-15 (-30.77dB)
[@    21m28s] Timestep:        47571 || Speed:  116.2 MC/s (2.680e-02 s/TS) || Energy: ~2.49e-15 (-30.14dB)
[@    21m33s] Timestep:        47773 || Speed:  119.1 MC/s (2.614e-02 s/TS) || Energy: ~2.70e-15 (-29.79dB)
[@    21m38s] Timestep:        47975 || Speed:  116.6 MC/s (2.670e-02 s/TS) || Energy: ~1.71e-15 (-31.75dB)
[@    21m44s] Timestep:        48177 || Speed:  117.9 MC/s (2.641e-02 s/TS) || Energy: ~3.00e-15 (-29.32dB)
[@    21m49s] Timestep:        48379 || Speed:  116.9 MC/s (2.663e-02 s/TS) || Energy: ~1.38e-15 (-32.69dB)
[@    21m55s] Timestep:        48581 || Speed:  114.4 MC/s (2.723e-02 s/TS) || Energy: ~2.79e-15 (-29.64dB)
[@    22m01s] Timestep:        48783 || Speed:   92.9 MC/s (3.352e-02 s/TS) || Energy: ~1.57e-15 (-32.13dB)
[@    22m08s] Timestep:        48985 || Speed:  101.3 MC/s (3.076e-02 s/TS) || Energy: ~2.16e-15 (-30.75dB)
[@    22m12s] Timestep:        49187 || Speed:  132.7 MC/s (2.347e-02 s/TS) || Energy: ~2.05e-15 (-30.99dB)
[@    22m17s] Timestep:        49389 || Speed:  127.4 MC/s (2.444e-02 s/TS) || Energy: ~1.46e-15 (-32.44dB)
[@    22m22s] Timestep:        49591 || Speed:  120.3 MC/s (2.590e-02 s/TS) || Energy: ~2.39e-15 (-30.31dB)
[@    22m28s] Timestep:        49793 || Speed:  116.1 MC/s (2.683e-02 s/TS) || Energy: ~1.08e-15 (-33.76dB)
[@    22m34s] Timestep:        49995 || Speed:  108.5 MC/s (2.872e-02 s/TS) || Energy: ~2.33e-15 (-30.41dB)
[@    22m39s] Timestep:        50197 || Speed:  110.3 MC/s (2.825e-02 s/TS) || Energy: ~1.15e-15 (-33.48dB)
[@    22m45s] Timestep:        50399 || Speed:  111.7 MC/s (2.789e-02 s/TS) || Energy: ~1.87e-15 (-31.37dB)
[@    22m51s] Timestep:        50601 || Speed:  112.8 MC/s (2.761e-02 s/TS) || Energy: ~1.53e-15 (-32.26dB)
[@    22m56s] Timestep:        50803 || Speed:  115.7 MC/s (2.692e-02 s/TS) || Energy: ~1.28e-15 (-33.04dB)
[@    23m01s] Timestep:        51005 || Speed:  116.3 MC/s (2.677e-02 s/TS) || Energy: ~1.88e-15 (-31.36dB)
[@    23m07s] Timestep:        51207 || Speed:  115.7 MC/s (2.693e-02 s/TS) || Energy: ~8.75e-16 (-34.67dB)
[@    23m12s] Timestep:        51409 || Speed:  118.4 MC/s (2.630e-02 s/TS) || Energy: ~1.92e-15 (-31.26dB)
[@    23m18s] Timestep:        51611 || Speed:  112.3 MC/s (2.773e-02 s/TS) || Energy: ~8.50e-16 (-34.80dB)
[@    23m23s] Timestep:        51813 || Speed:  115.5 MC/s (2.696e-02 s/TS) || Energy: ~1.61e-15 (-32.03dB)
[@    23m29s] Timestep:        52015 || Speed:  117.9 MC/s (2.642e-02 s/TS) || Energy: ~1.13e-15 (-33.57dB)
[@    23m34s] Timestep:        52217 || Speed:  120.5 MC/s (2.585e-02 s/TS) || Energy: ~1.12e-15 (-33.60dB)
[@    23m39s] Timestep:        52419 || Speed:  119.3 MC/s (2.611e-02 s/TS) || Energy: ~1.45e-15 (-32.48dB)
[@    23m44s] Timestep:        52621 || Speed:  116.5 MC/s (2.674e-02 s/TS) || Energy: ~7.35e-16 (-35.43dB)
[@    23m50s] Timestep:        52823 || Speed:  115.7 MC/s (2.692e-02 s/TS) || Energy: ~1.56e-15 (-32.16dB)
[@    23m55s] Timestep:        53025 || Speed:  113.9 MC/s (2.734e-02 s/TS) || Energy: ~6.42e-16 (-36.02dB)
[@    24m01s] Timestep:        53227 || Speed:  107.7 MC/s (2.892e-02 s/TS) || Energy: ~1.37e-15 (-32.73dB)
[@    24m07s] Timestep:        53429 || Speed:  112.8 MC/s (2.760e-02 s/TS) || Energy: ~8.28e-16 (-34.91dB)
[@    24m12s] Timestep:        53631 || Speed:  112.2 MC/s (2.776e-02 s/TS) || Energy: ~9.86e-16 (-34.16dB)
[@    24m18s] Timestep:        53833 || Speed:  116.5 MC/s (2.672e-02 s/TS) || Energy: ~1.11e-15 (-33.65dB)
[@    24m23s] Timestep:        54035 || Speed:  117.5 MC/s (2.651e-02 s/TS) || Energy: ~6.34e-16 (-36.07dB)
[@    24m29s] Timestep:        54237 || Speed:  119.1 MC/s (2.615e-02 s/TS) || Energy: ~1.25e-15 (-33.11dB)
[@    24m34s] Timestep:        54439 || Speed:  110.2 MC/s (2.827e-02 s/TS) || Energy: ~5.00e-16 (-37.11dB)
[@    24m39s] Timestep:        54641 || Speed:  121.2 MC/s (2.570e-02 s/TS) || Energy: ~1.15e-15 (-33.47dB)
[@    24m45s] Timestep:        54843 || Speed:  119.6 MC/s (2.603e-02 s/TS) || Energy: ~6.11e-16 (-36.23dB)
[@    24m50s] Timestep:        55045 || Speed:  118.5 MC/s (2.629e-02 s/TS) || Energy: ~8.64e-16 (-34.73dB)
[@    24m55s] Timestep:        55247 || Speed:  118.7 MC/s (2.623e-02 s/TS) || Energy: ~8.39e-16 (-34.86dB)
[@    25m01s] Timestep:        55449 || Speed:  115.8 MC/s (2.690e-02 s/TS) || Energy: ~5.57e-16 (-36.63dB)
[@    25m06s] Timestep:        55651 || Speed:  112.0 MC/s (2.781e-02 s/TS) || Energy: ~9.97e-16 (-34.11dB)
[@    25m12s] Timestep:        55853 || Speed:  112.0 MC/s (2.780e-02 s/TS) || Energy: ~4.02e-16 (-38.05dB)
[@    25m17s] Timestep:        56055 || Speed:  113.5 MC/s (2.744e-02 s/TS) || Energy: ~9.63e-16 (-34.26dB)
[@    25m24s] Timestep:        56257 || Speed:   92.6 MC/s (3.364e-02 s/TS) || Energy: ~4.55e-16 (-37.52dB)
[@    25m29s] Timestep:        56459 || Speed:  124.5 MC/s (2.501e-02 s/TS) || Energy: ~7.53e-16 (-35.33dB)
[@    25m34s] Timestep:        56661 || Speed:  139.9 MC/s (2.226e-02 s/TS) || Energy: ~6.34e-16 (-36.07dB)
[@    25m39s] Timestep:        56863 || Speed:  124.4 MC/s (2.504e-02 s/TS) || Energy: ~4.94e-16 (-37.16dB)
[@    25m44s] Timestep:        57065 || Speed:  118.9 MC/s (2.618e-02 s/TS) || Energy: ~7.88e-16 (-35.13dB)
[@    25m49s] Timestep:        57267 || Speed:  119.2 MC/s (2.612e-02 s/TS) || Energy: ~3.34e-16 (-38.86dB)
[@    25m55s] Timestep:        57469 || Speed:  113.9 MC/s (2.733e-02 s/TS) || Energy: ~7.98e-16 (-35.07dB)
[@    26m01s] Timestep:        57671 || Speed:  111.0 MC/s (2.806e-02 s/TS) || Energy: ~3.44e-16 (-38.73dB)
[@    26m06s] Timestep:        57873 || Speed:  113.1 MC/s (2.754e-02 s/TS) || Energy: ~6.50e-16 (-35.96dB)
[@    26m12s] Timestep:        58075 || Speed:  112.1 MC/s (2.779e-02 s/TS) || Energy: ~4.79e-16 (-37.29dB)
[@    26m17s] Timestep:        58277 || Speed:  115.1 MC/s (2.705e-02 s/TS) || Energy: ~4.38e-16 (-37.68dB)
[@    26m23s] Timestep:        58479 || Speed:  118.6 MC/s (2.626e-02 s/TS) || Energy: ~6.19e-16 (-36.18dB)
[@    26m28s] Timestep:        58681 || Speed:  115.8 MC/s (2.689e-02 s/TS) || Energy: ~2.85e-16 (-39.55dB)
[@    26m33s] Timestep:        58883 || Speed:  118.9 MC/s (2.619e-02 s/TS) || Energy: ~6.55e-16 (-35.93dB)
[@    26m39s] Timestep:        59085 || Speed:  111.7 MC/s (2.789e-02 s/TS) || Energy: ~2.66e-16 (-39.84dB)
[@    26m44s] Timestep:        59287 || Speed:  118.4 MC/s (2.631e-02 s/TS) || Energy: ~5.58e-16 (-36.63dB)
[@    26m50s] Timestep:        59489 || Speed:  119.4 MC/s (2.608e-02 s/TS) || Energy: ~3.63e-16 (-38.49dB)
[@    26m55s] Timestep:        59691 || Speed:  117.2 MC/s (2.656e-02 s/TS) || Energy: ~3.88e-16 (-38.21dB)
[@    27m00s] Timestep:        59893 || Speed:  118.4 MC/s (2.630e-02 s/TS) || Energy: ~4.84e-16 (-37.25dB)
[@    27m05s] Timestep:        60095 || Speed:  119.5 MC/s (2.606e-02 s/TS) || Energy: ~2.48e-16 (-40.14dB)
[@    27m11s] Timestep:        60297 || Speed:  110.5 MC/s (2.819e-02 s/TS) || Energy: ~5.35e-16 (-36.81dB)
[@    27m17s] Timestep:        60499 || Speed:  112.9 MC/s (2.759e-02 s/TS) || Energy: ~2.11e-16 (-40.84dB)
[@    27m23s] Timestep:        60701 || Speed:  104.0 MC/s (2.995e-02 s/TS) || Energy: ~4.75e-16 (-37.33dB)
[@    27m29s] Timestep:        60903 || Speed:  102.2 MC/s (3.047e-02 s/TS) || Energy: ~2.76e-16 (-39.69dB)
[@    27m34s] Timestep:        61105 || Speed:  127.4 MC/s (2.444e-02 s/TS) || Energy: ~3.43e-16 (-38.74dB)
[@    27m39s] Timestep:        61307 || Speed:  131.1 MC/s (2.376e-02 s/TS) || Energy: ~3.77e-16 (-38.33dB)
[@    27m44s] Timestep:        61509 || Speed:  119.0 MC/s (2.616e-02 s/TS) || Energy: ~2.20e-16 (-40.68dB)
[@    27m49s] Timestep:        61711 || Speed:  117.3 MC/s (2.656e-02 s/TS) || Energy: ~4.34e-16 (-37.72dB)
[@    27m55s] Timestep:        61913 || Speed:  113.4 MC/s (2.747e-02 s/TS) || Energy: ~1.71e-16 (-41.75dB)
[@    28m00s] Timestep:        62115 || Speed:  114.5 MC/s (2.720e-02 s/TS) || Energy: ~4.03e-16 (-38.04dB)
[@    28m06s] Timestep:        62317 || Speed:  106.9 MC/s (2.914e-02 s/TS) || Energy: ~2.11e-16 (-40.85dB)
[@    28m12s] Timestep:        62519 || Speed:  112.3 MC/s (2.774e-02 s/TS) || Energy: ~3.03e-16 (-39.28dB)
[@    28m17s] Timestep:        62721 || Speed:  118.8 MC/s (2.622e-02 s/TS) || Energy: ~2.93e-16 (-39.42dB)
[@    28m23s] Timestep:        62923 || Speed:  117.4 MC/s (2.652e-02 s/TS) || Energy: ~1.96e-16 (-41.18dB)
[@    28m28s] Timestep:        63125 || Speed:  118.1 MC/s (2.637e-02 s/TS) || Energy: ~3.51e-16 (-38.64dB)
[@    28m33s] Timestep:        63327 || Speed:  115.8 MC/s (2.690e-02 s/TS) || Energy: ~1.42e-16 (-42.57dB)
[@    28m39s] Timestep:        63529 || Speed:  117.7 MC/s (2.645e-02 s/TS) || Energy: ~3.40e-16 (-38.78dB)
[@    28m44s] Timestep:        63731 || Speed:  117.6 MC/s (2.648e-02 s/TS) || Energy: ~1.63e-16 (-41.98dB)
[@    28m49s] Timestep:        63933 || Speed:  115.2 MC/s (2.703e-02 s/TS) || Energy: ~2.66e-16 (-39.85dB)
[@    28m55s] Timestep:        64135 || Speed:  117.0 MC/s (2.662e-02 s/TS) || Energy: ~2.28e-16 (-40.51dB)
[@    29m00s] Timestep:        64337 || Speed:  118.0 MC/s (2.639e-02 s/TS) || Energy: ~1.75e-16 (-41.67dB)
[@    29m05s] Timestep:        64539 || Speed:  118.8 MC/s (2.621e-02 s/TS) || Energy: ~2.83e-16 (-39.57dB)
[@    29m11s] Timestep:        64741 || Speed:  117.4 MC/s (2.652e-02 s/TS) || Energy: ~1.20e-16 (-43.29dB)
[@    29m16s] Timestep:        64943 || Speed:  122.8 MC/s (2.536e-02 s/TS) || Energy: ~2.86e-16 (-39.54dB)
[@    29m21s] Timestep:        65145 || Speed:  118.7 MC/s (2.625e-02 s/TS) || Energy: ~1.27e-16 (-43.04dB)
[@    29m26s] Timestep:        65347 || Speed:  118.9 MC/s (2.619e-02 s/TS) || Energy: ~2.32e-16 (-40.44dB)
[@    29m32s] Timestep:        65549 || Speed:  111.7 MC/s (2.789e-02 s/TS) || Energy: ~1.77e-16 (-41.61dB)
[@    29m38s] Timestep:        65751 || Speed:  116.6 MC/s (2.672e-02 s/TS) || Energy: ~1.57e-16 (-42.15dB)
[@    29m43s] Timestep:        65953 || Speed:  118.3 MC/s (2.632e-02 s/TS) || Energy: ~2.27e-16 (-40.53dB)
[@    29m48s] Timestep:        66155 || Speed:  113.7 MC/s (2.739e-02 s/TS) || Energy: ~1.04e-16 (-43.91dB)
[@    29m54s] Timestep:        66357 || Speed:  106.9 MC/s (2.914e-02 s/TS) || Energy: ~2.38e-16 (-40.33dB)
[@    30m00s] Timestep:        66559 || Speed:  112.9 MC/s (2.759e-02 s/TS) || Energy: ~1.01e-16 (-44.06dB)
[@    30m05s] Timestep:        66761 || Speed:  118.4 MC/s (2.631e-02 s/TS) || Energy: ~2.02e-16 (-41.05dB)
[@    30m12s] Timestep:        66963 || Speed:   97.2 MC/s (3.204e-02 s/TS) || Energy: ~1.38e-16 (-42.70dB)
[@    30m17s] Timestep:        67165 || Speed:  124.5 MC/s (2.501e-02 s/TS) || Energy: ~1.40e-16 (-42.62dB)
[@    30m22s] Timestep:        67367 || Speed:  127.0 MC/s (2.451e-02 s/TS) || Energy: ~1.81e-16 (-41.51dB)
[@    30m27s] Timestep:        67569 || Speed:  117.2 MC/s (2.657e-02 s/TS) || Energy: ~9.19e-17 (-44.46dB)
[@    30m34s] Timestep:        67771 || Speed:   91.2 MC/s (3.413e-02 s/TS) || Energy: ~1.98e-16 (-41.13dB)
[@    30m39s] Timestep:        67973 || Speed:  118.6 MC/s (2.625e-02 s/TS) || Energy: ~8.12e-17 (-45.00dB)
[@    30m44s] Timestep:        68175 || Speed:  123.9 MC/s (2.513e-02 s/TS) || Energy: ~1.75e-16 (-41.67dB)
[@    30m50s] Timestep:        68377 || Speed:  111.0 MC/s (2.807e-02 s/TS) || Energy: ~1.07e-16 (-43.81dB)
[@    30m55s] Timestep:        68579 || Speed:  114.4 MC/s (2.722e-02 s/TS) || Energy: ~1.26e-16 (-43.09dB)
[@    31m01s] Timestep:        68781 || Speed:  111.8 MC/s (2.785e-02 s/TS) || Energy: ~1.44e-16 (-42.50dB)
[@    31m07s] Timestep:        68983 || Speed:  112.8 MC/s (2.760e-02 s/TS) || Energy: ~8.17e-17 (-44.97dB)
[@    31m12s] Timestep:        69185 || Speed:  112.3 MC/s (2.772e-02 s/TS) || Energy: ~1.64e-16 (-41.95dB)
[@    31m18s] Timestep:        69387 || Speed:  114.6 MC/s (2.717e-02 s/TS) || Energy: ~6.63e-17 (-45.88dB)
[@    31m23s] Timestep:        69589 || Speed:  113.1 MC/s (2.753e-02 s/TS) || Energy: ~1.50e-16 (-42.32dB)
[@    31m29s] Timestep:        69791 || Speed:  106.4 MC/s (2.926e-02 s/TS) || Energy: ~8.32e-17 (-44.89dB)
[@    31m35s] Timestep:        69993 || Speed:  109.5 MC/s (2.843e-02 s/TS) || Energy: ~1.12e-16 (-43.59dB)
[@    31m40s] Timestep:        70195 || Speed:  113.9 MC/s (2.734e-02 s/TS) || Energy: ~1.14e-16 (-43.51dB)
[@    31m46s] Timestep:        70397 || Speed:  114.0 MC/s (2.733e-02 s/TS) || Energy: ~7.31e-17 (-45.45dB)
[@    31m51s] Timestep:        70599 || Speed:  115.7 MC/s (2.691e-02 s/TS) || Energy: ~1.35e-16 (-42.80dB)
[@    31m57s] Timestep:        70801 || Speed:  117.1 MC/s (2.660e-02 s/TS) || Energy: ~5.54e-17 (-46.66dB)
[@    32m02s] Timestep:        71003 || Speed:  117.9 MC/s (2.641e-02 s/TS) || Energy: ~1.29e-16 (-43.00dB)
[@    32m07s] Timestep:        71205 || Speed:  117.9 MC/s (2.641e-02 s/TS) || Energy: ~6.51e-17 (-45.96dB)
[@    32m13s] Timestep:        71407 || Speed:  111.7 MC/s (2.789e-02 s/TS) || Energy: ~9.96e-17 (-44.11dB)
[@    32m19s] Timestep:        71609 || Speed:  113.9 MC/s (2.735e-02 s/TS) || Energy: ~9.04e-17 (-44.53dB)
[@    32m24s] Timestep:        71811 || Speed:  112.8 MC/s (2.760e-02 s/TS) || Energy: ~6.59e-17 (-45.91dB)
[@    32m30s] Timestep:        72013 || Speed:  113.2 MC/s (2.750e-02 s/TS) || Energy: ~1.10e-16 (-43.69dB)
[@    32m35s] Timestep:        72215 || Speed:  111.8 MC/s (2.786e-02 s/TS) || Energy: ~4.72e-17 (-47.35dB)
[@    32m41s] Timestep:        72417 || Speed:  111.6 MC/s (2.790e-02 s/TS) || Energy: ~1.09e-16 (-43.71dB)
[@    32m47s] Timestep:        72619 || Speed:  105.5 MC/s (2.953e-02 s/TS) || Energy: ~5.15e-17 (-46.98dB)
[@    32m53s] Timestep:        72821 || Speed:  112.9 MC/s (2.760e-02 s/TS) || Energy: ~8.79e-17 (-44.66dB)
[@    32m58s] Timestep:        73023 || Speed:  111.9 MC/s (2.783e-02 s/TS) || Energy: ~7.09e-17 (-45.59dB)
[@    33m04s] Timestep:        73225 || Speed:  114.2 MC/s (2.727e-02 s/TS) || Energy: ~5.96e-17 (-46.34dB)
[@    33m09s] Timestep:        73427 || Speed:  115.4 MC/s (2.700e-02 s/TS) || Energy: ~8.92e-17 (-44.59dB)
[@    33m14s] Timestep:        73629 || Speed:  119.5 MC/s (2.607e-02 s/TS) || Energy: ~4.10e-17 (-47.97dB)
[@    33m19s] Timestep:        73831 || Speed:  123.6 MC/s (2.520e-02 s/TS) || Energy: ~9.21e-17 (-44.45dB)
[@    33m25s] Timestep:        74033 || Speed:  122.7 MC/s (2.539e-02 s/TS) || Energy: ~4.09e-17 (-47.98dB)
[@    33m30s] Timestep:        74235 || Speed:  123.9 MC/s (2.513e-02 s/TS) || Energy: ~7.73e-17 (-45.21dB)
[@    33m35s] Timestep:        74437 || Speed:  128.5 MC/s (2.425e-02 s/TS) || Energy: ~5.55e-17 (-46.65dB)
[@    33m39s] Timestep:        74639 || Speed:  129.8 MC/s (2.399e-02 s/TS) || Energy: ~5.39e-17 (-46.78dB)
[@    33m44s] Timestep:        74841 || Speed:  127.2 MC/s (2.448e-02 s/TS) || Energy: ~7.18e-17 (-45.53dB)
[@    33m49s] Timestep:        75043 || Speed:  128.3 MC/s (2.427e-02 s/TS) || Energy: ~3.60e-17 (-48.53dB)
[@    33m54s] Timestep:        75245 || Speed:  125.2 MC/s (2.488e-02 s/TS) || Energy: ~7.74e-17 (-45.21dB)
[@    33m59s] Timestep:        75447 || Speed:  124.6 MC/s (2.499e-02 s/TS) || Energy: ~3.29e-17 (-48.92dB)
[@    34m05s] Timestep:        75649 || Speed:  122.0 MC/s (2.553e-02 s/TS) || Energy: ~6.75e-17 (-45.80dB)
[@    34m10s] Timestep:        75851 || Speed:  124.0 MC/s (2.511e-02 s/TS) || Energy: ~4.34e-17 (-47.72dB)
[@    34m14s] Timestep:        76053 || Speed:  132.9 MC/s (2.344e-02 s/TS) || Energy: ~4.85e-17 (-47.24dB)
[@    34m19s] Timestep:        76255 || Speed:  135.0 MC/s (2.307e-02 s/TS) || Energy: ~5.78e-17 (-46.48dB)
[@    34m24s] Timestep:        76457 || Speed:  139.4 MC/s (2.234e-02 s/TS) || Energy: ~3.20e-17 (-49.05dB)
[@    34m28s] Timestep:        76659 || Speed:  137.5 MC/s (2.265e-02 s/TS) || Energy: ~6.44e-17 (-46.01dB)
[@    34m33s] Timestep:        76861 || Speed:  138.6 MC/s (2.246e-02 s/TS) || Energy: ~2.69e-17 (-49.79dB)
[@    34m37s] Timestep:        77063 || Speed:  141.4 MC/s (2.202e-02 s/TS) || Energy: ~5.84e-17 (-46.43dB)
[@    34m41s] Timestep:        77265 || Speed:  142.2 MC/s (2.190e-02 s/TS) || Energy: ~3.41e-17 (-48.76dB)
[@    34m46s] Timestep:        77467 || Speed:  143.8 MC/s (2.165e-02 s/TS) || Energy: ~4.33e-17 (-47.73dB)
[@    34m50s] Timestep:        77669 || Speed:  137.0 MC/s (2.274e-02 s/TS) || Energy: ~4.60e-17 (-47.47dB)
[@    34m55s] Timestep:        77871 || Speed:  138.1 MC/s (2.254e-02 s/TS) || Energy: ~2.86e-17 (-49.53dB)
[@    34m59s] Timestep:        78073 || Speed:  142.1 MC/s (2.192e-02 s/TS) || Energy: ~5.32e-17 (-46.83dB)
[@    35m04s] Timestep:        78275 || Speed:  141.8 MC/s (2.196e-02 s/TS) || Energy: ~2.25e-17 (-50.57dB)
Time for 78275 iterations with 3114384.00 cells : 2104.38 sec
Speed: 115.84 MCells/s 

   driven port: TX1
   S(TX1 <- TX1) =  -12.90 dB   match
   S(TX2 <- TX1) =  -21.78 dB   coupling
   S(RX1 <- TX1) =  -54.31 dB   coupling
   S(RX2 <- TX1) =  -45.47 dB   coupling
   worst TX2 coupling across the ISM band: -21.75 dB
   worst RX1 coupling across the ISM band: -48.20 dB
   worst RX2 coupling across the ISM band: -41.12 dB
