[tx2] driving TX2   mesh 299x434x24 = 3.11 Mcells   board 76.0 x 176.0 mm
openEMS - fixed number of threads: 8
 ---------------------------------------------------------------------- 
 | openEMS 64bit -- version v0.37.0-rc1-2-g7b051bb
 | (C) 2010-2026 Thorsten Liebig <thorsten.liebig@gmx.de>  GPL license
 ---------------------------------------------------------------------- 
	Used external libraries:
		CSXCAD -- Version: v0.7.0-rc1-1-g5115701
		hdf5   -- Version: 2.2.0
		          compiled against: HDF5 library version: 2.2.0
		tinyxml -- compiled against: 2.6.2
		fparser
		boost  -- compiled against: 1_90
		vtk -- disabled in this build

Create FDTD operator (compressed SSE + multi-threading)
FDTD simulation size: 299x434x24 --> 3.11438e+06 FDTD cells 
FDTD timestep is: 1.86704e-13 s; Nyquist rate: 405 timesteps @6.61245e+09 Hz
Excitation signal length is: 19181 timesteps (3.58116e-09s)
Max. number of timesteps: 140000 ( --> 7.29889 * Excitation signal length)
Create FDTD engine (compressed SSE + multi-threading)
Warning: Unused primitive (type: Polygon) detected in property: top!
Warning: Unused primitive (type: Polygon) detected in property: top!
Warning: Unused primitive (type: Polygon) detected in property: top!
Running FDTD engine... this may take a while... grab a cup of coffee?!?
[@        5s] Timestep:          303 || Speed:  160.7 MC/s (1.938e-02 s/TS) || Energy: ~2.28e-21 (- 0.00dB)
[@       11s] Timestep:          606 || Speed:  171.7 MC/s (1.814e-02 s/TS) || Energy: ~1.63e-20 (- 0.00dB)
[@       15s] Timestep:          808 || Speed:  155.2 MC/s (2.007e-02 s/TS) || Energy: ~3.35e-20 (- 0.00dB)
[@       19s] Timestep:         1010 || Speed:  155.0 MC/s (2.010e-02 s/TS) || Energy: ~7.74e-20 (- 0.00dB)
[@       25s] Timestep:         1313 || Speed:  165.3 MC/s (1.884e-02 s/TS) || Energy: ~2.16e-19 (- 0.00dB)
[@       30s] Timestep:         1616 || Speed:  165.3 MC/s (1.884e-02 s/TS) || Energy: ~5.48e-19 (- 0.00dB)
[@       36s] Timestep:         1919 || Speed:  161.4 MC/s (1.930e-02 s/TS) || Energy: ~1.63e-18 (- 0.00dB)
[@       42s] Timestep:         2222 || Speed:  169.5 MC/s (1.838e-02 s/TS) || Energy: ~3.90e-18 (- 0.00dB)
[@       48s] Timestep:         2525 || Speed:  157.1 MC/s (1.982e-02 s/TS) || Energy: ~9.10e-18 (- 0.00dB)
[@       52s] Timestep:         2727 || Speed:  153.4 MC/s (2.030e-02 s/TS) || Energy: ~1.78e-17 (- 0.00dB)
[@       56s] Timestep:         2929 || Speed:  149.9 MC/s (2.078e-02 s/TS) || Energy: ~3.01e-17 (- 0.00dB)
[@     1m00s] Timestep:         3131 || Speed:  145.5 MC/s (2.140e-02 s/TS) || Energy: ~5.13e-17 (- 0.00dB)
[@     1m04s] Timestep:         3333 || Speed:  156.5 MC/s (1.990e-02 s/TS) || Energy: ~9.33e-17 (- 0.00dB)
[@     1m10s] Timestep:         3636 || Speed:  158.6 MC/s (1.964e-02 s/TS) || Energy: ~1.97e-16 (- 0.00dB)
[@     1m16s] Timestep:         3939 || Speed:  164.5 MC/s (1.893e-02 s/TS) || Energy: ~3.80e-16 (- 0.00dB)
[@     1m22s] Timestep:         4242 || Speed:  157.9 MC/s (1.972e-02 s/TS) || Energy: ~8.62e-16 (- 0.00dB)
[@     1m26s] Timestep:         4444 || Speed:  157.0 MC/s (1.984e-02 s/TS) || Energy: ~1.21e-15 (- 0.00dB)
[@     1m30s] Timestep:         4646 || Speed:  156.2 MC/s (1.994e-02 s/TS) || Energy: ~2.12e-15 (- 0.00dB)
[@     1m36s] Timestep:         4949 || Speed:  166.8 MC/s (1.867e-02 s/TS) || Energy: ~3.56e-15 (- 0.00dB)
[@     1m42s] Timestep:         5252 || Speed:  164.8 MC/s (1.889e-02 s/TS) || Energy: ~6.62e-15 (- 0.00dB)
[@     1m46s] Timestep:         5454 || Speed:  144.9 MC/s (2.150e-02 s/TS) || Energy: ~9.74e-15 (- 0.00dB)
[@     1m50s] Timestep:         5656 || Speed:  154.4 MC/s (2.018e-02 s/TS) || Energy: ~1.46e-14 (- 0.00dB)
[@     1m56s] Timestep:         5959 || Speed:  157.6 MC/s (1.976e-02 s/TS) || Energy: ~2.44e-14 (- 0.00dB)
[@     2m00s] Timestep:         6161 || Speed:  153.4 MC/s (2.031e-02 s/TS) || Energy: ~3.26e-14 (- 0.00dB)
[@     2m06s] Timestep:         6464 || Speed:  157.7 MC/s (1.975e-02 s/TS) || Energy: ~5.56e-14 (- 0.00dB)
[@     2m12s] Timestep:         6767 || Speed:  161.6 MC/s (1.928e-02 s/TS) || Energy: ~7.48e-14 (- 0.00dB)
[@     2m16s] Timestep:         6969 || Speed:  155.0 MC/s (2.009e-02 s/TS) || Energy: ~1.13e-13 (- 0.00dB)
[@     2m20s] Timestep:         7171 || Speed:  154.6 MC/s (2.015e-02 s/TS) || Energy: ~1.25e-13 (- 0.00dB)
[@     2m24s] Timestep:         7373 || Speed:  156.7 MC/s (1.988e-02 s/TS) || Energy: ~1.85e-13 (- 0.00dB)
[@     2m30s] Timestep:         7676 || Speed:  155.9 MC/s (1.997e-02 s/TS) || Energy: ~2.24e-13 (- 0.00dB)
[@     2m34s] Timestep:         7878 || Speed:  154.0 MC/s (2.022e-02 s/TS) || Energy: ~3.26e-13 (- 0.00dB)
[@     2m40s] Timestep:         8181 || Speed:  161.0 MC/s (1.935e-02 s/TS) || Energy: ~3.79e-13 (- 0.00dB)
[@     2m44s] Timestep:         8383 || Speed:  151.3 MC/s (2.058e-02 s/TS) || Energy: ~5.16e-13 (- 0.00dB)
[@     2m48s] Timestep:         8585 || Speed:  155.9 MC/s (1.998e-02 s/TS) || Energy: ~5.16e-13 (- 0.00dB)
[@     2m54s] Timestep:         8888 || Speed:  156.7 MC/s (1.988e-02 s/TS) || Energy: ~7.37e-13 (- 0.00dB)
[@     3m00s] Timestep:         9191 || Speed:  159.7 MC/s (1.950e-02 s/TS) || Energy: ~8.95e-13 (- 0.00dB)
[@     3m06s] Timestep:         9494 || Speed:  160.1 MC/s (1.945e-02 s/TS) || Energy: ~9.53e-13 (- 0.00dB)
[@     3m10s] Timestep:         9696 || Speed:  155.9 MC/s (1.998e-02 s/TS) || Energy: ~1.20e-12 (- 0.00dB)
[@     3m14s] Timestep:         9898 || Speed:  153.2 MC/s (2.033e-02 s/TS) || Energy: ~1.21e-12 (- 0.00dB)
[@     3m20s] Timestep:        10201 || Speed:  152.8 MC/s (2.038e-02 s/TS) || Energy: ~1.45e-12 (- 0.00dB)
[@     3m24s] Timestep:        10403 || Speed:  157.3 MC/s (1.980e-02 s/TS) || Energy: ~1.46e-12 (- 0.00dB)
[@     3m28s] Timestep:        10605 || Speed:  154.3 MC/s (2.018e-02 s/TS) || Energy: ~1.58e-12 (- 0.00dB)
[@     3m34s] Timestep:        10908 || Speed:  159.4 MC/s (1.953e-02 s/TS) || Energy: ~1.73e-12 (- 0.00dB)
[@     3m40s] Timestep:        11211 || Speed:  156.6 MC/s (1.989e-02 s/TS) || Energy: ~1.77e-12 (- 0.00dB)
[@     3m46s] Timestep:        11514 || Speed:  156.8 MC/s (1.987e-02 s/TS) || Energy: ~1.73e-12 (- 0.11dB)
[@     3m52s] Timestep:        11817 || Speed:  159.8 MC/s (1.949e-02 s/TS) || Energy: ~2.16e-12 (- 0.00dB)
[@     3m58s] Timestep:        12120 || Speed:  160.3 MC/s (1.943e-02 s/TS) || Energy: ~1.71e-12 (- 1.03dB)
[@     4m02s] Timestep:        12322 || Speed:  153.9 MC/s (2.024e-02 s/TS) || Energy: ~2.27e-12 (- 0.00dB)
[@     4m08s] Timestep:        12625 || Speed:  163.1 MC/s (1.910e-02 s/TS) || Energy: ~1.88e-12 (- 0.82dB)
[@     4m14s] Timestep:        12928 || Speed:  161.9 MC/s (1.924e-02 s/TS) || Energy: ~1.35e-12 (- 2.26dB)
[@     4m20s] Timestep:        13231 || Speed:  160.0 MC/s (1.946e-02 s/TS) || Energy: ~2.52e-12 (- 0.00dB)
[@     4m24s] Timestep:        13433 || Speed:  154.8 MC/s (2.012e-02 s/TS) || Energy: ~1.04e-12 (- 3.82dB)
[@     4m30s] Timestep:        13736 || Speed:  162.6 MC/s (1.915e-02 s/TS) || Energy: ~2.29e-12 (- 0.40dB)
[@     4m35s] Timestep:        14039 || Speed:  162.8 MC/s (1.913e-02 s/TS) || Energy: ~1.91e-12 (- 1.19dB)
[@     4m39s] Timestep:        14241 || Speed:  156.4 MC/s (1.991e-02 s/TS) || Energy: ~1.83e-12 (- 1.39dB)
[@     4m45s] Timestep:        14544 || Speed:  161.5 MC/s (1.929e-02 s/TS) || Energy: ~2.22e-12 (- 0.54dB)
[@     4m51s] Timestep:        14847 || Speed:  160.4 MC/s (1.942e-02 s/TS) || Energy: ~7.82e-13 (- 5.07dB)
[@     4m57s] Timestep:        15150 || Speed:  161.6 MC/s (1.927e-02 s/TS) || Energy: ~1.86e-12 (- 1.31dB)
[@     5m03s] Timestep:        15453 || Speed:  170.2 MC/s (1.830e-02 s/TS) || Energy: ~1.82e-12 (- 1.41dB)
[@     5m08s] Timestep:        15756 || Speed:  163.8 MC/s (1.901e-02 s/TS) || Energy: ~7.59e-13 (- 5.20dB)
[@     5m14s] Timestep:        16059 || Speed:  163.7 MC/s (1.902e-02 s/TS) || Energy: ~1.73e-12 (- 1.62dB)
[@     5m18s] Timestep:        16261 || Speed:  156.6 MC/s (1.989e-02 s/TS) || Energy: ~8.09e-13 (- 4.93dB)
[@     5m22s] Timestep:        16463 || Speed:  148.7 MC/s (2.095e-02 s/TS) || Energy: ~1.75e-12 (- 1.58dB)
[@     5m28s] Timestep:        16766 || Speed:  161.1 MC/s (1.933e-02 s/TS) || Energy: ~9.44e-13 (- 4.25dB)
[@     5m34s] Timestep:        17069 || Speed:  170.7 MC/s (1.824e-02 s/TS) || Energy: ~9.53e-13 (- 4.21dB)
[@     5m40s] Timestep:        17372 || Speed:  162.7 MC/s (1.914e-02 s/TS) || Energy: ~1.32e-12 (- 2.80dB)
[@     5m44s] Timestep:        17574 || Speed:  157.0 MC/s (1.984e-02 s/TS) || Energy: ~7.37e-13 (- 5.33dB)
[@     5m49s] Timestep:        17877 || Speed:  163.1 MC/s (1.910e-02 s/TS) || Energy: ~1.09e-12 (- 3.64dB)
[@     5m55s] Timestep:        18180 || Speed:  162.6 MC/s (1.916e-02 s/TS) || Energy: ~7.70e-13 (- 5.14dB)
[@     6m01s] Timestep:        18483 || Speed:  158.1 MC/s (1.970e-02 s/TS) || Energy: ~6.22e-13 (- 6.06dB)
[@     6m05s] Timestep:        18685 || Speed:  148.2 MC/s (2.102e-02 s/TS) || Energy: ~7.28e-13 (- 5.38dB)
[@     6m11s] Timestep:        18988 || Speed:  160.1 MC/s (1.945e-02 s/TS) || Energy: ~5.18e-13 (- 6.87dB)
[@     6m17s] Timestep:        19291 || Speed:  168.7 MC/s (1.846e-02 s/TS) || Energy: ~5.72e-13 (- 6.43dB)
[@     6m23s] Timestep:        19594 || Speed:  165.3 MC/s (1.884e-02 s/TS) || Energy: ~5.04e-13 (- 6.98dB)
[@     6m28s] Timestep:        19897 || Speed:  161.5 MC/s (1.929e-02 s/TS) || Energy: ~3.94e-13 (- 8.05dB)
[@     6m34s] Timestep:        20200 || Speed:  164.3 MC/s (1.895e-02 s/TS) || Energy: ~3.69e-13 (- 8.33dB)
[@     6m40s] Timestep:        20503 || Speed:  166.9 MC/s (1.866e-02 s/TS) || Energy: ~3.54e-13 (- 8.51dB)
[@     6m46s] Timestep:        20806 || Speed:  155.7 MC/s (2.001e-02 s/TS) || Energy: ~2.86e-13 (- 9.44dB)
[@     6m52s] Timestep:        21109 || Speed:  165.0 MC/s (1.888e-02 s/TS) || Energy: ~2.30e-13 (-10.38dB)
[@     6m57s] Timestep:        21412 || Speed:  160.7 MC/s (1.938e-02 s/TS) || Energy: ~2.56e-13 (- 9.93dB)
[@     7m03s] Timestep:        21715 || Speed:  163.1 MC/s (1.910e-02 s/TS) || Energy: ~2.03e-13 (-10.93dB)
[@     7m09s] Timestep:        22018 || Speed:  164.0 MC/s (1.898e-02 s/TS) || Energy: ~1.43e-13 (-12.45dB)
[@     7m15s] Timestep:        22321 || Speed:  162.0 MC/s (1.922e-02 s/TS) || Energy: ~1.93e-13 (-11.16dB)
[@     7m21s] Timestep:        22624 || Speed:  162.3 MC/s (1.919e-02 s/TS) || Energy: ~1.44e-13 (-12.43dB)
[@     7m25s] Timestep:        22826 || Speed:  152.4 MC/s (2.044e-02 s/TS) || Energy: ~1.46e-13 (-12.36dB)
[@     7m31s] Timestep:        23129 || Speed:  161.3 MC/s (1.931e-02 s/TS) || Energy: ~1.46e-13 (-12.37dB)
[@     7m36s] Timestep:        23432 || Speed:  160.7 MC/s (1.939e-02 s/TS) || Energy: ~6.81e-14 (-15.68dB)
[@     7m42s] Timestep:        23735 || Speed:  157.8 MC/s (1.973e-02 s/TS) || Energy: ~1.16e-13 (-13.35dB)
[@     7m48s] Timestep:        24038 || Speed:  164.8 MC/s (1.889e-02 s/TS) || Energy: ~1.12e-13 (-13.50dB)
[@     7m54s] Timestep:        24341 || Speed:  163.1 MC/s (1.910e-02 s/TS) || Energy: ~4.56e-14 (-17.41dB)
[@     8m00s] Timestep:        24644 || Speed:  162.4 MC/s (1.918e-02 s/TS) || Energy: ~9.86e-14 (-14.07dB)
[@     8m06s] Timestep:        24947 || Speed:  163.8 MC/s (1.901e-02 s/TS) || Energy: ~8.75e-14 (-14.58dB)
[@     8m12s] Timestep:        25250 || Speed:  158.1 MC/s (1.969e-02 s/TS) || Energy: ~3.36e-14 (-18.74dB)
[@     8m17s] Timestep:        25553 || Speed:  163.0 MC/s (1.910e-02 s/TS) || Energy: ~8.68e-14 (-14.62dB)
[@     8m23s] Timestep:        25856 || Speed:  158.4 MC/s (1.966e-02 s/TS) || Energy: ~6.81e-14 (-15.67dB)
[@     8m29s] Timestep:        26159 || Speed:  159.9 MC/s (1.948e-02 s/TS) || Energy: ~2.77e-14 (-19.58dB)
[@     8m35s] Timestep:        26462 || Speed:  174.2 MC/s (1.788e-02 s/TS) || Energy: ~7.77e-14 (-15.10dB)
[@     8m41s] Timestep:        26765 || Speed:  157.3 MC/s (1.979e-02 s/TS) || Energy: ~5.25e-14 (-16.80dB)
[@     8m45s] Timestep:        26967 || Speed:  151.4 MC/s (2.057e-02 s/TS) || Energy: ~5.85e-14 (-16.33dB)
[@     8m50s] Timestep:        27270 || Speed:  166.5 MC/s (1.870e-02 s/TS) || Energy: ~6.23e-14 (-16.06dB)
[@     8m56s] Timestep:        27573 || Speed:  165.1 MC/s (1.887e-02 s/TS) || Energy: ~1.96e-14 (-21.07dB)
[@     9m02s] Timestep:        27876 || Speed:  158.6 MC/s (1.964e-02 s/TS) || Energy: ~5.47e-14 (-16.62dB)
[@     9m08s] Timestep:        28179 || Speed:  169.7 MC/s (1.836e-02 s/TS) || Energy: ~4.93e-14 (-17.08dB)
[@     9m13s] Timestep:        28482 || Speed:  161.2 MC/s (1.932e-02 s/TS) || Energy: ~1.74e-14 (-21.61dB)
[@     9m19s] Timestep:        28785 || Speed:  160.8 MC/s (1.937e-02 s/TS) || Energy: ~5.05e-14 (-16.97dB)
[@     9m23s] Timestep:        28987 || Speed:  154.6 MC/s (2.014e-02 s/TS) || Energy: ~1.73e-14 (-21.63dB)
[@     9m29s] Timestep:        29290 || Speed:  164.5 MC/s (1.893e-02 s/TS) || Energy: ~3.73e-14 (-18.29dB)
[@     9m35s] Timestep:        29593 || Speed:  161.8 MC/s (1.925e-02 s/TS) || Energy: ~4.36e-14 (-17.61dB)
[@     9m41s] Timestep:        29896 || Speed:  163.0 MC/s (1.910e-02 s/TS) || Energy: ~1.41e-14 (-22.51dB)
[@     9m45s] Timestep:        30098 || Speed:  151.4 MC/s (2.058e-02 s/TS) || Energy: ~4.44e-14 (-17.53dB)
[@     9m49s] Timestep:        30300 || Speed:  149.3 MC/s (2.087e-02 s/TS) || Energy: ~1.63e-14 (-21.88dB)
[@     9m53s] Timestep:        30502 || Speed:  156.0 MC/s (1.996e-02 s/TS) || Energy: ~3.44e-14 (-18.64dB)
[@     9m57s] Timestep:        30704 || Speed:  149.1 MC/s (2.089e-02 s/TS) || Energy: ~2.50e-14 (-20.03dB)
[@    10m01s] Timestep:        30906 || Speed:  156.5 MC/s (1.991e-02 s/TS) || Energy: ~2.16e-14 (-20.66dB)
[@    10m07s] Timestep:        31209 || Speed:  158.6 MC/s (1.964e-02 s/TS) || Energy: ~1.65e-14 (-21.83dB)
[@    10m13s] Timestep:        31512 || Speed:  159.9 MC/s (1.947e-02 s/TS) || Energy: ~3.50e-14 (-18.56dB)
[@    10m19s] Timestep:        31815 || Speed:  158.6 MC/s (1.963e-02 s/TS) || Energy: ~1.60e-14 (-21.96dB)
[@    10m25s] Timestep:        32118 || Speed:  161.8 MC/s (1.924e-02 s/TS) || Energy: ~1.67e-14 (-21.78dB)
[@    10m31s] Timestep:        32421 || Speed:  162.1 MC/s (1.921e-02 s/TS) || Energy: ~2.96e-14 (-19.29dB)
[@    10m36s] Timestep:        32724 || Speed:  167.7 MC/s (1.857e-02 s/TS) || Energy: ~1.20e-14 (-23.23dB)
[@    10m40s] Timestep:        32926 || Speed:  156.8 MC/s (1.986e-02 s/TS) || Energy: ~2.67e-14 (-19.73dB)
[@    10m45s] Timestep:        33128 || Speed:  155.3 MC/s (2.005e-02 s/TS) || Energy: ~8.89e-15 (-24.52dB)
[@    10m50s] Timestep:        33431 || Speed:  160.8 MC/s (1.937e-02 s/TS) || Energy: ~2.19e-14 (-20.61dB)
[@    10m56s] Timestep:        33734 || Speed:  164.2 MC/s (1.897e-02 s/TS) || Energy: ~1.80e-14 (-21.45dB)
[@    11m00s] Timestep:        33936 || Speed:  150.1 MC/s (2.074e-02 s/TS) || Energy: ~1.63e-14 (-21.88dB)
[@    11m06s] Timestep:        34239 || Speed:  162.5 MC/s (1.917e-02 s/TS) || Energy: ~1.98e-14 (-21.05dB)
[@    11m10s] Timestep:        34441 || Speed:  153.8 MC/s (2.025e-02 s/TS) || Energy: ~1.13e-14 (-23.46dB)
[@    11m16s] Timestep:        34744 || Speed:  163.9 MC/s (1.900e-02 s/TS) || Energy: ~1.96e-14 (-21.08dB)
[@    11m22s] Timestep:        35047 || Speed:  164.2 MC/s (1.897e-02 s/TS) || Energy: ~8.32e-15 (-24.81dB)
[@    11m28s] Timestep:        35350 || Speed:  159.8 MC/s (1.948e-02 s/TS) || Energy: ~1.12e-14 (-23.50dB)
[@    11m33s] Timestep:        35653 || Speed:  163.7 MC/s (1.903e-02 s/TS) || Energy: ~1.62e-14 (-21.90dB)
[@    11m39s] Timestep:        35956 || Speed:  182.6 MC/s (1.706e-02 s/TS) || Energy: ~6.37e-15 (-25.97dB)
[@    11m45s] Timestep:        36259 || Speed:  157.2 MC/s (1.981e-02 s/TS) || Energy: ~1.10e-14 (-23.61dB)
[@    11m49s] Timestep:        36461 || Speed:  154.8 MC/s (2.011e-02 s/TS) || Energy: ~7.57e-15 (-25.22dB)
[@    11m54s] Timestep:        36764 || Speed:  163.5 MC/s (1.904e-02 s/TS) || Energy: ~7.72e-15 (-25.13dB)
[@    12m00s] Timestep:        37067 || Speed:  164.6 MC/s (1.892e-02 s/TS) || Energy: ~1.30e-14 (-22.86dB)
[@    12m06s] Timestep:        37370 || Speed:  162.3 MC/s (1.918e-02 s/TS) || Energy: ~5.66e-15 (-26.48dB)
[@    12m12s] Timestep:        37673 || Speed:  162.4 MC/s (1.917e-02 s/TS) || Energy: ~7.61e-15 (-25.19dB)
[@    12m16s] Timestep:        37875 || Speed:  149.4 MC/s (2.085e-02 s/TS) || Energy: ~6.83e-15 (-25.66dB)
[@    12m22s] Timestep:        38178 || Speed:  161.4 MC/s (1.929e-02 s/TS) || Energy: ~5.32e-15 (-26.75dB)
[@    12m28s] Timestep:        38481 || Speed:  161.8 MC/s (1.925e-02 s/TS) || Energy: ~1.02e-14 (-23.91dB)
[@    12m34s] Timestep:        38784 || Speed:  161.2 MC/s (1.932e-02 s/TS) || Energy: ~5.08e-15 (-26.95dB)
[@    12m39s] Timestep:        39087 || Speed:  161.6 MC/s (1.927e-02 s/TS) || Energy: ~5.25e-15 (-26.81dB)
[@    12m45s] Timestep:        39390 || Speed:  162.8 MC/s (1.912e-02 s/TS) || Energy: ~8.65e-15 (-24.64dB)
[@    12m51s] Timestep:        39693 || Speed:  158.5 MC/s (1.965e-02 s/TS) || Energy: ~3.81e-15 (-28.20dB)
[@    12m55s] Timestep:        39895 || Speed:  146.9 MC/s (2.119e-02 s/TS) || Energy: ~7.85e-15 (-25.06dB)
[@    13m01s] Timestep:        40198 || Speed:  163.4 MC/s (1.906e-02 s/TS) || Energy: ~4.55e-15 (-27.43dB)
[@    13m07s] Timestep:        40501 || Speed:  168.8 MC/s (1.845e-02 s/TS) || Energy: ~3.62e-15 (-28.42dB)
[@    13m12s] Timestep:        40804 || Speed:  164.7 MC/s (1.891e-02 s/TS) || Energy: ~6.79e-15 (-25.68dB)
[@    13m18s] Timestep:        41107 || Speed:  161.0 MC/s (1.934e-02 s/TS) || Energy: ~3.39e-15 (-28.71dB)
[@    13m24s] Timestep:        41410 || Speed:  156.8 MC/s (1.987e-02 s/TS) || Energy: ~3.55e-15 (-28.50dB)
[@    13m28s] Timestep:        41612 || Speed:  156.8 MC/s (1.986e-02 s/TS) || Energy: ~4.03e-15 (-27.96dB)
[@    13m34s] Timestep:        41915 || Speed:  165.0 MC/s (1.887e-02 s/TS) || Energy: ~2.52e-15 (-29.99dB)
[@    13m38s] Timestep:        42117 || Speed:  154.8 MC/s (2.012e-02 s/TS) || Energy: ~4.55e-15 (-27.43dB)
[@    13m42s] Timestep:        42319 || Speed:  156.6 MC/s (1.988e-02 s/TS) || Energy: ~3.46e-15 (-28.61dB)
[@    13m48s] Timestep:        42622 || Speed:  160.8 MC/s (1.937e-02 s/TS) || Energy: ~4.74e-15 (-27.25dB)
[@    13m54s] Timestep:        42925 || Speed:  157.9 MC/s (1.972e-02 s/TS) || Energy: ~1.97e-15 (-31.07dB)
[@    14m00s] Timestep:        43228 || Speed:  160.2 MC/s (1.944e-02 s/TS) || Energy: ~3.33e-15 (-28.78dB)
[@    14m06s] Timestep:        43531 || Speed:  164.1 MC/s (1.898e-02 s/TS) || Energy: ~3.82e-15 (-28.18dB)
[@    14m12s] Timestep:        43834 || Speed:  161.8 MC/s (1.924e-02 s/TS) || Energy: ~1.59e-15 (-32.00dB)
[@    14m16s] Timestep:        44036 || Speed:  154.1 MC/s (2.021e-02 s/TS) || Energy: ~3.82e-15 (-28.19dB)
[@    14m21s] Timestep:        44339 || Speed:  169.1 MC/s (1.841e-02 s/TS) || Energy: ~1.71e-15 (-31.68dB)
[@    14m27s] Timestep:        44642 || Speed:  162.0 MC/s (1.923e-02 s/TS) || Energy: ~2.33e-15 (-30.33dB)
[@    14m33s] Timestep:        44945 || Speed:  160.0 MC/s (1.947e-02 s/TS) || Energy: ~3.15e-15 (-29.02dB)
[@    14m39s] Timestep:        45248 || Speed:  158.9 MC/s (1.960e-02 s/TS) || Energy: ~1.33e-15 (-32.78dB)
[@    14m45s] Timestep:        45551 || Speed:  159.2 MC/s (1.956e-02 s/TS) || Energy: ~2.24e-15 (-30.51dB)
[@    14m50s] Timestep:        45854 || Speed:  170.3 MC/s (1.829e-02 s/TS) || Energy: ~2.55e-15 (-29.95dB)
[@    14m54s] Timestep:        46056 || Speed:  149.7 MC/s (2.080e-02 s/TS) || Energy: ~1.62e-15 (-31.92dB)
[@    15m00s] Timestep:        46359 || Speed:  163.6 MC/s (1.904e-02 s/TS) || Energy: ~2.54e-15 (-29.95dB)
[@    15m06s] Timestep:        46662 || Speed:  166.8 MC/s (1.867e-02 s/TS) || Energy: ~1.15e-15 (-33.39dB)
[@    15m12s] Timestep:        46965 || Speed:  159.3 MC/s (1.955e-02 s/TS) || Energy: ~1.57e-15 (-32.05dB)
[@    15m18s] Timestep:        47268 || Speed:  164.0 MC/s (1.898e-02 s/TS) || Energy: ~2.10e-15 (-30.78dB)
[@    15m23s] Timestep:        47571 || Speed:  164.2 MC/s (1.897e-02 s/TS) || Energy: ~8.99e-16 (-34.47dB)
[@    15m29s] Timestep:        47874 || Speed:  162.5 MC/s (1.917e-02 s/TS) || Energy: ~1.50e-15 (-32.24dB)
[@    15m33s] Timestep:        48076 || Speed:  152.5 MC/s (2.042e-02 s/TS) || Energy: ~1.02e-15 (-33.92dB)
[@    15m39s] Timestep:        48379 || Speed:  169.0 MC/s (1.843e-02 s/TS) || Energy: ~1.09e-15 (-33.63dB)
[@    15m45s] Timestep:        48682 || Speed:  160.8 MC/s (1.937e-02 s/TS) || Energy: ~1.69e-15 (-31.72dB)
[@    15m49s] Timestep:        48884 || Speed:  157.1 MC/s (1.983e-02 s/TS) || Energy: ~7.87e-16 (-35.04dB)
[@    15m55s] Timestep:        49187 || Speed:  160.5 MC/s (1.940e-02 s/TS) || Energy: ~1.55e-15 (-32.10dB)
[@    15m59s] Timestep:        49389 || Speed:  156.2 MC/s (1.994e-02 s/TS) || Energy: ~6.31e-16 (-36.00dB)
[@    16m05s] Timestep:        49692 || Speed:  159.9 MC/s (1.948e-02 s/TS) || Energy: ~1.30e-15 (-32.87dB)
[@    16m10s] Timestep:        49995 || Speed:  159.4 MC/s (1.954e-02 s/TS) || Energy: ~1.05e-15 (-33.79dB)
[@    16m16s] Timestep:        50298 || Speed:  161.5 MC/s (1.929e-02 s/TS) || Energy: ~5.72e-16 (-36.44dB)
[@    16m22s] Timestep:        50601 || Speed:  164.8 MC/s (1.890e-02 s/TS) || Energy: ~1.17e-15 (-33.31dB)
[@    16m28s] Timestep:        50904 || Speed:  161.5 MC/s (1.928e-02 s/TS) || Energy: ~8.10e-16 (-34.92dB)
[@    16m34s] Timestep:        51207 || Speed:  165.0 MC/s (1.887e-02 s/TS) || Energy: ~5.38e-16 (-36.70dB)
[@    16m39s] Timestep:        51510 || Speed:  165.2 MC/s (1.886e-02 s/TS) || Energy: ~1.04e-15 (-33.85dB)
[@    16m45s] Timestep:        51813 || Speed:  163.2 MC/s (1.909e-02 s/TS) || Energy: ~6.20e-16 (-36.08dB)
[@    16m49s] Timestep:        52015 || Speed:  151.2 MC/s (2.060e-02 s/TS) || Energy: ~8.71e-16 (-34.61dB)
[@    16m53s] Timestep:        52217 || Speed:  156.3 MC/s (1.992e-02 s/TS) || Energy: ~4.23e-16 (-37.74dB)
[@    16m59s] Timestep:        52520 || Speed:  162.1 MC/s (1.921e-02 s/TS) || Energy: ~6.77e-16 (-35.70dB)
[@    17m05s] Timestep:        52823 || Speed:  171.3 MC/s (1.818e-02 s/TS) || Energy: ~7.64e-16 (-35.17dB)
[@    17m10s] Timestep:        53126 || Speed:  162.8 MC/s (1.913e-02 s/TS) || Energy: ~3.48e-16 (-38.58dB)
[@    17m16s] Timestep:        53429 || Speed:  163.0 MC/s (1.911e-02 s/TS) || Energy: ~6.33e-16 (-35.99dB)
[@    17m22s] Timestep:        53732 || Speed:  163.2 MC/s (1.909e-02 s/TS) || Energy: ~6.10e-16 (-36.15dB)
[@    17m26s] Timestep:        53934 || Speed:  152.5 MC/s (2.042e-02 s/TS) || Energy: ~4.78e-16 (-37.22dB)
[@    17m32s] Timestep:        54237 || Speed:  171.1 MC/s (1.821e-02 s/TS) || Energy: ~6.30e-16 (-36.02dB)
[@    17m37s] Timestep:        54540 || Speed:  166.9 MC/s (1.866e-02 s/TS) || Energy: ~2.92e-16 (-39.35dB)
[@    17m43s] Timestep:        54843 || Speed:  164.3 MC/s (1.896e-02 s/TS) || Energy: ~4.53e-16 (-37.45dB)
[@    17m49s] Timestep:        55146 || Speed:  164.3 MC/s (1.895e-02 s/TS) || Energy: ~5.14e-16 (-36.90dB)
[@    17m55s] Timestep:        55449 || Speed:  162.0 MC/s (1.922e-02 s/TS) || Energy: ~2.41e-16 (-40.19dB)
[@    18m00s] Timestep:        55752 || Speed:  163.7 MC/s (1.903e-02 s/TS) || Energy: ~4.23e-16 (-37.74dB)
[@    18m06s] Timestep:        56055 || Speed:  164.3 MC/s (1.896e-02 s/TS) || Energy: ~4.13e-16 (-37.85dB)
[@    18m10s] Timestep:        56257 || Speed:  151.2 MC/s (2.060e-02 s/TS) || Energy: ~3.21e-16 (-38.94dB)
[@    18m14s] Timestep:        56459 || Speed:  155.3 MC/s (2.006e-02 s/TS) || Energy: ~2.90e-16 (-39.38dB)
[@    18m20s] Timestep:        56762 || Speed:  163.4 MC/s (1.906e-02 s/TS) || Energy: ~2.38e-16 (-40.25dB)
[@    18m26s] Timestep:        57065 || Speed:  161.0 MC/s (1.934e-02 s/TS) || Energy: ~4.01e-16 (-37.97dB)
[@    18m32s] Timestep:        57368 || Speed:  167.0 MC/s (1.864e-02 s/TS) || Energy: ~2.26e-16 (-40.47dB)
[@    18m37s] Timestep:        57671 || Speed:  166.0 MC/s (1.877e-02 s/TS) || Energy: ~2.27e-16 (-40.44dB)
[@    18m42s] Timestep:        57873 || Speed:  142.2 MC/s (2.191e-02 s/TS) || Energy: ~2.57e-16 (-39.91dB)
[@    18m46s] Timestep:        58075 || Speed:  144.0 MC/s (2.163e-02 s/TS) || Energy: ~2.83e-16 (-39.48dB)
[@    18m52s] Timestep:        58378 || Speed:  163.2 MC/s (1.908e-02 s/TS) || Energy: ~2.80e-16 (-39.53dB)
[@    18m58s] Timestep:        58681 || Speed:  158.7 MC/s (1.962e-02 s/TS) || Energy: ~1.44e-16 (-42.41dB)
[@    19m04s] Timestep:        58984 || Speed:  162.2 MC/s (1.920e-02 s/TS) || Energy: ~2.60e-16 (-39.86dB)
[@    19m09s] Timestep:        59287 || Speed:  161.3 MC/s (1.930e-02 s/TS) || Energy: ~2.23e-16 (-40.52dB)
[@    19m14s] Timestep:        59489 || Speed:  151.9 MC/s (2.051e-02 s/TS) || Energy: ~2.03e-16 (-40.92dB)
[@    19m19s] Timestep:        59792 || Speed:  160.6 MC/s (1.940e-02 s/TS) || Energy: ~2.35e-16 (-40.30dB)
[@    19m23s] Timestep:        59994 || Speed:  156.9 MC/s (1.985e-02 s/TS) || Energy: ~1.53e-16 (-42.16dB)
[@    19m28s] Timestep:        60196 || Speed:  149.0 MC/s (2.090e-02 s/TS) || Energy: ~1.76e-16 (-41.55dB)
[@    19m34s] Timestep:        60499 || Speed:  157.6 MC/s (1.976e-02 s/TS) || Energy: ~1.17e-16 (-43.32dB)
[@    19m40s] Timestep:        60802 || Speed:  152.3 MC/s (2.045e-02 s/TS) || Energy: ~2.07e-16 (-40.85dB)
[@    19m46s] Timestep:        61105 || Speed:  157.4 MC/s (1.978e-02 s/TS) || Energy: ~1.38e-16 (-42.60dB)
[@    19m52s] Timestep:        61408 || Speed:  158.9 MC/s (1.960e-02 s/TS) || Energy: ~1.09e-16 (-43.63dB)
[@    19m56s] Timestep:        61610 || Speed:  155.7 MC/s (2.001e-02 s/TS) || Energy: ~1.53e-16 (-42.17dB)
[@    20m00s] Timestep:        61812 || Speed:  157.2 MC/s (1.981e-02 s/TS) || Energy: ~1.36e-16 (-42.68dB)
[@    20m04s] Timestep:        62014 || Speed:  148.4 MC/s (2.099e-02 s/TS) || Energy: ~1.09e-16 (-43.65dB)
[@    20m10s] Timestep:        62317 || Speed:  160.4 MC/s (1.941e-02 s/TS) || Energy: ~1.03e-16 (-43.89dB)
[@    20m14s] Timestep:        62519 || Speed:  155.1 MC/s (2.008e-02 s/TS) || Energy: ~1.21e-16 (-43.17dB)
[@    20m18s] Timestep:        62721 || Speed:  157.2 MC/s (1.981e-02 s/TS) || Energy: ~1.26e-16 (-42.99dB)
[@    20m24s] Timestep:        63024 || Speed:  163.2 MC/s (1.908e-02 s/TS) || Energy: ~1.30e-16 (-42.86dB)
[@    20m28s] Timestep:        63226 || Speed:  152.3 MC/s (2.045e-02 s/TS) || Energy: ~9.71e-17 (-44.13dB)
[@    20m34s] Timestep:        63529 || Speed:  157.1 MC/s (1.983e-02 s/TS) || Energy: ~1.30e-16 (-42.85dB)
[@    20m38s] Timestep:        63731 || Speed:  149.6 MC/s (2.082e-02 s/TS) || Energy: ~7.42e-17 (-45.30dB)
[@    20m42s] Timestep:        63933 || Speed:  153.6 MC/s (2.028e-02 s/TS) || Energy: ~1.05e-16 (-43.79dB)
[@    20m48s] Timestep:        64236 || Speed:  159.9 MC/s (1.948e-02 s/TS) || Energy: ~6.09e-17 (-46.16dB)
[@    20m52s] Timestep:        64438 || Speed:  156.8 MC/s (1.987e-02 s/TS) || Energy: ~1.09e-16 (-43.65dB)
[@    20m56s] Timestep:        64640 || Speed:  156.2 MC/s (1.993e-02 s/TS) || Energy: ~6.94e-17 (-45.59dB)
[@    21m02s] Timestep:        64943 || Speed:  156.5 MC/s (1.990e-02 s/TS) || Energy: ~1.04e-16 (-43.82dB)
[@    21m08s] Timestep:        65246 || Speed:  160.2 MC/s (1.944e-02 s/TS) || Energy: ~6.03e-17 (-46.20dB)
[@    21m12s] Timestep:        65448 || Speed:  156.2 MC/s (1.993e-02 s/TS) || Energy: ~9.31e-17 (-44.32dB)
[@    21m18s] Timestep:        65751 || Speed:  150.5 MC/s (2.070e-02 s/TS) || Energy: ~6.67e-17 (-45.77dB)
[@    21m23s] Timestep:        65953 || Speed:  153.0 MC/s (2.036e-02 s/TS) || Energy: ~7.73e-17 (-45.13dB)
[@    21m27s] Timestep:        66155 || Speed:  156.3 MC/s (1.992e-02 s/TS) || Energy: ~4.84e-17 (-47.16dB)
[@    21m32s] Timestep:        66458 || Speed:  160.6 MC/s (1.939e-02 s/TS) || Energy: ~6.05e-17 (-46.19dB)
[@    21m37s] Timestep:        66660 || Speed:  154.6 MC/s (2.015e-02 s/TS) || Energy: ~5.28e-17 (-46.78dB)
[@    21m42s] Timestep:        66963 || Speed:  160.4 MC/s (1.942e-02 s/TS) || Energy: ~4.64e-17 (-47.34dB)
[@    21m47s] Timestep:        67165 || Speed:  151.2 MC/s (2.059e-02 s/TS) || Energy: ~5.80e-17 (-46.37dB)
[@    21m53s] Timestep:        67468 || Speed:  158.0 MC/s (1.971e-02 s/TS) || Energy: ~3.70e-17 (-48.32dB)
[@    21m57s] Timestep:        67670 || Speed:  145.8 MC/s (2.136e-02 s/TS) || Energy: ~6.11e-17 (-46.15dB)
[@    22m01s] Timestep:        67872 || Speed:  153.6 MC/s (2.028e-02 s/TS) || Energy: ~4.33e-17 (-47.64dB)
[@    22m05s] Timestep:        68074 || Speed:  156.2 MC/s (1.994e-02 s/TS) || Energy: ~4.64e-17 (-47.34dB)
[@    22m11s] Timestep:        68377 || Speed:  157.3 MC/s (1.980e-02 s/TS) || Energy: ~3.37e-17 (-48.72dB)
[@    22m15s] Timestep:        68579 || Speed:  155.0 MC/s (2.010e-02 s/TS) || Energy: ~4.99e-17 (-47.02dB)
[@    22m19s] Timestep:        68781 || Speed:  156.5 MC/s (1.990e-02 s/TS) || Energy: ~4.05e-17 (-47.93dB)
[@    22m23s] Timestep:        68983 || Speed:  157.0 MC/s (1.983e-02 s/TS) || Energy: ~3.69e-17 (-48.33dB)
[@    22m29s] Timestep:        69286 || Speed:  159.6 MC/s (1.952e-02 s/TS) || Energy: ~3.13e-17 (-49.06dB)
[@    22m33s] Timestep:        69488 || Speed:  151.2 MC/s (2.060e-02 s/TS) || Energy: ~4.04e-17 (-47.94dB)
[@    22m37s] Timestep:        69690 || Speed:  155.8 MC/s (1.999e-02 s/TS) || Energy: ~3.77e-17 (-48.25dB)
[@    22m41s] Timestep:        69892 || Speed:  153.6 MC/s (2.028e-02 s/TS) || Energy: ~2.95e-17 (-49.31dB)
[@    22m46s] Timestep:        70094 || Speed:  148.4 MC/s (2.099e-02 s/TS) || Energy: ~4.22e-17 (-47.75dB)
[@    22m50s] Timestep:        70296 || Speed:  148.6 MC/s (2.095e-02 s/TS) || Energy: ~2.30e-17 (-50.38dB)
Time for 70296 iterations with 3114384.00 cells : 1370.24 sec
Speed: 159.77 MCells/s 

   driven port: TX2
   S(TX1 <- TX2) =  -21.62 dB   coupling
   S(TX2 <- TX2) =  -12.23 dB   match
   S(RX1 <- TX2) =  -56.38 dB   coupling
   S(RX2 <- TX2) =  -46.41 dB   coupling
   worst TX1 coupling across the ISM band: -21.57 dB
   worst RX1 coupling across the ISM band: -55.60 dB
   worst RX2 coupling across the ISM band: -42.17 dB
