[fe0] mesh 138x196x26 = 0.70 Mcells   board 31.1 x 49.9 mm  (L=12.83 dip_trim=0.3659)
openEMS - fixed number of threads: 8
 ---------------------------------------------------------------------- 
 | openEMS 64bit -- version v0.37.0-rc1-2-g7b051bb
 | (C) 2010-2026 Thorsten Liebig <thorsten.liebig@gmx.de>  GPL license
 ---------------------------------------------------------------------- 
	Used external libraries:
		CSXCAD -- Version: v0.7.0-rc1-1-g5115701
		hdf5   -- Version: 2.2.0
		          compiled against: HDF5 library version: 2.2.0
		tinyxml -- compiled against: 2.6.2
		fparser
		boost  -- compiled against: 1_90
		vtk -- disabled in this build

Create FDTD operator (compressed SSE + multi-threading)
FDTD simulation size: 138x196x26 --> 703248 FDTD cells 
FDTD timestep is: 1.76357e-13 s; Nyquist rate: 426 timesteps @6.6553e+09 Hz
Excitation signal length is: 19111 timesteps (3.37036e-09s)
Max. number of timesteps: 45000 ( --> 2.35466 * Excitation signal length)
openEMS::SetupFDTD: Warning, max. number of timesteps is smaller than three times the excitation. 
	You may want to choose a higher number of max. timesteps... 
Create FDTD engine (compressed SSE + multi-threading)
Running FDTD engine... this may take a while... grab a cup of coffee?!?
[@        4s] Timestep:          212 || Speed:   35.6 MC/s (1.976e-02 s/TS) || Energy: ~2.95e-22 (- 0.00dB)
[@        9s] Timestep:          530 || Speed:   43.2 MC/s (1.628e-02 s/TS) || Energy: ~8.71e-22 (- 0.00dB)
[@       13s] Timestep:          742 || Speed:   36.4 MC/s (1.932e-02 s/TS) || Energy: ~3.92e-21 (- 0.00dB)
[@       18s] Timestep:         1060 || Speed:   41.0 MC/s (1.715e-02 s/TS) || Energy: ~5.95e-21 (- 0.00dB)
[@       24s] Timestep:         1378 || Speed:   42.0 MC/s (1.673e-02 s/TS) || Energy: ~3.30e-20 (- 0.00dB)
[@       29s] Timestep:         1696 || Speed:   42.2 MC/s (1.668e-02 s/TS) || Energy: ~9.03e-20 (- 0.00dB)
[@       35s] Timestep:         2014 || Speed:   36.7 MC/s (1.918e-02 s/TS) || Energy: ~1.46e-19 (- 0.00dB)
[@       39s] Timestep:         2226 || Speed:   36.8 MC/s (1.909e-02 s/TS) || Energy: ~5.21e-19 (- 0.00dB)
[@       45s] Timestep:         2544 || Speed:   37.2 MC/s (1.891e-02 s/TS) || Energy: ~7.26e-19 (- 0.00dB)
[@       50s] Timestep:         2862 || Speed:   43.6 MC/s (1.612e-02 s/TS) || Energy: ~2.87e-18 (- 0.00dB)
[@       56s] Timestep:         3180 || Speed:   41.3 MC/s (1.703e-02 s/TS) || Energy: ~7.10e-18 (- 0.00dB)
[@     1m01s] Timestep:         3498 || Speed:   43.5 MC/s (1.615e-02 s/TS) || Energy: ~9.71e-18 (- 0.00dB)
[@     1m05s] Timestep:         3816 || Speed:   50.9 MC/s (1.383e-02 s/TS) || Energy: ~3.61e-17 (- 0.00dB)
[@     1m09s] Timestep:         4134 || Speed:   53.8 MC/s (1.307e-02 s/TS) || Energy: ~6.76e-17 (- 0.00dB)
[@     1m14s] Timestep:         4452 || Speed:   51.0 MC/s (1.379e-02 s/TS) || Energy: ~9.69e-17 (- 0.00dB)
[@     1m18s] Timestep:         4686 || Speed:   38.4 MC/s (1.833e-02 s/TS) || Energy: ~2.61e-16 (- 0.00dB)
[@     1m24s] Timestep:         4982 || Speed:   34.5 MC/s (2.040e-02 s/TS) || Energy: ~2.85e-16 (- 0.00dB)
[@     1m30s] Timestep:         5300 || Speed:   39.2 MC/s (1.794e-02 s/TS) || Energy: ~8.15e-16 (- 0.00dB)
[@     1m34s] Timestep:         5512 || Speed:   35.6 MC/s (1.976e-02 s/TS) || Energy: ~8.16e-16 (- 0.00dB)
[@     1m39s] Timestep:         5830 || Speed:   45.2 MC/s (1.557e-02 s/TS) || Energy: ~1.86e-15 (- 0.00dB)
[@     1m44s] Timestep:         6254 || Speed:   57.1 MC/s (1.231e-02 s/TS) || Energy: ~4.29e-15 (- 0.00dB)
[@     1m49s] Timestep:         6572 || Speed:   45.4 MC/s (1.549e-02 s/TS) || Energy: ~5.51e-15 (- 0.00dB)
[@     1m54s] Timestep:         6816 || Speed:   36.5 MC/s (1.925e-02 s/TS) || Energy: ~8.14e-15 (- 0.00dB)
[@     1m59s] Timestep:         7102 || Speed:   35.9 MC/s (1.962e-02 s/TS) || Energy: ~1.23e-14 (- 0.00dB)
[@     2m04s] Timestep:         7314 || Speed:   34.9 MC/s (2.013e-02 s/TS) || Energy: ~1.49e-14 (- 0.00dB)
[@     2m08s] Timestep:         7526 || Speed:   32.8 MC/s (2.144e-02 s/TS) || Energy: ~1.63e-14 (- 0.00dB)
[@     2m13s] Timestep:         7738 || Speed:   28.9 MC/s (2.436e-02 s/TS) || Energy: ~2.76e-14 (- 0.00dB)
[@     2m18s] Timestep:         7950 || Speed:   33.3 MC/s (2.114e-02 s/TS) || Energy: ~2.18e-14 (- 1.02dB)
[@     2m23s] Timestep:         8162 || Speed:   29.9 MC/s (2.353e-02 s/TS) || Energy: ~4.21e-14 (- 0.00dB)
[@     2m28s] Timestep:         8374 || Speed:   31.0 MC/s (2.266e-02 s/TS) || Energy: ~3.41e-14 (- 0.92dB)
[@     2m33s] Timestep:         8692 || Speed:   45.9 MC/s (1.533e-02 s/TS) || Energy: ~6.44e-14 (- 0.00dB)
[@     2m37s] Timestep:         9116 || Speed:   73.1 MC/s (9.615e-03 s/TS) || Energy: ~8.08e-14 (- 0.00dB)
[@     2m41s] Timestep:         9540 || Speed:   70.2 MC/s (1.002e-02 s/TS) || Energy: ~8.59e-14 (- 0.00dB)
[@     2m46s] Timestep:        10070 || Speed:   77.8 MC/s (9.044e-03 s/TS) || Energy: ~1.16e-13 (- 0.00dB)
[@     2m50s] Timestep:        10600 || Speed:   84.7 MC/s (8.304e-03 s/TS) || Energy: ~1.39e-13 (- 0.00dB)
[@     2m54s] Timestep:        11130 || Speed:   87.7 MC/s (8.015e-03 s/TS) || Energy: ~1.47e-13 (- 0.00dB)
[@     2m59s] Timestep:        11660 || Speed:   85.0 MC/s (8.278e-03 s/TS) || Energy: ~1.39e-13 (- 0.23dB)
[@     3m03s] Timestep:        12190 || Speed:   87.9 MC/s (7.998e-03 s/TS) || Energy: ~1.23e-13 (- 0.78dB)
[@     3m07s] Timestep:        12720 || Speed:   85.6 MC/s (8.218e-03 s/TS) || Energy: ~1.07e-13 (- 1.38dB)
[@     3m11s] Timestep:        13206 || Speed:   85.0 MC/s (8.274e-03 s/TS) || Energy: ~9.33e-14 (- 1.97dB)
[@     3m16s] Timestep:        13780 || Speed:   85.4 MC/s (8.237e-03 s/TS) || Energy: ~9.69e-14 (- 1.81dB)
[@     3m20s] Timestep:        14310 || Speed:   84.6 MC/s (8.311e-03 s/TS) || Energy: ~9.76e-14 (- 1.78dB)
[@     3m25s] Timestep:        14840 || Speed:   87.5 MC/s (8.039e-03 s/TS) || Energy: ~9.55e-14 (- 1.87dB)
[@     3m29s] Timestep:        15336 || Speed:   85.3 MC/s (8.242e-03 s/TS) || Energy: ~8.98e-14 (- 2.14dB)
[@     3m34s] Timestep:        15900 || Speed:   84.5 MC/s (8.321e-03 s/TS) || Energy: ~7.64e-14 (- 2.84dB)
[@     3m38s] Timestep:        16430 || Speed:   91.3 MC/s (7.703e-03 s/TS) || Energy: ~6.25e-14 (- 3.71dB)
[@     3m42s] Timestep:        16960 || Speed:   91.9 MC/s (7.651e-03 s/TS) || Energy: ~4.93e-14 (- 4.74dB)
[@     3m46s] Timestep:        17466 || Speed:   86.2 MC/s (8.159e-03 s/TS) || Energy: ~4.23e-14 (- 5.41dB)
[@     3m50s] Timestep:        18020 || Speed:   91.0 MC/s (7.729e-03 s/TS) || Energy: ~3.19e-14 (- 6.64dB)
[@     3m55s] Timestep:        18550 || Speed:   83.7 MC/s (8.403e-03 s/TS) || Energy: ~2.82e-14 (- 7.16dB)
[@     3m59s] Timestep:        19080 || Speed:   89.2 MC/s (7.881e-03 s/TS) || Energy: ~2.69e-14 (- 7.37dB)
[@     4m03s] Timestep:        19596 || Speed:   88.4 MC/s (7.957e-03 s/TS) || Energy: ~2.54e-14 (- 7.63dB)
[@     4m07s] Timestep:        20140 || Speed:   83.7 MC/s (8.401e-03 s/TS) || Energy: ~2.63e-14 (- 7.47dB)
[@     4m12s] Timestep:        20776 || Speed:   94.6 MC/s (7.430e-03 s/TS) || Energy: ~2.57e-14 (- 7.57dB)
[@     4m17s] Timestep:        21412 || Speed:   94.2 MC/s (7.468e-03 s/TS) || Energy: ~1.31e-14 (-10.49dB)
[@     4m21s] Timestep:        21942 || Speed:   91.5 MC/s (7.688e-03 s/TS) || Energy: ~9.89e-15 (-11.72dB)
[@     4m25s] Timestep:        22472 || Speed:   88.7 MC/s (7.925e-03 s/TS) || Energy: ~8.11e-15 (-12.58dB)
[@     4m29s] Timestep:        23002 || Speed:   92.9 MC/s (7.571e-03 s/TS) || Energy: ~7.39e-15 (-12.98dB)
[@     4m34s] Timestep:        23532 || Speed:   85.3 MC/s (8.249e-03 s/TS) || Energy: ~7.25e-15 (-13.07dB)
[@     4m38s] Timestep:        24062 || Speed:   83.7 MC/s (8.399e-03 s/TS) || Energy: ~7.28e-15 (-13.05dB)
[@     4m43s] Timestep:        24592 || Speed:   80.6 MC/s (8.722e-03 s/TS) || Energy: ~7.17e-15 (-13.12dB)
[@     4m48s] Timestep:        25122 || Speed:   74.6 MC/s (9.422e-03 s/TS) || Energy: ~6.78e-15 (-13.36dB)
[@     4m52s] Timestep:        25560 || Speed:   75.3 MC/s (9.343e-03 s/TS) || Energy: ~4.98e-15 (-14.70dB)
[@     4m56s] Timestep:        25970 || Speed:   68.2 MC/s (1.030e-02 s/TS) || Energy: ~2.95e-15 (-16.97dB)
[@     5m00s] Timestep:        26394 || Speed:   72.5 MC/s (9.696e-03 s/TS) || Energy: ~2.26e-15 (-18.12dB)
[@     5m04s] Timestep:        26838 || Speed:   76.8 MC/s (9.154e-03 s/TS) || Energy: ~2.31e-15 (-18.04dB)
[@     5m08s] Timestep:        27348 || Speed:   81.3 MC/s (8.651e-03 s/TS) || Energy: ~1.85e-15 (-19.00dB)
[@     5m13s] Timestep:        27878 || Speed:   91.7 MC/s (7.669e-03 s/TS) || Energy: ~1.45e-15 (-20.05dB)
[@     5m17s] Timestep:        28408 || Speed:   90.0 MC/s (7.815e-03 s/TS) || Energy: ~1.29e-15 (-20.57dB)
[@     5m21s] Timestep:        28938 || Speed:   92.1 MC/s (7.636e-03 s/TS) || Energy: ~1.27e-15 (-20.62dB)
[@     5m25s] Timestep:        29574 || Speed:  105.0 MC/s (6.696e-03 s/TS) || Energy: ~1.91e-15 (-18.86dB)
[@     5m29s] Timestep:        30104 || Speed:   88.2 MC/s (7.977e-03 s/TS) || Energy: ~1.71e-15 (-19.35dB)
[@     5m33s] Timestep:        30634 || Speed:   89.1 MC/s (7.891e-03 s/TS) || Energy: ~1.43e-15 (-20.11dB)
[@     5m38s] Timestep:        31164 || Speed:   88.5 MC/s (7.944e-03 s/TS) || Energy: ~1.14e-15 (-21.12dB)
[@     5m42s] Timestep:        31694 || Speed:   90.1 MC/s (7.807e-03 s/TS) || Energy: ~8.54e-16 (-22.36dB)
[@     5m46s] Timestep:        32330 || Speed:   94.8 MC/s (7.422e-03 s/TS) || Energy: ~4.06e-16 (-25.58dB)
[@     5m51s] Timestep:        32860 || Speed:   89.3 MC/s (7.874e-03 s/TS) || Energy: ~3.77e-16 (-25.91dB)
[@     5m55s] Timestep:        33390 || Speed:   91.0 MC/s (7.727e-03 s/TS) || Energy: ~3.84e-16 (-25.83dB)
[@     5m59s] Timestep:        34026 || Speed:   96.3 MC/s (7.304e-03 s/TS) || Energy: ~5.62e-16 (-24.18dB)
[@     6m04s] Timestep:        34556 || Speed:   88.1 MC/s (7.985e-03 s/TS) || Energy: ~4.93e-16 (-24.74dB)
[@     6m08s] Timestep:        35086 || Speed:   82.6 MC/s (8.510e-03 s/TS) || Energy: ~4.07e-16 (-25.58dB)
[@     6m13s] Timestep:        35616 || Speed:   79.2 MC/s (8.877e-03 s/TS) || Energy: ~3.17e-16 (-26.67dB)
[@     6m18s] Timestep:        36146 || Speed:   76.5 MC/s (9.195e-03 s/TS) || Energy: ~2.34e-16 (-27.98dB)
[@     6m22s] Timestep:        36676 || Speed:   87.1 MC/s (8.073e-03 s/TS) || Energy: ~1.67e-16 (-29.46dB)
[@     6m26s] Timestep:        37206 || Speed:   86.3 MC/s (8.151e-03 s/TS) || Energy: ~1.19e-16 (-30.92dB)
[@     6m30s] Timestep:        37736 || Speed:   92.5 MC/s (7.599e-03 s/TS) || Energy: ~9.05e-17 (-32.10dB)
[@     6m34s] Timestep:        38266 || Speed:   91.4 MC/s (7.698e-03 s/TS) || Energy: ~7.81e-17 (-32.75dB)
[@     6m39s] Timestep:        38902 || Speed:   98.3 MC/s (7.154e-03 s/TS) || Energy: ~1.25e-16 (-30.69dB)
[@     6m43s] Timestep:        39538 || Speed:   98.9 MC/s (7.107e-03 s/TS) || Energy: ~1.15e-16 (-31.05dB)
[@     6m48s] Timestep:        40174 || Speed:   95.9 MC/s (7.336e-03 s/TS) || Energy: ~5.03e-17 (-34.65dB)
[@     6m52s] Timestep:        40810 || Speed:  109.3 MC/s (6.434e-03 s/TS) || Energy: ~5.40e-17 (-34.35dB)
[@     6m56s] Timestep:        41340 || Speed:   92.6 MC/s (7.597e-03 s/TS) || Energy: ~5.65e-17 (-34.15dB)
[@     7m00s] Timestep:        41870 || Speed:   89.9 MC/s (7.825e-03 s/TS) || Energy: ~5.68e-17 (-34.13dB)
[@     7m04s] Timestep:        42400 || Speed:   91.9 MC/s (7.650e-03 s/TS) || Energy: ~5.42e-17 (-34.34dB)
[@     7m09s] Timestep:        43026 || Speed:   92.0 MC/s (7.647e-03 s/TS) || Energy: ~3.93e-17 (-35.73dB)
[@     7m13s] Timestep:        43566 || Speed:   90.7 MC/s (7.754e-03 s/TS) || Energy: ~2.71e-17 (-37.34dB)
[@     7m18s] Timestep:        44202 || Speed:   94.4 MC/s (7.447e-03 s/TS) || Energy: ~1.57e-17 (-39.70dB)
[@     7m23s] Timestep:        44730 || Speed:   83.2 MC/s (8.449e-03 s/TS) || Energy: ~1.59e-17 (-39.67dB)
RunFDTD: Warning: Max. number of timesteps was reached before the end-criteria of -40dB was reached... 
	You may want to choose a higher number of max. timesteps... 
Time for 45000 iterations with 703248.00 cells : 445.39 sec
Speed: 71.05 MCells/s 
Traceback (most recent call last):
  File "/Users/lucasnaylor/radar-5g8-array/sim/full_element.py", line 158, in <module>
    arr = (mag(ER[0][i0]) + mag(EL[0][i0])) / \
               ~~~~~^^^^
IndexError: index 90 is out of bounds for axis 0 with size 2
