[fe4] mesh 147x167x26 = 0.64 Mcells   board 72.9 x 59.8 mm  (L=12.83 dip_trim=0.3659)
openEMS - fixed number of threads: 8
 ---------------------------------------------------------------------- 
 | openEMS 64bit -- version v0.37.0-rc1-2-g7b051bb
 | (C) 2010-2026 Thorsten Liebig <thorsten.liebig@gmx.de>  GPL license
 ---------------------------------------------------------------------- 
	Used external libraries:
		CSXCAD -- Version: v0.7.0-rc1-1-g5115701
		hdf5   -- Version: 2.2.0
		          compiled against: HDF5 library version: 2.2.0
		tinyxml -- compiled against: 2.6.2
		fparser
		boost  -- compiled against: 1_90
		vtk -- disabled in this build

Create FDTD operator (compressed SSE + multi-threading)
FDTD simulation size: 147x167x26 --> 638274 FDTD cells 
FDTD timestep is: 1.79313e-13 s; Nyquist rate: 419 timesteps @6.65493e+09 Hz
Excitation signal length is: 18796 timesteps (3.37037e-09s)
Max. number of timesteps: 45000 ( --> 2.39413 * Excitation signal length)
openEMS::SetupFDTD: Warning, max. number of timesteps is smaller than three times the excitation. 
	You may want to choose a higher number of max. timesteps... 
Create FDTD engine (compressed SSE + multi-threading)
Running FDTD engine... this may take a while... grab a cup of coffee?!?
[@        4s] Timestep:          416 || Speed:   55.2 MC/s (1.156e-02 s/TS) || Energy: ~8.47e-21 (- 0.00dB)
[@        9s] Timestep:          728 || Speed:   41.2 MC/s (1.548e-02 s/TS) || Energy: ~2.14e-20 (- 0.00dB)
[@       14s] Timestep:         1040 || Speed:   39.7 MC/s (1.607e-02 s/TS) || Energy: ~5.56e-20 (- 0.00dB)
[@       19s] Timestep:         1352 || Speed:   42.7 MC/s (1.496e-02 s/TS) || Energy: ~2.58e-19 (- 0.00dB)
[@       23s] Timestep:         1664 || Speed:   42.9 MC/s (1.487e-02 s/TS) || Energy: ~5.47e-19 (- 0.00dB)
[@       29s] Timestep:         2080 || Speed:   51.2 MC/s (1.246e-02 s/TS) || Energy: ~1.84e-18 (- 0.00dB)
[@       33s] Timestep:         2496 || Speed:   60.5 MC/s (1.056e-02 s/TS) || Energy: ~6.91e-18 (- 0.00dB)
[@       37s] Timestep:         2808 || Speed:   48.3 MC/s (1.322e-02 s/TS) || Energy: ~2.25e-17 (- 0.00dB)
[@       42s] Timestep:         3120 || Speed:   40.2 MC/s (1.587e-02 s/TS) || Energy: ~4.35e-17 (- 0.00dB)
[@       47s] Timestep:         3432 || Speed:   39.0 MC/s (1.636e-02 s/TS) || Energy: ~1.00e-16 (- 0.00dB)
[@       51s] Timestep:         3771 || Speed:   51.0 MC/s (1.251e-02 s/TS) || Energy: ~2.75e-16 (- 0.00dB)
[@       56s] Timestep:         4160 || Speed:   53.8 MC/s (1.187e-02 s/TS) || Energy: ~6.41e-16 (- 0.00dB)
[@     1m02s] Timestep:         4576 || Speed:   48.4 MC/s (1.318e-02 s/TS) || Energy: ~1.49e-15 (- 0.00dB)
[@     1m06s] Timestep:         4888 || Speed:   49.3 MC/s (1.294e-02 s/TS) || Energy: ~3.02e-15 (- 0.00dB)
[@     1m10s] Timestep:         5200 || Speed:   48.3 MC/s (1.323e-02 s/TS) || Energy: ~5.78e-15 (- 0.00dB)
[@     1m14s] Timestep:         5512 || Speed:   42.1 MC/s (1.518e-02 s/TS) || Energy: ~9.30e-15 (- 0.00dB)
[@     1m20s] Timestep:         5824 || Speed:   38.8 MC/s (1.645e-02 s/TS) || Energy: ~1.80e-14 (- 0.00dB)
[@     1m24s] Timestep:         6136 || Speed:   49.1 MC/s (1.299e-02 s/TS) || Energy: ~2.73e-14 (- 0.00dB)
[@     1m29s] Timestep:         6552 || Speed:   52.1 MC/s (1.225e-02 s/TS) || Energy: ~4.77e-14 (- 0.00dB)
[@     1m34s] Timestep:         6864 || Speed:   40.8 MC/s (1.564e-02 s/TS) || Energy: ~8.44e-14 (- 0.00dB)
[@     1m38s] Timestep:         7123 || Speed:   37.2 MC/s (1.717e-02 s/TS) || Energy: ~1.04e-13 (- 0.00dB)
[@     1m43s] Timestep:         7488 || Speed:   45.0 MC/s (1.418e-02 s/TS) || Energy: ~1.50e-13 (- 0.00dB)
[@     1m48s] Timestep:         7904 || Speed:   51.8 MC/s (1.233e-02 s/TS) || Energy: ~2.51e-13 (- 0.00dB)
[@     1m53s] Timestep:         8216 || Speed:   46.8 MC/s (1.365e-02 s/TS) || Energy: ~3.69e-13 (- 0.00dB)
[@     1m57s] Timestep:         8528 || Speed:   47.2 MC/s (1.353e-02 s/TS) || Energy: ~3.69e-13 (- 0.00dB)
[@     2m01s] Timestep:         8840 || Speed:   45.9 MC/s (1.390e-02 s/TS) || Energy: ~5.53e-13 (- 0.00dB)
[@     2m05s] Timestep:         9218 || Speed:   56.4 MC/s (1.131e-02 s/TS) || Energy: ~7.30e-13 (- 0.00dB)
[@     2m10s] Timestep:         9568 || Speed:   47.9 MC/s (1.332e-02 s/TS) || Energy: ~7.12e-13 (- 0.11dB)
[@     2m14s] Timestep:         9880 || Speed:   45.8 MC/s (1.392e-02 s/TS) || Energy: ~8.12e-13 (- 0.00dB)
[@     2m19s] Timestep:        10192 || Speed:   44.6 MC/s (1.432e-02 s/TS) || Energy: ~1.01e-12 (- 0.00dB)
[@     2m23s] Timestep:        10504 || Speed:   46.6 MC/s (1.370e-02 s/TS) || Energy: ~8.87e-13 (- 0.54dB)
[@     2m27s] Timestep:        10816 || Speed:   48.8 MC/s (1.307e-02 s/TS) || Energy: ~1.03e-12 (- 0.00dB)
[@     2m32s] Timestep:        11128 || Speed:   43.6 MC/s (1.463e-02 s/TS) || Energy: ~1.01e-12 (- 0.10dB)
[@     2m36s] Timestep:        11440 || Speed:   47.0 MC/s (1.359e-02 s/TS) || Energy: ~9.70e-13 (- 0.28dB)
[@     2m40s] Timestep:        11752 || Speed:   49.7 MC/s (1.284e-02 s/TS) || Energy: ~1.02e-12 (- 0.07dB)
[@     2m44s] Timestep:        12064 || Speed:   45.8 MC/s (1.393e-02 s/TS) || Energy: ~8.41e-13 (- 0.89dB)
[@     2m49s] Timestep:        12376 || Speed:   46.4 MC/s (1.376e-02 s/TS) || Energy: ~9.73e-13 (- 0.26dB)
[@     2m53s] Timestep:        12688 || Speed:   49.2 MC/s (1.298e-02 s/TS) || Energy: ~7.99e-13 (- 1.12dB)
[@     2m57s] Timestep:        12989 || Speed:   42.9 MC/s (1.489e-02 s/TS) || Energy: ~7.24e-13 (- 1.55dB)
[@     3m01s] Timestep:        13312 || Speed:   49.8 MC/s (1.283e-02 s/TS) || Energy: ~8.99e-13 (- 0.61dB)
[@     3m05s] Timestep:        13624 || Speed:   49.7 MC/s (1.285e-02 s/TS) || Energy: ~5.69e-13 (- 2.59dB)
[@     3m10s] Timestep:        13936 || Speed:   42.4 MC/s (1.504e-02 s/TS) || Energy: ~6.62e-13 (- 1.94dB)
[@     3m15s] Timestep:        14246 || Speed:   37.1 MC/s (1.720e-02 s/TS) || Energy: ~7.77e-13 (- 1.24dB)
[@     3m20s] Timestep:        14560 || Speed:   44.3 MC/s (1.442e-02 s/TS) || Energy: ~4.30e-13 (- 3.81dB)
[@     3m25s] Timestep:        14872 || Speed:   43.0 MC/s (1.484e-02 s/TS) || Energy: ~6.58e-13 (- 1.96dB)
[@     3m30s] Timestep:        15288 || Speed:   50.7 MC/s (1.259e-02 s/TS) || Energy: ~7.30e-13 (- 1.51dB)
[@     3m35s] Timestep:        15704 || Speed:   55.3 MC/s (1.153e-02 s/TS) || Energy: ~6.83e-13 (- 1.80dB)
[@     3m40s] Timestep:        16120 || Speed:   53.5 MC/s (1.194e-02 s/TS) || Energy: ~5.34e-13 (- 2.86dB)
[@     3m45s] Timestep:        16432 || Speed:   40.0 MC/s (1.598e-02 s/TS) || Energy: ~3.16e-13 (- 5.15dB)
[@     3m50s] Timestep:        16744 || Speed:   39.7 MC/s (1.606e-02 s/TS) || Energy: ~6.02e-13 (- 2.35dB)
[@     3m54s] Timestep:        17056 || Speed:   41.6 MC/s (1.535e-02 s/TS) || Energy: ~4.16e-13 (- 3.95dB)
[@     3m59s] Timestep:        17368 || Speed:   45.1 MC/s (1.416e-02 s/TS) || Energy: ~2.84e-13 (- 5.62dB)
[@     4m03s] Timestep:        17784 || Speed:   59.1 MC/s (1.080e-02 s/TS) || Energy: ~3.74e-13 (- 4.42dB)
[@     4m07s] Timestep:        18096 || Speed:   49.1 MC/s (1.300e-02 s/TS) || Energy: ~4.83e-13 (- 3.30dB)
[@     4m11s] Timestep:        18408 || Speed:   48.6 MC/s (1.313e-02 s/TS) || Energy: ~1.97e-13 (- 7.20dB)
[@     4m16s] Timestep:        18720 || Speed:   44.7 MC/s (1.429e-02 s/TS) || Energy: ~3.53e-13 (- 4.66dB)
[@     4m20s] Timestep:        19032 || Speed:   47.0 MC/s (1.358e-02 s/TS) || Energy: ~3.79e-13 (- 4.36dB)
[@     4m25s] Timestep:        19344 || Speed:   41.1 MC/s (1.554e-02 s/TS) || Energy: ~1.50e-13 (- 8.37dB)
[@     4m30s] Timestep:        19656 || Speed:   42.5 MC/s (1.503e-02 s/TS) || Energy: ~3.25e-13 (- 5.02dB)
[@     4m34s] Timestep:        19968 || Speed:   42.4 MC/s (1.504e-02 s/TS) || Energy: ~2.83e-13 (- 5.62dB)
[@     4m40s] Timestep:        20384 || Speed:   51.4 MC/s (1.242e-02 s/TS) || Energy: ~1.77e-13 (- 7.66dB)
[@     4m45s] Timestep:        20800 || Speed:   49.5 MC/s (1.289e-02 s/TS) || Energy: ~1.16e-13 (- 9.51dB)
[@     4m50s] Timestep:        21112 || Speed:   41.6 MC/s (1.533e-02 s/TS) || Energy: ~2.22e-13 (- 6.68dB)
[@     4m54s] Timestep:        21369 || Speed:   39.4 MC/s (1.620e-02 s/TS) || Energy: ~1.73e-13 (- 7.77dB)
[@     4m59s] Timestep:        21736 || Speed:   49.1 MC/s (1.300e-02 s/TS) || Energy: ~9.73e-14 (-10.26dB)
[@     5m04s] Timestep:        22152 || Speed:   50.7 MC/s (1.258e-02 s/TS) || Energy: ~1.14e-13 (- 9.57dB)
[@     5m08s] Timestep:        22464 || Speed:   44.2 MC/s (1.443e-02 s/TS) || Energy: ~2.06e-13 (- 7.01dB)
[@     5m13s] Timestep:        22776 || Speed:   44.6 MC/s (1.430e-02 s/TS) || Energy: ~1.12e-13 (- 9.67dB)
[@     5m17s] Timestep:        23088 || Speed:   44.6 MC/s (1.432e-02 s/TS) || Energy: ~1.10e-13 (- 9.73dB)
[@     5m22s] Timestep:        23464 || Speed:   56.7 MC/s (1.125e-02 s/TS) || Energy: ~1.55e-13 (- 8.23dB)
[@     5m27s] Timestep:        23816 || Speed:   43.4 MC/s (1.470e-02 s/TS) || Energy: ~1.33e-13 (- 8.91dB)
[@     5m31s] Timestep:        24128 || Speed:   42.3 MC/s (1.508e-02 s/TS) || Energy: ~7.10e-14 (-11.63dB)
[@     5m36s] Timestep:        24440 || Speed:   42.0 MC/s (1.519e-02 s/TS) || Energy: ~1.20e-13 (- 9.37dB)
[@     5m41s] Timestep:        24856 || Speed:   50.2 MC/s (1.270e-02 s/TS) || Energy: ~1.18e-13 (- 9.41dB)
[@     5m46s] Timestep:        25168 || Speed:   48.2 MC/s (1.324e-02 s/TS) || Energy: ~7.18e-14 (-11.58dB)
[@     5m50s] Timestep:        25480 || Speed:   47.6 MC/s (1.341e-02 s/TS) || Energy: ~7.24e-14 (-11.55dB)
[@     5m54s] Timestep:        25792 || Speed:   47.2 MC/s (1.353e-02 s/TS) || Energy: ~9.34e-14 (-10.44dB)
[@     5m58s] Timestep:        26104 || Speed:   44.5 MC/s (1.433e-02 s/TS) || Energy: ~5.59e-14 (-12.67dB)
[@     6m03s] Timestep:        26397 || Speed:   40.0 MC/s (1.594e-02 s/TS) || Energy: ~6.88e-14 (-11.77dB)
[@     6m08s] Timestep:        26728 || Speed:   41.9 MC/s (1.523e-02 s/TS) || Energy: ~7.16e-14 (-11.59dB)
[@     6m13s] Timestep:        27040 || Speed:   41.4 MC/s (1.541e-02 s/TS) || Energy: ~4.46e-14 (-13.65dB)
[@     6m18s] Timestep:        27456 || Speed:   53.6 MC/s (1.190e-02 s/TS) || Energy: ~4.22e-14 (-13.89dB)
[@     6m23s] Timestep:        27872 || Speed:   53.8 MC/s (1.186e-02 s/TS) || Energy: ~4.48e-14 (-13.63dB)
[@     6m28s] Timestep:        28184 || Speed:   42.3 MC/s (1.510e-02 s/TS) || Energy: ~4.91e-14 (-13.23dB)
[@     6m32s] Timestep:        28492 || Speed:   41.4 MC/s (1.541e-02 s/TS) || Energy: ~3.28e-14 (-14.99dB)
[@     6m37s] Timestep:        28808 || Speed:   43.8 MC/s (1.456e-02 s/TS) || Energy: ~3.81e-14 (-14.34dB)
[@     6m41s] Timestep:        29120 || Speed:   43.6 MC/s (1.464e-02 s/TS) || Energy: ~3.63e-14 (-14.54dB)
[@     6m46s] Timestep:        29432 || Speed:   43.1 MC/s (1.480e-02 s/TS) || Energy: ~2.59e-14 (-16.00dB)
[@     6m51s] Timestep:        29744 || Speed:   44.0 MC/s (1.450e-02 s/TS) || Energy: ~3.13e-14 (-15.19dB)
[@     6m55s] Timestep:        30056 || Speed:   49.7 MC/s (1.284e-02 s/TS) || Energy: ~2.62e-14 (-15.96dB)
[@     6m59s] Timestep:        30472 || Speed:   55.1 MC/s (1.158e-02 s/TS) || Energy: ~2.05e-14 (-17.02dB)
[@     7m04s] Timestep:        30784 || Speed:   46.4 MC/s (1.376e-02 s/TS) || Energy: ~2.11e-14 (-16.90dB)
[@     7m09s] Timestep:        31096 || Speed:   40.9 MC/s (1.561e-02 s/TS) || Energy: ~2.16e-14 (-16.79dB)
[@     7m13s] Timestep:        31408 || Speed:   42.6 MC/s (1.499e-02 s/TS) || Energy: ~1.51e-14 (-18.35dB)
[@     7m18s] Timestep:        31720 || Speed:   41.0 MC/s (1.555e-02 s/TS) || Energy: ~1.74e-14 (-17.73dB)
[@     7m24s] Timestep:        32136 || Speed:   48.7 MC/s (1.310e-02 s/TS) || Energy: ~1.67e-14 (-17.93dB)
[@     7m28s] Timestep:        32448 || Speed:   45.2 MC/s (1.412e-02 s/TS) || Energy: ~1.20e-14 (-19.34dB)
[@     7m33s] Timestep:        32864 || Speed:   54.2 MC/s (1.177e-02 s/TS) || Energy: ~9.61e-15 (-20.32dB)
[@     7m38s] Timestep:        33176 || Speed:   40.9 MC/s (1.561e-02 s/TS) || Energy: ~1.16e-14 (-19.51dB)
[@     7m42s] Timestep:        33488 || Speed:   43.6 MC/s (1.464e-02 s/TS) || Energy: ~1.03e-14 (-20.01dB)
[@     7m47s] Timestep:        33800 || Speed:   39.9 MC/s (1.600e-02 s/TS) || Energy: ~7.12e-15 (-21.62dB)
[@     7m52s] Timestep:        34112 || Speed:   42.1 MC/s (1.517e-02 s/TS) || Energy: ~9.35e-15 (-20.44dB)
[@     7m57s] Timestep:        34424 || Speed:   42.7 MC/s (1.493e-02 s/TS) || Energy: ~7.23e-15 (-21.55dB)
[@     8m01s] Timestep:        34777 || Speed:   51.0 MC/s (1.251e-02 s/TS) || Energy: ~5.08e-15 (-23.09dB)
[@     8m06s] Timestep:        35152 || Speed:   45.3 MC/s (1.408e-02 s/TS) || Energy: ~5.79e-15 (-22.52dB)
[@     8m11s] Timestep:        35464 || Speed:   43.9 MC/s (1.454e-02 s/TS) || Energy: ~6.35e-15 (-22.11dB)
[@     8m15s] Timestep:        35776 || Speed:   46.3 MC/s (1.378e-02 s/TS) || Energy: ~3.64e-15 (-24.53dB)
[@     8m20s] Timestep:        36192 || Speed:   57.6 MC/s (1.108e-02 s/TS) || Energy: ~3.25e-15 (-25.02dB)
[@     8m24s] Timestep:        36504 || Speed:   45.5 MC/s (1.402e-02 s/TS) || Energy: ~4.79e-15 (-23.34dB)
[@     8m29s] Timestep:        36816 || Speed:   45.6 MC/s (1.399e-02 s/TS) || Energy: ~3.23e-15 (-25.06dB)
[@     8m33s] Timestep:        37128 || Speed:   41.2 MC/s (1.550e-02 s/TS) || Energy: ~2.55e-15 (-26.09dB)
[@     8m38s] Timestep:        37440 || Speed:   47.5 MC/s (1.344e-02 s/TS) || Energy: ~3.68e-15 (-24.49dB)
[@     8m42s] Timestep:        37752 || Speed:   43.9 MC/s (1.452e-02 s/TS) || Energy: ~2.13e-15 (-26.85dB)
[@     8m47s] Timestep:        38064 || Speed:   39.3 MC/s (1.623e-02 s/TS) || Energy: ~2.05e-15 (-27.02dB)
[@     8m52s] Timestep:        38376 || Speed:   42.3 MC/s (1.511e-02 s/TS) || Energy: ~2.74e-15 (-25.77dB)
[@     8m57s] Timestep:        38688 || Speed:   41.8 MC/s (1.529e-02 s/TS) || Energy: ~1.40e-15 (-28.69dB)
[@     9m02s] Timestep:        39104 || Speed:   55.0 MC/s (1.160e-02 s/TS) || Energy: ~1.09e-15 (-29.76dB)
[@     9m07s] Timestep:        39520 || Speed:   49.8 MC/s (1.282e-02 s/TS) || Energy: ~1.17e-15 (-29.47dB)
[@     9m11s] Timestep:        39805 || Speed:   43.6 MC/s (1.465e-02 s/TS) || Energy: ~1.71e-15 (-27.81dB)
[@     9m16s] Timestep:        40144 || Speed:   45.1 MC/s (1.416e-02 s/TS) || Energy: ~8.84e-16 (-30.68dB)
[@     9m21s] Timestep:        40456 || Speed:   37.7 MC/s (1.691e-02 s/TS) || Energy: ~9.57e-16 (-30.33dB)
[@     9m26s] Timestep:        40768 || Speed:   40.9 MC/s (1.559e-02 s/TS) || Energy: ~1.25e-15 (-29.17dB)
[@     9m31s] Timestep:        41062 || Speed:   39.1 MC/s (1.630e-02 s/TS) || Energy: ~5.43e-16 (-32.80dB)
[@     9m35s] Timestep:        41392 || Speed:   46.3 MC/s (1.379e-02 s/TS) || Energy: ~7.90e-16 (-31.17dB)
[@     9m40s] Timestep:        41704 || Speed:   46.1 MC/s (1.386e-02 s/TS) || Energy: ~8.67e-16 (-30.76dB)
[@     9m44s] Timestep:        42120 || Speed:   60.0 MC/s (1.064e-02 s/TS) || Energy: ~5.79e-16 (-32.51dB)
[@     9m49s] Timestep:        42536 || Speed:   59.2 MC/s (1.078e-02 s/TS) || Energy: ~3.55e-16 (-34.64dB)
[@     9m54s] Timestep:        42952 || Speed:   51.2 MC/s (1.247e-02 s/TS) || Energy: ~2.73e-16 (-35.79dB)
[@     9m58s] Timestep:        43264 || Speed:   43.8 MC/s (1.458e-02 s/TS) || Energy: ~5.15e-16 (-33.02dB)
[@    10m03s] Timestep:        43576 || Speed:   43.9 MC/s (1.454e-02 s/TS) || Energy: ~3.71e-16 (-34.45dB)
[@    10m08s] Timestep:        43992 || Speed:   54.9 MC/s (1.163e-02 s/TS) || Energy: ~2.24e-16 (-36.63dB)
[@    10m12s] Timestep:        44408 || Speed:   59.6 MC/s (1.071e-02 s/TS) || Energy: ~1.64e-16 (-37.99dB)
[@    10m16s] Timestep:        44720 || Speed:   49.3 MC/s (1.295e-02 s/TS) || Energy: ~3.11e-16 (-35.21dB)
RunFDTD: Warning: Max. number of timesteps was reached before the end-criteria of -40dB was reached... 
	You may want to choose a higher number of max. timesteps... 
Time for 45000 iterations with 638274.00 cells : 619.23 sec
Speed: 46.38 MCells/s 
Traceback (most recent call last):
  File "/Users/lucasnaylor/radar-5g8-array/sim/full_element.py", line 177, in <module>
    arr = (mag(ER[0][i0]) + mag(EL[0][i0])) / \
               ~~~~~^^^^
IndexError: index 90 is out of bounds for axis 0 with size 2
