[fe5] mesh 145x166x26 = 0.63 Mcells   board 73.0 x 59.9 mm  (L=12.83 dip_trim=0.3659)
openEMS - fixed number of threads: 8
 ---------------------------------------------------------------------- 
 | openEMS 64bit -- version v0.37.0-rc1-2-g7b051bb
 | (C) 2010-2026 Thorsten Liebig <thorsten.liebig@gmx.de>  GPL license
 ---------------------------------------------------------------------- 
	Used external libraries:
		CSXCAD -- Version: v0.7.0-rc1-1-g5115701
		hdf5   -- Version: 2.2.0
		          compiled against: HDF5 library version: 2.2.0
		tinyxml -- compiled against: 2.6.2
		fparser
		boost  -- compiled against: 1_90
		vtk -- disabled in this build

Create FDTD operator (compressed SSE + multi-threading)
FDTD simulation size: 145x166x26 --> 625820 FDTD cells 
FDTD timestep is: 1.75628e-13 s; Nyquist rate: 428 timesteps @6.65169e+09 Hz
Excitation signal length is: 19191 timesteps (3.37048e-09s)
Max. number of timesteps: 45000 ( --> 2.34485 * Excitation signal length)
openEMS::SetupFDTD: Warning, max. number of timesteps is smaller than three times the excitation. 
	You may want to choose a higher number of max. timesteps... 
Create FDTD engine (compressed SSE + multi-threading)
Running FDTD engine... this may take a while... grab a cup of coffee?!?
[@        4s] Timestep:          428 || Speed:   55.1 MC/s (1.137e-02 s/TS) || Energy: ~8.82e-21 (- 0.00dB)
[@        9s] Timestep:          749 || Speed:   41.3 MC/s (1.516e-02 s/TS) || Energy: ~2.29e-20 (- 0.00dB)
[@       14s] Timestep:         1070 || Speed:   39.0 MC/s (1.604e-02 s/TS) || Energy: ~5.72e-20 (- 0.00dB)
[@       19s] Timestep:         1391 || Speed:   41.4 MC/s (1.512e-02 s/TS) || Energy: ~2.75e-19 (- 0.00dB)
[@       24s] Timestep:         1712 || Speed:   42.4 MC/s (1.477e-02 s/TS) || Energy: ~5.97e-19 (- 0.00dB)
[@       29s] Timestep:         2140 || Speed:   51.7 MC/s (1.210e-02 s/TS) || Energy: ~1.98e-18 (- 0.00dB)
[@       34s] Timestep:         2568 || Speed:   58.6 MC/s (1.068e-02 s/TS) || Energy: ~7.27e-18 (- 0.00dB)
[@       38s] Timestep:         2889 || Speed:   46.3 MC/s (1.352e-02 s/TS) || Energy: ~2.44e-17 (- 0.00dB)
[@       43s] Timestep:         3210 || Speed:   39.4 MC/s (1.586e-02 s/TS) || Energy: ~4.92e-17 (- 0.00dB)
[@       48s] Timestep:         3531 || Speed:   39.7 MC/s (1.578e-02 s/TS) || Energy: ~1.06e-16 (- 0.00dB)
[@       52s] Timestep:         3852 || Speed:   50.0 MC/s (1.251e-02 s/TS) || Energy: ~2.85e-16 (- 0.00dB)
[@       57s] Timestep:         4280 || Speed:   52.6 MC/s (1.190e-02 s/TS) || Energy: ~7.29e-16 (- 0.00dB)
[@     1m02s] Timestep:         4601 || Speed:   47.3 MC/s (1.322e-02 s/TS) || Energy: ~1.26e-15 (- 0.00dB)
[@     1m06s] Timestep:         4922 || Speed:   48.7 MC/s (1.285e-02 s/TS) || Energy: ~2.85e-15 (- 0.00dB)
[@     1m10s] Timestep:         5243 || Speed:   47.6 MC/s (1.316e-02 s/TS) || Energy: ~4.97e-15 (- 0.00dB)
[@     1m15s] Timestep:         5564 || Speed:   41.6 MC/s (1.504e-02 s/TS) || Energy: ~8.67e-15 (- 0.00dB)
[@     1m20s] Timestep:         5885 || Speed:   39.2 MC/s (1.598e-02 s/TS) || Energy: ~1.68e-14 (- 0.00dB)
[@     1m24s] Timestep:         6206 || Speed:   48.9 MC/s (1.280e-02 s/TS) || Energy: ~2.45e-14 (- 0.00dB)
[@     1m29s] Timestep:         6634 || Speed:   50.8 MC/s (1.233e-02 s/TS) || Energy: ~4.56e-14 (- 0.00dB)
[@     1m34s] Timestep:         6955 || Speed:   38.6 MC/s (1.620e-02 s/TS) || Energy: ~8.29e-14 (- 0.00dB)
[@     1m40s] Timestep:         7276 || Speed:   36.5 MC/s (1.713e-02 s/TS) || Energy: ~1.08e-13 (- 0.00dB)
[@     1m45s] Timestep:         7704 || Speed:   50.5 MC/s (1.238e-02 s/TS) || Energy: ~1.60e-13 (- 0.00dB)
[@     1m49s] Timestep:         8025 || Speed:   48.7 MC/s (1.285e-02 s/TS) || Energy: ~2.60e-13 (- 0.00dB)
[@     1m54s] Timestep:         8346 || Speed:   46.8 MC/s (1.337e-02 s/TS) || Energy: ~3.48e-13 (- 0.00dB)
[@     1m58s] Timestep:         8667 || Speed:   44.4 MC/s (1.411e-02 s/TS) || Energy: ~3.65e-13 (- 0.00dB)
[@     2m02s] Timestep:         8988 || Speed:   48.9 MC/s (1.281e-02 s/TS) || Energy: ~5.73e-13 (- 0.00dB)
[@     2m08s] Timestep:         9416 || Speed:   51.8 MC/s (1.209e-02 s/TS) || Energy: ~7.48e-13 (- 0.00dB)
[@     2m12s] Timestep:         9737 || Speed:   48.7 MC/s (1.284e-02 s/TS) || Energy: ~6.97e-13 (- 0.30dB)
[@     2m16s] Timestep:        10058 || Speed:   43.8 MC/s (1.429e-02 s/TS) || Energy: ~8.40e-13 (- 0.00dB)
[@     2m20s] Timestep:        10379 || Speed:   48.3 MC/s (1.296e-02 s/TS) || Energy: ~1.01e-12 (- 0.00dB)
[@     2m25s] Timestep:        10700 || Speed:   42.4 MC/s (1.476e-02 s/TS) || Energy: ~9.10e-13 (- 0.46dB)
[@     2m31s] Timestep:        11128 || Speed:   49.5 MC/s (1.264e-02 s/TS) || Energy: ~9.83e-13 (- 0.12dB)
[@     2m35s] Timestep:        11449 || Speed:   44.8 MC/s (1.398e-02 s/TS) || Energy: ~1.06e-12 (- 0.00dB)
[@     2m40s] Timestep:        11877 || Speed:   50.8 MC/s (1.233e-02 s/TS) || Energy: ~9.74e-13 (- 0.35dB)
[@     2m45s] Timestep:        12198 || Speed:   45.5 MC/s (1.375e-02 s/TS) || Energy: ~1.01e-12 (- 0.22dB)
[@     2m49s] Timestep:        12519 || Speed:   46.9 MC/s (1.335e-02 s/TS) || Energy: ~9.59e-13 (- 0.42dB)
[@     2m53s] Timestep:        12840 || Speed:   46.4 MC/s (1.347e-02 s/TS) || Energy: ~7.56e-13 (- 1.45dB)
[@     2m58s] Timestep:        13161 || Speed:   44.3 MC/s (1.413e-02 s/TS) || Energy: ~9.78e-13 (- 0.34dB)
[@     3m02s] Timestep:        13482 || Speed:   49.7 MC/s (1.259e-02 s/TS) || Energy: ~7.67e-13 (- 1.39dB)
[@     3m06s] Timestep:        13803 || Speed:   49.2 MC/s (1.273e-02 s/TS) || Energy: ~6.07e-13 (- 2.40dB)
[@     3m11s] Timestep:        14124 || Speed:   40.9 MC/s (1.530e-02 s/TS) || Energy: ~9.30e-13 (- 0.55dB)
[@     3m16s] Timestep:        14445 || Speed:   38.1 MC/s (1.641e-02 s/TS) || Energy: ~5.89e-13 (- 2.54dB)
[@     3m21s] Timestep:        14766 || Speed:   42.0 MC/s (1.490e-02 s/TS) || Energy: ~5.57e-13 (- 2.78dB)
[@     3m25s] Timestep:        15087 || Speed:   45.5 MC/s (1.377e-02 s/TS) || Energy: ~8.56e-13 (- 0.91dB)
[@     3m29s] Timestep:        15408 || Speed:   49.9 MC/s (1.255e-02 s/TS) || Energy: ~4.64e-13 (- 3.57dB)
[@     3m34s] Timestep:        15836 || Speed:   52.6 MC/s (1.189e-02 s/TS) || Energy: ~3.69e-13 (- 4.56dB)
[@     3m39s] Timestep:        16264 || Speed:   55.3 MC/s (1.133e-02 s/TS) || Energy: ~4.06e-13 (- 4.15dB)
[@     3m44s] Timestep:        16585 || Speed:   40.0 MC/s (1.566e-02 s/TS) || Energy: ~7.12e-13 (- 1.71dB)
[@     3m50s] Timestep:        16906 || Speed:   38.7 MC/s (1.619e-02 s/TS) || Energy: ~4.19e-13 (- 4.01dB)
[@     3m54s] Timestep:        17227 || Speed:   42.0 MC/s (1.491e-02 s/TS) || Energy: ~3.77e-13 (- 4.47dB)
[@     3m59s] Timestep:        17548 || Speed:   44.7 MC/s (1.401e-02 s/TS) || Energy: ~6.09e-13 (- 2.39dB)
[@     4m03s] Timestep:        17976 || Speed:   59.7 MC/s (1.047e-02 s/TS) || Energy: ~5.07e-13 (- 3.18dB)
[@     4m09s] Timestep:        18404 || Speed:   48.0 MC/s (1.304e-02 s/TS) || Energy: ~3.57e-13 (- 4.71dB)
[@     4m13s] Timestep:        18725 || Speed:   49.7 MC/s (1.259e-02 s/TS) || Energy: ~2.40e-13 (- 6.43dB)
[@     4m18s] Timestep:        19046 || Speed:   43.3 MC/s (1.445e-02 s/TS) || Energy: ~4.46e-13 (- 3.74dB)
[@     4m22s] Timestep:        19367 || Speed:   44.4 MC/s (1.409e-02 s/TS) || Energy: ~2.58e-13 (- 6.12dB)
[@     4m27s] Timestep:        19688 || Speed:   42.8 MC/s (1.461e-02 s/TS) || Energy: ~2.10e-13 (- 7.02dB)
[@     4m31s] Timestep:        20009 || Speed:   43.8 MC/s (1.429e-02 s/TS) || Energy: ~3.64e-13 (- 4.62dB)
[@     4m36s] Timestep:        20330 || Speed:   41.8 MC/s (1.496e-02 s/TS) || Energy: ~1.82e-13 (- 7.63dB)
[@     4m41s] Timestep:        20758 || Speed:   55.4 MC/s (1.130e-02 s/TS) || Energy: ~1.24e-13 (- 9.30dB)
[@     4m45s] Timestep:        21079 || Speed:   45.4 MC/s (1.380e-02 s/TS) || Energy: ~2.35e-13 (- 6.53dB)
[@     4m50s] Timestep:        21400 || Speed:   40.9 MC/s (1.529e-02 s/TS) || Energy: ~2.25e-13 (- 6.73dB)
[@     4m55s] Timestep:        21721 || Speed:   41.1 MC/s (1.521e-02 s/TS) || Energy: ~9.62e-14 (-10.41dB)
[@     4m59s] Timestep:        22042 || Speed:   49.1 MC/s (1.276e-02 s/TS) || Energy: ~2.02e-13 (- 7.18dB)
[@     5m03s] Timestep:        22363 || Speed:   49.9 MC/s (1.254e-02 s/TS) || Energy: ~1.64e-13 (- 8.10dB)
[@     5m08s] Timestep:        22684 || Speed:   44.0 MC/s (1.421e-02 s/TS) || Energy: ~7.91e-14 (-11.26dB)
[@     5m12s] Timestep:        23005 || Speed:   44.2 MC/s (1.416e-02 s/TS) || Energy: ~1.70e-13 (- 7.92dB)
[@     5m17s] Timestep:        23326 || Speed:   45.1 MC/s (1.389e-02 s/TS) || Energy: ~1.17e-13 (- 9.55dB)
[@     5m22s] Timestep:        23754 || Speed:   56.9 MC/s (1.100e-02 s/TS) || Energy: ~7.21e-14 (-11.66dB)
[@     5m26s] Timestep:        24075 || Speed:   42.4 MC/s (1.476e-02 s/TS) || Energy: ~9.06e-14 (-10.66dB)
[@     5m31s] Timestep:        24396 || Speed:   40.7 MC/s (1.539e-02 s/TS) || Energy: ~1.26e-13 (- 9.23dB)
[@     5m36s] Timestep:        24717 || Speed:   41.9 MC/s (1.492e-02 s/TS) || Energy: ~5.21e-14 (-13.07dB)
[@     5m42s] Timestep:        25145 || Speed:   49.3 MC/s (1.270e-02 s/TS) || Energy: ~4.46e-14 (-13.74dB)
[@     5m46s] Timestep:        25466 || Speed:   47.3 MC/s (1.323e-02 s/TS) || Energy: ~9.44e-14 (-10.49dB)
[@     5m50s] Timestep:        25787 || Speed:   46.0 MC/s (1.359e-02 s/TS) || Energy: ~6.67e-14 (-12.00dB)
[@     5m54s] Timestep:        26108 || Speed:   47.9 MC/s (1.308e-02 s/TS) || Energy: ~3.90e-14 (-14.33dB)
[@     5m59s] Timestep:        26429 || Speed:   44.7 MC/s (1.400e-02 s/TS) || Energy: ~7.82e-14 (-11.31dB)
[@     6m04s] Timestep:        26750 || Speed:   38.8 MC/s (1.615e-02 s/TS) || Energy: ~4.75e-14 (-13.47dB)
[@     6m09s] Timestep:        27071 || Speed:   40.6 MC/s (1.540e-02 s/TS) || Energy: ~3.49e-14 (-14.81dB)
[@     6m14s] Timestep:        27392 || Speed:   42.3 MC/s (1.480e-02 s/TS) || Energy: ~6.33e-14 (-12.23dB)
[@     6m19s] Timestep:        27820 || Speed:   55.7 MC/s (1.124e-02 s/TS) || Energy: ~5.33e-14 (-12.97dB)
[@     6m24s] Timestep:        28248 || Speed:   50.9 MC/s (1.230e-02 s/TS) || Energy: ~3.76e-14 (-14.48dB)
[@     6m29s] Timestep:        28569 || Speed:   41.6 MC/s (1.505e-02 s/TS) || Energy: ~2.25e-14 (-16.73dB)
[@     6m33s] Timestep:        28890 || Speed:   41.2 MC/s (1.518e-02 s/TS) || Energy: ~4.30e-14 (-13.90dB)
[@     6m38s] Timestep:        29211 || Speed:   41.5 MC/s (1.508e-02 s/TS) || Energy: ~2.68e-14 (-15.95dB)
[@     6m43s] Timestep:        29532 || Speed:   44.3 MC/s (1.414e-02 s/TS) || Energy: ~1.99e-14 (-17.25dB)
[@     6m48s] Timestep:        29853 || Speed:   43.2 MC/s (1.448e-02 s/TS) || Energy: ~3.47e-14 (-14.84dB)
[@     6m52s] Timestep:        30174 || Speed:   40.9 MC/s (1.531e-02 s/TS) || Energy: ~1.90e-14 (-17.44dB)
[@     6m57s] Timestep:        30602 || Speed:   55.5 MC/s (1.127e-02 s/TS) || Energy: ~1.32e-14 (-19.02dB)
[@     7m01s] Timestep:        30923 || Speed:   50.1 MC/s (1.250e-02 s/TS) || Energy: ~2.19e-14 (-16.84dB)
[@     7m06s] Timestep:        31244 || Speed:   40.5 MC/s (1.547e-02 s/TS) || Energy: ~2.17e-14 (-16.87dB)
[@     7m11s] Timestep:        31565 || Speed:   41.7 MC/s (1.501e-02 s/TS) || Energy: ~1.04e-14 (-20.07dB)
[@     7m16s] Timestep:        31886 || Speed:   41.0 MC/s (1.528e-02 s/TS) || Energy: ~1.86e-14 (-17.54dB)
[@     7m20s] Timestep:        32207 || Speed:   46.7 MC/s (1.339e-02 s/TS) || Energy: ~1.58e-14 (-18.25dB)
[@     7m25s] Timestep:        32528 || Speed:   42.7 MC/s (1.466e-02 s/TS) || Energy: ~8.52e-15 (-20.93dB)
[@     7m29s] Timestep:        32849 || Speed:   48.4 MC/s (1.292e-02 s/TS) || Energy: ~1.55e-14 (-18.32dB)
[@     7m35s] Timestep:        33277 || Speed:   48.2 MC/s (1.299e-02 s/TS) || Energy: ~1.47e-14 (-18.56dB)
[@     7m39s] Timestep:        33598 || Speed:   41.8 MC/s (1.498e-02 s/TS) || Energy: ~7.54e-15 (-21.46dB)
[@     7m44s] Timestep:        33919 || Speed:   41.7 MC/s (1.501e-02 s/TS) || Energy: ~8.71e-15 (-20.84dB)
[@     7m49s] Timestep:        34240 || Speed:   40.1 MC/s (1.559e-02 s/TS) || Energy: ~1.13e-14 (-19.71dB)
[@     7m54s] Timestep:        34561 || Speed:   42.9 MC/s (1.458e-02 s/TS) || Energy: ~5.50e-15 (-22.84dB)
[@     7m59s] Timestep:        34882 || Speed:   42.2 MC/s (1.483e-02 s/TS) || Energy: ~7.58e-15 (-21.44dB)
[@     8m04s] Timestep:        35310 || Speed:   50.6 MC/s (1.238e-02 s/TS) || Energy: ~8.39e-15 (-21.00dB)
[@     8m09s] Timestep:        35631 || Speed:   42.7 MC/s (1.465e-02 s/TS) || Energy: ~6.09e-15 (-22.39dB)
[@     8m13s] Timestep:        35952 || Speed:   43.3 MC/s (1.444e-02 s/TS) || Energy: ~4.01e-15 (-24.21dB)
[@     8m18s] Timestep:        36380 || Speed:   53.5 MC/s (1.170e-02 s/TS) || Energy: ~4.77e-15 (-23.45dB)
[@     8m22s] Timestep:        36701 || Speed:   50.2 MC/s (1.247e-02 s/TS) || Energy: ~6.02e-15 (-22.44dB)
[@     8m27s] Timestep:        37022 || Speed:   43.8 MC/s (1.429e-02 s/TS) || Energy: ~2.99e-15 (-25.48dB)
[@     8m32s] Timestep:        37343 || Speed:   42.8 MC/s (1.463e-02 s/TS) || Energy: ~4.12e-15 (-24.09dB)
[@     8m36s] Timestep:        37664 || Speed:   43.0 MC/s (1.455e-02 s/TS) || Energy: ~4.50e-15 (-23.70dB)
[@     8m41s] Timestep:        37985 || Speed:   47.5 MC/s (1.316e-02 s/TS) || Energy: ~2.25e-15 (-26.72dB)
[@     8m46s] Timestep:        38306 || Speed:   38.1 MC/s (1.645e-02 s/TS) || Energy: ~3.51e-15 (-24.79dB)
[@     8m51s] Timestep:        38627 || Speed:   40.0 MC/s (1.565e-02 s/TS) || Energy: ~3.31e-15 (-25.05dB)
[@     8m56s] Timestep:        38948 || Speed:   40.9 MC/s (1.530e-02 s/TS) || Energy: ~1.76e-15 (-27.79dB)
[@     9m01s] Timestep:        39376 || Speed:   51.0 MC/s (1.227e-02 s/TS) || Energy: ~1.88e-15 (-27.49dB)
[@     9m06s] Timestep:        39804 || Speed:   49.8 MC/s (1.257e-02 s/TS) || Energy: ~2.23e-15 (-26.76dB)
[@     9m11s] Timestep:        40125 || Speed:   44.3 MC/s (1.414e-02 s/TS) || Energy: ~2.37e-15 (-26.48dB)
[@     9m16s] Timestep:        40446 || Speed:   42.9 MC/s (1.459e-02 s/TS) || Energy: ~1.21e-15 (-29.42dB)
[@     9m21s] Timestep:        40767 || Speed:   37.5 MC/s (1.670e-02 s/TS) || Energy: ~1.88e-15 (-27.49dB)
[@     9m26s] Timestep:        41088 || Speed:   39.7 MC/s (1.575e-02 s/TS) || Energy: ~1.74e-15 (-27.84dB)
[@     9m31s] Timestep:        41409 || Speed:   41.1 MC/s (1.524e-02 s/TS) || Energy: ~9.46e-16 (-30.48dB)
[@     9m35s] Timestep:        41730 || Speed:   44.6 MC/s (1.403e-02 s/TS) || Energy: ~1.57e-15 (-28.29dB)
[@     9m40s] Timestep:        42051 || Speed:   46.2 MC/s (1.354e-02 s/TS) || Energy: ~1.25e-15 (-29.27dB)
[@     9m44s] Timestep:        42479 || Speed:   58.5 MC/s (1.069e-02 s/TS) || Energy: ~8.52e-16 (-30.93dB)
[@     9m49s] Timestep:        42907 || Speed:   57.1 MC/s (1.096e-02 s/TS) || Energy: ~6.42e-16 (-32.16dB)
[@     9m53s] Timestep:        43228 || Speed:   49.7 MC/s (1.260e-02 s/TS) || Energy: ~1.01e-15 (-30.20dB)
[@     9m58s] Timestep:        43549 || Speed:   44.8 MC/s (1.396e-02 s/TS) || Energy: ~9.08e-16 (-30.66dB)
[@    10m02s] Timestep:        43870 || Speed:   43.5 MC/s (1.438e-02 s/TS) || Energy: ~5.04e-16 (-33.21dB)
[@    10m07s] Timestep:        44298 || Speed:   52.8 MC/s (1.186e-02 s/TS) || Energy: ~5.48e-16 (-32.85dB)
[@    10m12s] Timestep:        44726 || Speed:   58.1 MC/s (1.076e-02 s/TS) || Energy: ~6.41e-16 (-32.17dB)
RunFDTD: Warning: Max. number of timesteps was reached before the end-criteria of -40dB was reached... 
	You may want to choose a higher number of max. timesteps... 
Time for 45000 iterations with 625820.00 cells : 615.83 sec
Speed: 45.73 MCells/s 
Traceback (most recent call last):
  File "/Users/lucasnaylor/radar-5g8-array/sim/full_element.py", line 177, in <module>
    arr = (mag(ER[0][i0]) + mag(EL[0][i0])) / \
               ~~~~~^^^^
IndexError: index 90 is out of bounds for axis 0 with size 2
