[fe6] mesh 140x173x26 = 0.63 Mcells   board 73.1 x 59.9 mm  (L=12.83 dip_trim=1.091)
openEMS - fixed number of threads: 8
 ---------------------------------------------------------------------- 
 | openEMS 64bit -- version v0.37.0-rc1-2-g7b051bb
 | (C) 2010-2026 Thorsten Liebig <thorsten.liebig@gmx.de>  GPL license
 ---------------------------------------------------------------------- 
	Used external libraries:
		CSXCAD -- Version: v0.7.0-rc1-1-g5115701
		hdf5   -- Version: 2.2.0
		          compiled against: HDF5 library version: 2.2.0
		tinyxml -- compiled against: 2.6.2
		fparser
		boost  -- compiled against: 1_90
		vtk -- disabled in this build

Create FDTD operator (compressed SSE + multi-threading)
FDTD simulation size: 140x173x26 --> 629720 FDTD cells 
FDTD timestep is: 1.76419e-13 s; Nyquist rate: 426 timesteps @6.65298e+09 Hz
Excitation signal length is: 19105 timesteps (3.37048e-09s)
Max. number of timesteps: 45000 ( --> 2.3554 * Excitation signal length)
openEMS::SetupFDTD: Warning, max. number of timesteps is smaller than three times the excitation. 
	You may want to choose a higher number of max. timesteps... 
Create FDTD engine (compressed SSE + multi-threading)
Running FDTD engine... this may take a while... grab a cup of coffee?!?
[@        4s] Timestep:         1060 || Speed:  153.3 MC/s (4.108e-03 s/TS) || Energy: ~5.84e-20 (- 0.00dB)
[@        8s] Timestep:         1908 || Speed:  123.8 MC/s (5.085e-03 s/TS) || Energy: ~1.46e-18 (- 0.00dB)
[@       13s] Timestep:         2756 || Speed:  119.3 MC/s (5.279e-03 s/TS) || Energy: ~1.69e-17 (- 0.00dB)
[@       17s] Timestep:         3498 || Speed:  107.1 MC/s (5.880e-03 s/TS) || Energy: ~1.04e-16 (- 0.00dB)
[@       21s] Timestep:         4240 || Speed:  109.7 MC/s (5.739e-03 s/TS) || Energy: ~7.04e-16 (- 0.00dB)
[@       26s] Timestep:         4982 || Speed:  102.0 MC/s (6.174e-03 s/TS) || Energy: ~3.10e-15 (- 0.00dB)
[@       30s] Timestep:         5512 || Speed:   79.0 MC/s (7.970e-03 s/TS) || Energy: ~8.35e-15 (- 0.00dB)
[@       34s] Timestep:         5936 || Speed:   64.9 MC/s (9.701e-03 s/TS) || Energy: ~1.85e-14 (- 0.00dB)
[@       38s] Timestep:         6360 || Speed:   62.7 MC/s (1.004e-02 s/TS) || Energy: ~3.70e-14 (- 0.00dB)
[@       43s] Timestep:         6816 || Speed:   69.8 MC/s (9.015e-03 s/TS) || Energy: ~6.95e-14 (- 0.00dB)
[@       47s] Timestep:         7420 || Speed:   83.4 MC/s (7.549e-03 s/TS) || Energy: ~1.48e-13 (- 0.00dB)
[@       52s] Timestep:         8056 || Speed:   88.0 MC/s (7.152e-03 s/TS) || Energy: ~2.56e-13 (- 0.00dB)
[@       56s] Timestep:         8692 || Speed:   92.9 MC/s (6.776e-03 s/TS) || Energy: ~4.15e-13 (- 0.00dB)
[@     1m00s] Timestep:         9328 || Speed:   95.9 MC/s (6.569e-03 s/TS) || Energy: ~6.88e-13 (- 0.00dB)
[@     1m04s] Timestep:         9858 || Speed:   79.9 MC/s (7.882e-03 s/TS) || Energy: ~8.71e-13 (- 0.00dB)
[@     1m09s] Timestep:        10494 || Speed:   87.0 MC/s (7.239e-03 s/TS) || Energy: ~9.59e-13 (- 0.00dB)
[@     1m13s] Timestep:        11024 || Speed:   82.5 MC/s (7.630e-03 s/TS) || Energy: ~9.98e-13 (- 0.00dB)
[@     1m18s] Timestep:        11660 || Speed:   83.7 MC/s (7.521e-03 s/TS) || Energy: ~1.01e-12 (- 0.00dB)
[@     1m23s] Timestep:        12190 || Speed:   67.2 MC/s (9.373e-03 s/TS) || Energy: ~9.95e-13 (- 0.08dB)
[@     1m27s] Timestep:        12508 || Speed:   43.9 MC/s (1.434e-02 s/TS) || Energy: ~9.02e-13 (- 0.51dB)
[@     1m31s] Timestep:        12826 || Speed:   48.5 MC/s (1.298e-02 s/TS) || Energy: ~8.91e-13 (- 0.56dB)
[@     1m36s] Timestep:        13206 || Speed:   57.2 MC/s (1.101e-02 s/TS) || Energy: ~8.86e-13 (- 0.58dB)
[@     1m40s] Timestep:        13632 || Speed:   64.4 MC/s (9.772e-03 s/TS) || Energy: ~8.27e-13 (- 0.89dB)
[@     1m44s] Timestep:        14204 || Speed:   81.6 MC/s (7.722e-03 s/TS) || Energy: ~7.83e-13 (- 1.12dB)
[@     1m49s] Timestep:        14734 || Speed:   74.7 MC/s (8.429e-03 s/TS) || Energy: ~7.21e-13 (- 1.48dB)
[@     1m53s] Timestep:        15158 || Speed:   64.0 MC/s (9.834e-03 s/TS) || Energy: ~7.04e-13 (- 1.59dB)
[@     1m57s] Timestep:        15688 || Speed:   79.6 MC/s (7.916e-03 s/TS) || Energy: ~6.49e-13 (- 1.94dB)
[@     2m02s] Timestep:        16188 || Speed:   67.3 MC/s (9.356e-03 s/TS) || Energy: ~5.96e-13 (- 2.31dB)
[@     2m06s] Timestep:        16748 || Speed:   84.6 MC/s (7.445e-03 s/TS) || Energy: ~4.95e-13 (- 3.11dB)
[@     2m10s] Timestep:        17278 || Speed:   79.7 MC/s (7.903e-03 s/TS) || Energy: ~4.18e-13 (- 3.85dB)
[@     2m15s] Timestep:        17808 || Speed:   74.3 MC/s (8.473e-03 s/TS) || Energy: ~3.55e-13 (- 4.55dB)
[@     2m19s] Timestep:        18338 || Speed:   81.2 MC/s (7.760e-03 s/TS) || Energy: ~3.12e-13 (- 5.12dB)
[@     2m23s] Timestep:        18868 || Speed:   82.0 MC/s (7.684e-03 s/TS) || Energy: ~2.87e-13 (- 5.49dB)
[@     2m27s] Timestep:        19504 || Speed:   89.5 MC/s (7.034e-03 s/TS) || Energy: ~3.16e-13 (- 5.07dB)
[@     2m32s] Timestep:        20140 || Speed:   92.7 MC/s (6.795e-03 s/TS) || Energy: ~2.13e-13 (- 6.78dB)
[@     2m36s] Timestep:        20776 || Speed:   95.9 MC/s (6.569e-03 s/TS) || Energy: ~1.38e-13 (- 8.66dB)
[@     2m40s] Timestep:        21412 || Speed:   94.7 MC/s (6.648e-03 s/TS) || Energy: ~1.82e-13 (- 7.46dB)
[@     2m44s] Timestep:        22048 || Speed:   97.1 MC/s (6.485e-03 s/TS) || Energy: ~1.49e-13 (- 8.32dB)
[@     2m49s] Timestep:        22684 || Speed:   83.0 MC/s (7.591e-03 s/TS) || Energy: ~7.05e-14 (-11.58dB)
[@     2m53s] Timestep:        23320 || Speed:   93.1 MC/s (6.767e-03 s/TS) || Energy: ~9.18e-14 (-10.43dB)
[@     2m57s] Timestep:        23856 || Speed:   83.0 MC/s (7.585e-03 s/TS) || Energy: ~9.72e-14 (-10.18dB)
[@     3m02s] Timestep:        24486 || Speed:   88.5 MC/s (7.112e-03 s/TS) || Energy: ~8.67e-14 (-10.68dB)
[@     3m06s] Timestep:        25134 || Speed:   99.0 MC/s (6.361e-03 s/TS) || Energy: ~3.44e-14 (-14.69dB)
[@     3m10s] Timestep:        25758 || Speed:   86.7 MC/s (7.264e-03 s/TS) || Energy: ~4.68e-14 (-13.36dB)
[@     3m14s] Timestep:        26288 || Speed:   82.1 MC/s (7.666e-03 s/TS) || Energy: ~5.12e-14 (-12.96dB)
[@     3m19s] Timestep:        26838 || Speed:   84.7 MC/s (7.433e-03 s/TS) || Energy: ~5.52e-14 (-12.64dB)
[@     3m23s] Timestep:        27348 || Speed:   67.1 MC/s (9.379e-03 s/TS) || Energy: ~5.07e-14 (-13.01dB)
[@     3m28s] Timestep:        27878 || Speed:   79.6 MC/s (7.912e-03 s/TS) || Energy: ~4.49e-14 (-13.53dB)
[@     3m32s] Timestep:        28408 || Speed:   83.2 MC/s (7.572e-03 s/TS) || Energy: ~3.68e-14 (-14.40dB)
[@     3m36s] Timestep:        29044 || Speed:   94.9 MC/s (6.638e-03 s/TS) || Energy: ~1.44e-14 (-18.47dB)
[@     3m40s] Timestep:        29680 || Speed:   89.1 MC/s (7.070e-03 s/TS) || Energy: ~1.87e-14 (-17.33dB)
[@     3m44s] Timestep:        30316 || Speed:   94.3 MC/s (6.681e-03 s/TS) || Energy: ~2.64e-14 (-15.84dB)
[@     3m49s] Timestep:        30952 || Speed:   90.5 MC/s (6.957e-03 s/TS) || Energy: ~1.32e-14 (-18.84dB)
[@     3m53s] Timestep:        31588 || Speed:   89.1 MC/s (7.071e-03 s/TS) || Energy: ~8.52e-15 (-20.76dB)
[@     3m58s] Timestep:        32224 || Speed:   87.7 MC/s (7.183e-03 s/TS) || Energy: ~1.61e-14 (-18.00dB)
[@     4m02s] Timestep:        32860 || Speed:   92.7 MC/s (6.795e-03 s/TS) || Energy: ~1.20e-14 (-19.29dB)
[@     4m07s] Timestep:        33496 || Speed:   87.5 MC/s (7.194e-03 s/TS) || Energy: ~4.79e-15 (-23.26dB)
[@     4m11s] Timestep:        34026 || Speed:   83.3 MC/s (7.559e-03 s/TS) || Energy: ~4.52e-15 (-23.50dB)
[@     4m15s] Timestep:        34556 || Speed:   81.9 MC/s (7.685e-03 s/TS) || Energy: ~4.97e-15 (-23.10dB)
[@     4m19s] Timestep:        35192 || Speed:   89.5 MC/s (7.033e-03 s/TS) || Energy: ~8.61e-15 (-20.71dB)
[@     4m24s] Timestep:        35784 || Speed:   88.5 MC/s (7.116e-03 s/TS) || Energy: ~6.83e-15 (-21.71dB)
[@     4m28s] Timestep:        36358 || Speed:   87.3 MC/s (7.211e-03 s/TS) || Energy: ~3.89e-15 (-24.16dB)
[@     4m32s] Timestep:        36994 || Speed:   88.0 MC/s (7.155e-03 s/TS) || Energy: ~2.58e-15 (-25.94dB)
[@     4m36s] Timestep:        37630 || Speed:   98.3 MC/s (6.406e-03 s/TS) || Energy: ~4.78e-15 (-23.26dB)
[@     4m41s] Timestep:        38266 || Speed:   97.1 MC/s (6.483e-03 s/TS) || Energy: ~3.55e-15 (-24.56dB)
[@     4m45s] Timestep:        38902 || Speed:   95.3 MC/s (6.604e-03 s/TS) || Energy: ~1.46e-15 (-28.41dB)
[@     4m49s] Timestep:        39538 || Speed:   94.9 MC/s (6.634e-03 s/TS) || Energy: ~2.48e-15 (-26.12dB)
[@     4m53s] Timestep:        40174 || Speed:   97.3 MC/s (6.474e-03 s/TS) || Energy: ~2.79e-15 (-25.60dB)
[@     4m57s] Timestep:        40810 || Speed:   91.7 MC/s (6.867e-03 s/TS) || Energy: ~1.22e-15 (-29.20dB)
[@     5m02s] Timestep:        41446 || Speed:   91.1 MC/s (6.915e-03 s/TS) || Energy: ~1.14e-15 (-29.50dB)
[@     5m06s] Timestep:        42082 || Speed:   98.6 MC/s (6.389e-03 s/TS) || Energy: ~1.85e-15 (-27.39dB)
[@     5m10s] Timestep:        42718 || Speed:   98.2 MC/s (6.415e-03 s/TS) || Energy: ~1.14e-15 (-29.48dB)
[@     5m14s] Timestep:        43354 || Speed:   99.0 MC/s (6.358e-03 s/TS) || Energy: ~5.60e-16 (-32.58dB)
[@     5m18s] Timestep:        43990 || Speed:  100.1 MC/s (6.290e-03 s/TS) || Energy: ~1.03e-15 (-29.93dB)
[@     5m22s] Timestep:        44730 || Speed:  105.1 MC/s (5.991e-03 s/TS) || Energy: ~5.55e-16 (-32.62dB)
RunFDTD: Warning: Max. number of timesteps was reached before the end-criteria of -40dB was reached... 
	You may want to choose a higher number of max. timesteps... 
Time for 45000 iterations with 629720.00 cells : 324.54 sec
Speed: 87.32 MCells/s 
Traceback (most recent call last):
  File "/Users/lucasnaylor/radar-5g8-array/sim/full_element.py", line 177, in <module>
    arr = (mag(ER[0][i0]) + mag(EL[0][i0])) / \
               ~~~~~^^^^
IndexError: index 90 is out of bounds for axis 0 with size 2
