[fe7] mesh 142x168x26 = 0.62 Mcells   board 72.8 x 60.0 mm  (L=12.83 dip_trim=0.76)
openEMS - fixed number of threads: 8
 ---------------------------------------------------------------------- 
 | openEMS 64bit -- version v0.37.0-rc1-2-g7b051bb
 | (C) 2010-2026 Thorsten Liebig <thorsten.liebig@gmx.de>  GPL license
 ---------------------------------------------------------------------- 
	Used external libraries:
		CSXCAD -- Version: v0.7.0-rc1-1-g5115701
		hdf5   -- Version: 2.2.0
		          compiled against: HDF5 library version: 2.2.0
		tinyxml -- compiled against: 2.6.2
		fparser
		boost  -- compiled against: 1_90
		vtk -- disabled in this build

Create FDTD operator (compressed SSE + multi-threading)
FDTD simulation size: 142x168x26 --> 620256 FDTD cells 
FDTD timestep is: 1.81196e-13 s; Nyquist rate: 414 timesteps @6.66534e+09 Hz
Excitation signal length is: 18601 timesteps (3.37042e-09s)
Max. number of timesteps: 45000 ( --> 2.41922 * Excitation signal length)
openEMS::SetupFDTD: Warning, max. number of timesteps is smaller than three times the excitation. 
	You may want to choose a higher number of max. timesteps... 
Create FDTD engine (compressed SSE + multi-threading)
Running FDTD engine... this may take a while... grab a cup of coffee?!?
[@        4s] Timestep:          618 || Speed:   95.0 MC/s (6.529e-03 s/TS) || Energy: ~1.02e-20 (- 0.00dB)
[@        8s] Timestep:         1236 || Speed:   95.2 MC/s (6.516e-03 s/TS) || Energy: ~1.66e-19 (- 0.00dB)
[@       12s] Timestep:         1854 || Speed:   85.2 MC/s (7.276e-03 s/TS) || Energy: ~1.34e-18 (- 0.00dB)
[@       17s] Timestep:         2472 || Speed:   78.2 MC/s (7.928e-03 s/TS) || Energy: ~6.78e-18 (- 0.00dB)
[@       22s] Timestep:         3090 || Speed:   79.7 MC/s (7.786e-03 s/TS) || Energy: ~4.50e-17 (- 0.00dB)
[@       26s] Timestep:         3605 || Speed:   75.2 MC/s (8.245e-03 s/TS) || Energy: ~1.86e-16 (- 0.00dB)
[@       30s] Timestep:         4120 || Speed:   76.7 MC/s (8.084e-03 s/TS) || Energy: ~6.73e-16 (- 0.00dB)
[@       34s] Timestep:         4738 || Speed:   95.3 MC/s (6.509e-03 s/TS) || Energy: ~2.58e-15 (- 0.00dB)
[@       39s] Timestep:         5356 || Speed:   85.1 MC/s (7.287e-03 s/TS) || Energy: ~7.77e-15 (- 0.00dB)
[@       43s] Timestep:         5974 || Speed:   92.6 MC/s (6.698e-03 s/TS) || Energy: ~2.34e-14 (- 0.00dB)
[@       47s] Timestep:         6592 || Speed:   91.3 MC/s (6.793e-03 s/TS) || Energy: ~6.22e-14 (- 0.00dB)
[@       51s] Timestep:         7313 || Speed:  105.6 MC/s (5.872e-03 s/TS) || Energy: ~1.45e-13 (- 0.00dB)
[@       56s] Timestep:         8034 || Speed:  103.0 MC/s (6.024e-03 s/TS) || Energy: ~3.04e-13 (- 0.00dB)
[@     1m00s] Timestep:         8755 || Speed:  104.0 MC/s (5.966e-03 s/TS) || Energy: ~5.12e-13 (- 0.00dB)
[@     1m04s] Timestep:         9476 || Speed:  108.3 MC/s (5.729e-03 s/TS) || Energy: ~7.30e-13 (- 0.00dB)
[@     1m08s] Timestep:        10197 || Speed:  104.3 MC/s (5.949e-03 s/TS) || Energy: ~9.20e-13 (- 0.00dB)
[@     1m13s] Timestep:        10918 || Speed:  105.8 MC/s (5.862e-03 s/TS) || Energy: ~9.23e-13 (- 0.00dB)
[@     1m17s] Timestep:        11592 || Speed:   98.9 MC/s (6.273e-03 s/TS) || Energy: ~9.58e-13 (- 0.00dB)
[@     1m21s] Timestep:        12154 || Speed:   80.3 MC/s (7.728e-03 s/TS) || Energy: ~9.71e-13 (- 0.00dB)
[@     1m25s] Timestep:        12834 || Speed:  102.5 MC/s (6.054e-03 s/TS) || Energy: ~6.90e-13 (- 1.48dB)
[@     1m30s] Timestep:        13596 || Speed:  103.2 MC/s (6.011e-03 s/TS) || Energy: ~8.23e-13 (- 0.72dB)
[@     1m34s] Timestep:        14317 || Speed:  107.1 MC/s (5.793e-03 s/TS) || Energy: ~5.28e-13 (- 2.65dB)
[@     1m38s] Timestep:        15038 || Speed:  110.7 MC/s (5.603e-03 s/TS) || Energy: ~6.83e-13 (- 1.53dB)
[@     1m42s] Timestep:        15759 || Speed:  110.0 MC/s (5.639e-03 s/TS) || Energy: ~4.37e-13 (- 3.47dB)
[@     1m46s] Timestep:        16480 || Speed:  106.5 MC/s (5.824e-03 s/TS) || Energy: ~5.18e-13 (- 2.73dB)
[@     1m51s] Timestep:        17201 || Speed:  101.4 MC/s (6.118e-03 s/TS) || Energy: ~3.27e-13 (- 4.73dB)
[@     1m55s] Timestep:        17922 || Speed:  104.2 MC/s (5.952e-03 s/TS) || Energy: ~3.60e-13 (- 4.31dB)
[@     1m59s] Timestep:        18630 || Speed:  102.7 MC/s (6.038e-03 s/TS) || Energy: ~2.31e-13 (- 6.23dB)
[@     2m03s] Timestep:        19364 || Speed:  110.8 MC/s (5.597e-03 s/TS) || Energy: ~2.42e-13 (- 6.03dB)
[@     2m08s] Timestep:        20188 || Speed:  113.7 MC/s (5.455e-03 s/TS) || Energy: ~1.36e-13 (- 8.54dB)
[@     2m12s] Timestep:        20909 || Speed:  108.2 MC/s (5.730e-03 s/TS) || Energy: ~1.70e-13 (- 7.57dB)
[@     2m16s] Timestep:        21630 || Speed:  102.6 MC/s (6.048e-03 s/TS) || Energy: ~8.84e-14 (-10.41dB)
[@     2m21s] Timestep:        22454 || Speed:  112.6 MC/s (5.506e-03 s/TS) || Energy: ~8.73e-14 (-10.46dB)
[@     2m25s] Timestep:        23175 || Speed:  106.9 MC/s (5.803e-03 s/TS) || Energy: ~8.43e-14 (-10.61dB)
[@     2m29s] Timestep:        23896 || Speed:  106.7 MC/s (5.815e-03 s/TS) || Energy: ~5.95e-14 (-12.13dB)
[@     2m34s] Timestep:        24720 || Speed:  112.9 MC/s (5.494e-03 s/TS) || Energy: ~7.17e-14 (-11.32dB)
[@     2m38s] Timestep:        25441 || Speed:  100.5 MC/s (6.170e-03 s/TS) || Energy: ~2.94e-14 (-15.20dB)
[@     2m42s] Timestep:        26162 || Speed:  111.0 MC/s (5.590e-03 s/TS) || Energy: ~5.18e-14 (-12.73dB)
[@     2m47s] Timestep:        26883 || Speed:  105.0 MC/s (5.906e-03 s/TS) || Energy: ~2.02e-14 (-16.82dB)
[@     2m51s] Timestep:        27604 || Speed:  102.8 MC/s (6.035e-03 s/TS) || Energy: ~3.74e-14 (-14.14dB)
[@     2m55s] Timestep:        28325 || Speed:  105.0 MC/s (5.907e-03 s/TS) || Energy: ~1.42e-14 (-18.35dB)
[@     3m00s] Timestep:        29046 || Speed:  102.1 MC/s (6.073e-03 s/TS) || Energy: ~2.70e-14 (-15.57dB)
[@     3m04s] Timestep:        29767 || Speed:  110.7 MC/s (5.605e-03 s/TS) || Energy: ~1.02e-14 (-19.77dB)
[@     3m08s] Timestep:        30488 || Speed:  106.7 MC/s (5.813e-03 s/TS) || Energy: ~1.93e-14 (-17.01dB)
[@     3m12s] Timestep:        31209 || Speed:   96.2 MC/s (6.445e-03 s/TS) || Energy: ~7.55e-15 (-21.09dB)
[@     3m17s] Timestep:        31930 || Speed:  104.1 MC/s (5.960e-03 s/TS) || Energy: ~1.38e-14 (-18.47dB)
[@     3m21s] Timestep:        32706 || Speed:  114.9 MC/s (5.397e-03 s/TS) || Energy: ~8.00e-15 (-20.84dB)
[@     3m25s] Timestep:        33475 || Speed:  104.5 MC/s (5.938e-03 s/TS) || Energy: ~5.50e-15 (-22.47dB)
[@     3m30s] Timestep:        34196 || Speed:  108.1 MC/s (5.737e-03 s/TS) || Energy: ~7.77e-15 (-20.97dB)
[@     3m34s] Timestep:        35020 || Speed:  113.1 MC/s (5.484e-03 s/TS) || Energy: ~3.00e-15 (-25.10dB)
[@     3m38s] Timestep:        35741 || Speed:  104.0 MC/s (5.964e-03 s/TS) || Energy: ~6.14e-15 (-21.99dB)
[@     3m43s] Timestep:        36462 || Speed:  106.4 MC/s (5.832e-03 s/TS) || Energy: ~2.28e-15 (-26.28dB)
[@     3m47s] Timestep:        37183 || Speed:  102.9 MC/s (6.029e-03 s/TS) || Energy: ~4.37e-15 (-23.46dB)
[@     3m51s] Timestep:        37904 || Speed:  102.7 MC/s (6.040e-03 s/TS) || Energy: ~1.76e-15 (-27.42dB)
[@     3m56s] Timestep:        38625 || Speed:   97.8 MC/s (6.344e-03 s/TS) || Energy: ~3.10e-15 (-24.96dB)
[@     4m00s] Timestep:        39330 || Speed:  102.2 MC/s (6.068e-03 s/TS) || Energy: ~1.24e-15 (-28.94dB)
[@     4m05s] Timestep:        40067 || Speed:  103.2 MC/s (6.012e-03 s/TS) || Energy: ~2.18e-15 (-26.49dB)
[@     4m09s] Timestep:        40788 || Speed:  107.1 MC/s (5.789e-03 s/TS) || Energy: ~1.07e-15 (-29.59dB)
[@     4m13s] Timestep:        41509 || Speed:  106.5 MC/s (5.823e-03 s/TS) || Energy: ~1.53e-15 (-28.03dB)
[@     4m17s] Timestep:        42228 || Speed:  105.1 MC/s (5.903e-03 s/TS) || Energy: ~8.23e-16 (-30.72dB)
[@     4m22s] Timestep:        43054 || Speed:  115.2 MC/s (5.383e-03 s/TS) || Energy: ~5.49e-16 (-32.48dB)
[@     4m26s] Timestep:        43878 || Speed:  118.6 MC/s (5.229e-03 s/TS) || Energy: ~9.69e-16 (-30.01dB)
[@     4m30s] Timestep:        44599 || Speed:  108.5 MC/s (5.714e-03 s/TS) || Energy: ~4.41e-16 (-33.43dB)
RunFDTD: Warning: Max. number of timesteps was reached before the end-criteria of -40dB was reached... 
	You may want to choose a higher number of max. timesteps... 
Time for 45000 iterations with 620256.00 cells : 272.86 sec
Speed: 102.29 MCells/s 
Traceback (most recent call last):
  File "/Users/lucasnaylor/radar-5g8-array/sim/full_element.py", line 177, in <module>
    mag = lambda z: float(np.abs(z))
               ^^^^^^^^^
IndexError: index 90 is out of bounds for axis 0 with size 2
