[fe9] mesh 142x168x26 = 0.62 Mcells   board 72.8 x 60.0 mm  (L=12.83 dip_trim=0.76)
openEMS - fixed number of threads: 8
 ---------------------------------------------------------------------- 
 | openEMS 64bit -- version v0.37.0-rc1-2-g7b051bb
 | (C) 2010-2026 Thorsten Liebig <thorsten.liebig@gmx.de>  GPL license
 ---------------------------------------------------------------------- 
	Used external libraries:
		CSXCAD -- Version: v0.7.0-rc1-1-g5115701
		hdf5   -- Version: 2.2.0
		          compiled against: HDF5 library version: 2.2.0
		tinyxml -- compiled against: 2.6.2
		fparser
		boost  -- compiled against: 1_90
		vtk -- disabled in this build

Create FDTD operator (compressed SSE + multi-threading)
FDTD simulation size: 142x168x26 --> 620256 FDTD cells 
FDTD timestep is: 1.81196e-13 s; Nyquist rate: 414 timesteps @6.66534e+09 Hz
Excitation signal length is: 18601 timesteps (3.37042e-09s)
Max. number of timesteps: 140000 ( --> 7.52648 * Excitation signal length)
Create FDTD engine (compressed SSE + multi-threading)
Running FDTD engine... this may take a while... grab a cup of coffee?!?
[@        4s] Timestep:          618 || Speed:   80.8 MC/s (7.673e-03 s/TS) || Energy: ~1.02e-20 (- 0.00dB)
[@        8s] Timestep:         1133 || Speed:   76.3 MC/s (8.126e-03 s/TS) || Energy: ~8.42e-20 (- 0.00dB)
[@       13s] Timestep:         1656 || Speed:   79.4 MC/s (7.811e-03 s/TS) || Energy: ~5.88e-19 (- 0.00dB)
[@       17s] Timestep:         2163 || Speed:   77.8 MC/s (7.975e-03 s/TS) || Energy: ~3.22e-18 (- 0.00dB)
[@       21s] Timestep:         2678 || Speed:   66.9 MC/s (9.270e-03 s/TS) || Energy: ~1.61e-17 (- 0.00dB)
[@       26s] Timestep:         3193 || Speed:   70.0 MC/s (8.858e-03 s/TS) || Energy: ~6.97e-17 (- 0.00dB)
[@       31s] Timestep:         3708 || Speed:   67.9 MC/s (9.132e-03 s/TS) || Energy: ~2.63e-16 (- 0.00dB)
[@       35s] Timestep:         4223 || Speed:   74.2 MC/s (8.359e-03 s/TS) || Energy: ~8.72e-16 (- 0.00dB)
[@       39s] Timestep:         4738 || Speed:   74.6 MC/s (8.319e-03 s/TS) || Energy: ~2.58e-15 (- 0.00dB)
[@       43s] Timestep:         5253 || Speed:   79.5 MC/s (7.804e-03 s/TS) || Energy: ~6.93e-15 (- 0.00dB)
[@       48s] Timestep:         5768 || Speed:   66.8 MC/s (9.284e-03 s/TS) || Energy: ~1.70e-14 (- 0.00dB)
[@       52s] Timestep:         6180 || Speed:   59.9 MC/s (1.036e-02 s/TS) || Energy: ~3.44e-14 (- 0.00dB)
[@       56s] Timestep:         6624 || Speed:   65.2 MC/s (9.512e-03 s/TS) || Energy: ~6.53e-14 (- 0.00dB)
[@     1m01s] Timestep:         7038 || Speed:   62.3 MC/s (9.958e-03 s/TS) || Energy: ~1.08e-13 (- 0.00dB)
[@     1m05s] Timestep:         7519 || Speed:   65.5 MC/s (9.463e-03 s/TS) || Energy: ~1.85e-13 (- 0.00dB)
[@     1m10s] Timestep:         8034 || Speed:   71.1 MC/s (8.723e-03 s/TS) || Energy: ~3.04e-13 (- 0.00dB)
[@     1m14s] Timestep:         8549 || Speed:   75.0 MC/s (8.267e-03 s/TS) || Energy: ~4.57e-13 (- 0.00dB)
[@     1m19s] Timestep:         9064 || Speed:   68.7 MC/s (9.035e-03 s/TS) || Energy: ~6.25e-13 (- 0.00dB)
[@     1m23s] Timestep:         9579 || Speed:   74.0 MC/s (8.378e-03 s/TS) || Energy: ~7.78e-13 (- 0.00dB)
[@     1m27s] Timestep:        10094 || Speed:   77.6 MC/s (7.992e-03 s/TS) || Energy: ~8.93e-13 (- 0.00dB)
[@     1m31s] Timestep:        10609 || Speed:   73.3 MC/s (8.459e-03 s/TS) || Energy: ~9.61e-13 (- 0.00dB)
[@     1m36s] Timestep:        11124 || Speed:   69.7 MC/s (8.903e-03 s/TS) || Energy: ~9.91e-13 (- 0.00dB)
[@     1m40s] Timestep:        11592 || Speed:   67.6 MC/s (9.177e-03 s/TS) || Energy: ~9.58e-13 (- 0.15dB)
[@     1m44s] Timestep:        12051 || Speed:   69.9 MC/s (8.869e-03 s/TS) || Energy: ~8.85e-13 (- 0.49dB)
[@     1m49s] Timestep:        12566 || Speed:   69.0 MC/s (8.993e-03 s/TS) || Energy: ~8.70e-13 (- 0.57dB)
[@     1m54s] Timestep:        13081 || Speed:   66.8 MC/s (9.290e-03 s/TS) || Energy: ~8.54e-13 (- 0.65dB)
[@     1m58s] Timestep:        13596 || Speed:   72.9 MC/s (8.513e-03 s/TS) || Energy: ~8.23e-13 (- 0.81dB)
[@     2m02s] Timestep:        14076 || Speed:   72.4 MC/s (8.562e-03 s/TS) || Energy: ~7.77e-13 (- 1.06dB)
[@     2m07s] Timestep:        14626 || Speed:   74.2 MC/s (8.361e-03 s/TS) || Energy: ~7.00e-13 (- 1.51dB)
[@     2m11s] Timestep:        15141 || Speed:   72.5 MC/s (8.555e-03 s/TS) || Energy: ~6.20e-13 (- 2.04dB)
[@     2m15s] Timestep:        15656 || Speed:   77.2 MC/s (8.034e-03 s/TS) || Energy: ~5.37e-13 (- 2.66dB)
[@     2m19s] Timestep:        16146 || Speed:   73.2 MC/s (8.473e-03 s/TS) || Energy: ~4.87e-13 (- 3.09dB)
[@     2m24s] Timestep:        16686 || Speed:   72.8 MC/s (8.519e-03 s/TS) || Energy: ~3.88e-13 (- 4.08dB)
[@     2m29s] Timestep:        17201 || Speed:   69.7 MC/s (8.903e-03 s/TS) || Energy: ~3.27e-13 (- 4.82dB)
[@     2m33s] Timestep:        17613 || Speed:   61.4 MC/s (1.011e-02 s/TS) || Energy: ~3.40e-13 (- 4.65dB)
[@     2m37s] Timestep:        18128 || Speed:   73.0 MC/s (8.498e-03 s/TS) || Energy: ~2.77e-13 (- 5.54dB)
[@     2m42s] Timestep:        18630 || Speed:   67.5 MC/s (9.187e-03 s/TS) || Energy: ~2.31e-13 (- 6.32dB)
[@     2m47s] Timestep:        19158 || Speed:   69.3 MC/s (8.956e-03 s/TS) || Energy: ~1.83e-13 (- 7.33dB)
[@     2m51s] Timestep:        19673 || Speed:   68.3 MC/s (9.081e-03 s/TS) || Energy: ~1.54e-13 (- 8.08dB)
[@     2m56s] Timestep:        20188 || Speed:   71.4 MC/s (8.691e-03 s/TS) || Energy: ~1.36e-13 (- 8.63dB)
[@     3m00s] Timestep:        20700 || Speed:   70.7 MC/s (8.774e-03 s/TS) || Energy: ~1.25e-13 (- 8.99dB)
[@     3m05s] Timestep:        21218 || Speed:   70.1 MC/s (8.845e-03 s/TS) || Energy: ~1.22e-13 (- 9.11dB)
[@     3m09s] Timestep:        21733 || Speed:   69.9 MC/s (8.880e-03 s/TS) || Energy: ~1.19e-13 (- 9.20dB)
[@     3m14s] Timestep:        22248 || Speed:   73.0 MC/s (8.498e-03 s/TS) || Energy: ~1.16e-13 (- 9.32dB)
[@     3m18s] Timestep:        22763 || Speed:   70.5 MC/s (8.801e-03 s/TS) || Energy: ~1.10e-13 (- 9.56dB)
[@     3m23s] Timestep:        23278 || Speed:   66.8 MC/s (9.287e-03 s/TS) || Energy: ~9.94e-14 (- 9.99dB)
[@     3m27s] Timestep:        23793 || Speed:   73.0 MC/s (8.502e-03 s/TS) || Energy: ~8.57e-14 (-10.63dB)
[@     3m32s] Timestep:        24308 || Speed:   68.8 MC/s (9.021e-03 s/TS) || Energy: ~7.01e-14 (-11.51dB)
[@     3m37s] Timestep:        24823 || Speed:   66.1 MC/s (9.378e-03 s/TS) || Energy: ~5.43e-14 (-12.61dB)
[@     3m41s] Timestep:        25338 || Speed:   73.8 MC/s (8.405e-03 s/TS) || Energy: ~4.04e-14 (-13.90dB)
[@     3m46s] Timestep:        25853 || Speed:   72.5 MC/s (8.554e-03 s/TS) || Energy: ~2.98e-14 (-15.22dB)
[@     3m50s] Timestep:        26368 || Speed:   68.0 MC/s (9.122e-03 s/TS) || Energy: ~2.31e-14 (-16.32dB)
[@     3m55s] Timestep:        26883 || Speed:   68.2 MC/s (9.092e-03 s/TS) || Energy: ~2.02e-14 (-16.91dB)
[@     3m59s] Timestep:        27398 || Speed:   71.4 MC/s (8.692e-03 s/TS) || Energy: ~2.02e-14 (-16.91dB)
[@     4m04s] Timestep:        27913 || Speed:   73.2 MC/s (8.473e-03 s/TS) || Energy: ~2.18e-14 (-16.58dB)
[@     4m08s] Timestep:        28428 || Speed:   70.8 MC/s (8.757e-03 s/TS) || Energy: ~2.37e-14 (-16.22dB)
[@     4m13s] Timestep:        28943 || Speed:   69.7 MC/s (8.894e-03 s/TS) || Energy: ~2.48e-14 (-16.02dB)
[@     4m17s] Timestep:        29394 || Speed:   67.5 MC/s (9.193e-03 s/TS) || Energy: ~2.00e-14 (-16.95dB)
[@     4m21s] Timestep:        29870 || Speed:   70.1 MC/s (8.850e-03 s/TS) || Energy: ~1.78e-14 (-17.45dB)
[@     4m26s] Timestep:        30385 || Speed:   68.5 MC/s (9.060e-03 s/TS) || Energy: ~1.86e-14 (-17.28dB)
[@     4m31s] Timestep:        30900 || Speed:   68.6 MC/s (9.042e-03 s/TS) || Energy: ~1.81e-14 (-17.39dB)
[@     4m36s] Timestep:        31415 || Speed:   65.6 MC/s (9.462e-03 s/TS) || Energy: ~1.64e-14 (-17.81dB)
[@     4m40s] Timestep:        31878 || Speed:   66.7 MC/s (9.295e-03 s/TS) || Energy: ~1.49e-14 (-18.24dB)
[@     4m44s] Timestep:        32342 || Speed:   67.6 MC/s (9.182e-03 s/TS) || Energy: ~1.33e-14 (-18.71dB)
[@     4m49s] Timestep:        32857 || Speed:   70.0 MC/s (8.857e-03 s/TS) || Energy: ~1.19e-14 (-19.21dB)
[@     4m53s] Timestep:        33372 || Speed:   70.2 MC/s (8.837e-03 s/TS) || Energy: ~9.81e-15 (-20.05dB)
[@     4m58s] Timestep:        33887 || Speed:   70.1 MC/s (8.851e-03 s/TS) || Energy: ~7.52e-15 (-21.20dB)
[@     5m02s] Timestep:        34362 || Speed:   65.8 MC/s (9.422e-03 s/TS) || Energy: ~6.86e-15 (-21.60dB)
[@     5m06s] Timestep:        34814 || Speed:   67.6 MC/s (9.180e-03 s/TS) || Energy: ~6.93e-15 (-21.56dB)
[@     5m11s] Timestep:        35329 || Speed:   69.5 MC/s (8.928e-03 s/TS) || Energy: ~5.21e-15 (-22.80dB)
[@     5m16s] Timestep:        35844 || Speed:   67.9 MC/s (9.139e-03 s/TS) || Energy: ~3.68e-15 (-24.31dB)
[@     5m20s] Timestep:        36359 || Speed:   69.6 MC/s (8.916e-03 s/TS) || Energy: ~2.54e-15 (-25.91dB)
[@     5m25s] Timestep:        36846 || Speed:   67.8 MC/s (9.146e-03 s/TS) || Energy: ~2.15e-15 (-26.63dB)
[@     5m30s] Timestep:        37389 || Speed:   68.9 MC/s (8.997e-03 s/TS) || Energy: ~1.66e-15 (-27.77dB)
[@     5m34s] Timestep:        37904 || Speed:   70.8 MC/s (8.759e-03 s/TS) || Energy: ~1.76e-15 (-27.51dB)
[@     5m39s] Timestep:        38419 || Speed:   69.1 MC/s (8.976e-03 s/TS) || Energy: ~2.03e-15 (-26.89dB)
[@     5m43s] Timestep:        38916 || Speed:   66.7 MC/s (9.304e-03 s/TS) || Energy: ~2.07e-15 (-26.79dB)
[@     5m48s] Timestep:        39449 || Speed:   69.4 MC/s (8.933e-03 s/TS) || Energy: ~2.47e-15 (-26.03dB)
[@     5m53s] Timestep:        39964 || Speed:   69.4 MC/s (8.940e-03 s/TS) || Energy: ~2.46e-15 (-26.05dB)
[@     5m57s] Timestep:        40479 || Speed:   68.7 MC/s (9.026e-03 s/TS) || Energy: ~2.27e-15 (-26.40dB)
[@     6m02s] Timestep:        40986 || Speed:   64.7 MC/s (9.581e-03 s/TS) || Energy: ~1.97e-15 (-27.02dB)
[@     6m07s] Timestep:        41509 || Speed:   66.8 MC/s (9.280e-03 s/TS) || Energy: ~1.53e-15 (-28.12dB)
[@     6m12s] Timestep:        42024 || Speed:   68.3 MC/s (9.079e-03 s/TS) || Energy: ~1.12e-15 (-29.46dB)
[@     6m16s] Timestep:        42539 || Speed:   69.7 MC/s (8.898e-03 s/TS) || Energy: ~7.84e-16 (-31.02dB)
[@     6m21s] Timestep:        43054 || Speed:   74.2 MC/s (8.360e-03 s/TS) || Energy: ~5.49e-16 (-32.57dB)
[@     6m25s] Timestep:        43569 || Speed:   69.5 MC/s (8.923e-03 s/TS) || Energy: ~4.26e-16 (-33.67dB)
[@     6m30s] Timestep:        44084 || Speed:   70.0 MC/s (8.863e-03 s/TS) || Energy: ~4.01e-16 (-33.93dB)
[@     6m34s] Timestep:        44599 || Speed:   69.2 MC/s (8.960e-03 s/TS) || Energy: ~4.41e-16 (-33.52dB)
[@     6m39s] Timestep:        45114 || Speed:   67.8 MC/s (9.149e-03 s/TS) || Energy: ~5.07e-16 (-32.91dB)
[@     6m44s] Timestep:        45629 || Speed:   66.6 MC/s (9.319e-03 s/TS) || Energy: ~5.64e-16 (-32.45dB)
[@     6m49s] Timestep:        46144 || Speed:   67.7 MC/s (9.166e-03 s/TS) || Energy: ~5.89e-16 (-32.26dB)
[@     6m53s] Timestep:        46659 || Speed:   70.2 MC/s (8.837e-03 s/TS) || Energy: ~5.71e-16 (-32.39dB)
[@     6m58s] Timestep:        47174 || Speed:   67.0 MC/s (9.263e-03 s/TS) || Energy: ~5.13e-16 (-32.86dB)
[@     7m03s] Timestep:        47689 || Speed:   70.1 MC/s (8.852e-03 s/TS) || Energy: ~4.27e-16 (-33.66dB)
[@     7m07s] Timestep:        48101 || Speed:   63.4 MC/s (9.786e-03 s/TS) || Energy: ~4.18e-16 (-33.75dB)
[@     7m11s] Timestep:        48616 || Speed:   69.2 MC/s (8.966e-03 s/TS) || Energy: ~3.68e-16 (-34.30dB)
[@     7m16s] Timestep:        49131 || Speed:   72.4 MC/s (8.563e-03 s/TS) || Energy: ~3.00e-16 (-35.18dB)
[@     7m20s] Timestep:        49646 || Speed:   69.1 MC/s (8.976e-03 s/TS) || Energy: ~2.28e-16 (-36.38dB)
[@     7m25s] Timestep:        50161 || Speed:   72.0 MC/s (8.609e-03 s/TS) || Energy: ~1.64e-16 (-37.83dB)
[@     7m29s] Timestep:        50676 || Speed:   69.9 MC/s (8.870e-03 s/TS) || Energy: ~1.15e-16 (-39.37dB)
[@     7m34s] Timestep:        51191 || Speed:   69.5 MC/s (8.919e-03 s/TS) || Energy: ~8.51e-17 (-40.66dB)
Time for 51191 iterations with 620256.00 cells : 454.31 sec
Speed: 69.89 MCells/s 
Traceback (most recent call last):
  File "/Users/lucasnaylor/radar-5g8-array/sim/full_element.py", line 184, in <module>
    arr = (mag(ER[0][i0]) + mag(EL[0][i0])) / \
               ~~~~~^^^^
IndexError: index 90 is out of bounds for axis 0 with size 2
