[g25] mesh 150x163x26 = 0.64 Mcells   board 72.6 x 59.9 mm  (L=12.83 dip_trim=0.3659)
openEMS - fixed number of threads: 6
 ---------------------------------------------------------------------- 
 | openEMS 64bit -- version v0.37.0-rc1-2-g7b051bb
 | (C) 2010-2026 Thorsten Liebig <thorsten.liebig@gmx.de>  GPL license
 ---------------------------------------------------------------------- 
	Used external libraries:
		CSXCAD -- Version: v0.7.0-rc1-1-g5115701
		hdf5   -- Version: 2.2.0
		          compiled against: HDF5 library version: 2.2.0
		tinyxml -- compiled against: 2.6.2
		fparser
		boost  -- compiled against: 1_90
		vtk -- disabled in this build

Create FDTD operator (compressed SSE + multi-threading)
FDTD simulation size: 150x163x26 --> 635700 FDTD cells 
FDTD timestep is: 1.77693e-13 s; Nyquist rate: 423 timesteps @6.6521e+09 Hz
Excitation signal length is: 18968 timesteps (3.37048e-09s)
Max. number of timesteps: 140000 ( --> 7.38085 * Excitation signal length)
Create FDTD engine (compressed SSE + multi-threading)
Running FDTD engine... this may take a while... grab a cup of coffee?!?
[@        4s] Timestep:          840 || Speed:  122.3 MC/s (5.196e-03 s/TS) || Energy: ~4.20e-20 (- 0.00dB)
[@        8s] Timestep:         1692 || Speed:  134.1 MC/s (4.741e-03 s/TS) || Energy: ~6.16e-19 (- 0.00dB)
[@       12s] Timestep:         2538 || Speed:  130.8 MC/s (4.862e-03 s/TS) || Energy: ~7.15e-18 (- 0.00dB)
[@       16s] Timestep:         3255 || Speed:  103.4 MC/s (6.145e-03 s/TS) || Energy: ~7.04e-17 (- 0.00dB)
[@       21s] Timestep:         3780 || Speed:   70.4 MC/s (9.035e-03 s/TS) || Energy: ~2.65e-16 (- 0.00dB)
[@       25s] Timestep:         4230 || Speed:   70.9 MC/s (8.960e-03 s/TS) || Energy: ~7.43e-16 (- 0.00dB)
[@       29s] Timestep:         4620 || Speed:   59.2 MC/s (1.073e-02 s/TS) || Energy: ~1.58e-15 (- 0.00dB)
[@       34s] Timestep:         5145 || Speed:   79.2 MC/s (8.032e-03 s/TS) || Energy: ~4.69e-15 (- 0.00dB)
[@       38s] Timestep:         5670 || Speed:   78.4 MC/s (8.103e-03 s/TS) || Energy: ~1.24e-14 (- 0.00dB)
[@       43s] Timestep:         6300 || Speed:   84.0 MC/s (7.564e-03 s/TS) || Energy: ~3.52e-14 (- 0.00dB)
[@       47s] Timestep:         6720 || Speed:   56.4 MC/s (1.127e-02 s/TS) || Energy: ~6.27e-14 (- 0.00dB)
[@       52s] Timestep:         7140 || Speed:   60.9 MC/s (1.043e-02 s/TS) || Energy: ~1.03e-13 (- 0.00dB)
[@       57s] Timestep:         7560 || Speed:   53.5 MC/s (1.189e-02 s/TS) || Energy: ~1.63e-13 (- 0.00dB)
[@     1m01s] Timestep:         7980 || Speed:   59.3 MC/s (1.072e-02 s/TS) || Energy: ~2.57e-13 (- 0.00dB)
[@     1m05s] Timestep:         8505 || Speed:   78.4 MC/s (8.110e-03 s/TS) || Energy: ~3.90e-13 (- 0.00dB)
[@     1m10s] Timestep:         9135 || Speed:   84.7 MC/s (7.510e-03 s/TS) || Energy: ~5.77e-13 (- 0.00dB)
[@     1m15s] Timestep:         9660 || Speed:   72.0 MC/s (8.824e-03 s/TS) || Energy: ~7.49e-13 (- 0.00dB)
[@     1m19s] Timestep:        10185 || Speed:   78.9 MC/s (8.053e-03 s/TS) || Energy: ~8.90e-13 (- 0.00dB)
[@     1m24s] Timestep:        10815 || Speed:   86.1 MC/s (7.386e-03 s/TS) || Energy: ~1.05e-12 (- 0.00dB)
[@     1m28s] Timestep:        11421 || Speed:   83.9 MC/s (7.579e-03 s/TS) || Energy: ~1.13e-12 (- 0.00dB)
[@     1m32s] Timestep:        11970 || Speed:   86.2 MC/s (7.371e-03 s/TS) || Energy: ~1.11e-12 (- 0.09dB)
[@     1m37s] Timestep:        12600 || Speed:   82.1 MC/s (7.746e-03 s/TS) || Energy: ~8.05e-13 (- 1.48dB)
[@     1m42s] Timestep:        13020 || Speed:   62.3 MC/s (1.021e-02 s/TS) || Energy: ~8.99e-13 (- 1.00dB)
[@     1m46s] Timestep:        13440 || Speed:   66.3 MC/s (9.587e-03 s/TS) || Energy: ~9.86e-13 (- 0.60dB)
[@     1m50s] Timestep:        13860 || Speed:   63.0 MC/s (1.010e-02 s/TS) || Energy: ~9.50e-13 (- 0.76dB)
[@     1m54s] Timestep:        14280 || Speed:   59.9 MC/s (1.061e-02 s/TS) || Energy: ~7.83e-13 (- 1.60dB)
[@     1m59s] Timestep:        14910 || Speed:   92.5 MC/s (6.873e-03 s/TS) || Energy: ~8.40e-13 (- 1.29dB)
[@     2m03s] Timestep:        15645 || Speed:  111.2 MC/s (5.716e-03 s/TS) || Energy: ~4.64e-13 (- 3.87dB)
[@     2m07s] Timestep:        16275 || Speed:   92.6 MC/s (6.867e-03 s/TS) || Energy: ~6.77e-13 (- 2.23dB)
[@     2m12s] Timestep:        16800 || Speed:   72.6 MC/s (8.753e-03 s/TS) || Energy: ~6.50e-13 (- 2.41dB)
[@     2m16s] Timestep:        17325 || Speed:   71.4 MC/s (8.909e-03 s/TS) || Energy: ~5.83e-13 (- 2.88dB)
[@     2m21s] Timestep:        17955 || Speed:   91.7 MC/s (6.933e-03 s/TS) || Energy: ~3.13e-13 (- 5.58dB)
[@     2m25s] Timestep:        18585 || Speed:   86.8 MC/s (7.322e-03 s/TS) || Energy: ~2.58e-13 (- 6.42dB)
[@     2m29s] Timestep:        19110 || Speed:   82.2 MC/s (7.732e-03 s/TS) || Energy: ~2.74e-13 (- 6.16dB)
[@     2m34s] Timestep:        19635 || Speed:   77.6 MC/s (8.189e-03 s/TS) || Energy: ~2.89e-13 (- 5.93dB)
[@     2m38s] Timestep:        20160 || Speed:   80.9 MC/s (7.855e-03 s/TS) || Energy: ~2.89e-13 (- 5.92dB)
[@     2m42s] Timestep:        20727 || Speed:   83.6 MC/s (7.602e-03 s/TS) || Energy: ~2.61e-13 (- 6.36dB)
[@     2m47s] Timestep:        21315 || Speed:   84.2 MC/s (7.549e-03 s/TS) || Energy: ~1.51e-13 (- 8.74dB)
[@     2m51s] Timestep:        21840 || Speed:   82.8 MC/s (7.680e-03 s/TS) || Energy: ~1.04e-13 (-10.35dB)
[@     2m55s] Timestep:        22365 || Speed:   82.6 MC/s (7.693e-03 s/TS) || Energy: ~7.66e-14 (-11.69dB)
[@     2m59s] Timestep:        22890 || Speed:   80.0 MC/s (7.944e-03 s/TS) || Energy: ~6.75e-14 (-12.24dB)
[@     3m04s] Timestep:        23520 || Speed:   84.1 MC/s (7.558e-03 s/TS) || Energy: ~1.22e-13 (- 9.66dB)
[@     3m08s] Timestep:        24045 || Speed:   76.8 MC/s (8.277e-03 s/TS) || Energy: ~1.21e-13 (- 9.73dB)
[@     3m13s] Timestep:        24534 || Speed:   67.8 MC/s (9.371e-03 s/TS) || Energy: ~1.08e-13 (-10.18dB)
[@     3m17s] Timestep:        24885 || Speed:   54.6 MC/s (1.164e-02 s/TS) || Energy: ~5.80e-14 (-12.90dB)
[@     3m21s] Timestep:        25380 || Speed:   67.6 MC/s (9.408e-03 s/TS) || Energy: ~5.58e-14 (-13.07dB)
[@     3m26s] Timestep:        26040 || Speed:   91.1 MC/s (6.976e-03 s/TS) || Energy: ~7.49e-14 (-11.79dB)
[@     3m30s] Timestep:        26649 || Speed:   85.5 MC/s (7.437e-03 s/TS) || Energy: ~3.71e-14 (-14.85dB)
[@     3m35s] Timestep:        27300 || Speed:   87.0 MC/s (7.303e-03 s/TS) || Energy: ~3.39e-14 (-15.23dB)
[@     3m39s] Timestep:        27825 || Speed:   82.8 MC/s (7.675e-03 s/TS) || Energy: ~3.81e-14 (-14.73dB)
[@     3m44s] Timestep:        28455 || Speed:   91.9 MC/s (6.914e-03 s/TS) || Energy: ~4.19e-14 (-14.31dB)
[@     3m48s] Timestep:        29085 || Speed:   85.3 MC/s (7.456e-03 s/TS) || Energy: ~1.87e-14 (-17.82dB)
[@     3m52s] Timestep:        29610 || Speed:   78.9 MC/s (8.060e-03 s/TS) || Energy: ~1.45e-14 (-18.92dB)
[@     3m57s] Timestep:        30240 || Speed:   87.3 MC/s (7.280e-03 s/TS) || Energy: ~2.20e-14 (-17.12dB)
[@     4m01s] Timestep:        30870 || Speed:   96.6 MC/s (6.583e-03 s/TS) || Energy: ~2.32e-14 (-16.88dB)
[@     4m06s] Timestep:        31605 || Speed:  109.0 MC/s (5.832e-03 s/TS) || Energy: ~1.07e-14 (-20.26dB)
[@     4m10s] Timestep:        32340 || Speed:  108.2 MC/s (5.876e-03 s/TS) || Energy: ~1.53e-14 (-18.69dB)
[@     4m14s] Timestep:        32970 || Speed:   99.0 MC/s (6.422e-03 s/TS) || Energy: ~7.18e-15 (-21.97dB)
[@     4m18s] Timestep:        33600 || Speed:   91.2 MC/s (6.968e-03 s/TS) || Energy: ~9.20e-15 (-20.90dB)
[@     4m23s] Timestep:        34125 || Speed:   78.7 MC/s (8.076e-03 s/TS) || Energy: ~9.54e-15 (-20.74dB)
[@     4m27s] Timestep:        34860 || Speed:  100.8 MC/s (6.305e-03 s/TS) || Energy: ~5.35e-15 (-23.26dB)
[@     4m31s] Timestep:        35532 || Speed:   99.3 MC/s (6.401e-03 s/TS) || Energy: ~5.84e-15 (-22.87dB)
[@     4m36s] Timestep:        36225 || Speed:  104.1 MC/s (6.108e-03 s/TS) || Energy: ~5.37e-15 (-23.23dB)
[@     4m40s] Timestep:        36801 || Speed:   88.7 MC/s (7.167e-03 s/TS) || Energy: ~3.26e-15 (-25.40dB)
[@     4m44s] Timestep:        37380 || Speed:   87.6 MC/s (7.259e-03 s/TS) || Energy: ~2.77e-15 (-26.12dB)
[@     4m48s] Timestep:        38010 || Speed:   94.1 MC/s (6.757e-03 s/TS) || Energy: ~3.83e-15 (-24.71dB)
[@     4m53s] Timestep:        38640 || Speed:   88.1 MC/s (7.218e-03 s/TS) || Energy: ~2.89e-15 (-25.92dB)
[@     4m57s] Timestep:        39270 || Speed:   90.8 MC/s (7.002e-03 s/TS) || Energy: ~1.69e-15 (-28.27dB)
[@     5m02s] Timestep:        39900 || Speed:   90.9 MC/s (6.993e-03 s/TS) || Energy: ~2.15e-15 (-27.22dB)
[@     5m06s] Timestep:        40608 || Speed:  101.2 MC/s (6.281e-03 s/TS) || Energy: ~1.55e-15 (-28.62dB)
[@     5m10s] Timestep:        41265 || Speed:   98.4 MC/s (6.459e-03 s/TS) || Energy: ~1.18e-15 (-29.82dB)
[@     5m15s] Timestep:        41877 || Speed:   87.9 MC/s (7.236e-03 s/TS) || Energy: ~1.41e-15 (-29.04dB)
[@     5m19s] Timestep:        42420 || Speed:   81.6 MC/s (7.788e-03 s/TS) || Energy: ~1.25e-15 (-29.57dB)
[@     5m23s] Timestep:        43050 || Speed:   99.3 MC/s (6.403e-03 s/TS) || Energy: ~7.71e-16 (-31.66dB)
[@     5m28s] Timestep:        43785 || Speed:  102.4 MC/s (6.206e-03 s/TS) || Energy: ~8.21e-16 (-31.39dB)
[@     5m32s] Timestep:        44520 || Speed:  106.8 MC/s (5.954e-03 s/TS) || Energy: ~5.07e-16 (-33.48dB)
[@     5m37s] Timestep:        45255 || Speed:   99.9 MC/s (6.363e-03 s/TS) || Energy: ~5.70e-16 (-32.97dB)
[@     5m41s] Timestep:        45990 || Speed:  102.6 MC/s (6.197e-03 s/TS) || Energy: ~3.39e-16 (-35.23dB)
[@     5m46s] Timestep:        46725 || Speed:  103.9 MC/s (6.117e-03 s/TS) || Energy: ~3.89e-16 (-34.64dB)
[@     5m50s] Timestep:        47460 || Speed:  106.5 MC/s (5.968e-03 s/TS) || Energy: ~2.30e-16 (-36.92dB)
[@     5m55s] Timestep:        48195 || Speed:  102.0 MC/s (6.233e-03 s/TS) || Energy: ~2.61e-16 (-36.37dB)
[@     5m59s] Timestep:        48930 || Speed:  110.1 MC/s (5.774e-03 s/TS) || Energy: ~1.58e-16 (-38.56dB)
[@     6m04s] Timestep:        49665 || Speed:   95.2 MC/s (6.678e-03 s/TS) || Energy: ~1.73e-16 (-38.15dB)
[@     6m08s] Timestep:        50295 || Speed:   91.3 MC/s (6.966e-03 s/TS) || Energy: ~1.19e-16 (-39.78dB)
[@     6m12s] Timestep:        50715 || Speed:   62.1 MC/s (1.024e-02 s/TS) || Energy: ~1.19e-16 (-39.79dB)
[@     6m17s] Timestep:        51345 || Speed:   84.7 MC/s (7.505e-03 s/TS) || Energy: ~8.37e-17 (-41.31dB)
Time for 51345 iterations with 635700.00 cells : 377.71 sec
Speed: 86.42 MCells/s 
   5.650 GHz : S11  -6.19 dB   Dmax  6.38 dBi   axial ratio  6.62 dB
   5.700 GHz : S11  -7.12 dB   Dmax  6.40 dBi   axial ratio  7.25 dB
   5.750 GHz : S11  -9.74 dB   Dmax  6.31 dBi   axial ratio  7.77 dB
   5.800 GHz : S11 -15.77 dB   Dmax  6.18 dBi   axial ratio  7.02 dB
   5.850 GHz : S11 -14.03 dB   Dmax  5.85 dBi   axial ratio  5.07 dB
   5.900 GHz : S11  -9.88 dB   Dmax  5.43 dBi   axial ratio  2.79 dB
   5.950 GHz : S11  -9.09 dB   Dmax  5.68 dBi   axial ratio  2.78 dB
   input match at 5.800 GHz : -15.77 dB
   -10 dB band : 5.755 - 5.895 GHz (140 MHz)
