[m1] mesh 286x172x26 = 1.28 Mcells   ground 108.6 x 60.0 mm   pitch 25.8442 mm
openEMS - fixed number of threads: 8
 ---------------------------------------------------------------------- 
 | openEMS 64bit -- version v0.37.0-rc1-2-g7b051bb
 | (C) 2010-2026 Thorsten Liebig <thorsten.liebig@gmx.de>  GPL license
 ---------------------------------------------------------------------- 
	Used external libraries:
		CSXCAD -- Version: v0.7.0-rc1-1-g5115701
		hdf5   -- Version: 2.2.0
		          compiled against: HDF5 library version: 2.2.0
		tinyxml -- compiled against: 2.6.2
		fparser
		boost  -- compiled against: 1_90
		vtk -- disabled in this build

Create FDTD operator (compressed SSE + multi-threading)
FDTD simulation size: 286x172x26 --> 1.27899e+06 FDTD cells 
FDTD timestep is: 1.64436e-13 s; Nyquist rate: 457 timesteps @6.6536e+09 Hz
Excitation signal length is: 20497 timesteps (3.37045e-09s)
Max. number of timesteps: 140000 ( --> 6.83027 * Excitation signal length)
Create FDTD engine (compressed SSE + multi-threading)
Running FDTD engine... this may take a while... grab a cup of coffee?!?
[@        4s] Timestep:          342 || Speed:   88.4 MC/s (1.447e-02 s/TS) || Energy: ~5.84e-21 (- 0.00dB)
[@       10s] Timestep:          798 || Speed:  106.0 MC/s (1.206e-02 s/TS) || Energy: ~2.75e-20 (- 0.00dB)
[@       14s] Timestep:         1140 || Speed:   96.4 MC/s (1.326e-02 s/TS) || Energy: ~7.52e-20 (- 0.00dB)
[@       19s] Timestep:         1482 || Speed:   92.4 MC/s (1.384e-02 s/TS) || Energy: ~3.19e-19 (- 0.00dB)
[@       24s] Timestep:         1824 || Speed:  101.0 MC/s (1.266e-02 s/TS) || Energy: ~7.28e-19 (- 0.00dB)
[@       28s] Timestep:         2166 || Speed:   98.5 MC/s (1.298e-02 s/TS) || Energy: ~1.96e-18 (- 0.00dB)
[@       33s] Timestep:         2508 || Speed:   91.0 MC/s (1.406e-02 s/TS) || Energy: ~6.37e-18 (- 0.00dB)
[@       37s] Timestep:         2850 || Speed:   97.9 MC/s (1.307e-02 s/TS) || Energy: ~1.29e-17 (- 0.00dB)
[@       42s] Timestep:         3192 || Speed:   88.1 MC/s (1.452e-02 s/TS) || Energy: ~3.42e-17 (- 0.00dB)
[@       47s] Timestep:         3534 || Speed:   94.2 MC/s (1.357e-02 s/TS) || Energy: ~8.82e-17 (- 0.00dB)
[@       52s] Timestep:         3876 || Speed:   85.3 MC/s (1.500e-02 s/TS) || Energy: ~1.67e-16 (- 0.00dB)
[@       57s] Timestep:         4218 || Speed:   79.6 MC/s (1.606e-02 s/TS) || Energy: ~4.11e-16 (- 0.00dB)
[@     1m02s] Timestep:         4560 || Speed:   87.9 MC/s (1.455e-02 s/TS) || Energy: ~8.60e-16 (- 0.00dB)
[@     1m08s] Timestep:         4902 || Speed:   83.4 MC/s (1.533e-02 s/TS) || Energy: ~1.58e-15 (- 0.00dB)
[@     1m13s] Timestep:         5244 || Speed:   87.2 MC/s (1.466e-02 s/TS) || Energy: ~3.44e-15 (- 0.00dB)
[@     1m18s] Timestep:         5586 || Speed:   88.1 MC/s (1.452e-02 s/TS) || Energy: ~5.98e-15 (- 0.00dB)
[@     1m23s] Timestep:         5928 || Speed:   87.4 MC/s (1.463e-02 s/TS) || Energy: ~1.08e-14 (- 0.00dB)
[@     1m28s] Timestep:         6270 || Speed:   88.3 MC/s (1.449e-02 s/TS) || Energy: ~2.01e-14 (- 0.00dB)
[@     1m33s] Timestep:         6612 || Speed:   87.5 MC/s (1.461e-02 s/TS) || Energy: ~3.01e-14 (- 0.00dB)
[@     1m38s] Timestep:         6954 || Speed:   88.9 MC/s (1.438e-02 s/TS) || Energy: ~5.31e-14 (- 0.00dB)
[@     1m43s] Timestep:         7296 || Speed:   88.5 MC/s (1.444e-02 s/TS) || Energy: ~8.24e-14 (- 0.00dB)
[@     1m48s] Timestep:         7638 || Speed:   83.3 MC/s (1.536e-02 s/TS) || Energy: ~1.12e-13 (- 0.00dB)
[@     1m53s] Timestep:         7980 || Speed:   78.8 MC/s (1.622e-02 s/TS) || Energy: ~1.88e-13 (- 0.00dB)
[@     1m58s] Timestep:         8226 || Speed:   72.8 MC/s (1.758e-02 s/TS) || Energy: ~2.06e-13 (- 0.00dB)
[@     2m03s] Timestep:         8550 || Speed:   78.5 MC/s (1.630e-02 s/TS) || Energy: ~3.18e-13 (- 0.00dB)
[@     2m09s] Timestep:         8892 || Speed:   77.1 MC/s (1.659e-02 s/TS) || Energy: ~4.09e-13 (- 0.00dB)
[@     2m13s] Timestep:         9140 || Speed:   79.2 MC/s (1.616e-02 s/TS) || Energy: ~4.78e-13 (- 0.00dB)
[@     2m18s] Timestep:         9462 || Speed:   83.2 MC/s (1.538e-02 s/TS) || Energy: ~6.28e-13 (- 0.00dB)
[@     2m23s] Timestep:         9804 || Speed:   82.2 MC/s (1.556e-02 s/TS) || Energy: ~6.58e-13 (- 0.00dB)
[@     2m28s] Timestep:        10146 || Speed:   81.6 MC/s (1.567e-02 s/TS) || Energy: ~8.88e-13 (- 0.00dB)
[@     2m34s] Timestep:        10488 || Speed:   77.1 MC/s (1.659e-02 s/TS) || Energy: ~9.80e-13 (- 0.00dB)
[@     2m39s] Timestep:        10830 || Speed:   82.7 MC/s (1.546e-02 s/TS) || Energy: ~1.01e-12 (- 0.00dB)
[@     2m45s] Timestep:        11172 || Speed:   80.2 MC/s (1.594e-02 s/TS) || Energy: ~1.21e-12 (- 0.00dB)
[@     2m49s] Timestep:        11425 || Speed:   79.4 MC/s (1.611e-02 s/TS) || Energy: ~1.13e-12 (- 0.29dB)
[@     2m54s] Timestep:        11742 || Speed:   77.3 MC/s (1.655e-02 s/TS) || Energy: ~1.28e-12 (- 0.00dB)
[@     3m00s] Timestep:        12084 || Speed:   78.8 MC/s (1.624e-02 s/TS) || Energy: ~1.20e-12 (- 0.27dB)
[@     3m04s] Timestep:        12339 || Speed:   75.9 MC/s (1.685e-02 s/TS) || Energy: ~1.29e-12 (- 0.00dB)
[@     3m09s] Timestep:        12654 || Speed:   79.4 MC/s (1.610e-02 s/TS) || Energy: ~1.15e-12 (- 0.50dB)
[@     3m14s] Timestep:        12996 || Speed:   83.7 MC/s (1.528e-02 s/TS) || Energy: ~1.19e-12 (- 0.36dB)
[@     3m18s] Timestep:        13253 || Speed:   81.2 MC/s (1.575e-02 s/TS) || Energy: ~1.09e-12 (- 0.72dB)
[@     3m23s] Timestep:        13566 || Speed:   80.1 MC/s (1.596e-02 s/TS) || Energy: ~1.07e-12 (- 0.82dB)
[@     3m29s] Timestep:        13908 || Speed:   76.3 MC/s (1.676e-02 s/TS) || Energy: ~1.14e-12 (- 0.52dB)
[@     3m33s] Timestep:        14167 || Speed:   72.1 MC/s (1.774e-02 s/TS) || Energy: ~8.80e-13 (- 1.66dB)
[@     3m39s] Timestep:        14478 || Speed:   77.3 MC/s (1.656e-02 s/TS) || Energy: ~1.10e-12 (- 0.70dB)
[@     3m44s] Timestep:        14820 || Speed:   76.0 MC/s (1.683e-02 s/TS) || Energy: ~7.98e-13 (- 2.09dB)
[@     3m49s] Timestep:        15081 || Speed:   74.3 MC/s (1.721e-02 s/TS) || Energy: ~9.97e-13 (- 1.12dB)
[@     3m54s] Timestep:        15390 || Speed:   80.1 MC/s (1.598e-02 s/TS) || Energy: ~7.97e-13 (- 2.09dB)
[@     3m59s] Timestep:        15732 || Speed:   79.6 MC/s (1.606e-02 s/TS) || Energy: ~7.42e-13 (- 2.40dB)
[@     4m04s] Timestep:        15995 || Speed:   76.9 MC/s (1.663e-02 s/TS) || Energy: ~8.69e-13 (- 1.72dB)
[@     4m09s] Timestep:        16302 || Speed:   77.2 MC/s (1.656e-02 s/TS) || Energy: ~6.50e-13 (- 2.98dB)
[@     4m14s] Timestep:        16644 || Speed:   77.2 MC/s (1.657e-02 s/TS) || Energy: ~8.69e-13 (- 1.71dB)
[@     4m19s] Timestep:        16909 || Speed:   75.7 MC/s (1.691e-02 s/TS) || Energy: ~5.87e-13 (- 3.42dB)
[@     4m24s] Timestep:        17214 || Speed:   77.2 MC/s (1.657e-02 s/TS) || Energy: ~7.75e-13 (- 2.21dB)
[@     4m30s] Timestep:        17556 || Speed:   74.6 MC/s (1.715e-02 s/TS) || Energy: ~6.62e-13 (- 2.89dB)
[@     4m34s] Timestep:        17784 || Speed:   72.3 MC/s (1.769e-02 s/TS) || Energy: ~6.64e-13 (- 2.89dB)
[@     4m40s] Timestep:        18126 || Speed:   74.1 MC/s (1.726e-02 s/TS) || Energy: ~6.48e-13 (- 2.99dB)
[@     4m45s] Timestep:        18468 || Speed:   80.9 MC/s (1.582e-02 s/TS) || Energy: ~4.41e-13 (- 4.66dB)
[@     4m50s] Timestep:        18737 || Speed:   73.6 MC/s (1.738e-02 s/TS) || Energy: ~6.24e-13 (- 3.15dB)
[@     4m55s] Timestep:        19038 || Speed:   79.2 MC/s (1.614e-02 s/TS) || Energy: ~3.92e-13 (- 5.17dB)
[@     5m00s] Timestep:        19380 || Speed:   77.9 MC/s (1.641e-02 s/TS) || Energy: ~4.83e-13 (- 4.27dB)
[@     5m05s] Timestep:        19651 || Speed:   73.1 MC/s (1.751e-02 s/TS) || Energy: ~4.00e-13 (- 5.08dB)
[@     5m10s] Timestep:        19950 || Speed:   79.1 MC/s (1.617e-02 s/TS) || Energy: ~3.84e-13 (- 5.26dB)
[@     5m14s] Timestep:        20178 || Speed:   71.7 MC/s (1.784e-02 s/TS) || Energy: ~3.49e-13 (- 5.68dB)
[@     5m20s] Timestep:        20520 || Speed:   74.7 MC/s (1.712e-02 s/TS) || Energy: ~3.00e-13 (- 6.33dB)
[@     5m26s] Timestep:        20862 || Speed:   76.4 MC/s (1.675e-02 s/TS) || Energy: ~3.93e-13 (- 5.16dB)
[@     5m31s] Timestep:        21204 || Speed:   80.0 MC/s (1.598e-02 s/TS) || Energy: ~2.44e-13 (- 7.22dB)
[@     5m36s] Timestep:        21479 || Speed:   74.2 MC/s (1.723e-02 s/TS) || Energy: ~3.12e-13 (- 6.16dB)
[@     5m41s] Timestep:        21774 || Speed:   75.0 MC/s (1.706e-02 s/TS) || Energy: ~2.38e-13 (- 7.34dB)
[@     5m45s] Timestep:        22002 || Speed:   71.4 MC/s (1.791e-02 s/TS) || Energy: ~2.80e-13 (- 6.63dB)
[@     5m49s] Timestep:        22230 || Speed:   72.9 MC/s (1.755e-02 s/TS) || Energy: ~1.73e-13 (- 8.73dB)
[@     5m55s] Timestep:        22572 || Speed:   69.8 MC/s (1.832e-02 s/TS) || Energy: ~2.20e-13 (- 7.67dB)
[@     6m00s] Timestep:        22850 || Speed:   74.0 MC/s (1.728e-02 s/TS) || Energy: ~1.94e-13 (- 8.22dB)
[@     6m05s] Timestep:        23142 || Speed:   79.6 MC/s (1.606e-02 s/TS) || Energy: ~1.67e-13 (- 8.87dB)
[@     6m10s] Timestep:        23484 || Speed:   75.5 MC/s (1.694e-02 s/TS) || Energy: ~2.15e-13 (- 7.78dB)
[@     6m15s] Timestep:        23764 || Speed:   76.9 MC/s (1.664e-02 s/TS) || Energy: ~1.11e-13 (-10.65dB)
[@     6m20s] Timestep:        24054 || Speed:   75.5 MC/s (1.693e-02 s/TS) || Energy: ~1.92e-13 (- 8.27dB)
[@     6m24s] Timestep:        24282 || Speed:   71.9 MC/s (1.779e-02 s/TS) || Energy: ~9.82e-14 (-11.18dB)
[@     6m30s] Timestep:        24624 || Speed:   73.6 MC/s (1.738e-02 s/TS) || Energy: ~1.62e-13 (- 9.02dB)
[@     6m34s] Timestep:        24852 || Speed:   67.3 MC/s (1.900e-02 s/TS) || Energy: ~8.45e-14 (-11.84dB)
[@     6m39s] Timestep:        25080 || Speed:   67.0 MC/s (1.910e-02 s/TS) || Energy: ~1.53e-13 (- 9.25dB)
[@     6m43s] Timestep:        25308 || Speed:   71.0 MC/s (1.801e-02 s/TS) || Energy: ~8.13e-14 (-12.01dB)
[@     6m48s] Timestep:        25592 || Speed:   71.2 MC/s (1.797e-02 s/TS) || Energy: ~1.36e-13 (- 9.78dB)
[@     6m53s] Timestep:        25878 || Speed:   75.5 MC/s (1.695e-02 s/TS) || Energy: ~6.48e-14 (-12.99dB)
[@     6m57s] Timestep:        26106 || Speed:   72.4 MC/s (1.766e-02 s/TS) || Energy: ~1.19e-13 (-10.34dB)
[@     7m03s] Timestep:        26448 || Speed:   74.0 MC/s (1.728e-02 s/TS) || Energy: ~5.83e-14 (-13.45dB)
[@     7m09s] Timestep:        26790 || Speed:   72.9 MC/s (1.754e-02 s/TS) || Energy: ~8.61e-14 (-11.76dB)
[@     7m14s] Timestep:        27132 || Speed:   76.4 MC/s (1.674e-02 s/TS) || Energy: ~9.03e-14 (-11.55dB)
[@     7m18s] Timestep:        27360 || Speed:   72.9 MC/s (1.755e-02 s/TS) || Energy: ~6.33e-14 (-13.09dB)
[@     7m23s] Timestep:        27588 || Speed:   68.4 MC/s (1.871e-02 s/TS) || Energy: ~6.29e-14 (-13.12dB)
[@     7m28s] Timestep:        27877 || Speed:   72.3 MC/s (1.769e-02 s/TS) || Energy: ~5.90e-14 (-13.40dB)
[@     7m33s] Timestep:        28158 || Speed:   70.8 MC/s (1.807e-02 s/TS) || Energy: ~6.64e-14 (-12.88dB)
[@     7m37s] Timestep:        28386 || Speed:   67.8 MC/s (1.886e-02 s/TS) || Energy: ~5.71e-14 (-13.54dB)
[@     7m41s] Timestep:        28614 || Speed:   71.4 MC/s (1.792e-02 s/TS) || Energy: ~4.40e-14 (-14.67dB)
[@     7m45s] Timestep:        28842 || Speed:   72.4 MC/s (1.766e-02 s/TS) || Energy: ~6.55e-14 (-12.94dB)
[@     7m51s] Timestep:        29184 || Speed:   72.2 MC/s (1.773e-02 s/TS) || Energy: ~4.76e-14 (-14.33dB)
[@     7m57s] Timestep:        29526 || Speed:   73.5 MC/s (1.739e-02 s/TS) || Energy: ~2.98e-14 (-16.37dB)
[@     8m03s] Timestep:        29868 || Speed:   75.5 MC/s (1.695e-02 s/TS) || Energy: ~5.52e-14 (-13.68dB)
[@     8m07s] Timestep:        30096 || Speed:   72.9 MC/s (1.755e-02 s/TS) || Energy: ~2.36e-14 (-17.38dB)
[@     8m11s] Timestep:        30324 || Speed:   72.8 MC/s (1.756e-02 s/TS) || Energy: ~4.93e-14 (-14.17dB)
[@     8m15s] Timestep:        30552 || Speed:   71.2 MC/s (1.795e-02 s/TS) || Energy: ~2.66e-14 (-16.86dB)
[@     8m19s] Timestep:        30780 || Speed:   69.3 MC/s (1.846e-02 s/TS) || Energy: ~3.63e-14 (-15.51dB)
[@     8m23s] Timestep:        31008 || Speed:   72.6 MC/s (1.762e-02 s/TS) || Energy: ~3.40e-14 (-15.79dB)
[@     8m29s] Timestep:        31350 || Speed:   72.9 MC/s (1.754e-02 s/TS) || Energy: ~3.75e-14 (-15.37dB)
[@     8m34s] Timestep:        31578 || Speed:   68.3 MC/s (1.872e-02 s/TS) || Energy: ~2.43e-14 (-17.25dB)
[@     8m38s] Timestep:        31806 || Speed:   70.6 MC/s (1.812e-02 s/TS) || Energy: ~2.58e-14 (-16.99dB)
[@     8m42s] Timestep:        32034 || Speed:   64.5 MC/s (1.983e-02 s/TS) || Energy: ~3.04e-14 (-16.28dB)
[@     8m46s] Timestep:        32262 || Speed:   71.3 MC/s (1.793e-02 s/TS) || Energy: ~1.64e-14 (-18.97dB)
[@     8m52s] Timestep:        32604 || Speed:   74.7 MC/s (1.712e-02 s/TS) || Energy: ~2.24e-14 (-17.61dB)
[@     8m56s] Timestep:        32832 || Speed:   72.4 MC/s (1.766e-02 s/TS) || Energy: ~1.80e-14 (-18.55dB)
[@     9m02s] Timestep:        33174 || Speed:   73.9 MC/s (1.731e-02 s/TS) || Energy: ~1.57e-14 (-19.14dB)
[@     9m06s] Timestep:        33402 || Speed:   72.3 MC/s (1.768e-02 s/TS) || Energy: ~1.99e-14 (-18.11dB)
[@     9m10s] Timestep:        33630 || Speed:   70.5 MC/s (1.814e-02 s/TS) || Energy: ~2.03e-14 (-18.03dB)
[@     9m15s] Timestep:        33858 || Speed:   70.1 MC/s (1.825e-02 s/TS) || Energy: ~1.25e-14 (-20.12dB)
[@     9m19s] Timestep:        34086 || Speed:   70.6 MC/s (1.810e-02 s/TS) || Energy: ~2.26e-14 (-17.56dB)
[@     9m23s] Timestep:        34314 || Speed:   65.5 MC/s (1.953e-02 s/TS) || Energy: ~9.12e-15 (-21.50dB)
[@     9m28s] Timestep:        34542 || Speed:   66.2 MC/s (1.933e-02 s/TS) || Energy: ~2.07e-14 (-17.95dB)
[@     9m32s] Timestep:        34770 || Speed:   70.7 MC/s (1.810e-02 s/TS) || Energy: ~1.02e-14 (-21.04dB)
[@     9m36s] Timestep:        34998 || Speed:   71.5 MC/s (1.789e-02 s/TS) || Energy: ~1.54e-14 (-19.23dB)
[@     9m40s] Timestep:        35226 || Speed:   71.6 MC/s (1.785e-02 s/TS) || Energy: ~1.34e-14 (-19.84dB)
[@     9m46s] Timestep:        35568 || Speed:   75.3 MC/s (1.698e-02 s/TS) || Energy: ~1.58e-14 (-19.11dB)
[@     9m50s] Timestep:        35796 || Speed:   72.4 MC/s (1.767e-02 s/TS) || Energy: ~9.41e-15 (-21.37dB)
[@     9m54s] Timestep:        36024 || Speed:   71.1 MC/s (1.799e-02 s/TS) || Energy: ~1.10e-14 (-20.69dB)
[@     9m58s] Timestep:        36252 || Speed:   68.1 MC/s (1.879e-02 s/TS) || Energy: ~1.21e-14 (-20.27dB)
[@    10m04s] Timestep:        36560 || Speed:   69.6 MC/s (1.839e-02 s/TS) || Energy: ~1.03e-14 (-20.97dB)
[@    10m09s] Timestep:        36822 || Speed:   64.3 MC/s (1.988e-02 s/TS) || Energy: ~8.75e-15 (-21.69dB)
[@    10m13s] Timestep:        37050 || Speed:   64.4 MC/s (1.986e-02 s/TS) || Energy: ~7.71e-15 (-22.24dB)
[@    10m18s] Timestep:        37278 || Speed:   67.9 MC/s (1.883e-02 s/TS) || Energy: ~1.07e-14 (-20.80dB)
[@    10m22s] Timestep:        37506 || Speed:   69.8 MC/s (1.832e-02 s/TS) || Energy: ~4.92e-15 (-24.19dB)
[@    10m28s] Timestep:        37848 || Speed:   74.3 MC/s (1.721e-02 s/TS) || Energy: ~8.03e-15 (-22.06dB)
[@    10m32s] Timestep:        38076 || Speed:   70.0 MC/s (1.828e-02 s/TS) || Energy: ~5.37e-15 (-23.81dB)
[@    10m36s] Timestep:        38304 || Speed:   70.8 MC/s (1.806e-02 s/TS) || Energy: ~9.22e-15 (-21.46dB)
[@    10m40s] Timestep:        38532 || Speed:   68.8 MC/s (1.860e-02 s/TS) || Energy: ~3.72e-15 (-25.40dB)
[@    10m44s] Timestep:        38760 || Speed:   70.7 MC/s (1.809e-02 s/TS) || Energy: ~8.65e-15 (-21.74dB)
[@    10m49s] Timestep:        38988 || Speed:   65.6 MC/s (1.950e-02 s/TS) || Energy: ~3.96e-15 (-25.13dB)
[@    10m53s] Timestep:        39216 || Speed:   64.8 MC/s (1.974e-02 s/TS) || Energy: ~6.60e-15 (-22.91dB)
[@    10m58s] Timestep:        39444 || Speed:   67.2 MC/s (1.903e-02 s/TS) || Energy: ~5.26e-15 (-23.89dB)
[@    11m03s] Timestep:        39759 || Speed:   73.3 MC/s (1.746e-02 s/TS) || Energy: ~6.26e-15 (-23.14dB)
[@    11m08s] Timestep:        40014 || Speed:   67.0 MC/s (1.909e-02 s/TS) || Energy: ~3.67e-15 (-25.46dB)
[@    11m12s] Timestep:        40242 || Speed:   70.7 MC/s (1.809e-02 s/TS) || Energy: ~4.75e-15 (-24.33dB)
[@    11m16s] Timestep:        40470 || Speed:   71.2 MC/s (1.795e-02 s/TS) || Energy: ~4.80e-15 (-24.29dB)
[@    11m20s] Timestep:        40698 || Speed:   69.6 MC/s (1.837e-02 s/TS) || Energy: ~2.97e-15 (-26.38dB)
[@    11m25s] Timestep:        40926 || Speed:   69.9 MC/s (1.831e-02 s/TS) || Energy: ~5.39e-15 (-23.79dB)
[@    11m29s] Timestep:        41130 || Speed:   62.8 MC/s (2.035e-02 s/TS) || Energy: ~2.20e-15 (-27.68dB)
[@    11m33s] Timestep:        41382 || Speed:   70.6 MC/s (1.810e-02 s/TS) || Energy: ~4.94e-15 (-24.17dB)
[@    11m37s] Timestep:        41587 || Speed:   65.0 MC/s (1.968e-02 s/TS) || Energy: ~2.71e-15 (-26.77dB)
[@    11m42s] Timestep:        41838 || Speed:   70.3 MC/s (1.820e-02 s/TS) || Energy: ~3.69e-15 (-25.44dB)
[@    11m46s] Timestep:        42044 || Speed:   65.0 MC/s (1.969e-02 s/TS) || Energy: ~3.51e-15 (-25.65dB)
[@    11m51s] Timestep:        42294 || Speed:   67.0 MC/s (1.909e-02 s/TS) || Energy: ~2.35e-15 (-27.40dB)
[@    11m55s] Timestep:        42501 || Speed:   63.0 MC/s (2.032e-02 s/TS) || Energy: ~3.89e-15 (-25.21dB)
[@    12m00s] Timestep:        42750 || Speed:   69.5 MC/s (1.840e-02 s/TS) || Energy: ~1.57e-15 (-29.15dB)
[@    12m04s] Timestep:        42978 || Speed:   72.0 MC/s (1.777e-02 s/TS) || Energy: ~3.59e-15 (-25.56dB)
[@    12m10s] Timestep:        43320 || Speed:   73.5 MC/s (1.741e-02 s/TS) || Energy: ~1.65e-15 (-28.93dB)
[@    12m14s] Timestep:        43548 || Speed:   68.1 MC/s (1.879e-02 s/TS) || Energy: ~3.14e-15 (-26.14dB)
[@    12m20s] Timestep:        43872 || Speed:   73.2 MC/s (1.746e-02 s/TS) || Energy: ~1.69e-15 (-28.83dB)
[@    12m24s] Timestep:        44118 || Speed:   71.8 MC/s (1.782e-02 s/TS) || Energy: ~2.53e-15 (-27.08dB)
[@    12m28s] Timestep:        44329 || Speed:   65.5 MC/s (1.953e-02 s/TS) || Energy: ~1.14e-15 (-30.55dB)
[@    12m32s] Timestep:        44574 || Speed:   72.3 MC/s (1.770e-02 s/TS) || Energy: ~2.57e-15 (-27.00dB)
[@    12m37s] Timestep:        44786 || Speed:   62.5 MC/s (2.045e-02 s/TS) || Energy: ~1.12e-15 (-30.61dB)
[@    12m41s] Timestep:        45030 || Speed:   68.5 MC/s (1.866e-02 s/TS) || Energy: ~2.13e-15 (-27.82dB)
[@    12m45s] Timestep:        45243 || Speed:   64.5 MC/s (1.983e-02 s/TS) || Energy: ~1.46e-15 (-29.48dB)
[@    12m50s] Timestep:        45486 || Speed:   71.6 MC/s (1.787e-02 s/TS) || Energy: ~1.46e-15 (-29.45dB)
[@    12m54s] Timestep:        45700 || Speed:   65.7 MC/s (1.947e-02 s/TS) || Energy: ~1.79e-15 (-28.59dB)
[@    12m59s] Timestep:        45942 || Speed:   67.6 MC/s (1.891e-02 s/TS) || Energy: ~9.21e-16 (-31.46dB)
[@    13m03s] Timestep:        46170 || Speed:   72.4 MC/s (1.767e-02 s/TS) || Energy: ~1.81e-15 (-28.52dB)
[@    13m07s] Timestep:        46398 || Speed:   69.2 MC/s (1.849e-02 s/TS) || Energy: ~7.30e-16 (-32.47dB)
[@    13m11s] Timestep:        46614 || Speed:   65.3 MC/s (1.958e-02 s/TS) || Energy: ~1.55e-15 (-29.21dB)
[@    13m16s] Timestep:        46854 || Speed:   61.1 MC/s (2.092e-02 s/TS) || Energy: ~8.68e-16 (-31.72dB)
[@    13m20s] Timestep:        47071 || Speed:   66.9 MC/s (1.912e-02 s/TS) || Energy: ~1.08e-15 (-30.75dB)
[@    13m25s] Timestep:        47528 || Speed:  120.2 MC/s (1.064e-02 s/TS) || Energy: ~6.89e-16 (-32.73dB)
[@    13m30s] Timestep:        47985 || Speed:  123.8 MC/s (1.033e-02 s/TS) || Energy: ~5.23e-16 (-33.92dB)
[@    13m34s] Timestep:        48442 || Speed:  130.3 MC/s (9.814e-03 s/TS) || Energy: ~5.92e-16 (-33.38dB)
[@    13m39s] Timestep:        48899 || Speed:  128.4 MC/s (9.960e-03 s/TS) || Energy: ~7.65e-16 (-32.27dB)
[@    13m43s] Timestep:        49356 || Speed:  135.8 MC/s (9.415e-03 s/TS) || Energy: ~8.79e-16 (-31.66dB)
[@    13m48s] Timestep:        49813 || Speed:  124.3 MC/s (1.029e-02 s/TS) || Energy: ~8.38e-16 (-31.87dB)
[@    13m52s] Timestep:        50270 || Speed:  129.8 MC/s (9.856e-03 s/TS) || Energy: ~6.59e-16 (-32.92dB)
[@    13m57s] Timestep:        50727 || Speed:  114.1 MC/s (1.121e-02 s/TS) || Energy: ~4.41e-16 (-34.66dB)
[@    14m02s] Timestep:        51184 || Speed:  119.5 MC/s (1.071e-02 s/TS) || Energy: ~2.89e-16 (-36.49dB)
[@    14m07s] Timestep:        51641 || Speed:  123.2 MC/s (1.038e-02 s/TS) || Energy: ~2.56e-16 (-37.03dB)
[@    14m12s] Timestep:        52098 || Speed:  115.7 MC/s (1.106e-02 s/TS) || Energy: ~3.14e-16 (-36.14dB)
[@    14m17s] Timestep:        52554 || Speed:  123.5 MC/s (1.036e-02 s/TS) || Energy: ~3.93e-16 (-35.16dB)
[@    14m22s] Timestep:        53010 || Speed:  119.0 MC/s (1.074e-02 s/TS) || Energy: ~4.20e-16 (-34.88dB)
[@    14m27s] Timestep:        53466 || Speed:  122.8 MC/s (1.041e-02 s/TS) || Energy: ~3.70e-16 (-35.43dB)
[@    14m31s] Timestep:        53922 || Speed:  124.4 MC/s (1.028e-02 s/TS) || Energy: ~2.70e-16 (-36.80dB)
[@    14m36s] Timestep:        54378 || Speed:  115.4 MC/s (1.108e-02 s/TS) || Energy: ~1.74e-16 (-38.69dB)
[@    14m41s] Timestep:        54834 || Speed:  121.3 MC/s (1.054e-02 s/TS) || Energy: ~1.27e-16 (-40.07dB)
Time for 54834 iterations with 1278992.00 cells : 881.58 sec
Speed: 79.55 MCells/s 

     freq       S11   S21 coupling   AR embedded      Dmax
   5.725G   -13.93dB        -22.07dB         4.82dB     6.00dBi
   5.800G   -20.79dB        -20.45dB         2.84dB     5.91dBi
   5.875G   -13.48dB        -22.41dB         4.57dB     5.96dBi
