[m2] mesh 286x172x26 = 1.28 Mcells   ground 108.6 x 60.0 mm   pitch 25.8442 mm
openEMS - fixed number of threads: 8
 ---------------------------------------------------------------------- 
 | openEMS 64bit -- version v0.37.0-rc1-2-g7b051bb
 | (C) 2010-2026 Thorsten Liebig <thorsten.liebig@gmx.de>  GPL license
 ---------------------------------------------------------------------- 
	Used external libraries:
		CSXCAD -- Version: v0.7.0-rc1-1-g5115701
		hdf5   -- Version: 2.2.0
		          compiled against: HDF5 library version: 2.2.0
		tinyxml -- compiled against: 2.6.2
		fparser
		boost  -- compiled against: 1_90
		vtk -- disabled in this build

Create FDTD operator (compressed SSE + multi-threading)
FDTD simulation size: 286x172x26 --> 1.27899e+06 FDTD cells 
FDTD timestep is: 1.64436e-13 s; Nyquist rate: 457 timesteps @6.6536e+09 Hz
Excitation signal length is: 20497 timesteps (3.37045e-09s)
Max. number of timesteps: 140000 ( --> 6.83027 * Excitation signal length)
Create FDTD engine (compressed SSE + multi-threading)
Running FDTD engine... this may take a while... grab a cup of coffee?!?
[@        4s] Timestep:          342 || Speed:   98.7 MC/s (1.295e-02 s/TS) || Energy: ~5.98e-21 (- 0.00dB)
[@        8s] Timestep:          684 || Speed:  100.8 MC/s (1.268e-02 s/TS) || Energy: ~1.43e-20 (- 0.00dB)
[@       13s] Timestep:         1026 || Speed:   94.6 MC/s (1.352e-02 s/TS) || Energy: ~7.29e-20 (- 0.00dB)
[@       17s] Timestep:         1368 || Speed:  102.9 MC/s (1.243e-02 s/TS) || Energy: ~2.05e-19 (- 0.00dB)
[@       22s] Timestep:         1710 || Speed:   99.1 MC/s (1.291e-02 s/TS) || Energy: ~4.76e-19 (- 0.00dB)
[@       26s] Timestep:         2052 || Speed:   91.7 MC/s (1.395e-02 s/TS) || Energy: ~1.84e-18 (- 0.00dB)
[@       31s] Timestep:         2394 || Speed:   97.0 MC/s (1.319e-02 s/TS) || Energy: ~4.26e-18 (- 0.00dB)
[@       36s] Timestep:         2736 || Speed:   87.0 MC/s (1.470e-02 s/TS) || Energy: ~9.51e-18 (- 0.00dB)
[@       41s] Timestep:         3078 || Speed:   92.6 MC/s (1.381e-02 s/TS) || Energy: ~3.14e-17 (- 0.00dB)
[@       46s] Timestep:         3420 || Speed:   84.4 MC/s (1.515e-02 s/TS) || Energy: ~6.17e-17 (- 0.00dB)
[@       51s] Timestep:         3762 || Speed:   82.1 MC/s (1.558e-02 s/TS) || Energy: ~1.35e-16 (- 0.00dB)
[@       56s] Timestep:         4104 || Speed:   88.5 MC/s (1.445e-02 s/TS) || Energy: ~3.73e-16 (- 0.00dB)
[@     1m01s] Timestep:         4446 || Speed:   83.9 MC/s (1.525e-02 s/TS) || Energy: ~6.42e-16 (- 0.00dB)
[@     1m06s] Timestep:         4788 || Speed:   89.2 MC/s (1.434e-02 s/TS) || Energy: ~1.35e-15 (- 0.00dB)
[@     1m11s] Timestep:         5130 || Speed:   87.8 MC/s (1.456e-02 s/TS) || Energy: ~3.12e-15 (- 0.00dB)
[@     1m16s] Timestep:         5472 || Speed:   87.0 MC/s (1.471e-02 s/TS) || Energy: ~4.84e-15 (- 0.00dB)
[@     1m21s] Timestep:         5814 || Speed:   89.1 MC/s (1.435e-02 s/TS) || Energy: ~9.51e-15 (- 0.00dB)
[@     1m26s] Timestep:         6156 || Speed:   86.8 MC/s (1.473e-02 s/TS) || Energy: ~1.86e-14 (- 0.00dB)
[@     1m31s] Timestep:         6498 || Speed:   89.6 MC/s (1.428e-02 s/TS) || Energy: ~2.65e-14 (- 0.00dB)
[@     1m36s] Timestep:         6840 || Speed:   88.3 MC/s (1.448e-02 s/TS) || Energy: ~4.74e-14 (- 0.00dB)
[@     1m41s] Timestep:         7182 || Speed:   83.8 MC/s (1.525e-02 s/TS) || Energy: ~8.05e-14 (- 0.00dB)
[@     1m47s] Timestep:         7524 || Speed:   78.9 MC/s (1.621e-02 s/TS) || Energy: ~1.06e-13 (- 0.00dB)
[@     1m51s] Timestep:         7769 || Speed:   75.4 MC/s (1.696e-02 s/TS) || Energy: ~1.63e-13 (- 0.00dB)
[@     1m56s] Timestep:         8094 || Speed:   79.1 MC/s (1.617e-02 s/TS) || Energy: ~2.07e-13 (- 0.00dB)
[@     2m02s] Timestep:         8436 || Speed:   78.2 MC/s (1.636e-02 s/TS) || Energy: ~2.85e-13 (- 0.00dB)
[@     2m07s] Timestep:         8778 || Speed:   80.5 MC/s (1.589e-02 s/TS) || Energy: ~4.28e-13 (- 0.00dB)
[@     2m12s] Timestep:         9120 || Speed:   82.8 MC/s (1.545e-02 s/TS) || Energy: ~5.03e-13 (- 0.00dB)
[@     2m18s] Timestep:         9462 || Speed:   79.3 MC/s (1.613e-02 s/TS) || Energy: ~6.37e-13 (- 0.00dB)
[@     2m24s] Timestep:         9804 || Speed:   78.9 MC/s (1.621e-02 s/TS) || Energy: ~8.46e-13 (- 0.00dB)
[@     2m28s] Timestep:        10054 || Speed:   76.7 MC/s (1.668e-02 s/TS) || Energy: ~8.63e-13 (- 0.00dB)
[@     2m33s] Timestep:        10374 || Speed:   84.8 MC/s (1.509e-02 s/TS) || Energy: ~1.09e-12 (- 0.00dB)
[@     2m38s] Timestep:        10716 || Speed:   81.0 MC/s (1.578e-02 s/TS) || Energy: ~1.17e-12 (- 0.00dB)
[@     2m42s] Timestep:        10968 || Speed:   80.3 MC/s (1.593e-02 s/TS) || Energy: ~1.29e-12 (- 0.00dB)
[@     2m47s] Timestep:        11286 || Speed:   77.0 MC/s (1.661e-02 s/TS) || Energy: ~1.35e-12 (- 0.00dB)
[@     2m53s] Timestep:        11628 || Speed:   79.1 MC/s (1.616e-02 s/TS) || Energy: ~1.44e-12 (- 0.00dB)
[@     2m57s] Timestep:        11882 || Speed:   76.4 MC/s (1.675e-02 s/TS) || Energy: ~1.43e-12 (- 0.04dB)
[@     3m02s] Timestep:        12198 || Speed:   80.1 MC/s (1.597e-02 s/TS) || Energy: ~1.51e-12 (- 0.00dB)
[@     3m07s] Timestep:        12540 || Speed:   84.2 MC/s (1.519e-02 s/TS) || Energy: ~1.57e-12 (- 0.00dB)
[@     3m12s] Timestep:        12882 || Speed:   84.5 MC/s (1.513e-02 s/TS) || Energy: ~1.29e-12 (- 0.87dB)
[@     3m18s] Timestep:        13224 || Speed:   79.2 MC/s (1.615e-02 s/TS) || Energy: ~1.58e-12 (- 0.00dB)
[@     3m24s] Timestep:        13566 || Speed:   75.1 MC/s (1.703e-02 s/TS) || Energy: ~1.46e-12 (- 0.33dB)
[@     3m29s] Timestep:        13908 || Speed:   77.1 MC/s (1.658e-02 s/TS) || Energy: ~1.06e-12 (- 1.73dB)
[@     3m34s] Timestep:        14167 || Speed:   73.1 MC/s (1.749e-02 s/TS) || Energy: ~1.60e-12 (- 0.00dB)
[@     3m39s] Timestep:        14478 || Speed:   80.0 MC/s (1.599e-02 s/TS) || Energy: ~9.25e-13 (- 2.37dB)
[@     3m45s] Timestep:        14820 || Speed:   76.7 MC/s (1.668e-02 s/TS) || Energy: ~1.38e-12 (- 0.65dB)
[@     3m49s] Timestep:        15081 || Speed:   78.7 MC/s (1.626e-02 s/TS) || Energy: ~1.01e-12 (- 1.99dB)
[@     3m54s] Timestep:        15390 || Speed:   80.3 MC/s (1.593e-02 s/TS) || Energy: ~1.14e-12 (- 1.48dB)
[@     4m00s] Timestep:        15732 || Speed:   75.6 MC/s (1.691e-02 s/TS) || Energy: ~1.37e-12 (- 0.65dB)
[@     4m04s] Timestep:        15995 || Speed:   74.4 MC/s (1.720e-02 s/TS) || Energy: ~8.13e-13 (- 2.93dB)
[@     4m09s] Timestep:        16302 || Speed:   76.7 MC/s (1.668e-02 s/TS) || Energy: ~1.33e-12 (- 0.79dB)
[@     4m15s] Timestep:        16644 || Speed:   75.3 MC/s (1.698e-02 s/TS) || Energy: ~8.00e-13 (- 3.00dB)
[@     4m20s] Timestep:        16909 || Speed:   74.9 MC/s (1.708e-02 s/TS) || Energy: ~1.12e-12 (- 1.53dB)
[@     4m25s] Timestep:        17214 || Speed:   73.1 MC/s (1.751e-02 s/TS) || Energy: ~8.48e-13 (- 2.75dB)
[@     4m31s] Timestep:        17556 || Speed:   76.5 MC/s (1.671e-02 s/TS) || Energy: ~7.18e-13 (- 3.47dB)
[@     4m35s] Timestep:        17823 || Speed:   75.2 MC/s (1.700e-02 s/TS) || Energy: ~9.36e-13 (- 2.32dB)
[@     4m40s] Timestep:        18126 || Speed:   83.3 MC/s (1.535e-02 s/TS) || Energy: ~5.97e-13 (- 4.27dB)
[@     4m46s] Timestep:        18468 || Speed:   75.7 MC/s (1.690e-02 s/TS) || Energy: ~8.31e-13 (- 2.84dB)
[@     4m50s] Timestep:        18737 || Speed:   74.8 MC/s (1.710e-02 s/TS) || Energy: ~5.43e-13 (- 4.68dB)
[@     4m55s] Timestep:        19038 || Speed:   80.2 MC/s (1.595e-02 s/TS) || Energy: ~6.68e-13 (- 3.79dB)
[@     5m01s] Timestep:        19380 || Speed:   79.0 MC/s (1.619e-02 s/TS) || Energy: ~5.96e-13 (- 4.28dB)
[@     5m05s] Timestep:        19651 || Speed:   74.8 MC/s (1.709e-02 s/TS) || Energy: ~4.67e-13 (- 5.34dB)
[@     5m10s] Timestep:        19950 || Speed:   75.9 MC/s (1.686e-02 s/TS) || Energy: ~5.37e-13 (- 4.74dB)
[@     5m16s] Timestep:        20292 || Speed:   76.6 MC/s (1.670e-02 s/TS) || Energy: ~3.54e-13 (- 6.54dB)
[@     5m21s] Timestep:        20565 || Speed:   75.7 MC/s (1.689e-02 s/TS) || Energy: ~4.50e-13 (- 5.50dB)
[@     5m25s] Timestep:        20862 || Speed:   80.1 MC/s (1.596e-02 s/TS) || Energy: ~3.15e-13 (- 7.05dB)
[@     5m31s] Timestep:        21204 || Speed:   73.6 MC/s (1.737e-02 s/TS) || Energy: ~3.11e-13 (- 7.10dB)
[@     5m36s] Timestep:        21479 || Speed:   72.4 MC/s (1.768e-02 s/TS) || Energy: ~3.03e-13 (- 7.22dB)
[@     5m41s] Timestep:        21774 || Speed:   75.5 MC/s (1.695e-02 s/TS) || Energy: ~2.41e-13 (- 8.21dB)
[@     5m47s] Timestep:        22116 || Speed:   70.6 MC/s (1.811e-02 s/TS) || Energy: ~2.69e-13 (- 7.73dB)
[@     5m52s] Timestep:        22393 || Speed:   72.7 MC/s (1.760e-02 s/TS) || Energy: ~1.86e-13 (- 9.33dB)
[@     5m57s] Timestep:        22686 || Speed:   79.3 MC/s (1.614e-02 s/TS) || Energy: ~2.18e-13 (- 8.65dB)
[@     6m02s] Timestep:        23028 || Speed:   78.1 MC/s (1.637e-02 s/TS) || Energy: ~1.70e-13 (- 9.72dB)
[@     6m07s] Timestep:        23307 || Speed:   76.3 MC/s (1.675e-02 s/TS) || Energy: ~1.58e-13 (-10.04dB)
[@     6m12s] Timestep:        23598 || Speed:   79.7 MC/s (1.604e-02 s/TS) || Energy: ~1.49e-13 (-10.29dB)
[@     6m16s] Timestep:        23826 || Speed:   71.9 MC/s (1.779e-02 s/TS) || Energy: ~1.35e-13 (-10.72dB)
[@     6m22s] Timestep:        24168 || Speed:   75.5 MC/s (1.694e-02 s/TS) || Energy: ~1.29e-13 (-10.92dB)
[@     6m26s] Timestep:        24396 || Speed:   69.0 MC/s (1.855e-02 s/TS) || Energy: ~1.06e-13 (-11.80dB)
[@     6m30s] Timestep:        24624 || Speed:   67.0 MC/s (1.909e-02 s/TS) || Energy: ~1.01e-13 (-11.99dB)
[@     6m34s] Timestep:        24852 || Speed:   68.8 MC/s (1.860e-02 s/TS) || Energy: ~1.00e-13 (-12.02dB)
[@     6m39s] Timestep:        25135 || Speed:   72.3 MC/s (1.769e-02 s/TS) || Energy: ~8.29e-14 (-12.85dB)
[@     6m44s] Timestep:        25422 || Speed:   75.0 MC/s (1.705e-02 s/TS) || Energy: ~7.90e-14 (-13.06dB)
[@     6m50s] Timestep:        25764 || Speed:   75.5 MC/s (1.694e-02 s/TS) || Energy: ~7.64e-14 (-13.20dB)
[@     6m55s] Timestep:        26049 || Speed:   73.1 MC/s (1.750e-02 s/TS) || Energy: ~5.69e-14 (-14.48dB)
[@     7m00s] Timestep:        26334 || Speed:   75.6 MC/s (1.693e-02 s/TS) || Energy: ~6.52e-14 (-13.89dB)
[@     7m04s] Timestep:        26562 || Speed:   72.2 MC/s (1.773e-02 s/TS) || Energy: ~4.88e-14 (-15.15dB)
[@     7m10s] Timestep:        26904 || Speed:   78.9 MC/s (1.621e-02 s/TS) || Energy: ~5.45e-14 (-14.67dB)
[@     7m14s] Timestep:        27132 || Speed:   67.7 MC/s (1.888e-02 s/TS) || Energy: ~3.93e-14 (-16.09dB)
[@     7m19s] Timestep:        27420 || Speed:   72.1 MC/s (1.775e-02 s/TS) || Energy: ~4.66e-14 (-15.35dB)
[@     7m24s] Timestep:        27702 || Speed:   72.0 MC/s (1.777e-02 s/TS) || Energy: ~3.26e-14 (-16.90dB)
[@     7m28s] Timestep:        27930 || Speed:   68.5 MC/s (1.866e-02 s/TS) || Energy: ~3.98e-14 (-16.03dB)
[@     7m32s] Timestep:        28158 || Speed:   72.8 MC/s (1.756e-02 s/TS) || Energy: ~2.86e-14 (-17.47dB)
[@     7m36s] Timestep:        28386 || Speed:   69.7 MC/s (1.835e-02 s/TS) || Energy: ~3.27e-14 (-16.89dB)
[@     7m42s] Timestep:        28728 || Speed:   74.0 MC/s (1.728e-02 s/TS) || Energy: ~2.31e-14 (-18.39dB)
[@     7m47s] Timestep:        28956 || Speed:   69.5 MC/s (1.840e-02 s/TS) || Energy: ~2.89e-14 (-17.42dB)
[@     7m51s] Timestep:        29184 || Speed:   72.6 MC/s (1.761e-02 s/TS) || Energy: ~2.14e-14 (-18.74dB)
[@     7m56s] Timestep:        29526 || Speed:   75.3 MC/s (1.700e-02 s/TS) || Energy: ~2.49e-14 (-18.07dB)
[@     8m00s] Timestep:        29754 || Speed:   70.7 MC/s (1.809e-02 s/TS) || Energy: ~1.68e-14 (-19.79dB)
[@     8m07s] Timestep:        30096 || Speed:   72.4 MC/s (1.767e-02 s/TS) || Energy: ~2.06e-14 (-18.89dB)
[@     8m11s] Timestep:        30324 || Speed:   69.8 MC/s (1.831e-02 s/TS) || Energy: ~1.38e-14 (-20.65dB)
[@     8m15s] Timestep:        30552 || Speed:   71.1 MC/s (1.798e-02 s/TS) || Energy: ~1.85e-14 (-19.37dB)
[@     8m21s] Timestep:        30894 || Speed:   75.1 MC/s (1.704e-02 s/TS) || Energy: ~1.20e-14 (-21.23dB)
[@     8m25s] Timestep:        31122 || Speed:   68.9 MC/s (1.856e-02 s/TS) || Energy: ~1.57e-14 (-20.07dB)
[@     8m29s] Timestep:        31350 || Speed:   70.9 MC/s (1.804e-02 s/TS) || Energy: ~9.90e-15 (-22.08dB)
[@     8m33s] Timestep:        31578 || Speed:   66.4 MC/s (1.926e-02 s/TS) || Energy: ~1.36e-14 (-20.70dB)
[@     8m37s] Timestep:        31806 || Speed:   71.6 MC/s (1.787e-02 s/TS) || Energy: ~9.51e-15 (-22.25dB)
[@     8m42s] Timestep:        32034 || Speed:   71.5 MC/s (1.790e-02 s/TS) || Energy: ~1.06e-14 (-21.80dB)
[@     8m47s] Timestep:        32376 || Speed:   77.4 MC/s (1.653e-02 s/TS) || Energy: ~7.30e-15 (-23.40dB)
[@     8m53s] Timestep:        32718 || Speed:   72.5 MC/s (1.764e-02 s/TS) || Energy: ~9.92e-15 (-22.07dB)
[@     8m57s] Timestep:        32946 || Speed:   71.3 MC/s (1.793e-02 s/TS) || Energy: ~5.99e-15 (-24.26dB)
[@     9m01s] Timestep:        33174 || Speed:   70.2 MC/s (1.823e-02 s/TS) || Energy: ~8.96e-15 (-22.51dB)
[@     9m06s] Timestep:        33402 || Speed:   71.2 MC/s (1.798e-02 s/TS) || Energy: ~5.53e-15 (-24.61dB)
[@     9m12s] Timestep:        33744 || Speed:   71.0 MC/s (1.802e-02 s/TS) || Energy: ~7.68e-15 (-23.18dB)
[@     9m16s] Timestep:        33972 || Speed:   66.3 MC/s (1.930e-02 s/TS) || Energy: ~4.35e-15 (-25.65dB)
[@     9m21s] Timestep:        34200 || Speed:   65.9 MC/s (1.940e-02 s/TS) || Energy: ~6.69e-15 (-23.78dB)
[@     9m25s] Timestep:        34428 || Speed:   71.4 MC/s (1.792e-02 s/TS) || Energy: ~4.29e-15 (-25.70dB)
[@     9m29s] Timestep:        34656 || Speed:   71.9 MC/s (1.779e-02 s/TS) || Energy: ~5.13e-15 (-24.93dB)
[@     9m33s] Timestep:        34884 || Speed:   71.3 MC/s (1.795e-02 s/TS) || Energy: ~4.69e-15 (-25.33dB)
[@     9m38s] Timestep:        35189 || Speed:   73.5 MC/s (1.741e-02 s/TS) || Energy: ~4.57e-15 (-25.43dB)
[@     9m43s] Timestep:        35454 || Speed:   73.8 MC/s (1.733e-02 s/TS) || Energy: ~3.41e-15 (-26.71dB)
[@     9m47s] Timestep:        35682 || Speed:   70.7 MC/s (1.808e-02 s/TS) || Energy: ~3.65e-15 (-26.42dB)
[@     9m51s] Timestep:        35910 || Speed:   70.4 MC/s (1.817e-02 s/TS) || Energy: ~3.77e-15 (-26.27dB)
[@     9m55s] Timestep:        36138 || Speed:   70.4 MC/s (1.816e-02 s/TS) || Energy: ~2.54e-15 (-27.99dB)
[@    10m00s] Timestep:        36366 || Speed:   63.6 MC/s (2.011e-02 s/TS) || Energy: ~3.84e-15 (-26.19dB)
[@    10m04s] Timestep:        36594 || Speed:   64.9 MC/s (1.970e-02 s/TS) || Energy: ~1.97e-15 (-29.08dB)
[@    10m08s] Timestep:        36822 || Speed:   70.3 MC/s (1.819e-02 s/TS) || Energy: ~3.41e-15 (-26.71dB)
[@    10m14s] Timestep:        37164 || Speed:   72.3 MC/s (1.770e-02 s/TS) || Energy: ~1.79e-15 (-29.51dB)
[@    10m18s] Timestep:        37392 || Speed:   72.6 MC/s (1.762e-02 s/TS) || Energy: ~3.00e-15 (-27.26dB)
[@    10m24s] Timestep:        37734 || Speed:   72.7 MC/s (1.759e-02 s/TS) || Energy: ~1.80e-15 (-29.48dB)
[@    10m29s] Timestep:        37962 || Speed:   69.4 MC/s (1.843e-02 s/TS) || Energy: ~2.44e-15 (-28.16dB)
[@    10m33s] Timestep:        38190 || Speed:   71.2 MC/s (1.797e-02 s/TS) || Energy: ~1.28e-15 (-30.97dB)
[@    10m37s] Timestep:        38418 || Speed:   68.3 MC/s (1.872e-02 s/TS) || Energy: ~2.32e-15 (-28.38dB)
[@    10m41s] Timestep:        38646 || Speed:   67.4 MC/s (1.897e-02 s/TS) || Energy: ~1.15e-15 (-31.42dB)
[@    10m45s] Timestep:        38845 || Speed:   63.1 MC/s (2.025e-02 s/TS) || Energy: ~1.74e-15 (-29.62dB)
[@    10m50s] Timestep:        39102 || Speed:   66.4 MC/s (1.926e-02 s/TS) || Energy: ~1.31e-15 (-30.86dB)
[@    10m56s] Timestep:        39444 || Speed:   74.3 MC/s (1.721e-02 s/TS) || Energy: ~1.78e-15 (-29.54dB)
[@    11m00s] Timestep:        39672 || Speed:   67.9 MC/s (1.883e-02 s/TS) || Energy: ~9.21e-16 (-32.39dB)
[@    11m05s] Timestep:        39900 || Speed:   69.1 MC/s (1.850e-02 s/TS) || Energy: ~1.38e-15 (-30.64dB)
[@    11m09s] Timestep:        40128 || Speed:   71.6 MC/s (1.787e-02 s/TS) || Energy: ~1.09e-15 (-31.67dB)
[@    11m13s] Timestep:        40356 || Speed:   69.2 MC/s (1.849e-02 s/TS) || Energy: ~9.38e-16 (-32.31dB)
[@    11m17s] Timestep:        40584 || Speed:   68.5 MC/s (1.867e-02 s/TS) || Energy: ~1.23e-15 (-31.13dB)
[@    11m22s] Timestep:        40812 || Speed:   64.3 MC/s (1.988e-02 s/TS) || Energy: ~6.35e-16 (-34.01dB)
[@    11m26s] Timestep:        41040 || Speed:   70.5 MC/s (1.814e-02 s/TS) || Energy: ~1.21e-15 (-31.20dB)
[@    11m30s] Timestep:        41268 || Speed:   67.1 MC/s (1.905e-02 s/TS) || Energy: ~5.48e-16 (-34.64dB)
[@    11m34s] Timestep:        41496 || Speed:   69.0 MC/s (1.854e-02 s/TS) || Energy: ~1.01e-15 (-32.01dB)
[@    11m39s] Timestep:        41724 || Speed:   66.0 MC/s (1.937e-02 s/TS) || Energy: ~6.31e-16 (-34.03dB)
[@    11m43s] Timestep:        41952 || Speed:   66.9 MC/s (1.911e-02 s/TS) || Energy: ~7.14e-16 (-33.50dB)
[@    11m48s] Timestep:        42180 || Speed:   64.2 MC/s (1.993e-02 s/TS) || Energy: ~7.56e-16 (-33.25dB)
[@    11m52s] Timestep:        42408 || Speed:   69.6 MC/s (1.837e-02 s/TS) || Energy: ~4.65e-16 (-35.36dB)
[@    11m56s] Timestep:        42636 || Speed:   71.8 MC/s (1.782e-02 s/TS) || Energy: ~8.01e-16 (-33.00dB)
[@    12m02s] Timestep:        42958 || Speed:   73.4 MC/s (1.744e-02 s/TS) || Energy: ~4.61e-16 (-35.40dB)
[@    12m06s] Timestep:        43206 || Speed:   71.6 MC/s (1.788e-02 s/TS) || Energy: ~6.26e-16 (-34.07dB)
[@    12m12s] Timestep:        43548 || Speed:   73.1 MC/s (1.750e-02 s/TS) || Energy: ~5.42e-16 (-34.69dB)
[@    12m16s] Timestep:        43776 || Speed:   71.5 MC/s (1.789e-02 s/TS) || Energy: ~4.51e-16 (-35.49dB)
[@    12m21s] Timestep:        44004 || Speed:   66.2 MC/s (1.931e-02 s/TS) || Energy: ~3.57e-16 (-36.50dB)
[@    12m25s] Timestep:        44232 || Speed:   69.5 MC/s (1.840e-02 s/TS) || Energy: ~5.14e-16 (-34.93dB)
[@    12m29s] Timestep:        44460 || Speed:   64.4 MC/s (1.985e-02 s/TS) || Energy: ~2.40e-16 (-38.22dB)
[@    12m34s] Timestep:        44688 || Speed:   68.5 MC/s (1.866e-02 s/TS) || Energy: ~4.98e-16 (-35.06dB)
[@    12m38s] Timestep:        44916 || Speed:   68.6 MC/s (1.865e-02 s/TS) || Energy: ~2.19e-16 (-38.64dB)
[@    12m42s] Timestep:        45144 || Speed:   69.3 MC/s (1.846e-02 s/TS) || Energy: ~4.05e-16 (-35.96dB)
[@    12m46s] Timestep:        45372 || Speed:   67.2 MC/s (1.903e-02 s/TS) || Energy: ~2.64e-16 (-37.82dB)
[@    12m51s] Timestep:        45600 || Speed:   67.9 MC/s (1.884e-02 s/TS) || Energy: ~2.80e-16 (-37.57dB)
[@    12m55s] Timestep:        45828 || Speed:   71.3 MC/s (1.794e-02 s/TS) || Energy: ~3.19e-16 (-36.99dB)
[@    12m59s] Timestep:        46056 || Speed:   68.1 MC/s (1.877e-02 s/TS) || Energy: ~1.80e-16 (-39.49dB)
[@    13m03s] Timestep:        46284 || Speed:   66.1 MC/s (1.934e-02 s/TS) || Energy: ~3.35e-16 (-36.79dB)
[@    13m08s] Timestep:        46512 || Speed:   65.5 MC/s (1.952e-02 s/TS) || Energy: ~1.39e-16 (-40.59dB)
Time for 46512 iterations with 1278992.00 cells : 788.33 sec
Speed: 75.46 MCells/s 

     freq       S11   S21 coupling   AR embedded      Dmax
   5.725G   -10.45dB        -22.24dB         6.34dB     6.46dBi
   5.800G   -14.52dB        -20.68dB         3.16dB     5.86dBi
   5.875G   -12.57dB        -22.22dB         1.58dB     5.96dBi
