[m3] mesh 283x174x26 = 1.28 Mcells   ground 109.1 x 59.9 mm   pitch 25.8442 mm
openEMS - fixed number of threads: 8
 ---------------------------------------------------------------------- 
 | openEMS 64bit -- version v0.37.0-rc1-2-g7b051bb
 | (C) 2010-2026 Thorsten Liebig <thorsten.liebig@gmx.de>  GPL license
 ---------------------------------------------------------------------- 
	Used external libraries:
		CSXCAD -- Version: v0.7.0-rc1-1-g5115701
		hdf5   -- Version: 2.2.0
		          compiled against: HDF5 library version: 2.2.0
		tinyxml -- compiled against: 2.6.2
		fparser
		boost  -- compiled against: 1_90
		vtk -- disabled in this build

Create FDTD operator (compressed SSE + multi-threading)
FDTD simulation size: 283x174x26 --> 1.28029e+06 FDTD cells 
FDTD timestep is: 1.74273e-13 s; Nyquist rate: 431 timesteps @6.65675e+09 Hz
Excitation signal length is: 19340 timesteps (3.37044e-09s)
Max. number of timesteps: 140000 ( --> 7.23888 * Excitation signal length)
Create FDTD engine (compressed SSE + multi-threading)
Running FDTD engine... this may take a while... grab a cup of coffee?!?
[@        5s] Timestep:          321 || Speed:   80.3 MC/s (1.595e-02 s/TS) || Energy: ~5.30e-21 (- 0.00dB)
[@       10s] Timestep:          749 || Speed:  106.5 MC/s (1.202e-02 s/TS) || Energy: ~2.26e-20 (- 0.00dB)
[@       14s] Timestep:         1070 || Speed:   87.8 MC/s (1.458e-02 s/TS) || Energy: ~6.16e-20 (- 0.00dB)
[@       19s] Timestep:         1391 || Speed:   88.7 MC/s (1.443e-02 s/TS) || Energy: ~2.77e-19 (- 0.00dB)
[@       24s] Timestep:         1712 || Speed:   85.0 MC/s (1.507e-02 s/TS) || Energy: ~5.75e-19 (- 0.00dB)
[@       28s] Timestep:         1926 || Speed:   60.3 MC/s (2.122e-02 s/TS) || Energy: ~1.47e-18 (- 0.00dB)
[@       35s] Timestep:         2140 || Speed:   43.9 MC/s (2.913e-02 s/TS) || Energy: ~1.99e-18 (- 0.00dB)
[@       40s] Timestep:         2354 || Speed:   49.1 MC/s (2.606e-02 s/TS) || Energy: ~5.36e-18 (- 0.00dB)
[@       45s] Timestep:         2568 || Speed:   64.0 MC/s (2.001e-02 s/TS) || Energy: ~7.65e-18 (- 0.00dB)
[@       49s] Timestep:         2782 || Speed:   65.7 MC/s (1.947e-02 s/TS) || Energy: ~1.64e-17 (- 0.00dB)
[@       53s] Timestep:         2996 || Speed:   64.2 MC/s (1.995e-02 s/TS) || Energy: ~2.90e-17 (- 0.00dB)
[@       58s] Timestep:         3210 || Speed:   59.6 MC/s (2.149e-02 s/TS) || Energy: ~4.60e-17 (- 0.00dB)
[@     1m02s] Timestep:         3424 || Speed:   61.3 MC/s (2.090e-02 s/TS) || Energy: ~9.69e-17 (- 0.00dB)
[@     1m07s] Timestep:         3638 || Speed:   58.7 MC/s (2.179e-02 s/TS) || Energy: ~1.31e-16 (- 0.00dB)
[@     1m11s] Timestep:         3852 || Speed:   63.0 MC/s (2.031e-02 s/TS) || Energy: ~2.75e-16 (- 0.00dB)
[@     1m15s] Timestep:         4066 || Speed:   65.8 MC/s (1.947e-02 s/TS) || Energy: ~3.92e-16 (- 0.00dB)
[@     1m19s] Timestep:         4280 || Speed:   67.0 MC/s (1.910e-02 s/TS) || Energy: ~6.77e-16 (- 0.00dB)
[@     1m23s] Timestep:         4494 || Speed:   66.8 MC/s (1.916e-02 s/TS) || Energy: ~1.13e-15 (- 0.00dB)
[@     1m28s] Timestep:         4741 || Speed:   70.3 MC/s (1.821e-02 s/TS) || Energy: ~1.73e-15 (- 0.00dB)
[@     1m33s] Timestep:         5029 || Speed:   67.8 MC/s (1.888e-02 s/TS) || Energy: ~3.33e-15 (- 0.00dB)
[@     1m38s] Timestep:         5243 || Speed:   65.9 MC/s (1.944e-02 s/TS) || Energy: ~4.63e-15 (- 0.00dB)
[@     1m44s] Timestep:         5564 || Speed:   67.8 MC/s (1.890e-02 s/TS) || Energy: ~8.94e-15 (- 0.00dB)
[@     1m48s] Timestep:         5778 || Speed:   58.0 MC/s (2.208e-02 s/TS) || Energy: ~1.22e-14 (- 0.00dB)
[@     1m53s] Timestep:         6034 || Speed:   70.4 MC/s (1.819e-02 s/TS) || Energy: ~2.07e-14 (- 0.00dB)
[@     1m58s] Timestep:         6313 || Speed:   68.1 MC/s (1.881e-02 s/TS) || Energy: ~2.93e-14 (- 0.00dB)
[@     2m02s] Timestep:         6527 || Speed:   66.8 MC/s (1.915e-02 s/TS) || Energy: ~4.50e-14 (- 0.00dB)
[@     2m06s] Timestep:         6741 || Speed:   67.5 MC/s (1.897e-02 s/TS) || Energy: ~5.07e-14 (- 0.00dB)
[@     2m10s] Timestep:         6955 || Speed:   67.6 MC/s (1.894e-02 s/TS) || Energy: ~8.27e-14 (- 0.00dB)
[@     2m15s] Timestep:         7169 || Speed:   66.5 MC/s (1.926e-02 s/TS) || Energy: ~9.09e-14 (- 0.00dB)
[@     2m19s] Timestep:         7383 || Speed:   66.3 MC/s (1.930e-02 s/TS) || Energy: ~1.31e-13 (- 0.00dB)
[@     2m23s] Timestep:         7597 || Speed:   63.2 MC/s (2.025e-02 s/TS) || Energy: ~1.65e-13 (- 0.00dB)
[@     2m27s] Timestep:         7811 || Speed:   61.4 MC/s (2.085e-02 s/TS) || Energy: ~1.85e-13 (- 0.00dB)
[@     2m32s] Timestep:         8025 || Speed:   63.2 MC/s (2.026e-02 s/TS) || Energy: ~2.78e-13 (- 0.00dB)
[@     2m36s] Timestep:         8239 || Speed:   66.6 MC/s (1.923e-02 s/TS) || Energy: ~2.61e-13 (- 0.28dB)
[@     2m42s] Timestep:         8560 || Speed:   70.1 MC/s (1.826e-02 s/TS) || Energy: ~4.28e-13 (- 0.00dB)
[@     2m46s] Timestep:         8774 || Speed:   66.6 MC/s (1.923e-02 s/TS) || Energy: ~4.01e-13 (- 0.28dB)
[@     2m50s] Timestep:         8988 || Speed:   66.6 MC/s (1.923e-02 s/TS) || Energy: ~6.05e-13 (- 0.00dB)
[@     2m54s] Timestep:         9202 || Speed:   65.5 MC/s (1.955e-02 s/TS) || Energy: ~5.28e-13 (- 0.59dB)
[@     2m59s] Timestep:         9482 || Speed:   70.6 MC/s (1.812e-02 s/TS) || Energy: ~7.97e-13 (- 0.00dB)
[@     3m04s] Timestep:         9737 || Speed:   64.7 MC/s (1.979e-02 s/TS) || Energy: ~6.82e-13 (- 0.67dB)
[@     3m08s] Timestep:         9951 || Speed:   66.5 MC/s (1.924e-02 s/TS) || Energy: ~9.53e-13 (- 0.00dB)
[@     3m13s] Timestep:        10165 || Speed:   59.3 MC/s (2.160e-02 s/TS) || Energy: ~8.44e-13 (- 0.53dB)
[@     3m17s] Timestep:        10379 || Speed:   63.1 MC/s (2.028e-02 s/TS) || Energy: ~1.00e-12 (- 0.00dB)
[@     3m22s] Timestep:        10593 || Speed:   65.0 MC/s (1.969e-02 s/TS) || Energy: ~1.03e-12 (- 0.00dB)
[@     3m26s] Timestep:        10807 || Speed:   67.3 MC/s (1.902e-02 s/TS) || Energy: ~1.00e-12 (- 0.12dB)
[@     3m32s] Timestep:        11128 || Speed:   69.5 MC/s (1.842e-02 s/TS) || Energy: ~1.05e-12 (- 0.00dB)
[@     3m36s] Timestep:        11342 || Speed:   66.0 MC/s (1.938e-02 s/TS) || Energy: ~1.11e-12 (- 0.00dB)
[@     3m41s] Timestep:        11637 || Speed:   67.1 MC/s (1.909e-02 s/TS) || Energy: ~1.06e-12 (- 0.20dB)
[@     3m46s] Timestep:        11877 || Speed:   68.1 MC/s (1.879e-02 s/TS) || Energy: ~1.12e-12 (- 0.00dB)
[@     3m50s] Timestep:        12091 || Speed:   67.6 MC/s (1.894e-02 s/TS) || Energy: ~1.02e-12 (- 0.39dB)
[@     3m54s] Timestep:        12305 || Speed:   61.2 MC/s (2.090e-02 s/TS) || Energy: ~1.09e-12 (- 0.11dB)
[@     3m59s] Timestep:        12519 || Speed:   66.0 MC/s (1.940e-02 s/TS) || Energy: ~9.45e-13 (- 0.73dB)
[@     4m03s] Timestep:        12733 || Speed:   67.2 MC/s (1.905e-02 s/TS) || Energy: ~1.05e-12 (- 0.28dB)
[@     4m07s] Timestep:        12930 || Speed:   61.4 MC/s (2.084e-02 s/TS) || Energy: ~9.19e-13 (- 0.85dB)
[@     4m11s] Timestep:        13161 || Speed:   65.3 MC/s (1.961e-02 s/TS) || Energy: ~9.32e-13 (- 0.79dB)
[@     4m15s] Timestep:        13361 || Speed:   62.8 MC/s (2.040e-02 s/TS) || Energy: ~9.47e-13 (- 0.72dB)
[@     4m20s] Timestep:        13589 || Speed:   65.7 MC/s (1.950e-02 s/TS) || Energy: ~7.64e-13 (- 1.66dB)
[@     4m24s] Timestep:        13792 || Speed:   63.1 MC/s (2.029e-02 s/TS) || Energy: ~9.76e-13 (- 0.59dB)
[@     4m28s] Timestep:        14017 || Speed:   70.0 MC/s (1.828e-02 s/TS) || Energy: ~6.47e-13 (- 2.38dB)
[@     4m32s] Timestep:        14223 || Speed:   60.4 MC/s (2.118e-02 s/TS) || Energy: ~9.22e-13 (- 0.84dB)
[@     4m37s] Timestep:        14445 || Speed:   65.2 MC/s (1.964e-02 s/TS) || Energy: ~6.55e-13 (- 2.32dB)
[@     4m41s] Timestep:        14654 || Speed:   65.2 MC/s (1.965e-02 s/TS) || Energy: ~7.74e-13 (- 1.60dB)
[@     4m45s] Timestep:        14873 || Speed:   64.6 MC/s (1.983e-02 s/TS) || Energy: ~7.52e-13 (- 1.73dB)
[@     4m50s] Timestep:        15085 || Speed:   61.7 MC/s (2.074e-02 s/TS) || Energy: ~6.09e-13 (- 2.64dB)
[@     4m54s] Timestep:        15301 || Speed:   66.8 MC/s (1.918e-02 s/TS) || Energy: ~8.26e-13 (- 1.32dB)
[@     4m58s] Timestep:        15516 || Speed:   66.0 MC/s (1.940e-02 s/TS) || Energy: ~5.16e-13 (- 3.36dB)
[@     5m02s] Timestep:        15729 || Speed:   67.9 MC/s (1.887e-02 s/TS) || Energy: ~7.98e-13 (- 1.47dB)
[@     5m06s] Timestep:        15947 || Speed:   66.8 MC/s (1.915e-02 s/TS) || Energy: ~5.23e-13 (- 3.30dB)
[@     5m12s] Timestep:        16264 || Speed:   66.8 MC/s (1.916e-02 s/TS) || Energy: ~7.46e-13 (- 1.76dB)
[@     5m17s] Timestep:        16478 || Speed:   57.4 MC/s (2.232e-02 s/TS) || Energy: ~4.58e-13 (- 3.88dB)
[@     5m21s] Timestep:        16692 || Speed:   62.6 MC/s (2.045e-02 s/TS) || Energy: ~6.74e-13 (- 2.20dB)
[@     5m26s] Timestep:        16906 || Speed:   60.4 MC/s (2.121e-02 s/TS) || Energy: ~4.90e-13 (- 3.59dB)
[@     5m30s] Timestep:        17120 || Speed:   61.7 MC/s (2.074e-02 s/TS) || Energy: ~5.40e-13 (- 3.16dB)
[@     5m35s] Timestep:        17334 || Speed:   65.0 MC/s (1.968e-02 s/TS) || Energy: ~5.47e-13 (- 3.10dB)
[@     5m39s] Timestep:        17548 || Speed:   65.2 MC/s (1.964e-02 s/TS) || Energy: ~4.11e-13 (- 4.35dB)
[@     5m43s] Timestep:        17762 || Speed:   66.1 MC/s (1.936e-02 s/TS) || Energy: ~5.68e-13 (- 2.94dB)
[@     5m47s] Timestep:        17976 || Speed:   66.9 MC/s (1.914e-02 s/TS) || Energy: ~3.41e-13 (- 5.16dB)
[@     5m51s] Timestep:        18190 || Speed:   67.9 MC/s (1.885e-02 s/TS) || Energy: ~5.19e-13 (- 3.34dB)
[@     5m55s] Timestep:        18404 || Speed:   65.2 MC/s (1.965e-02 s/TS) || Energy: ~3.40e-13 (- 5.17dB)
[@     6m00s] Timestep:        18618 || Speed:   62.0 MC/s (2.064e-02 s/TS) || Energy: ~4.14e-13 (- 4.32dB)
[@     6m04s] Timestep:        18832 || Speed:   64.0 MC/s (2.000e-02 s/TS) || Energy: ~3.77e-13 (- 4.72dB)
[@     6m08s] Timestep:        19046 || Speed:   59.7 MC/s (2.144e-02 s/TS) || Energy: ~3.01e-13 (- 5.69dB)
[@     6m13s] Timestep:        19260 || Speed:   64.0 MC/s (1.999e-02 s/TS) || Energy: ~4.00e-13 (- 4.46dB)
[@     6m17s] Timestep:        19474 || Speed:   59.3 MC/s (2.160e-02 s/TS) || Energy: ~2.30e-13 (- 6.88dB)
[@     6m22s] Timestep:        19688 || Speed:   62.2 MC/s (2.059e-02 s/TS) || Energy: ~3.73e-13 (- 4.77dB)
[@     6m26s] Timestep:        19902 || Speed:   63.1 MC/s (2.029e-02 s/TS) || Energy: ~2.18e-13 (- 7.11dB)
[@     6m30s] Timestep:        20116 || Speed:   67.5 MC/s (1.897e-02 s/TS) || Energy: ~2.97e-13 (- 5.75dB)
[@     6m35s] Timestep:        20330 || Speed:   61.6 MC/s (2.077e-02 s/TS) || Energy: ~2.45e-13 (- 6.59dB)
[@     6m39s] Timestep:        20544 || Speed:   66.8 MC/s (1.916e-02 s/TS) || Energy: ~2.09e-13 (- 7.29dB)
[@     6m43s] Timestep:        20758 || Speed:   65.6 MC/s (1.951e-02 s/TS) || Energy: ~2.70e-13 (- 6.18dB)
[@     6m47s] Timestep:        20972 || Speed:   61.4 MC/s (2.084e-02 s/TS) || Energy: ~1.48e-13 (- 8.79dB)
[@     6m52s] Timestep:        21186 || Speed:   59.5 MC/s (2.153e-02 s/TS) || Energy: ~2.58e-13 (- 6.36dB)
[@     6m57s] Timestep:        21400 || Speed:   59.7 MC/s (2.145e-02 s/TS) || Energy: ~1.34e-13 (- 9.20dB)
[@     7m02s] Timestep:        21614 || Speed:   55.4 MC/s (2.310e-02 s/TS) || Energy: ~2.08e-13 (- 7.31dB)
[@     7m06s] Timestep:        21828 || Speed:   59.8 MC/s (2.140e-02 s/TS) || Energy: ~1.55e-13 (- 8.57dB)
[@     7m10s] Timestep:        22042 || Speed:   63.6 MC/s (2.012e-02 s/TS) || Energy: ~1.43e-13 (- 8.94dB)
[@     7m16s] Timestep:        22363 || Speed:   71.0 MC/s (1.802e-02 s/TS) || Energy: ~1.12e-13 (- 9.99dB)
[@     7m20s] Timestep:        22577 || Speed:   66.7 MC/s (1.918e-02 s/TS) || Energy: ~1.46e-13 (- 8.84dB)
[@     7m24s] Timestep:        22791 || Speed:   66.0 MC/s (1.940e-02 s/TS) || Energy: ~1.36e-13 (- 9.16dB)
[@     7m29s] Timestep:        23005 || Speed:   61.5 MC/s (2.082e-02 s/TS) || Energy: ~9.49e-14 (-10.71dB)
[@     7m33s] Timestep:        23219 || Speed:   63.9 MC/s (2.003e-02 s/TS) || Energy: ~1.49e-13 (- 8.75dB)
[@     7m38s] Timestep:        23433 || Speed:   58.9 MC/s (2.175e-02 s/TS) || Energy: ~6.79e-14 (-12.17dB)
[@     7m42s] Timestep:        23647 || Speed:   62.5 MC/s (2.050e-02 s/TS) || Energy: ~1.37e-13 (- 9.13dB)
[@     7m47s] Timestep:        23861 || Speed:   60.2 MC/s (2.126e-02 s/TS) || Energy: ~7.03e-14 (-12.02dB)
[@     7m51s] Timestep:        24075 || Speed:   61.3 MC/s (2.089e-02 s/TS) || Energy: ~1.02e-13 (-10.38dB)
[@     7m55s] Timestep:        24289 || Speed:   64.5 MC/s (1.985e-02 s/TS) || Energy: ~8.83e-14 (-11.03dB)
[@     8m01s] Timestep:        24567 || Speed:   67.1 MC/s (1.907e-02 s/TS) || Energy: ~8.87e-14 (-11.00dB)
[@     8m06s] Timestep:        24824 || Speed:   67.3 MC/s (1.903e-02 s/TS) || Energy: ~6.32e-14 (-12.48dB)
[@     8m10s] Timestep:        25038 || Speed:   66.1 MC/s (1.937e-02 s/TS) || Energy: ~7.00e-14 (-12.03dB)
[@     8m14s] Timestep:        25252 || Speed:   62.7 MC/s (2.043e-02 s/TS) || Energy: ~7.88e-14 (-11.52dB)
[@     8m19s] Timestep:        25466 || Speed:   61.6 MC/s (2.077e-02 s/TS) || Energy: ~4.39e-14 (-14.06dB)
[@     8m23s] Timestep:        25680 || Speed:   57.6 MC/s (2.224e-02 s/TS) || Energy: ~8.35e-14 (-11.27dB)
[@     8m27s] Timestep:        25860 || Speed:   56.5 MC/s (2.265e-02 s/TS) || Energy: ~3.90e-14 (-14.58dB)
[@     8m34s] Timestep:        26108 || Speed:   50.6 MC/s (2.531e-02 s/TS) || Energy: ~7.18e-14 (-11.92dB)
[@     8m38s] Timestep:        26322 || Speed:   62.8 MC/s (2.037e-02 s/TS) || Energy: ~4.14e-14 (-14.32dB)
[@     8m42s] Timestep:        26536 || Speed:   67.5 MC/s (1.898e-02 s/TS) || Energy: ~5.03e-14 (-13.47dB)
[@     8m47s] Timestep:        26750 || Speed:   60.3 MC/s (2.125e-02 s/TS) || Energy: ~5.30e-14 (-13.24dB)
[@     8m51s] Timestep:        26964 || Speed:   59.3 MC/s (2.160e-02 s/TS) || Energy: ~3.13e-14 (-15.53dB)
[@     8m56s] Timestep:        27153 || Speed:   52.5 MC/s (2.439e-02 s/TS) || Energy: ~5.91e-14 (-12.77dB)
[@     9m01s] Timestep:        27392 || Speed:   60.3 MC/s (2.125e-02 s/TS) || Energy: ~2.37e-14 (-16.75dB)
[@     9m05s] Timestep:        27584 || Speed:   60.3 MC/s (2.124e-02 s/TS) || Energy: ~4.85e-14 (-13.62dB)
[@     9m10s] Timestep:        27820 || Speed:   64.9 MC/s (1.974e-02 s/TS) || Energy: ~2.76e-14 (-16.08dB)
[@     9m14s] Timestep:        28015 || Speed:   58.8 MC/s (2.176e-02 s/TS) || Energy: ~3.32e-14 (-15.27dB)
[@     9m19s] Timestep:        28248 || Speed:   56.7 MC/s (2.260e-02 s/TS) || Energy: ~3.58e-14 (-14.94dB)
[@     9m24s] Timestep:        28446 || Speed:   58.3 MC/s (2.196e-02 s/TS) || Energy: ~2.10e-14 (-17.27dB)
[@     9m28s] Timestep:        28676 || Speed:   61.2 MC/s (2.092e-02 s/TS) || Energy: ~4.00e-14 (-14.46dB)
[@     9m33s] Timestep:        28877 || Speed:   60.3 MC/s (2.124e-02 s/TS) || Energy: ~1.67e-14 (-18.26dB)
[@     9m37s] Timestep:        29104 || Speed:   65.0 MC/s (1.969e-02 s/TS) || Energy: ~3.61e-14 (-14.91dB)
[@     9m41s] Timestep:        29308 || Speed:   60.6 MC/s (2.111e-02 s/TS) || Energy: ~1.97e-14 (-17.55dB)
[@     9m46s] Timestep:        29532 || Speed:   64.3 MC/s (1.990e-02 s/TS) || Energy: ~2.63e-14 (-16.28dB)
[@     9m50s] Timestep:        29739 || Speed:   63.8 MC/s (2.006e-02 s/TS) || Energy: ~2.52e-14 (-16.48dB)
[@     9m56s] Timestep:        30067 || Speed:   70.4 MC/s (1.819e-02 s/TS) || Energy: ~2.67e-14 (-16.21dB)
[@    10m00s] Timestep:        30281 || Speed:   63.1 MC/s (2.031e-02 s/TS) || Energy: ~1.76e-14 (-18.03dB)
[@    10m05s] Timestep:        30495 || Speed:   66.1 MC/s (1.937e-02 s/TS) || Energy: ~1.80e-14 (-17.94dB)
[@    10m09s] Timestep:        30709 || Speed:   61.2 MC/s (2.090e-02 s/TS) || Energy: ~2.20e-14 (-17.06dB)
[@    10m14s] Timestep:        30923 || Speed:   60.7 MC/s (2.109e-02 s/TS) || Energy: ~1.13e-14 (-19.95dB)
[@    10m19s] Timestep:        31137 || Speed:   48.5 MC/s (2.642e-02 s/TS) || Energy: ~2.29e-14 (-16.90dB)
[@    10m23s] Timestep:        31351 || Speed:   68.0 MC/s (1.882e-02 s/TS) || Energy: ~9.60e-15 (-20.66dB)
[@    10m29s] Timestep:        31672 || Speed:   73.2 MC/s (1.750e-02 s/TS) || Energy: ~1.91e-14 (-17.66dB)
[@    10m33s] Timestep:        31894 || Speed:   67.6 MC/s (1.893e-02 s/TS) || Energy: ~8.39e-15 (-21.25dB)
[@    10m39s] Timestep:        32207 || Speed:   65.0 MC/s (1.970e-02 s/TS) || Energy: ~1.51e-14 (-18.70dB)
[@    10m44s] Timestep:        32421 || Speed:   59.9 MC/s (2.139e-02 s/TS) || Energy: ~8.21e-15 (-21.34dB)
[@    10m48s] Timestep:        32635 || Speed:   61.5 MC/s (2.082e-02 s/TS) || Energy: ~1.59e-14 (-18.47dB)
[@    10m53s] Timestep:        32849 || Speed:   59.7 MC/s (2.146e-02 s/TS) || Energy: ~6.69e-15 (-22.23dB)
[@    10m57s] Timestep:        33063 || Speed:   62.1 MC/s (2.062e-02 s/TS) || Energy: ~1.36e-14 (-19.16dB)
[@    11m02s] Timestep:        33277 || Speed:   61.9 MC/s (2.068e-02 s/TS) || Energy: ~8.12e-15 (-21.39dB)
[@    11m08s] Timestep:        33598 || Speed:   70.3 MC/s (1.821e-02 s/TS) || Energy: ~1.27e-14 (-19.46dB)
[@    11m12s] Timestep:        33812 || Speed:   62.7 MC/s (2.041e-02 s/TS) || Energy: ~5.93e-15 (-22.76dB)
[@    11m16s] Timestep:        34049 || Speed:   66.2 MC/s (1.933e-02 s/TS) || Energy: ~1.05e-14 (-20.28dB)
[@    11m22s] Timestep:        34347 || Speed:   69.3 MC/s (1.847e-02 s/TS) || Energy: ~4.69e-15 (-23.78dB)
[@    11m27s] Timestep:        34561 || Speed:   60.0 MC/s (2.133e-02 s/TS) || Energy: ~9.62e-15 (-20.66dB)
[@    11m31s] Timestep:        34775 || Speed:   64.6 MC/s (1.981e-02 s/TS) || Energy: ~5.53e-15 (-23.06dB)
[@    11m35s] Timestep:        34989 || Speed:   63.9 MC/s (2.004e-02 s/TS) || Energy: ~6.82e-15 (-22.15dB)
[@    11m40s] Timestep:        35203 || Speed:   61.4 MC/s (2.085e-02 s/TS) || Energy: ~7.05e-15 (-22.00dB)
[@    11m45s] Timestep:        35417 || Speed:   49.1 MC/s (2.607e-02 s/TS) || Energy: ~4.32e-15 (-24.13dB)
[@    11m51s] Timestep:        35738 || Speed:   72.2 MC/s (1.774e-02 s/TS) || Energy: ~5.21e-15 (-23.32dB)
[@    11m56s] Timestep:        36059 || Speed:   74.0 MC/s (1.731e-02 s/TS) || Energy: ~6.80e-15 (-22.16dB)
[@    12m01s] Timestep:        36273 || Speed:   66.0 MC/s (1.939e-02 s/TS) || Energy: ~3.77e-15 (-24.72dB)
[@    12m05s] Timestep:        36487 || Speed:   62.7 MC/s (2.041e-02 s/TS) || Energy: ~4.91e-15 (-23.58dB)
[@    12m09s] Timestep:        36701 || Speed:   66.9 MC/s (1.913e-02 s/TS) || Energy: ~4.82e-15 (-23.66dB)
[@    12m14s] Timestep:        36915 || Speed:   60.6 MC/s (2.114e-02 s/TS) || Energy: ~3.13e-15 (-25.53dB)
[@    12m18s] Timestep:        37129 || Speed:   56.6 MC/s (2.263e-02 s/TS) || Energy: ~5.33e-15 (-23.22dB)
[@    12m23s] Timestep:        37343 || Speed:   57.0 MC/s (2.244e-02 s/TS) || Energy: ~2.33e-15 (-26.82dB)
[@    12m29s] Timestep:        37664 || Speed:   74.4 MC/s (1.722e-02 s/TS) || Energy: ~4.31e-15 (-24.14dB)
[@    12m33s] Timestep:        37928 || Speed:   71.0 MC/s (1.802e-02 s/TS) || Energy: ~2.71e-15 (-26.16dB)
[@    12m38s] Timestep:        38199 || Speed:   72.8 MC/s (1.759e-02 s/TS) || Energy: ~3.30e-15 (-25.31dB)
[@    12m43s] Timestep:        38413 || Speed:   62.2 MC/s (2.059e-02 s/TS) || Energy: ~2.27e-15 (-26.93dB)
[@    12m47s] Timestep:        38627 || Speed:   64.3 MC/s (1.992e-02 s/TS) || Energy: ~3.69e-15 (-24.81dB)
[@    12m51s] Timestep:        38841 || Speed:   62.9 MC/s (2.035e-02 s/TS) || Energy: ~1.65e-15 (-28.32dB)
[@    12m56s] Timestep:        39055 || Speed:   60.7 MC/s (2.108e-02 s/TS) || Energy: ~3.38e-15 (-25.19dB)
[@    13m00s] Timestep:        39269 || Speed:   59.5 MC/s (2.153e-02 s/TS) || Energy: ~1.77e-15 (-28.00dB)
[@    13m05s] Timestep:        39483 || Speed:   64.3 MC/s (1.991e-02 s/TS) || Energy: ~2.53e-15 (-26.46dB)
[@    13m09s] Timestep:        39697 || Speed:   62.4 MC/s (2.052e-02 s/TS) || Energy: ~2.25e-15 (-26.95dB)
[@    13m13s] Timestep:        39911 || Speed:   68.1 MC/s (1.881e-02 s/TS) || Energy: ~1.64e-15 (-28.34dB)
[@    13m17s] Timestep:        40125 || Speed:   67.4 MC/s (1.901e-02 s/TS) || Energy: ~2.56e-15 (-26.40dB)
[@    13m21s] Timestep:        40339 || Speed:   66.7 MC/s (1.919e-02 s/TS) || Energy: ~1.17e-15 (-29.81dB)
[@    13m25s] Timestep:        40553 || Speed:   66.7 MC/s (1.920e-02 s/TS) || Energy: ~2.38e-15 (-26.72dB)
[@    13m30s] Timestep:        40767 || Speed:   61.7 MC/s (2.076e-02 s/TS) || Energy: ~1.22e-15 (-29.62dB)
[@    13m34s] Timestep:        40981 || Speed:   65.8 MC/s (1.947e-02 s/TS) || Energy: ~1.81e-15 (-27.91dB)
[@    13m38s] Timestep:        41195 || Speed:   64.5 MC/s (1.986e-02 s/TS) || Energy: ~1.54e-15 (-28.60dB)
[@    13m42s] Timestep:        41409 || Speed:   64.7 MC/s (1.978e-02 s/TS) || Energy: ~1.19e-15 (-29.74dB)
[@    13m47s] Timestep:        41623 || Speed:   60.8 MC/s (2.106e-02 s/TS) || Energy: ~1.77e-15 (-28.00dB)
[@    13m51s] Timestep:        41837 || Speed:   61.9 MC/s (2.067e-02 s/TS) || Energy: ~8.32e-16 (-31.28dB)
[@    13m56s] Timestep:        42051 || Speed:   63.8 MC/s (2.008e-02 s/TS) || Energy: ~1.67e-15 (-28.25dB)
[@    14m00s] Timestep:        42265 || Speed:   64.6 MC/s (1.982e-02 s/TS) || Energy: ~8.41e-16 (-31.24dB)
[@    14m04s] Timestep:        42479 || Speed:   64.5 MC/s (1.983e-02 s/TS) || Energy: ~1.29e-15 (-29.37dB)
[@    14m08s] Timestep:        42693 || Speed:   66.5 MC/s (1.925e-02 s/TS) || Energy: ~1.06e-15 (-30.24dB)
[@    14m12s] Timestep:        42907 || Speed:   67.2 MC/s (1.906e-02 s/TS) || Energy: ~8.57e-16 (-31.16dB)
[@    14m17s] Timestep:        43100 || Speed:   56.3 MC/s (2.274e-02 s/TS) || Energy: ~1.28e-15 (-29.41dB)
[@    14m21s] Timestep:        43442 || Speed:   99.9 MC/s (1.282e-02 s/TS) || Energy: ~9.04e-16 (-30.93dB)
[@    14m25s] Timestep:        43870 || Speed:  124.6 MC/s (1.027e-02 s/TS) || Energy: ~5.89e-16 (-32.78dB)
[@    14m30s] Timestep:        44298 || Speed:  133.8 MC/s (9.567e-03 s/TS) || Energy: ~4.68e-16 (-33.78dB)
[@    14m34s] Timestep:        44726 || Speed:  120.3 MC/s (1.064e-02 s/TS) || Energy: ~5.34e-16 (-33.21dB)
[@    14m38s] Timestep:        45154 || Speed:  130.9 MC/s (9.780e-03 s/TS) || Energy: ~6.62e-16 (-32.28dB)
[@    14m43s] Timestep:        45582 || Speed:  120.7 MC/s (1.061e-02 s/TS) || Energy: ~7.15e-16 (-31.94dB)
[@    14m48s] Timestep:        46010 || Speed:  108.3 MC/s (1.182e-02 s/TS) || Energy: ~6.34e-16 (-32.46dB)
[@    14m52s] Timestep:        46331 || Speed:   92.0 MC/s (1.391e-02 s/TS) || Energy: ~3.03e-16 (-35.67dB)
[@    14m57s] Timestep:        46759 || Speed:  107.1 MC/s (1.195e-02 s/TS) || Energy: ~2.80e-16 (-36.02dB)
[@    15m02s] Timestep:        47187 || Speed:  121.6 MC/s (1.053e-02 s/TS) || Energy: ~3.41e-16 (-35.16dB)
[@    15m07s] Timestep:        47615 || Speed:  118.6 MC/s (1.080e-02 s/TS) || Energy: ~4.04e-16 (-34.42dB)
[@    15m11s] Timestep:        48043 || Speed:  121.8 MC/s (1.051e-02 s/TS) || Energy: ~4.04e-16 (-34.42dB)
[@    15m16s] Timestep:        48471 || Speed:  124.3 MC/s (1.030e-02 s/TS) || Energy: ~3.32e-16 (-35.27dB)
[@    15m20s] Timestep:        48899 || Speed:  120.5 MC/s (1.063e-02 s/TS) || Energy: ~2.31e-16 (-36.86dB)
[@    15m25s] Timestep:        49327 || Speed:  112.2 MC/s (1.141e-02 s/TS) || Energy: ~1.55e-16 (-38.58dB)
[@    15m30s] Timestep:        49755 || Speed:   99.9 MC/s (1.282e-02 s/TS) || Energy: ~1.36e-16 (-39.16dB)
[@    15m35s] Timestep:        50183 || Speed:  110.0 MC/s (1.164e-02 s/TS) || Energy: ~1.61e-16 (-38.43dB)
[@    15m40s] Timestep:        50611 || Speed:  116.4 MC/s (1.100e-02 s/TS) || Energy: ~1.93e-16 (-37.64dB)
[@    15m45s] Timestep:        51039 || Speed:  119.3 MC/s (1.073e-02 s/TS) || Energy: ~1.97e-16 (-37.53dB)
[@    15m49s] Timestep:        51467 || Speed:  121.7 MC/s (1.052e-02 s/TS) || Energy: ~1.67e-16 (-38.26dB)
[@    15m54s] Timestep:        51895 || Speed:  121.0 MC/s (1.058e-02 s/TS) || Energy: ~1.19e-16 (-39.74dB)
[@    15m58s] Timestep:        52323 || Speed:  120.6 MC/s (1.061e-02 s/TS) || Energy: ~7.96e-17 (-41.47dB)
Time for 52323 iterations with 1280292.00 cells : 958.81 sec
Speed: 69.87 MCells/s 

     freq       S11   S21 coupling   AR embedded      Dmax
   5.725G   -18.24dB        -21.05dB         3.87dB     6.31dBi
   5.800G   -11.18dB        -20.72dB         2.18dB     6.02dBi
   5.875G    -6.67dB        -23.59dB         2.15dB     6.19dBi
