[m4] mesh 283x174x26 = 1.28 Mcells   ground 109.1 x 59.9 mm   pitch 25.8442 mm
openEMS - fixed number of threads: 8
 ---------------------------------------------------------------------- 
 | openEMS 64bit -- version v0.37.0-rc1-2-g7b051bb
 | (C) 2010-2026 Thorsten Liebig <thorsten.liebig@gmx.de>  GPL license
 ---------------------------------------------------------------------- 
	Used external libraries:
		CSXCAD -- Version: v0.7.0-rc1-1-g5115701
		hdf5   -- Version: 2.2.0
		          compiled against: HDF5 library version: 2.2.0
		tinyxml -- compiled against: 2.6.2
		fparser
		boost  -- compiled against: 1_90
		vtk -- disabled in this build

Create FDTD operator (compressed SSE + multi-threading)
FDTD simulation size: 283x174x26 --> 1.28029e+06 FDTD cells 
FDTD timestep is: 1.74273e-13 s; Nyquist rate: 431 timesteps @6.65675e+09 Hz
Excitation signal length is: 19340 timesteps (3.37044e-09s)
Max. number of timesteps: 140000 ( --> 7.23888 * Excitation signal length)
Create FDTD engine (compressed SSE + multi-threading)
Running FDTD engine... this may take a while... grab a cup of coffee?!?
[@        4s] Timestep:          321 || Speed:   88.3 MC/s (1.450e-02 s/TS) || Energy: ~6.20e-21 (- 0.00dB)
[@        9s] Timestep:          642 || Speed:   90.0 MC/s (1.422e-02 s/TS) || Energy: ~1.20e-20 (- 0.00dB)
[@       13s] Timestep:          963 || Speed:   87.0 MC/s (1.472e-02 s/TS) || Energy: ~7.06e-20 (- 0.00dB)
[@       18s] Timestep:         1177 || Speed:   64.2 MC/s (1.993e-02 s/TS) || Energy: ~9.55e-20 (- 0.00dB)
[@       24s] Timestep:         1391 || Speed:   44.9 MC/s (2.850e-02 s/TS) || Energy: ~3.17e-19 (- 0.00dB)
[@       29s] Timestep:         1605 || Speed:   48.5 MC/s (2.640e-02 s/TS) || Energy: ~4.16e-19 (- 0.00dB)
[@       34s] Timestep:         1819 || Speed:   59.7 MC/s (2.146e-02 s/TS) || Energy: ~1.16e-18 (- 0.00dB)
[@       40s] Timestep:         2140 || Speed:   67.4 MC/s (1.898e-02 s/TS) || Energy: ~2.18e-18 (- 0.00dB)
[@       45s] Timestep:         2354 || Speed:   61.3 MC/s (2.089e-02 s/TS) || Energy: ~6.17e-18 (- 0.00dB)
[@       49s] Timestep:         2568 || Speed:   60.3 MC/s (2.124e-02 s/TS) || Energy: ~8.49e-18 (- 0.00dB)
[@       54s] Timestep:         2782 || Speed:   60.6 MC/s (2.112e-02 s/TS) || Energy: ~1.87e-17 (- 0.00dB)
[@       58s] Timestep:         2996 || Speed:   59.8 MC/s (2.141e-02 s/TS) || Energy: ~3.28e-17 (- 0.00dB)
[@     1m03s] Timestep:         3210 || Speed:   62.9 MC/s (2.036e-02 s/TS) || Energy: ~5.13e-17 (- 0.00dB)
[@     1m07s] Timestep:         3448 || Speed:   66.3 MC/s (1.930e-02 s/TS) || Energy: ~1.15e-16 (- 0.00dB)
[@     1m13s] Timestep:         3745 || Speed:   68.1 MC/s (1.880e-02 s/TS) || Energy: ~2.14e-16 (- 0.00dB)
[@     1m19s] Timestep:         4066 || Speed:   70.3 MC/s (1.822e-02 s/TS) || Energy: ~4.22e-16 (- 0.00dB)
[@     1m23s] Timestep:         4280 || Speed:   67.1 MC/s (1.908e-02 s/TS) || Energy: ~7.90e-16 (- 0.00dB)
[@     1m27s] Timestep:         4494 || Speed:   65.9 MC/s (1.943e-02 s/TS) || Energy: ~1.22e-15 (- 0.00dB)
[@     1m31s] Timestep:         4708 || Speed:   67.1 MC/s (1.908e-02 s/TS) || Energy: ~1.81e-15 (- 0.00dB)
[@     1m35s] Timestep:         4922 || Speed:   64.0 MC/s (2.000e-02 s/TS) || Energy: ~3.17e-15 (- 0.00dB)
[@     1m40s] Timestep:         5136 || Speed:   62.5 MC/s (2.048e-02 s/TS) || Energy: ~4.10e-15 (- 0.00dB)
[@     1m46s] Timestep:         5457 || Speed:   69.4 MC/s (1.845e-02 s/TS) || Energy: ~8.42e-15 (- 0.00dB)
[@     1m50s] Timestep:         5671 || Speed:   65.7 MC/s (1.950e-02 s/TS) || Energy: ~1.13e-14 (- 0.00dB)
[@     1m54s] Timestep:         5885 || Speed:   67.8 MC/s (1.889e-02 s/TS) || Energy: ~1.80e-14 (- 0.00dB)
[@     1m58s] Timestep:         6099 || Speed:   65.7 MC/s (1.949e-02 s/TS) || Energy: ~2.32e-14 (- 0.00dB)
[@     2m02s] Timestep:         6313 || Speed:   67.2 MC/s (1.905e-02 s/TS) || Energy: ~3.47e-14 (- 0.00dB)
[@     2m06s] Timestep:         6527 || Speed:   65.1 MC/s (1.967e-02 s/TS) || Energy: ~4.58e-14 (- 0.00dB)
[@     2m10s] Timestep:         6741 || Speed:   64.4 MC/s (1.990e-02 s/TS) || Energy: ~6.27e-14 (- 0.00dB)
[@     2m15s] Timestep:         6955 || Speed:   64.2 MC/s (1.994e-02 s/TS) || Energy: ~8.34e-14 (- 0.00dB)
[@     2m19s] Timestep:         7169 || Speed:   59.8 MC/s (2.140e-02 s/TS) || Energy: ~1.09e-13 (- 0.00dB)
[@     2m24s] Timestep:         7383 || Speed:   65.0 MC/s (1.971e-02 s/TS) || Energy: ~1.39e-13 (- 0.00dB)
[@     2m28s] Timestep:         7597 || Speed:   68.3 MC/s (1.874e-02 s/TS) || Energy: ~1.83e-13 (- 0.00dB)
[@     2m32s] Timestep:         7811 || Speed:   64.7 MC/s (1.980e-02 s/TS) || Energy: ~2.17e-13 (- 0.00dB)
[@     2m36s] Timestep:         8025 || Speed:   67.6 MC/s (1.894e-02 s/TS) || Energy: ~2.82e-13 (- 0.00dB)
[@     2m40s] Timestep:         8239 || Speed:   64.6 MC/s (1.983e-02 s/TS) || Energy: ~3.30e-13 (- 0.00dB)
[@     2m44s] Timestep:         8453 || Speed:   68.0 MC/s (1.882e-02 s/TS) || Energy: ~3.98e-13 (- 0.00dB)
[@     2m50s] Timestep:         8774 || Speed:   70.9 MC/s (1.805e-02 s/TS) || Energy: ~4.88e-13 (- 0.00dB)
[@     2m54s] Timestep:         8988 || Speed:   63.3 MC/s (2.024e-02 s/TS) || Energy: ~6.08e-13 (- 0.00dB)
[@     2m58s] Timestep:         9202 || Speed:   67.0 MC/s (1.912e-02 s/TS) || Energy: ~6.78e-13 (- 0.00dB)
[@     3m03s] Timestep:         9416 || Speed:   58.8 MC/s (2.177e-02 s/TS) || Energy: ~7.36e-13 (- 0.00dB)
[@     3m07s] Timestep:         9630 || Speed:   63.0 MC/s (2.032e-02 s/TS) || Energy: ~8.99e-13 (- 0.00dB)
[@     3m11s] Timestep:         9844 || Speed:   66.0 MC/s (1.941e-02 s/TS) || Energy: ~8.56e-13 (- 0.21dB)
[@     3m17s] Timestep:        10165 || Speed:   68.9 MC/s (1.858e-02 s/TS) || Energy: ~1.06e-12 (- 0.00dB)
[@     3m22s] Timestep:        10379 || Speed:   66.8 MC/s (1.918e-02 s/TS) || Energy: ~1.07e-12 (- 0.00dB)
[@     3m26s] Timestep:        10593 || Speed:   67.4 MC/s (1.899e-02 s/TS) || Energy: ~1.25e-12 (- 0.00dB)
[@     3m30s] Timestep:        10807 || Speed:   67.8 MC/s (1.889e-02 s/TS) || Energy: ~1.14e-12 (- 0.41dB)
[@     3m34s] Timestep:        11021 || Speed:   68.0 MC/s (1.882e-02 s/TS) || Energy: ~1.36e-12 (- 0.00dB)
[@     3m38s] Timestep:        11235 || Speed:   64.6 MC/s (1.981e-02 s/TS) || Energy: ~1.20e-12 (- 0.54dB)
[@     3m42s] Timestep:        11449 || Speed:   65.7 MC/s (1.947e-02 s/TS) || Energy: ~1.40e-12 (- 0.00dB)
[@     3m47s] Timestep:        11663 || Speed:   62.1 MC/s (2.063e-02 s/TS) || Energy: ~1.23e-12 (- 0.59dB)
[@     3m52s] Timestep:        11984 || Speed:   69.3 MC/s (1.848e-02 s/TS) || Energy: ~1.41e-12 (- 0.00dB)
[@     3m57s] Timestep:        12198 || Speed:   61.3 MC/s (2.088e-02 s/TS) || Energy: ~1.16e-12 (- 0.83dB)
[@     4m01s] Timestep:        12412 || Speed:   64.3 MC/s (1.990e-02 s/TS) || Energy: ~1.45e-12 (- 0.00dB)
[@     4m06s] Timestep:        12626 || Speed:   62.5 MC/s (2.049e-02 s/TS) || Energy: ~1.06e-12 (- 1.39dB)
[@     4m10s] Timestep:        12840 || Speed:   62.8 MC/s (2.040e-02 s/TS) || Energy: ~1.42e-12 (- 0.09dB)
[@     4m14s] Timestep:        13054 || Speed:   65.2 MC/s (1.963e-02 s/TS) || Energy: ~1.05e-12 (- 1.43dB)
[@     4m20s] Timestep:        13361 || Speed:   65.8 MC/s (1.947e-02 s/TS) || Energy: ~1.44e-12 (- 0.05dB)
[@     4m25s] Timestep:        13589 || Speed:   59.5 MC/s (2.153e-02 s/TS) || Energy: ~8.37e-13 (- 2.40dB)
[@     4m29s] Timestep:        13803 || Speed:   67.3 MC/s (1.903e-02 s/TS) || Energy: ~1.32e-12 (- 0.41dB)
[@     4m33s] Timestep:        14017 || Speed:   64.8 MC/s (1.976e-02 s/TS) || Energy: ~9.43e-13 (- 1.88dB)
[@     4m38s] Timestep:        14223 || Speed:   61.7 MC/s (2.077e-02 s/TS) || Energy: ~9.91e-13 (- 1.66dB)
[@     4m42s] Timestep:        14445 || Speed:   65.9 MC/s (1.943e-02 s/TS) || Energy: ~1.17e-12 (- 0.95dB)
[@     4m46s] Timestep:        14654 || Speed:   63.8 MC/s (2.006e-02 s/TS) || Energy: ~7.10e-13 (- 3.11dB)
[@     4m50s] Timestep:        14873 || Speed:   68.1 MC/s (1.881e-02 s/TS) || Energy: ~1.29e-12 (- 0.51dB)
[@     4m54s] Timestep:        15085 || Speed:   65.6 MC/s (1.953e-02 s/TS) || Energy: ~6.22e-13 (- 3.69dB)
[@     4m58s] Timestep:        15301 || Speed:   67.8 MC/s (1.890e-02 s/TS) || Energy: ~1.17e-12 (- 0.93dB)
[@     5m03s] Timestep:        15515 || Speed:   65.2 MC/s (1.965e-02 s/TS) || Energy: ~7.52e-13 (- 2.86dB)
[@     5m07s] Timestep:        15729 || Speed:   57.8 MC/s (2.215e-02 s/TS) || Energy: ~8.80e-13 (- 2.18dB)
[@     5m12s] Timestep:        15943 || Speed:   61.5 MC/s (2.083e-02 s/TS) || Energy: ~9.58e-13 (- 1.81dB)
[@     5m16s] Timestep:        16157 || Speed:   61.4 MC/s (2.084e-02 s/TS) || Energy: ~6.15e-13 (- 3.74dB)
[@     5m21s] Timestep:        16371 || Speed:   61.5 MC/s (2.083e-02 s/TS) || Energy: ~1.03e-12 (- 1.48dB)
[@     5m25s] Timestep:        16585 || Speed:   64.1 MC/s (1.999e-02 s/TS) || Energy: ~5.28e-13 (- 4.40dB)
[@     5m29s] Timestep:        16799 || Speed:   64.3 MC/s (1.991e-02 s/TS) || Energy: ~9.11e-13 (- 2.03dB)
[@     5m33s] Timestep:        17013 || Speed:   65.7 MC/s (1.950e-02 s/TS) || Energy: ~6.07e-13 (- 3.79dB)
[@     5m38s] Timestep:        17227 || Speed:   66.7 MC/s (1.921e-02 s/TS) || Energy: ~6.77e-13 (- 3.32dB)
[@     5m43s] Timestep:        17548 || Speed:   70.9 MC/s (1.806e-02 s/TS) || Energy: ~4.90e-13 (- 4.73dB)
[@     5m48s] Timestep:        17762 || Speed:   58.7 MC/s (2.179e-02 s/TS) || Energy: ~6.64e-13 (- 3.40dB)
[@     5m52s] Timestep:        17976 || Speed:   65.9 MC/s (1.943e-02 s/TS) || Energy: ~5.62e-13 (- 4.13dB)
[@     5m57s] Timestep:        18190 || Speed:   59.9 MC/s (2.137e-02 s/TS) || Energy: ~4.75e-13 (- 4.86dB)
[@     6m01s] Timestep:        18404 || Speed:   62.8 MC/s (2.040e-02 s/TS) || Energy: ~5.97e-13 (- 3.87dB)
[@     6m06s] Timestep:        18618 || Speed:   61.2 MC/s (2.092e-02 s/TS) || Energy: ~3.65e-13 (- 6.01dB)
[@     6m10s] Timestep:        18832 || Speed:   62.0 MC/s (2.065e-02 s/TS) || Energy: ~5.39e-13 (- 4.31dB)
[@     6m14s] Timestep:        19046 || Speed:   63.9 MC/s (2.003e-02 s/TS) || Energy: ~3.47e-13 (- 6.23dB)
[@     6m18s] Timestep:        19260 || Speed:   66.9 MC/s (1.914e-02 s/TS) || Energy: ~4.19e-13 (- 5.40dB)
[@     6m23s] Timestep:        19474 || Speed:   62.1 MC/s (2.063e-02 s/TS) || Energy: ~3.67e-13 (- 5.98dB)
[@     6m27s] Timestep:        19688 || Speed:   66.8 MC/s (1.915e-02 s/TS) || Energy: ~3.04e-13 (- 6.80dB)
[@     6m31s] Timestep:        19902 || Speed:   65.4 MC/s (1.959e-02 s/TS) || Energy: ~3.63e-13 (- 6.02dB)
[@     6m36s] Timestep:        20116 || Speed:   62.5 MC/s (2.049e-02 s/TS) || Energy: ~2.38e-13 (- 7.87dB)
[@     6m40s] Timestep:        20330 || Speed:   61.0 MC/s (2.100e-02 s/TS) || Energy: ~3.15e-13 (- 6.65dB)
[@     6m45s] Timestep:        20544 || Speed:   60.8 MC/s (2.104e-02 s/TS) || Energy: ~2.20e-13 (- 8.19dB)
[@     6m49s] Timestep:        20758 || Speed:   59.6 MC/s (2.148e-02 s/TS) || Energy: ~2.41e-13 (- 7.80dB)
[@     6m54s] Timestep:        20972 || Speed:   51.7 MC/s (2.476e-02 s/TS) || Energy: ~2.20e-13 (- 8.21dB)
[@     7m01s] Timestep:        21293 || Speed:   66.6 MC/s (1.924e-02 s/TS) || Energy: ~2.06e-13 (- 8.48dB)
[@     7m05s] Timestep:        21550 || Speed:   68.5 MC/s (1.870e-02 s/TS) || Energy: ~1.54e-13 (- 9.74dB)
[@     7m11s] Timestep:        21828 || Speed:   68.3 MC/s (1.875e-02 s/TS) || Energy: ~1.71e-13 (- 9.29dB)
[@     7m15s] Timestep:        22042 || Speed:   64.5 MC/s (1.985e-02 s/TS) || Energy: ~1.31e-13 (-10.46dB)
[@     7m19s] Timestep:        22256 || Speed:   63.2 MC/s (2.025e-02 s/TS) || Energy: ~1.30e-13 (-10.47dB)
[@     7m24s] Timestep:        22470 || Speed:   61.9 MC/s (2.070e-02 s/TS) || Energy: ~1.24e-13 (-10.69dB)
[@     7m28s] Timestep:        22684 || Speed:   60.5 MC/s (2.117e-02 s/TS) || Energy: ~9.87e-14 (-11.68dB)
[@     7m33s] Timestep:        22898 || Speed:   59.5 MC/s (2.152e-02 s/TS) || Energy: ~1.11e-13 (-11.19dB)
[@     7m37s] Timestep:        23112 || Speed:   62.8 MC/s (2.038e-02 s/TS) || Energy: ~8.18e-14 (-12.50dB)
[@     7m42s] Timestep:        23326 || Speed:   58.9 MC/s (2.173e-02 s/TS) || Energy: ~8.93e-14 (-12.12dB)
[@     7m48s] Timestep:        23647 || Speed:   69.3 MC/s (1.849e-02 s/TS) || Energy: ~6.58e-14 (-13.44dB)
[@     7m52s] Timestep:        23861 || Speed:   66.6 MC/s (1.922e-02 s/TS) || Energy: ~7.23e-14 (-13.04dB)
[@     7m57s] Timestep:        24136 || Speed:   67.3 MC/s (1.904e-02 s/TS) || Energy: ~5.43e-14 (-14.28dB)
[@     8m02s] Timestep:        24396 || Speed:   67.0 MC/s (1.911e-02 s/TS) || Energy: ~5.80e-14 (-13.99dB)
[@     8m07s] Timestep:        24610 || Speed:   59.9 MC/s (2.137e-02 s/TS) || Energy: ~4.59e-14 (-15.01dB)
[@     8m11s] Timestep:        24824 || Speed:   60.2 MC/s (2.126e-02 s/TS) || Energy: ~4.56e-14 (-15.04dB)
[@     8m15s] Timestep:        24998 || Speed:   53.2 MC/s (2.407e-02 s/TS) || Energy: ~4.40e-14 (-15.19dB)
[@     8m21s] Timestep:        25252 || Speed:   55.1 MC/s (2.322e-02 s/TS) || Energy: ~3.50e-14 (-16.19dB)
[@     8m26s] Timestep:        25429 || Speed:   49.4 MC/s (2.590e-02 s/TS) || Energy: ~3.77e-14 (-15.87dB)
[@     8m31s] Timestep:        25680 || Speed:   66.9 MC/s (1.913e-02 s/TS) || Energy: ~2.86e-14 (-17.06dB)
[@     8m35s] Timestep:        25894 || Speed:   64.5 MC/s (1.986e-02 s/TS) || Energy: ~3.04e-14 (-16.80dB)
[@     8m39s] Timestep:        26108 || Speed:   62.3 MC/s (2.056e-02 s/TS) || Energy: ~2.57e-14 (-17.53dB)
[@     8m43s] Timestep:        26291 || Speed:   55.5 MC/s (2.306e-02 s/TS) || Energy: ~2.28e-14 (-18.04dB)
[@     8m49s] Timestep:        26536 || Speed:   55.0 MC/s (2.326e-02 s/TS) || Energy: ~2.36e-14 (-17.89dB)
[@     8m54s] Timestep:        26750 || Speed:   60.8 MC/s (2.104e-02 s/TS) || Energy: ~1.81e-14 (-19.05dB)
[@     8m58s] Timestep:        26964 || Speed:   66.1 MC/s (1.936e-02 s/TS) || Energy: ~2.05e-14 (-18.52dB)
[@     9m02s] Timestep:        27153 || Speed:   60.2 MC/s (2.126e-02 s/TS) || Energy: ~1.62e-14 (-19.53dB)
[@     9m07s] Timestep:        27392 || Speed:   58.9 MC/s (2.173e-02 s/TS) || Energy: ~1.62e-14 (-19.53dB)
[@     9m11s] Timestep:        27584 || Speed:   56.2 MC/s (2.277e-02 s/TS) || Energy: ~1.52e-14 (-19.81dB)
[@     9m16s] Timestep:        27820 || Speed:   61.5 MC/s (2.081e-02 s/TS) || Energy: ~1.22e-14 (-20.77dB)
[@     9m21s] Timestep:        28015 || Speed:   57.8 MC/s (2.214e-02 s/TS) || Energy: ~1.38e-14 (-20.22dB)
[@     9m25s] Timestep:        28248 || Speed:   66.0 MC/s (1.939e-02 s/TS) || Energy: ~9.61e-15 (-21.80dB)
[@     9m29s] Timestep:        28446 || Speed:   60.4 MC/s (2.120e-02 s/TS) || Energy: ~1.15e-14 (-21.01dB)
[@     9m34s] Timestep:        28676 || Speed:   63.6 MC/s (2.012e-02 s/TS) || Energy: ~8.65e-15 (-22.26dB)
[@     9m38s] Timestep:        28890 || Speed:   65.2 MC/s (1.964e-02 s/TS) || Energy: ~8.99e-15 (-22.09dB)
[@     9m44s] Timestep:        29211 || Speed:   70.1 MC/s (1.827e-02 s/TS) || Energy: ~6.68e-15 (-23.38dB)
[@     9m48s] Timestep:        29425 || Speed:   64.7 MC/s (1.979e-02 s/TS) || Energy: ~7.87e-15 (-22.67dB)
[@     9m52s] Timestep:        29639 || Speed:   66.3 MC/s (1.932e-02 s/TS) || Energy: ~6.50e-15 (-23.50dB)
[@     9m57s] Timestep:        29853 || Speed:   63.7 MC/s (2.009e-02 s/TS) || Energy: ~5.83e-15 (-23.97dB)
[@    10m01s] Timestep:        30067 || Speed:   60.6 MC/s (2.114e-02 s/TS) || Energy: ~6.43e-15 (-23.54dB)
[@    10m06s] Timestep:        30281 || Speed:   53.0 MC/s (2.417e-02 s/TS) || Energy: ~4.38e-15 (-25.21dB)
[@    10m11s] Timestep:        30495 || Speed:   55.1 MC/s (2.322e-02 s/TS) || Energy: ~5.85e-15 (-23.95dB)
[@    10m17s] Timestep:        30816 || Speed:   70.2 MC/s (1.825e-02 s/TS) || Energy: ~3.83e-15 (-25.80dB)
[@    10m23s] Timestep:        31137 || Speed:   69.2 MC/s (1.849e-02 s/TS) || Energy: ~3.83e-15 (-25.79dB)
[@    10m27s] Timestep:        31351 || Speed:   66.0 MC/s (1.938e-02 s/TS) || Energy: ~3.48e-15 (-26.21dB)
[@    10m32s] Timestep:        31565 || Speed:   59.9 MC/s (2.139e-02 s/TS) || Energy: ~3.90e-15 (-25.72dB)
[@    10m36s] Timestep:        31779 || Speed:   61.2 MC/s (2.093e-02 s/TS) || Energy: ~2.59e-15 (-27.49dB)
[@    10m41s] Timestep:        31993 || Speed:   59.3 MC/s (2.159e-02 s/TS) || Energy: ~3.62e-15 (-26.04dB)
[@    10m45s] Timestep:        32207 || Speed:   63.0 MC/s (2.032e-02 s/TS) || Energy: ~2.26e-15 (-28.09dB)
[@    10m50s] Timestep:        32421 || Speed:   61.8 MC/s (2.071e-02 s/TS) || Energy: ~2.96e-15 (-26.91dB)
[@    10m54s] Timestep:        32635 || Speed:   67.0 MC/s (1.910e-02 s/TS) || Energy: ~2.31e-15 (-27.99dB)
[@    10m58s] Timestep:        32849 || Speed:   67.3 MC/s (1.903e-02 s/TS) || Energy: ~2.19e-15 (-28.22dB)
[@    11m04s] Timestep:        33170 || Speed:   69.5 MC/s (1.843e-02 s/TS) || Energy: ~1.76e-15 (-29.18dB)
[@    11m08s] Timestep:        33384 || Speed:   68.1 MC/s (1.881e-02 s/TS) || Energy: ~2.07e-15 (-28.46dB)
[@    11m12s] Timestep:        33618 || Speed:   66.6 MC/s (1.921e-02 s/TS) || Energy: ~1.75e-15 (-29.20dB)
[@    11m19s] Timestep:        33919 || Speed:   62.8 MC/s (2.038e-02 s/TS) || Energy: ~1.92e-15 (-28.79dB)
[@    11m23s] Timestep:        34133 || Speed:   64.1 MC/s (1.999e-02 s/TS) || Energy: ~1.41e-15 (-30.13dB)
[@    11m27s] Timestep:        34347 || Speed:   61.8 MC/s (2.073e-02 s/TS) || Energy: ~1.44e-15 (-30.03dB)
[@    11m32s] Timestep:        34561 || Speed:   54.0 MC/s (2.369e-02 s/TS) || Energy: ~1.51e-15 (-29.85dB)
[@    11m37s] Timestep:        34775 || Speed:   59.1 MC/s (2.166e-02 s/TS) || Energy: ~1.06e-15 (-31.39dB)
[@    11m41s] Timestep:        34989 || Speed:   67.5 MC/s (1.897e-02 s/TS) || Energy: ~1.48e-15 (-29.93dB)
[@    11m46s] Timestep:        35310 || Speed:   74.5 MC/s (1.719e-02 s/TS) || Energy: ~1.01e-15 (-31.58dB)
[@    11m51s] Timestep:        35524 || Speed:   67.6 MC/s (1.893e-02 s/TS) || Energy: ~1.21e-15 (-30.80dB)
[@    11m55s] Timestep:        35738 || Speed:   61.1 MC/s (2.096e-02 s/TS) || Energy: ~7.61e-16 (-32.81dB)
[@    11m59s] Timestep:        35952 || Speed:   68.3 MC/s (1.875e-02 s/TS) || Energy: ~1.14e-15 (-31.06dB)
[@    12m03s] Timestep:        36166 || Speed:   61.7 MC/s (2.075e-02 s/TS) || Energy: ~6.83e-16 (-33.28dB)
[@    12m08s] Timestep:        36380 || Speed:   57.0 MC/s (2.245e-02 s/TS) || Energy: ~9.40e-16 (-31.90dB)
[@    12m13s] Timestep:        36594 || Speed:   56.4 MC/s (2.268e-02 s/TS) || Energy: ~7.24e-16 (-33.03dB)
[@    12m19s] Timestep:        36915 || Speed:   73.4 MC/s (1.745e-02 s/TS) || Energy: ~8.66e-16 (-32.25dB)
[@    12m23s] Timestep:        37129 || Speed:   68.5 MC/s (1.869e-02 s/TS) || Energy: ~5.52e-16 (-34.21dB)
[@    12m29s] Timestep:        37450 || Speed:   69.7 MC/s (1.837e-02 s/TS) || Energy: ~7.59e-16 (-32.82dB)
[@    12m33s] Timestep:        37664 || Speed:   62.9 MC/s (2.034e-02 s/TS) || Energy: ~4.39e-16 (-35.21dB)
[@    12m37s] Timestep:        37878 || Speed:   64.4 MC/s (1.987e-02 s/TS) || Energy: ~6.49e-16 (-33.50dB)
[@    12m42s] Timestep:        38092 || Speed:   61.8 MC/s (2.071e-02 s/TS) || Energy: ~4.56e-16 (-35.03dB)
[@    12m46s] Timestep:        38306 || Speed:   61.0 MC/s (2.100e-02 s/TS) || Energy: ~4.91e-16 (-34.72dB)
[@    12m51s] Timestep:        38520 || Speed:   59.7 MC/s (2.144e-02 s/TS) || Energy: ~5.01e-16 (-34.62dB)
[@    12m55s] Timestep:        38734 || Speed:   63.1 MC/s (2.029e-02 s/TS) || Energy: ~3.54e-16 (-36.13dB)
[@    12m59s] Timestep:        38948 || Speed:   62.7 MC/s (2.043e-02 s/TS) || Energy: ~5.09e-16 (-34.56dB)
[@    13m03s] Timestep:        39162 || Speed:   68.2 MC/s (1.876e-02 s/TS) || Energy: ~2.87e-16 (-37.05dB)
[@    13m08s] Timestep:        39376 || Speed:   65.7 MC/s (1.950e-02 s/TS) || Energy: ~4.51e-16 (-35.09dB)
[@    13m12s] Timestep:        39590 || Speed:   66.9 MC/s (1.913e-02 s/TS) || Energy: ~2.90e-16 (-37.00dB)
[@    13m16s] Timestep:        39804 || Speed:   67.1 MC/s (1.907e-02 s/TS) || Energy: ~3.49e-16 (-36.20dB)
[@    13m20s] Timestep:        40018 || Speed:   61.5 MC/s (2.083e-02 s/TS) || Energy: ~3.24e-16 (-36.52dB)
[@    13m24s] Timestep:        40232 || Speed:   67.7 MC/s (1.890e-02 s/TS) || Energy: ~2.49e-16 (-37.66dB)
[@    13m29s] Timestep:        40446 || Speed:   64.2 MC/s (1.993e-02 s/TS) || Energy: ~3.41e-16 (-36.30dB)
[@    13m33s] Timestep:        40660 || Speed:   64.7 MC/s (1.978e-02 s/TS) || Energy: ~1.92e-16 (-38.80dB)
[@    13m37s] Timestep:        40874 || Speed:   60.7 MC/s (2.108e-02 s/TS) || Energy: ~3.14e-16 (-36.66dB)
[@    13m42s] Timestep:        41088 || Speed:   62.5 MC/s (2.050e-02 s/TS) || Energy: ~1.86e-16 (-38.94dB)
[@    13m46s] Timestep:        41302 || Speed:   63.0 MC/s (2.031e-02 s/TS) || Energy: ~2.50e-16 (-37.65dB)
[@    13m50s] Timestep:        41516 || Speed:   63.3 MC/s (2.023e-02 s/TS) || Energy: ~2.09e-16 (-38.42dB)
[@    13m55s] Timestep:        41730 || Speed:   66.5 MC/s (1.926e-02 s/TS) || Energy: ~1.78e-16 (-39.12dB)
[@    13m59s] Timestep:        41944 || Speed:   64.7 MC/s (1.978e-02 s/TS) || Energy: ~2.28e-16 (-38.04dB)
[@    14m03s] Timestep:        42158 || Speed:   67.7 MC/s (1.891e-02 s/TS) || Energy: ~1.31e-16 (-40.47dB)
Time for 42158 iterations with 1280292.00 cells : 843.32 sec
Speed: 64.00 MCells/s 

     freq       S11   S21 coupling   AR embedded      Dmax
   5.725G   -11.64dB        -21.41dB         4.02dB     6.15dBi
   5.800G    -8.42dB        -20.95dB         4.24dB     6.53dBi
   5.875G    -6.41dB        -23.05dB         7.54dB     6.62dBi
