[m5] mesh 283x173x26 = 1.27 Mcells   ground 108.9 x 60.0 mm   pitch 25.8442 mm
openEMS - fixed number of threads: 8
 ---------------------------------------------------------------------- 
 | openEMS 64bit -- version v0.37.0-rc1-2-g7b051bb
 | (C) 2010-2026 Thorsten Liebig <thorsten.liebig@gmx.de>  GPL license
 ---------------------------------------------------------------------- 
	Used external libraries:
		CSXCAD -- Version: v0.7.0-rc1-1-g5115701
		hdf5   -- Version: 2.2.0
		          compiled against: HDF5 library version: 2.2.0
		tinyxml -- compiled against: 2.6.2
		fparser
		boost  -- compiled against: 1_90
		vtk -- disabled in this build

Create FDTD operator (compressed SSE + multi-threading)
FDTD simulation size: 283x173x26 --> 1.27293e+06 FDTD cells 
FDTD timestep is: 1.75014e-13 s; Nyquist rate: 429 timesteps @6.65946e+09 Hz
Excitation signal length is: 19258 timesteps (3.37043e-09s)
Max. number of timesteps: 140000 ( --> 7.26971 * Excitation signal length)
Create FDTD engine (compressed SSE + multi-threading)
Running FDTD engine... this may take a while... grab a cup of coffee?!?
[@        5s] Timestep:          321 || Speed:   80.1 MC/s (1.590e-02 s/TS) || Energy: ~7.03e-21 (- 0.00dB)
[@       10s] Timestep:          749 || Speed:  107.5 MC/s (1.184e-02 s/TS) || Energy: ~2.91e-20 (- 0.00dB)
[@       14s] Timestep:         1070 || Speed:   88.8 MC/s (1.434e-02 s/TS) || Energy: ~7.24e-20 (- 0.00dB)
[@       19s] Timestep:         1391 || Speed:   80.0 MC/s (1.592e-02 s/TS) || Energy: ~3.60e-19 (- 0.00dB)
[@       23s] Timestep:         1605 || Speed:   67.4 MC/s (1.890e-02 s/TS) || Energy: ~4.24e-19 (- 0.00dB)
[@       29s] Timestep:         1819 || Speed:   45.3 MC/s (2.811e-02 s/TS) || Energy: ~1.38e-18 (- 0.00dB)
[@       34s] Timestep:         2033 || Speed:   59.1 MC/s (2.155e-02 s/TS) || Energy: ~1.95e-18 (- 0.00dB)
[@       39s] Timestep:         2247 || Speed:   58.2 MC/s (2.189e-02 s/TS) || Energy: ~4.33e-18 (- 0.00dB)
[@       43s] Timestep:         2461 || Speed:   65.6 MC/s (1.942e-02 s/TS) || Energy: ~8.64e-18 (- 0.00dB)
[@       47s] Timestep:         2675 || Speed:   66.7 MC/s (1.908e-02 s/TS) || Energy: ~1.25e-17 (- 0.00dB)
[@       53s] Timestep:         2996 || Speed:   68.6 MC/s (1.856e-02 s/TS) || Energy: ~3.50e-17 (- 0.00dB)
[@       57s] Timestep:         3210 || Speed:   66.1 MC/s (1.926e-02 s/TS) || Energy: ~5.99e-17 (- 0.00dB)
[@     1m01s] Timestep:         3424 || Speed:   68.1 MC/s (1.870e-02 s/TS) || Energy: ~1.25e-16 (- 0.00dB)
[@     1m05s] Timestep:         3638 || Speed:   62.9 MC/s (2.024e-02 s/TS) || Energy: ~1.58e-16 (- 0.00dB)
[@     1m10s] Timestep:         3852 || Speed:   61.3 MC/s (2.077e-02 s/TS) || Energy: ~3.75e-16 (- 0.00dB)
[@     1m14s] Timestep:         4066 || Speed:   62.7 MC/s (2.031e-02 s/TS) || Energy: ~4.52e-16 (- 0.00dB)
[@     1m18s] Timestep:         4290 || Speed:   66.0 MC/s (1.929e-02 s/TS) || Energy: ~9.77e-16 (- 0.00dB)
[@     1m24s] Timestep:         4601 || Speed:   66.5 MC/s (1.915e-02 s/TS) || Energy: ~1.48e-15 (- 0.00dB)
[@     1m30s] Timestep:         4922 || Speed:   68.0 MC/s (1.872e-02 s/TS) || Energy: ~3.68e-15 (- 0.00dB)
[@     1m35s] Timestep:         5136 || Speed:   67.2 MC/s (1.895e-02 s/TS) || Energy: ~4.51e-15 (- 0.00dB)
[@     1m39s] Timestep:         5350 || Speed:   63.1 MC/s (2.017e-02 s/TS) || Energy: ~8.63e-15 (- 0.00dB)
[@     1m43s] Timestep:         5564 || Speed:   62.9 MC/s (2.022e-02 s/TS) || Energy: ~1.02e-14 (- 0.00dB)
[@     1m48s] Timestep:         5778 || Speed:   62.3 MC/s (2.044e-02 s/TS) || Energy: ~1.74e-14 (- 0.00dB)
[@     1m52s] Timestep:         5992 || Speed:   64.0 MC/s (1.988e-02 s/TS) || Energy: ~2.34e-14 (- 0.00dB)
[@     1m56s] Timestep:         6206 || Speed:   64.7 MC/s (1.969e-02 s/TS) || Energy: ~3.16e-14 (- 0.00dB)
[@     2m00s] Timestep:         6420 || Speed:   65.8 MC/s (1.935e-02 s/TS) || Energy: ~4.91e-14 (- 0.00dB)
[@     2m04s] Timestep:         6634 || Speed:   67.6 MC/s (1.882e-02 s/TS) || Energy: ~5.66e-14 (- 0.00dB)
[@     2m09s] Timestep:         6864 || Speed:   67.2 MC/s (1.895e-02 s/TS) || Energy: ~9.22e-14 (- 0.00dB)
[@     2m14s] Timestep:         7169 || Speed:   67.9 MC/s (1.875e-02 s/TS) || Energy: ~1.16e-13 (- 0.00dB)
[@     2m18s] Timestep:         7383 || Speed:   67.9 MC/s (1.874e-02 s/TS) || Energy: ~1.74e-13 (- 0.00dB)
[@     2m22s] Timestep:         7597 || Speed:   67.2 MC/s (1.895e-02 s/TS) || Energy: ~1.92e-13 (- 0.00dB)
[@     2m27s] Timestep:         7811 || Speed:   65.0 MC/s (1.958e-02 s/TS) || Energy: ~2.65e-13 (- 0.00dB)
[@     2m31s] Timestep:         8025 || Speed:   63.1 MC/s (2.016e-02 s/TS) || Energy: ~3.16e-13 (- 0.00dB)
[@     2m36s] Timestep:         8239 || Speed:   55.9 MC/s (2.276e-02 s/TS) || Energy: ~3.70e-13 (- 0.00dB)
[@     2m40s] Timestep:         8453 || Speed:   63.3 MC/s (2.010e-02 s/TS) || Energy: ~4.84e-13 (- 0.00dB)
[@     2m44s] Timestep:         8667 || Speed:   60.7 MC/s (2.098e-02 s/TS) || Energy: ~5.05e-13 (- 0.00dB)
[@     2m49s] Timestep:         8881 || Speed:   63.8 MC/s (1.996e-02 s/TS) || Energy: ~6.61e-13 (- 0.00dB)
[@     2m53s] Timestep:         9095 || Speed:   63.6 MC/s (2.000e-02 s/TS) || Energy: ~6.96e-13 (- 0.00dB)
[@     2m57s] Timestep:         9309 || Speed:   66.8 MC/s (1.906e-02 s/TS) || Energy: ~8.11e-13 (- 0.00dB)
[@     3m01s] Timestep:         9523 || Speed:   66.0 MC/s (1.928e-02 s/TS) || Energy: ~9.31e-13 (- 0.00dB)
[@     3m07s] Timestep:         9844 || Speed:   70.7 MC/s (1.801e-02 s/TS) || Energy: ~1.05e-12 (- 0.00dB)
[@     3m12s] Timestep:        10058 || Speed:   60.4 MC/s (2.109e-02 s/TS) || Energy: ~1.14e-12 (- 0.00dB)
[@     3m16s] Timestep:        10272 || Speed:   67.3 MC/s (1.891e-02 s/TS) || Energy: ~1.14e-12 (- 0.00dB)
[@     3m20s] Timestep:        10486 || Speed:   60.1 MC/s (2.117e-02 s/TS) || Energy: ~1.32e-12 (- 0.00dB)
[@     3m24s] Timestep:        10700 || Speed:   63.5 MC/s (2.006e-02 s/TS) || Energy: ~1.24e-12 (- 0.26dB)
[@     3m29s] Timestep:        10914 || Speed:   60.0 MC/s (2.123e-02 s/TS) || Energy: ~1.38e-12 (- 0.00dB)
[@     3m33s] Timestep:        11128 || Speed:   63.4 MC/s (2.008e-02 s/TS) || Energy: ~1.36e-12 (- 0.05dB)
[@     3m38s] Timestep:        11342 || Speed:   60.8 MC/s (2.095e-02 s/TS) || Energy: ~1.34e-12 (- 0.12dB)
[@     3m42s] Timestep:        11556 || Speed:   66.0 MC/s (1.929e-02 s/TS) || Energy: ~1.44e-12 (- 0.00dB)
[@     3m46s] Timestep:        11770 || Speed:   61.5 MC/s (2.071e-02 s/TS) || Energy: ~1.30e-12 (- 0.43dB)
[@     3m50s] Timestep:        11984 || Speed:   65.8 MC/s (1.933e-02 s/TS) || Energy: ~1.39e-12 (- 0.14dB)
[@     3m55s] Timestep:        12198 || Speed:   60.5 MC/s (2.104e-02 s/TS) || Energy: ~1.30e-12 (- 0.42dB)
[@     3m59s] Timestep:        12412 || Speed:   65.8 MC/s (1.934e-02 s/TS) || Energy: ~1.26e-12 (- 0.58dB)
[@     4m03s] Timestep:        12626 || Speed:   63.9 MC/s (1.991e-02 s/TS) || Energy: ~1.30e-12 (- 0.43dB)
[@     4m08s] Timestep:        12870 || Speed:   70.3 MC/s (1.812e-02 s/TS) || Energy: ~1.13e-12 (- 1.03dB)
[@     4m13s] Timestep:        13161 || Speed:   65.5 MC/s (1.945e-02 s/TS) || Energy: ~1.20e-12 (- 0.78dB)
[@     4m18s] Timestep:        13375 || Speed:   65.1 MC/s (1.954e-02 s/TS) || Energy: ~1.03e-12 (- 1.44dB)
[@     4m22s] Timestep:        13589 || Speed:   66.9 MC/s (1.902e-02 s/TS) || Energy: ~1.14e-12 (- 1.01dB)
[@     4m26s] Timestep:        13803 || Speed:   64.4 MC/s (1.977e-02 s/TS) || Energy: ~9.86e-13 (- 1.64dB)
[@     4m30s] Timestep:        14017 || Speed:   62.5 MC/s (2.036e-02 s/TS) || Energy: ~1.01e-12 (- 1.52dB)
[@     4m35s] Timestep:        14231 || Speed:   58.8 MC/s (2.165e-02 s/TS) || Energy: ~1.00e-12 (- 1.56dB)
[@     4m39s] Timestep:        14445 || Speed:   65.8 MC/s (1.935e-02 s/TS) || Energy: ~8.80e-13 (- 2.13dB)
[@     4m44s] Timestep:        14659 || Speed:   60.4 MC/s (2.109e-02 s/TS) || Energy: ~1.01e-12 (- 1.54dB)
[@     4m48s] Timestep:        14873 || Speed:   65.9 MC/s (1.932e-02 s/TS) || Energy: ~8.05e-13 (- 2.51dB)
[@     4m52s] Timestep:        15087 || Speed:   64.5 MC/s (1.973e-02 s/TS) || Energy: ~9.52e-13 (- 1.79dB)
[@     4m56s] Timestep:        15301 || Speed:   66.0 MC/s (1.930e-02 s/TS) || Energy: ~8.02e-13 (- 2.53dB)
[@     5m00s] Timestep:        15515 || Speed:   64.3 MC/s (1.980e-02 s/TS) || Energy: ~8.43e-13 (- 2.32dB)
[@     5m06s] Timestep:        15836 || Speed:   69.6 MC/s (1.828e-02 s/TS) || Energy: ~7.14e-13 (- 3.04dB)
[@     5m11s] Timestep:        16050 || Speed:   59.9 MC/s (2.124e-02 s/TS) || Energy: ~8.34e-13 (- 2.36dB)
[@     5m15s] Timestep:        16264 || Speed:   63.7 MC/s (1.997e-02 s/TS) || Energy: ~7.29e-13 (- 2.94dB)
[@     5m19s] Timestep:        16478 || Speed:   61.0 MC/s (2.085e-02 s/TS) || Energy: ~7.12e-13 (- 3.05dB)
[@     5m24s] Timestep:        16692 || Speed:   63.9 MC/s (1.992e-02 s/TS) || Energy: ~7.60e-13 (- 2.77dB)
[@     5m28s] Timestep:        16906 || Speed:   59.5 MC/s (2.140e-02 s/TS) || Energy: ~5.97e-13 (- 3.82dB)
[@     5m32s] Timestep:        17120 || Speed:   66.6 MC/s (1.911e-02 s/TS) || Energy: ~7.53e-13 (- 2.80dB)
[@     5m37s] Timestep:        17334 || Speed:   58.9 MC/s (2.162e-02 s/TS) || Energy: ~5.36e-13 (- 4.28dB)
[@     5m42s] Timestep:        17589 || Speed:   66.9 MC/s (1.903e-02 s/TS) || Energy: ~6.96e-13 (- 3.14dB)
[@     5m47s] Timestep:        17869 || Speed:   66.5 MC/s (1.914e-02 s/TS) || Energy: ~4.69e-13 (- 4.86dB)
[@     5m51s] Timestep:        18083 || Speed:   65.8 MC/s (1.933e-02 s/TS) || Energy: ~6.36e-13 (- 3.54dB)
[@     5m56s] Timestep:        18297 || Speed:   64.2 MC/s (1.982e-02 s/TS) || Energy: ~4.40e-13 (- 5.14dB)
[@     6m00s] Timestep:        18511 || Speed:   62.4 MC/s (2.040e-02 s/TS) || Energy: ~5.33e-13 (- 4.31dB)
[@     6m04s] Timestep:        18725 || Speed:   61.8 MC/s (2.061e-02 s/TS) || Energy: ~4.67e-13 (- 4.88dB)
[@     6m09s] Timestep:        18939 || Speed:   62.9 MC/s (2.025e-02 s/TS) || Energy: ~4.03e-13 (- 5.52dB)
[@     6m13s] Timestep:        19153 || Speed:   61.3 MC/s (2.077e-02 s/TS) || Energy: ~4.93e-13 (- 4.65dB)
[@     6m17s] Timestep:        19367 || Speed:   63.3 MC/s (2.010e-02 s/TS) || Energy: ~3.10e-13 (- 6.66dB)
[@     6m22s] Timestep:        19581 || Speed:   62.7 MC/s (2.031e-02 s/TS) || Energy: ~4.66e-13 (- 4.89dB)
[@     6m26s] Timestep:        19795 || Speed:   62.8 MC/s (2.028e-02 s/TS) || Energy: ~2.87e-13 (- 7.00dB)
[@     6m30s] Timestep:        20009 || Speed:   65.4 MC/s (1.945e-02 s/TS) || Energy: ~3.78e-13 (- 5.80dB)
[@     6m35s] Timestep:        20223 || Speed:   59.3 MC/s (2.148e-02 s/TS) || Energy: ~3.16e-13 (- 6.57dB)
[@     6m41s] Timestep:        20544 || Speed:   67.5 MC/s (1.886e-02 s/TS) || Energy: ~3.58e-13 (- 6.03dB)
[@     6m45s] Timestep:        20758 || Speed:   64.0 MC/s (1.989e-02 s/TS) || Energy: ~2.40e-13 (- 7.78dB)
[@     6m49s] Timestep:        20972 || Speed:   65.9 MC/s (1.932e-02 s/TS) || Energy: ~2.64e-13 (- 7.36dB)
[@     6m53s] Timestep:        21186 || Speed:   65.7 MC/s (1.939e-02 s/TS) || Energy: ~2.75e-13 (- 7.17dB)
[@     6m58s] Timestep:        21400 || Speed:   61.0 MC/s (2.085e-02 s/TS) || Energy: ~1.78e-13 (- 9.07dB)
[@     7m03s] Timestep:        21614 || Speed:   56.9 MC/s (2.238e-02 s/TS) || Energy: ~2.86e-13 (- 7.02dB)
[@     7m07s] Timestep:        21828 || Speed:   66.7 MC/s (1.910e-02 s/TS) || Energy: ~1.41e-13 (-10.09dB)
[@     7m12s] Timestep:        22042 || Speed:   54.2 MC/s (2.349e-02 s/TS) || Energy: ~2.47e-13 (- 7.65dB)
[@     7m17s] Timestep:        22256 || Speed:   56.3 MC/s (2.261e-02 s/TS) || Energy: ~1.54e-13 (- 9.70dB)
[@     7m21s] Timestep:        22470 || Speed:   67.9 MC/s (1.874e-02 s/TS) || Energy: ~1.76e-13 (- 9.12dB)
[@     7m26s] Timestep:        22737 || Speed:   65.4 MC/s (1.947e-02 s/TS) || Energy: ~1.46e-13 (- 9.94dB)
[@     7m31s] Timestep:        23005 || Speed:   63.8 MC/s (1.995e-02 s/TS) || Energy: ~1.75e-13 (- 9.13dB)
[@     7m36s] Timestep:        23219 || Speed:   61.2 MC/s (2.079e-02 s/TS) || Energy: ~1.38e-13 (-10.17dB)
[@     7m40s] Timestep:        23433 || Speed:   64.4 MC/s (1.976e-02 s/TS) || Energy: ~1.14e-13 (-10.99dB)
[@     7m45s] Timestep:        23647 || Speed:   58.0 MC/s (2.197e-02 s/TS) || Energy: ~1.61e-13 (- 9.51dB)
[@     7m49s] Timestep:        23861 || Speed:   62.1 MC/s (2.048e-02 s/TS) || Energy: ~7.53e-14 (-12.80dB)
[@     7m53s] Timestep:        24075 || Speed:   66.7 MC/s (1.908e-02 s/TS) || Energy: ~1.55e-13 (- 9.68dB)
[@     7m58s] Timestep:        24289 || Speed:   50.5 MC/s (2.522e-02 s/TS) || Energy: ~7.19e-14 (-13.01dB)
[@     8m03s] Timestep:        24503 || Speed:   65.2 MC/s (1.953e-02 s/TS) || Energy: ~1.20e-13 (-10.79dB)
[@     8m08s] Timestep:        24824 || Speed:   75.8 MC/s (1.680e-02 s/TS) || Energy: ~5.57e-14 (-14.12dB)
[@     8m12s] Timestep:        25038 || Speed:   67.0 MC/s (1.900e-02 s/TS) || Energy: ~1.16e-13 (-10.93dB)
[@     8m16s] Timestep:        25252 || Speed:   64.0 MC/s (1.989e-02 s/TS) || Energy: ~6.54e-14 (-13.42dB)
[@     8m21s] Timestep:        25466 || Speed:   59.4 MC/s (2.143e-02 s/TS) || Energy: ~8.07e-14 (-12.51dB)
[@     8m26s] Timestep:        25680 || Speed:   59.6 MC/s (2.136e-02 s/TS) || Energy: ~8.44e-14 (-12.31dB)
[@     8m30s] Timestep:        25894 || Speed:   60.4 MC/s (2.107e-02 s/TS) || Energy: ~4.91e-14 (-14.67dB)
[@     8m34s] Timestep:        26108 || Speed:   62.5 MC/s (2.037e-02 s/TS) || Energy: ~9.22e-14 (-11.93dB)
[@     8m39s] Timestep:        26322 || Speed:   61.2 MC/s (2.078e-02 s/TS) || Energy: ~3.67e-14 (-15.93dB)
[@     8m43s] Timestep:        26536 || Speed:   59.4 MC/s (2.144e-02 s/TS) || Energy: ~8.04e-14 (-12.52dB)
[@     8m49s] Timestep:        26750 || Speed:   48.8 MC/s (2.609e-02 s/TS) || Energy: ~4.37e-14 (-15.17dB)
[@     8m54s] Timestep:        26964 || Speed:   58.9 MC/s (2.162e-02 s/TS) || Energy: ~5.60e-14 (-14.09dB)
[@     8m59s] Timestep:        27285 || Speed:   70.6 MC/s (1.802e-02 s/TS) || Energy: ~3.15e-14 (-16.59dB)
[@     9m04s] Timestep:        27499 || Speed:   61.6 MC/s (2.065e-02 s/TS) || Energy: ~5.76e-14 (-13.97dB)
[@     9m08s] Timestep:        27713 || Speed:   66.5 MC/s (1.915e-02 s/TS) || Energy: ~4.19e-14 (-15.36dB)
[@     9m12s] Timestep:        27927 || Speed:   59.8 MC/s (2.127e-02 s/TS) || Energy: ~3.67e-14 (-15.93dB)
[@     9m17s] Timestep:        28141 || Speed:   62.4 MC/s (2.041e-02 s/TS) || Energy: ~5.16e-14 (-14.45dB)
[@     9m21s] Timestep:        28355 || Speed:   61.6 MC/s (2.067e-02 s/TS) || Energy: ~2.29e-14 (-17.97dB)
[@     9m26s] Timestep:        28569 || Speed:   62.4 MC/s (2.040e-02 s/TS) || Energy: ~5.13e-14 (-14.47dB)
[@     9m31s] Timestep:        28783 || Speed:   54.3 MC/s (2.342e-02 s/TS) || Energy: ~2.16e-14 (-18.24dB)
[@     9m36s] Timestep:        28997 || Speed:   48.1 MC/s (2.644e-02 s/TS) || Energy: ~4.04e-14 (-15.51dB)
[@     9m40s] Timestep:        29211 || Speed:   66.2 MC/s (1.924e-02 s/TS) || Energy: ~2.86e-14 (-17.00dB)
[@     9m45s] Timestep:        29425 || Speed:   63.6 MC/s (2.000e-02 s/TS) || Energy: ~2.59e-14 (-17.44dB)
[@     9m49s] Timestep:        29639 || Speed:   62.5 MC/s (2.038e-02 s/TS) || Energy: ~3.56e-14 (-16.06dB)
[@     9m53s] Timestep:        29853 || Speed:   66.1 MC/s (1.927e-02 s/TS) || Energy: ~1.62e-14 (-19.48dB)
[@     9m58s] Timestep:        30067 || Speed:   57.7 MC/s (2.205e-02 s/TS) || Energy: ~3.57e-14 (-16.05dB)
[@    10m02s] Timestep:        30281 || Speed:   63.9 MC/s (1.992e-02 s/TS) || Energy: ~1.49e-14 (-19.84dB)
[@    10m07s] Timestep:        30495 || Speed:   61.6 MC/s (2.065e-02 s/TS) || Energy: ~2.84e-14 (-17.03dB)
[@    10m11s] Timestep:        30709 || Speed:   62.7 MC/s (2.029e-02 s/TS) || Energy: ~1.97e-14 (-18.63dB)
[@    10m15s] Timestep:        30888 || Speed:   51.7 MC/s (2.463e-02 s/TS) || Energy: ~1.52e-14 (-19.76dB)
[@    10m21s] Timestep:        31137 || Speed:   60.9 MC/s (2.091e-02 s/TS) || Energy: ~2.46e-14 (-17.67dB)
[@    10m25s] Timestep:        31351 || Speed:   59.0 MC/s (2.156e-02 s/TS) || Energy: ~1.15e-14 (-20.96dB)
[@    10m30s] Timestep:        31565 || Speed:   60.6 MC/s (2.102e-02 s/TS) || Energy: ~2.49e-14 (-17.62dB)
[@    10m34s] Timestep:        31779 || Speed:   67.1 MC/s (1.897e-02 s/TS) || Energy: ~1.04e-14 (-21.41dB)
[@    10m39s] Timestep:        32100 || Speed:   71.1 MC/s (1.790e-02 s/TS) || Energy: ~2.12e-14 (-18.32dB)
[@    10m44s] Timestep:        32314 || Speed:   64.7 MC/s (1.969e-02 s/TS) || Energy: ~8.61e-15 (-22.23dB)
[@    10m48s] Timestep:        32528 || Speed:   61.0 MC/s (2.087e-02 s/TS) || Energy: ~1.92e-14 (-18.74dB)
[@    10m53s] Timestep:        32742 || Speed:   62.5 MC/s (2.035e-02 s/TS) || Energy: ~9.70e-15 (-21.71dB)
[@    10m58s] Timestep:        32956 || Speed:   51.7 MC/s (2.462e-02 s/TS) || Energy: ~1.39e-14 (-20.13dB)
[@    11m03s] Timestep:        33170 || Speed:   50.5 MC/s (2.519e-02 s/TS) || Energy: ~1.28e-14 (-20.49dB)
[@    11m09s] Timestep:        33462 || Speed:   69.3 MC/s (1.836e-02 s/TS) || Energy: ~1.28e-14 (-20.51dB)
[@    11m13s] Timestep:        33705 || Speed:   69.4 MC/s (1.834e-02 s/TS) || Energy: ~9.32e-15 (-21.88dB)
[@    11m18s] Timestep:        33919 || Speed:   59.2 MC/s (2.152e-02 s/TS) || Energy: ~9.35e-15 (-21.86dB)
[@    11m22s] Timestep:        34133 || Speed:   64.2 MC/s (1.982e-02 s/TS) || Energy: ~1.17e-14 (-20.90dB)
[@    11m27s] Timestep:        34320 || Speed:   46.5 MC/s (2.739e-02 s/TS) || Energy: ~5.47e-15 (-24.20dB)
[@    11m32s] Timestep:        34561 || Speed:   64.3 MC/s (1.979e-02 s/TS) || Energy: ~1.20e-14 (-20.78dB)
[@    11m36s] Timestep:        34775 || Speed:   66.6 MC/s (1.910e-02 s/TS) || Energy: ~5.07e-15 (-24.52dB)
[@    11m40s] Timestep:        34989 || Speed:   66.4 MC/s (1.917e-02 s/TS) || Energy: ~9.88e-15 (-21.62dB)
[@    11m44s] Timestep:        35178 || Speed:   56.3 MC/s (2.260e-02 s/TS) || Energy: ~7.36e-15 (-22.90dB)
[@    11m49s] Timestep:        35417 || Speed:   62.7 MC/s (2.031e-02 s/TS) || Energy: ~6.64e-15 (-23.35dB)
[@    11m54s] Timestep:        35607 || Speed:   47.6 MC/s (2.676e-02 s/TS) || Energy: ~8.68e-15 (-22.19dB)
[@    11m59s] Timestep:        35845 || Speed:   56.7 MC/s (2.246e-02 s/TS) || Energy: ~4.18e-15 (-25.36dB)
[@    12m04s] Timestep:        36059 || Speed:   66.1 MC/s (1.926e-02 s/TS) || Energy: ~8.33e-15 (-22.37dB)
[@    12m08s] Timestep:        36273 || Speed:   64.2 MC/s (1.984e-02 s/TS) || Energy: ~3.54e-15 (-26.08dB)
[@    12m12s] Timestep:        36465 || Speed:   59.9 MC/s (2.126e-02 s/TS) || Energy: ~6.50e-15 (-23.45dB)
[@    12m17s] Timestep:        36701 || Speed:   62.1 MC/s (2.049e-02 s/TS) || Energy: ~4.40e-15 (-25.14dB)
[@    12m22s] Timestep:        36894 || Speed:   47.3 MC/s (2.691e-02 s/TS) || Energy: ~4.23e-15 (-25.31dB)
[@    12m28s] Timestep:        37129 || Speed:   52.6 MC/s (2.421e-02 s/TS) || Energy: ~5.52e-15 (-24.16dB)
[@    12m32s] Timestep:        37343 || Speed:   66.3 MC/s (1.921e-02 s/TS) || Energy: ~2.97e-15 (-26.85dB)
[@    12m36s] Timestep:        37557 || Speed:   67.8 MC/s (1.877e-02 s/TS) || Energy: ~5.76e-15 (-23.97dB)
[@    12m40s] Timestep:        37771 || Speed:   64.8 MC/s (1.964e-02 s/TS) || Energy: ~2.47e-15 (-27.64dB)
[@    12m44s] Timestep:        37985 || Speed:   61.7 MC/s (2.063e-02 s/TS) || Energy: ~4.84e-15 (-24.73dB)
[@    12m49s] Timestep:        38181 || Speed:   59.3 MC/s (2.145e-02 s/TS) || Energy: ~3.33e-15 (-26.35dB)
[@    12m53s] Timestep:        38413 || Speed:   61.6 MC/s (2.066e-02 s/TS) || Energy: ~3.33e-15 (-26.35dB)
[@    12m59s] Timestep:        38610 || Speed:   48.0 MC/s (2.653e-02 s/TS) || Energy: ~4.02e-15 (-25.53dB)
[@    13m04s] Timestep:        38841 || Speed:   56.6 MC/s (2.251e-02 s/TS) || Energy: ~2.11e-15 (-28.34dB)
[@    13m08s] Timestep:        39039 || Speed:   63.0 MC/s (2.022e-02 s/TS) || Energy: ~4.02e-15 (-25.53dB)
[@    13m12s] Timestep:        39269 || Speed:   66.4 MC/s (1.916e-02 s/TS) || Energy: ~1.72e-15 (-29.21dB)
[@    13m16s] Timestep:        39468 || Speed:   61.3 MC/s (2.077e-02 s/TS) || Energy: ~3.26e-15 (-26.44dB)
[@    13m22s] Timestep:        39697 || Speed:   48.2 MC/s (2.640e-02 s/TS) || Energy: ~2.07e-15 (-28.42dB)
[@    13m26s] Timestep:        39911 || Speed:   66.3 MC/s (1.919e-02 s/TS) || Energy: ~2.35e-15 (-27.87dB)
[@    13m31s] Timestep:        40125 || Speed:   67.1 MC/s (1.896e-02 s/TS) || Energy: ~2.59e-15 (-27.44dB)
[@    13m35s] Timestep:        40326 || Speed:   62.7 MC/s (2.029e-02 s/TS) || Energy: ~1.42e-15 (-30.04dB)
[@    13m39s] Timestep:        40553 || Speed:   63.2 MC/s (2.014e-02 s/TS) || Energy: ~2.75e-15 (-27.19dB)
[@    13m44s] Timestep:        40755 || Speed:   52.7 MC/s (2.414e-02 s/TS) || Energy: ~1.23e-15 (-30.67dB)
[@    13m50s] Timestep:        40981 || Speed:   47.0 MC/s (2.708e-02 s/TS) || Energy: ~2.35e-15 (-27.86dB)
[@    13m56s] Timestep:        41302 || Speed:   68.8 MC/s (1.850e-02 s/TS) || Energy: ~1.06e-15 (-31.30dB)
[@    14m00s] Timestep:        41516 || Speed:   66.0 MC/s (1.927e-02 s/TS) || Energy: ~2.17e-15 (-28.20dB)
[@    14m05s] Timestep:        41730 || Speed:   62.0 MC/s (2.052e-02 s/TS) || Energy: ~1.05e-15 (-31.37dB)
[@    14m10s] Timestep:        41944 || Speed:   55.7 MC/s (2.284e-02 s/TS) || Energy: ~1.69e-15 (-29.30dB)
[@    14m15s] Timestep:        42158 || Speed:   51.3 MC/s (2.483e-02 s/TS) || Energy: ~1.32e-15 (-30.36dB)
[@    14m20s] Timestep:        42372 || Speed:   49.2 MC/s (2.587e-02 s/TS) || Energy: ~1.11e-15 (-31.12dB)
[@    14m26s] Timestep:        42693 || Speed:   69.9 MC/s (1.822e-02 s/TS) || Energy: ~9.67e-16 (-31.72dB)
[@    14m31s] Timestep:        42900 || Speed:   58.8 MC/s (2.165e-02 s/TS) || Energy: ~1.13e-15 (-31.05dB)
[@    14m35s] Timestep:        43121 || Speed:   60.4 MC/s (2.108e-02 s/TS) || Energy: ~1.21e-15 (-30.75dB)
[@    14m41s] Timestep:        43329 || Speed:   51.7 MC/s (2.464e-02 s/TS) || Energy: ~7.29e-16 (-32.95dB)
[@    14m47s] Timestep:        43549 || Speed:   44.3 MC/s (2.874e-02 s/TS) || Energy: ~1.30e-15 (-30.43dB)
[@    14m51s] Timestep:        43758 || Speed:   58.0 MC/s (2.193e-02 s/TS) || Energy: ~5.84e-16 (-33.91dB)
[@    14m56s] Timestep:        43977 || Speed:   68.0 MC/s (1.872e-02 s/TS) || Energy: ~1.14e-15 (-31.01dB)
[@    15m00s] Timestep:        44187 || Speed:   56.0 MC/s (2.272e-02 s/TS) || Energy: ~6.74e-16 (-33.28dB)
[@    15m05s] Timestep:        44405 || Speed:   57.4 MC/s (2.217e-02 s/TS) || Energy: ~8.19e-16 (-32.44dB)
[@    15m11s] Timestep:        44616 || Speed:   45.0 MC/s (2.827e-02 s/TS) || Energy: ~8.36e-16 (-32.35dB)
[@    15m17s] Timestep:        44833 || Speed:   45.3 MC/s (2.811e-02 s/TS) || Energy: ~5.27e-16 (-34.35dB)
[@    15m22s] Timestep:        45045 || Speed:   59.7 MC/s (2.133e-02 s/TS) || Energy: ~8.97e-16 (-32.04dB)
[@    15m26s] Timestep:        45261 || Speed:   59.0 MC/s (2.156e-02 s/TS) || Energy: ~4.04e-16 (-35.51dB)
[@    15m31s] Timestep:        45474 || Speed:   52.9 MC/s (2.405e-02 s/TS) || Energy: ~7.91e-16 (-32.59dB)
[@    15m37s] Timestep:        45689 || Speed:   51.7 MC/s (2.460e-02 s/TS) || Energy: ~4.51e-16 (-35.03dB)
[@    15m42s] Timestep:        45903 || Speed:   53.2 MC/s (2.393e-02 s/TS) || Energy: ~5.75e-16 (-33.98dB)
[@    15m47s] Timestep:        46224 || Speed:   83.4 MC/s (1.527e-02 s/TS) || Energy: ~3.41e-16 (-36.25dB)
[@    15m51s] Timestep:        46545 || Speed:   96.4 MC/s (1.321e-02 s/TS) || Energy: ~6.15e-16 (-33.69dB)
[@    15m55s] Timestep:        46866 || Speed:   98.0 MC/s (1.299e-02 s/TS) || Energy: ~3.90e-16 (-35.67dB)
[@    16m00s] Timestep:        47187 || Speed:   77.8 MC/s (1.637e-02 s/TS) || Energy: ~3.08e-16 (-36.69dB)
[@    16m05s] Timestep:        47508 || Speed:   92.4 MC/s (1.378e-02 s/TS) || Energy: ~4.95e-16 (-34.62dB)
[@    16m09s] Timestep:        47829 || Speed:   98.2 MC/s (1.297e-02 s/TS) || Energy: ~2.63e-16 (-37.38dB)
[@    16m13s] Timestep:        48150 || Speed:   93.1 MC/s (1.368e-02 s/TS) || Energy: ~2.85e-16 (-37.03dB)
[@    16m19s] Timestep:        48471 || Speed:   72.2 MC/s (1.763e-02 s/TS) || Energy: ~3.81e-16 (-35.76dB)
[@    16m23s] Timestep:        48685 || Speed:   63.7 MC/s (1.998e-02 s/TS) || Energy: ~2.10e-16 (-38.36dB)
[@    16m28s] Timestep:        49006 || Speed:   83.3 MC/s (1.529e-02 s/TS) || Energy: ~3.42e-16 (-36.24dB)
[@    16m33s] Timestep:        49327 || Speed:   89.2 MC/s (1.427e-02 s/TS) || Energy: ~1.85e-16 (-38.90dB)
[@    16m37s] Timestep:        49648 || Speed:   97.5 MC/s (1.305e-02 s/TS) || Energy: ~1.93e-16 (-38.71dB)
[@    16m42s] Timestep:        49969 || Speed:   89.9 MC/s (1.415e-02 s/TS) || Energy: ~2.64e-16 (-37.35dB)
[@    16m46s] Timestep:        50290 || Speed:   84.0 MC/s (1.515e-02 s/TS) || Energy: ~1.28e-16 (-40.50dB)
Time for 50290 iterations with 1272934.00 cells : 1006.96 sec
Speed: 63.57 MCells/s 

     freq       S11   S21 coupling   AR embedded      Dmax
   5.725G   -27.26dB        -20.90dB         3.23dB     6.25dBi
   5.800G   -10.75dB        -22.82dB         1.12dB     5.94dBi
   5.875G   -10.20dB        -27.23dB         3.16dB     5.99dBi
