[m6] mesh 283x173x26 = 1.27 Mcells   ground 108.9 x 60.0 mm   pitch 25.8442 mm
openEMS - fixed number of threads: 8
 ---------------------------------------------------------------------- 
 | openEMS 64bit -- version v0.37.0-rc1-2-g7b051bb
 | (C) 2010-2026 Thorsten Liebig <thorsten.liebig@gmx.de>  GPL license
 ---------------------------------------------------------------------- 
	Used external libraries:
		CSXCAD -- Version: v0.7.0-rc1-1-g5115701
		hdf5   -- Version: 2.2.0
		          compiled against: HDF5 library version: 2.2.0
		tinyxml -- compiled against: 2.6.2
		fparser
		boost  -- compiled against: 1_90
		vtk -- disabled in this build

Create FDTD operator (compressed SSE + multi-threading)
FDTD simulation size: 283x173x26 --> 1.27293e+06 FDTD cells 
FDTD timestep is: 1.75014e-13 s; Nyquist rate: 429 timesteps @6.65946e+09 Hz
Excitation signal length is: 19258 timesteps (3.37043e-09s)
Max. number of timesteps: 140000 ( --> 7.26971 * Excitation signal length)
Create FDTD engine (compressed SSE + multi-threading)
Running FDTD engine... this may take a while... grab a cup of coffee?!?
[@        4s] Timestep:          321 || Speed:   87.3 MC/s (1.459e-02 s/TS) || Energy: ~7.44e-21 (- 0.00dB)
[@        9s] Timestep:          642 || Speed:   88.3 MC/s (1.442e-02 s/TS) || Energy: ~1.33e-20 (- 0.00dB)
[@       15s] Timestep:          963 || Speed:   70.3 MC/s (1.811e-02 s/TS) || Energy: ~8.20e-20 (- 0.00dB)
[@       20s] Timestep:         1177 || Speed:   46.4 MC/s (2.744e-02 s/TS) || Energy: ~1.09e-19 (- 0.00dB)
[@       25s] Timestep:         1391 || Speed:   54.9 MC/s (2.319e-02 s/TS) || Energy: ~3.87e-19 (- 0.00dB)
[@       30s] Timestep:         1605 || Speed:   59.6 MC/s (2.135e-02 s/TS) || Energy: ~4.53e-19 (- 0.00dB)
[@       34s] Timestep:         1819 || Speed:   62.1 MC/s (2.049e-02 s/TS) || Energy: ~1.46e-18 (- 0.00dB)
[@       38s] Timestep:         2033 || Speed:   67.4 MC/s (1.889e-02 s/TS) || Energy: ~2.10e-18 (- 0.00dB)
[@       43s] Timestep:         2247 || Speed:   65.9 MC/s (1.930e-02 s/TS) || Energy: ~4.59e-18 (- 0.00dB)
[@       47s] Timestep:         2461 || Speed:   67.5 MC/s (1.885e-02 s/TS) || Energy: ~9.27e-18 (- 0.00dB)
[@       51s] Timestep:         2675 || Speed:   67.6 MC/s (1.883e-02 s/TS) || Energy: ~1.32e-17 (- 0.00dB)
[@       55s] Timestep:         2889 || Speed:   64.2 MC/s (1.983e-02 s/TS) || Energy: ~3.46e-17 (- 0.00dB)
[@     1m00s] Timestep:         3103 || Speed:   57.8 MC/s (2.201e-02 s/TS) || Energy: ~4.02e-17 (- 0.00dB)
[@     1m04s] Timestep:         3317 || Speed:   62.7 MC/s (2.031e-02 s/TS) || Energy: ~1.07e-16 (- 0.00dB)
[@     1m08s] Timestep:         3531 || Speed:   65.9 MC/s (1.932e-02 s/TS) || Energy: ~1.35e-16 (- 0.00dB)
[@     1m12s] Timestep:         3745 || Speed:   65.0 MC/s (1.960e-02 s/TS) || Energy: ~2.78e-16 (- 0.00dB)
[@     1m17s] Timestep:         3959 || Speed:   62.2 MC/s (2.046e-02 s/TS) || Energy: ~4.49e-16 (- 0.00dB)
[@     1m23s] Timestep:         4280 || Speed:   68.4 MC/s (1.861e-02 s/TS) || Energy: ~1.03e-15 (- 0.00dB)
[@     1m27s] Timestep:         4494 || Speed:   65.2 MC/s (1.954e-02 s/TS) || Energy: ~1.37e-15 (- 0.00dB)
[@     1m31s] Timestep:         4708 || Speed:   64.1 MC/s (1.987e-02 s/TS) || Energy: ~2.32e-15 (- 0.00dB)
[@     1m36s] Timestep:         4922 || Speed:   60.8 MC/s (2.094e-02 s/TS) || Energy: ~3.77e-15 (- 0.00dB)
[@     1m40s] Timestep:         5136 || Speed:   61.4 MC/s (2.073e-02 s/TS) || Energy: ~4.95e-15 (- 0.00dB)
[@     1m44s] Timestep:         5350 || Speed:   63.0 MC/s (2.021e-02 s/TS) || Energy: ~9.11e-15 (- 0.00dB)
[@     1m48s] Timestep:         5564 || Speed:   65.2 MC/s (1.952e-02 s/TS) || Energy: ~1.07e-14 (- 0.00dB)
[@     1m53s] Timestep:         5778 || Speed:   62.7 MC/s (2.030e-02 s/TS) || Energy: ~1.92e-14 (- 0.00dB)
[@     1m57s] Timestep:         6006 || Speed:   68.1 MC/s (1.870e-02 s/TS) || Energy: ~2.35e-14 (- 0.00dB)
[@     2m03s] Timestep:         6313 || Speed:   66.0 MC/s (1.929e-02 s/TS) || Energy: ~4.46e-14 (- 0.00dB)
[@     2m07s] Timestep:         6527 || Speed:   67.3 MC/s (1.891e-02 s/TS) || Energy: ~5.27e-14 (- 0.00dB)
[@     2m11s] Timestep:         6741 || Speed:   68.0 MC/s (1.871e-02 s/TS) || Energy: ~8.10e-14 (- 0.00dB)
[@     2m15s] Timestep:         6955 || Speed:   65.7 MC/s (1.937e-02 s/TS) || Energy: ~9.76e-14 (- 0.00dB)
[@     2m19s] Timestep:         7169 || Speed:   64.0 MC/s (1.989e-02 s/TS) || Energy: ~1.37e-13 (- 0.00dB)
[@     2m24s] Timestep:         7383 || Speed:   59.9 MC/s (2.125e-02 s/TS) || Energy: ~1.69e-13 (- 0.00dB)
[@     2m29s] Timestep:         7597 || Speed:   59.0 MC/s (2.158e-02 s/TS) || Energy: ~2.20e-13 (- 0.00dB)
[@     2m33s] Timestep:         7811 || Speed:   60.0 MC/s (2.122e-02 s/TS) || Energy: ~2.72e-13 (- 0.00dB)
[@     2m38s] Timestep:         8025 || Speed:   62.3 MC/s (2.043e-02 s/TS) || Energy: ~3.36e-13 (- 0.00dB)
[@     2m42s] Timestep:         8239 || Speed:   62.3 MC/s (2.044e-02 s/TS) || Energy: ~4.12e-13 (- 0.00dB)
[@     2m46s] Timestep:         8453 || Speed:   66.0 MC/s (1.929e-02 s/TS) || Energy: ~4.79e-13 (- 0.00dB)
[@     2m50s] Timestep:         8667 || Speed:   67.2 MC/s (1.894e-02 s/TS) || Energy: ~5.97e-13 (- 0.00dB)
[@     2m56s] Timestep:         8988 || Speed:   70.2 MC/s (1.813e-02 s/TS) || Energy: ~7.39e-13 (- 0.00dB)
[@     3m00s] Timestep:         9202 || Speed:   66.2 MC/s (1.924e-02 s/TS) || Energy: ~8.17e-13 (- 0.00dB)
[@     3m04s] Timestep:         9416 || Speed:   61.5 MC/s (2.069e-02 s/TS) || Energy: ~9.12e-13 (- 0.00dB)
[@     3m09s] Timestep:         9629 || Speed:   63.7 MC/s (2.000e-02 s/TS) || Energy: ~1.07e-12 (- 0.00dB)
[@     3m13s] Timestep:         9844 || Speed:   61.0 MC/s (2.088e-02 s/TS) || Energy: ~1.06e-12 (- 0.02dB)
[@     3m18s] Timestep:        10058 || Speed:   59.1 MC/s (2.153e-02 s/TS) || Energy: ~1.31e-12 (- 0.00dB)
[@     3m22s] Timestep:        10272 || Speed:   60.5 MC/s (2.106e-02 s/TS) || Energy: ~1.20e-12 (- 0.37dB)
[@     3m27s] Timestep:        10486 || Speed:   62.0 MC/s (2.055e-02 s/TS) || Energy: ~1.49e-12 (- 0.00dB)
[@     3m31s] Timestep:        10700 || Speed:   61.8 MC/s (2.060e-02 s/TS) || Energy: ~1.34e-12 (- 0.48dB)
[@     3m36s] Timestep:        10914 || Speed:   62.0 MC/s (2.053e-02 s/TS) || Energy: ~1.59e-12 (- 0.00dB)
[@     3m40s] Timestep:        11128 || Speed:   63.9 MC/s (1.991e-02 s/TS) || Energy: ~1.46e-12 (- 0.40dB)
[@     3m44s] Timestep:        11342 || Speed:   58.8 MC/s (2.166e-02 s/TS) || Energy: ~1.61e-12 (- 0.00dB)
[@     3m49s] Timestep:        11556 || Speed:   64.8 MC/s (1.965e-02 s/TS) || Energy: ~1.55e-12 (- 0.16dB)
[@     3m53s] Timestep:        11770 || Speed:   62.3 MC/s (2.042e-02 s/TS) || Energy: ~1.54e-12 (- 0.21dB)
[@     3m58s] Timestep:        12012 || Speed:   66.0 MC/s (1.927e-02 s/TS) || Energy: ~1.57e-12 (- 0.11dB)
[@     4m03s] Timestep:        12305 || Speed:   66.3 MC/s (1.921e-02 s/TS) || Energy: ~1.68e-12 (- 0.00dB)
[@     4m08s] Timestep:        12519 || Speed:   63.0 MC/s (2.019e-02 s/TS) || Energy: ~1.40e-12 (- 0.79dB)
[@     4m12s] Timestep:        12733 || Speed:   67.0 MC/s (1.901e-02 s/TS) || Energy: ~1.44e-12 (- 0.68dB)
[@     4m16s] Timestep:        12947 || Speed:   63.8 MC/s (1.994e-02 s/TS) || Energy: ~1.56e-12 (- 0.32dB)
[@     4m20s] Timestep:        13161 || Speed:   63.9 MC/s (1.991e-02 s/TS) || Energy: ~1.10e-12 (- 1.83dB)
[@     4m25s] Timestep:        13375 || Speed:   57.3 MC/s (2.220e-02 s/TS) || Energy: ~1.71e-12 (- 0.00dB)
[@     4m29s] Timestep:        13589 || Speed:   65.1 MC/s (1.954e-02 s/TS) || Energy: ~8.77e-13 (- 2.91dB)
[@     4m34s] Timestep:        13803 || Speed:   59.7 MC/s (2.132e-02 s/TS) || Energy: ~1.65e-12 (- 0.16dB)
[@     4m38s] Timestep:        14017 || Speed:   64.3 MC/s (1.978e-02 s/TS) || Energy: ~9.35e-13 (- 2.63dB)
[@     4m42s] Timestep:        14231 || Speed:   63.4 MC/s (2.008e-02 s/TS) || Energy: ~1.31e-12 (- 1.15dB)
[@     4m46s] Timestep:        14445 || Speed:   65.6 MC/s (1.941e-02 s/TS) || Energy: ~1.22e-12 (- 1.47dB)
[@     4m51s] Timestep:        14659 || Speed:   62.7 MC/s (2.031e-02 s/TS) || Energy: ~8.81e-13 (- 2.89dB)
[@     4m55s] Timestep:        14873 || Speed:   67.5 MC/s (1.885e-02 s/TS) || Energy: ~1.46e-12 (- 0.68dB)
[@     4m59s] Timestep:        15087 || Speed:   65.1 MC/s (1.956e-02 s/TS) || Energy: ~6.44e-13 (- 4.24dB)
[@     5m04s] Timestep:        15301 || Speed:   59.0 MC/s (2.158e-02 s/TS) || Energy: ~1.42e-12 (- 0.82dB)
[@     5m08s] Timestep:        15515 || Speed:   63.1 MC/s (2.017e-02 s/TS) || Energy: ~7.33e-13 (- 3.69dB)
[@     5m12s] Timestep:        15729 || Speed:   61.4 MC/s (2.073e-02 s/TS) || Energy: ~1.09e-12 (- 1.96dB)
[@     5m17s] Timestep:        15943 || Speed:   60.1 MC/s (2.119e-02 s/TS) || Energy: ~9.97e-13 (- 2.35dB)
[@     5m21s] Timestep:        16157 || Speed:   62.2 MC/s (2.047e-02 s/TS) || Energy: ~7.21e-13 (- 3.76dB)
[@     5m26s] Timestep:        16371 || Speed:   60.2 MC/s (2.114e-02 s/TS) || Energy: ~1.16e-12 (- 1.69dB)
[@     5m30s] Timestep:        16585 || Speed:   65.3 MC/s (1.951e-02 s/TS) || Energy: ~5.52e-13 (- 4.92dB)
[@     5m34s] Timestep:        16799 || Speed:   66.9 MC/s (1.903e-02 s/TS) || Energy: ~1.07e-12 (- 2.05dB)
[@     5m38s] Timestep:        17013 || Speed:   66.6 MC/s (1.911e-02 s/TS) || Energy: ~6.24e-13 (- 4.39dB)
[@     5m42s] Timestep:        17227 || Speed:   62.5 MC/s (2.036e-02 s/TS) || Energy: ~7.91e-13 (- 3.35dB)
[@     5m47s] Timestep:        17441 || Speed:   63.9 MC/s (1.992e-02 s/TS) || Energy: ~7.78e-13 (- 3.43dB)
[@     5m51s] Timestep:        17655 || Speed:   61.3 MC/s (2.075e-02 s/TS) || Energy: ~5.34e-13 (- 5.06dB)
[@     5m56s] Timestep:        17869 || Speed:   60.4 MC/s (2.109e-02 s/TS) || Energy: ~8.26e-13 (- 3.17dB)
[@     6m00s] Timestep:        18083 || Speed:   62.4 MC/s (2.038e-02 s/TS) || Energy: ~4.37e-13 (- 5.93dB)
[@     6m05s] Timestep:        18297 || Speed:   60.4 MC/s (2.109e-02 s/TS) || Energy: ~7.07e-13 (- 3.84dB)
[@     6m09s] Timestep:        18511 || Speed:   59.6 MC/s (2.137e-02 s/TS) || Energy: ~4.81e-13 (- 5.51dB)
[@     6m13s] Timestep:        18725 || Speed:   62.7 MC/s (2.030e-02 s/TS) || Energy: ~5.07e-13 (- 5.29dB)
[@     6m18s] Timestep:        18939 || Speed:   60.8 MC/s (2.093e-02 s/TS) || Energy: ~5.46e-13 (- 4.96dB)
[@     6m22s] Timestep:        19153 || Speed:   61.5 MC/s (2.069e-02 s/TS) || Energy: ~3.55e-13 (- 6.83dB)
[@     6m27s] Timestep:        19367 || Speed:   57.8 MC/s (2.204e-02 s/TS) || Energy: ~5.29e-13 (- 5.10dB)
[@     6m31s] Timestep:        19581 || Speed:   66.5 MC/s (1.915e-02 s/TS) || Energy: ~3.10e-13 (- 7.42dB)
[@     6m36s] Timestep:        19795 || Speed:   61.1 MC/s (2.082e-02 s/TS) || Energy: ~4.24e-13 (- 6.06dB)
[@     6m40s] Timestep:        20009 || Speed:   65.0 MC/s (1.957e-02 s/TS) || Energy: ~3.35e-13 (- 7.08dB)
[@     6m44s] Timestep:        20223 || Speed:   61.4 MC/s (2.073e-02 s/TS) || Energy: ~2.99e-13 (- 7.59dB)
[@     6m49s] Timestep:        20437 || Speed:   61.6 MC/s (2.066e-02 s/TS) || Energy: ~3.51e-13 (- 6.88dB)
[@     6m54s] Timestep:        20651 || Speed:   55.8 MC/s (2.280e-02 s/TS) || Energy: ~2.22e-13 (- 8.88dB)
[@     6m58s] Timestep:        20865 || Speed:   66.2 MC/s (1.923e-02 s/TS) || Energy: ~3.14e-13 (- 7.37dB)
[@     7m02s] Timestep:        21079 || Speed:   57.3 MC/s (2.223e-02 s/TS) || Energy: ~2.07e-13 (- 9.17dB)
[@     7m08s] Timestep:        21293 || Speed:   52.1 MC/s (2.442e-02 s/TS) || Energy: ~2.38e-13 (- 8.57dB)
[@     7m12s] Timestep:        21507 || Speed:   67.7 MC/s (1.882e-02 s/TS) || Energy: ~2.19e-13 (- 8.94dB)
[@     7m16s] Timestep:        21721 || Speed:   67.1 MC/s (1.898e-02 s/TS) || Energy: ~1.69e-13 (-10.06dB)
[@     7m20s] Timestep:        21935 || Speed:   61.3 MC/s (2.078e-02 s/TS) || Energy: ~2.13e-13 (- 9.06dB)
[@     7m25s] Timestep:        22149 || Speed:   61.7 MC/s (2.062e-02 s/TS) || Energy: ~1.36e-13 (-10.99dB)
[@     7m29s] Timestep:        22363 || Speed:   59.9 MC/s (2.127e-02 s/TS) || Energy: ~1.77e-13 (- 9.86dB)
[@     7m34s] Timestep:        22577 || Speed:   60.0 MC/s (2.122e-02 s/TS) || Energy: ~1.35e-13 (-11.04dB)
[@     7m38s] Timestep:        22791 || Speed:   59.7 MC/s (2.131e-02 s/TS) || Energy: ~1.29e-13 (-11.23dB)
[@     7m43s] Timestep:        23005 || Speed:   62.7 MC/s (2.031e-02 s/TS) || Energy: ~1.37e-13 (-10.96dB)
[@     7m47s] Timestep:        23219 || Speed:   59.0 MC/s (2.156e-02 s/TS) || Energy: ~9.55e-14 (-12.54dB)
[@     7m52s] Timestep:        23433 || Speed:   52.8 MC/s (2.410e-02 s/TS) || Energy: ~1.24e-13 (-11.40dB)
[@     7m58s] Timestep:        23754 || Speed:   70.5 MC/s (1.805e-02 s/TS) || Energy: ~8.11e-14 (-13.24dB)
[@     8m03s] Timestep:        24024 || Speed:   67.1 MC/s (1.896e-02 s/TS) || Energy: ~9.63e-14 (-12.50dB)
[@     8m09s] Timestep:        24289 || Speed:   64.4 MC/s (1.978e-02 s/TS) || Energy: ~6.94e-14 (-13.92dB)
[@     8m13s] Timestep:        24503 || Speed:   58.2 MC/s (2.188e-02 s/TS) || Energy: ~8.42e-14 (-13.08dB)
[@     8m18s] Timestep:        24717 || Speed:   60.2 MC/s (2.116e-02 s/TS) || Energy: ~5.54e-14 (-14.90dB)
[@     8m22s] Timestep:        24931 || Speed:   59.3 MC/s (2.146e-02 s/TS) || Energy: ~7.07e-14 (-13.84dB)
[@     8m27s] Timestep:        25145 || Speed:   61.6 MC/s (2.068e-02 s/TS) || Energy: ~5.41e-14 (-15.01dB)
[@     8m31s] Timestep:        25359 || Speed:   59.0 MC/s (2.157e-02 s/TS) || Energy: ~5.19e-14 (-15.18dB)
[@     8m36s] Timestep:        25573 || Speed:   58.8 MC/s (2.163e-02 s/TS) || Energy: ~5.55e-14 (-14.89dB)
[@     8m41s] Timestep:        25740 || Speed:   45.2 MC/s (2.819e-02 s/TS) || Energy: ~3.82e-14 (-16.51dB)
[@     8m46s] Timestep:        26001 || Speed:   61.8 MC/s (2.061e-02 s/TS) || Energy: ~5.10e-14 (-15.26dB)
[@     8m52s] Timestep:        26322 || Speed:   69.6 MC/s (1.828e-02 s/TS) || Energy: ~3.23e-14 (-17.25dB)
[@     8m56s] Timestep:        26536 || Speed:   63.1 MC/s (2.018e-02 s/TS) || Energy: ~4.28e-14 (-16.02dB)
[@     9m01s] Timestep:        26750 || Speed:   61.1 MC/s (2.085e-02 s/TS) || Energy: ~2.67e-14 (-18.08dB)
[@     9m05s] Timestep:        26964 || Speed:   60.3 MC/s (2.110e-02 s/TS) || Energy: ~3.50e-14 (-16.90dB)
[@     9m10s] Timestep:        27178 || Speed:   62.2 MC/s (2.047e-02 s/TS) || Energy: ~2.75e-14 (-17.95dB)
[@     9m14s] Timestep:        27392 || Speed:   61.7 MC/s (2.064e-02 s/TS) || Energy: ~2.48e-14 (-18.39dB)
[@     9m19s] Timestep:        27606 || Speed:   58.6 MC/s (2.173e-02 s/TS) || Energy: ~2.89e-14 (-17.73dB)
[@     9m24s] Timestep:        27820 || Speed:   50.6 MC/s (2.516e-02 s/TS) || Energy: ~1.79e-14 (-19.81dB)
[@     9m29s] Timestep:        28034 || Speed:   53.1 MC/s (2.397e-02 s/TS) || Energy: ~2.65e-14 (-18.10dB)
[@     9m33s] Timestep:        28248 || Speed:   66.1 MC/s (1.926e-02 s/TS) || Energy: ~1.64e-14 (-20.18dB)
[@     9m38s] Timestep:        28462 || Speed:   61.3 MC/s (2.077e-02 s/TS) || Energy: ~2.02e-14 (-19.27dB)
[@     9m42s] Timestep:        28676 || Speed:   63.2 MC/s (2.014e-02 s/TS) || Energy: ~1.81e-14 (-19.76dB)
[@     9m46s] Timestep:        28890 || Speed:   64.1 MC/s (1.984e-02 s/TS) || Energy: ~1.37e-14 (-20.96dB)
[@     9m51s] Timestep:        29104 || Speed:   60.8 MC/s (2.092e-02 s/TS) || Energy: ~1.88e-14 (-19.60dB)
[@     9m55s] Timestep:        29318 || Speed:   60.9 MC/s (2.090e-02 s/TS) || Energy: ~1.04e-14 (-22.17dB)
[@    10m00s] Timestep:        29532 || Speed:   63.4 MC/s (2.009e-02 s/TS) || Energy: ~1.63e-14 (-20.21dB)
[@    10m04s] Timestep:        29746 || Speed:   59.9 MC/s (2.124e-02 s/TS) || Energy: ~1.06e-14 (-22.09dB)
[@    10m10s] Timestep:        29960 || Speed:   49.7 MC/s (2.559e-02 s/TS) || Energy: ~1.17e-14 (-21.64dB)
[@    10m14s] Timestep:        30174 || Speed:   64.6 MC/s (1.969e-02 s/TS) || Energy: ~1.21e-14 (-21.51dB)
[@    10m19s] Timestep:        30388 || Speed:   54.7 MC/s (2.325e-02 s/TS) || Energy: ~7.79e-15 (-23.42dB)
[@    10m23s] Timestep:        30602 || Speed:   66.3 MC/s (1.919e-02 s/TS) || Energy: ~1.22e-14 (-21.48dB)
[@    10m28s] Timestep:        30888 || Speed:   67.3 MC/s (1.891e-02 s/TS) || Energy: ~6.51e-15 (-24.20dB)
[@    10m33s] Timestep:        31137 || Speed:   67.5 MC/s (1.885e-02 s/TS) || Energy: ~1.01e-14 (-22.30dB)
[@    10m37s] Timestep:        31351 || Speed:   61.8 MC/s (2.061e-02 s/TS) || Energy: ~5.22e-15 (-25.16dB)
[@    10m42s] Timestep:        31565 || Speed:   60.7 MC/s (2.098e-02 s/TS) || Energy: ~9.02e-15 (-22.78dB)
[@    10m47s] Timestep:        31779 || Speed:   57.3 MC/s (2.221e-02 s/TS) || Energy: ~5.31e-15 (-25.09dB)
[@    10m53s] Timestep:        31993 || Speed:   45.1 MC/s (2.825e-02 s/TS) || Energy: ~6.57e-15 (-24.16dB)
[@    10m57s] Timestep:        32207 || Speed:   63.9 MC/s (1.992e-02 s/TS) || Energy: ~6.30e-15 (-24.35dB)
[@    11m03s] Timestep:        32528 || Speed:   67.6 MC/s (1.883e-02 s/TS) || Energy: ~6.19e-15 (-24.42dB)
[@    11m07s] Timestep:        32742 || Speed:   61.3 MC/s (2.076e-02 s/TS) || Energy: ~4.78e-15 (-25.54dB)
[@    11m12s] Timestep:        32956 || Speed:   60.7 MC/s (2.097e-02 s/TS) || Energy: ~4.10e-15 (-26.21dB)
[@    11m17s] Timestep:        33170 || Speed:   50.2 MC/s (2.535e-02 s/TS) || Energy: ~5.41e-15 (-25.00dB)
[@    11m22s] Timestep:        33384 || Speed:   57.9 MC/s (2.199e-02 s/TS) || Energy: ~2.80e-15 (-27.86dB)
[@    11m26s] Timestep:        33598 || Speed:   66.7 MC/s (1.907e-02 s/TS) || Energy: ~5.07e-15 (-25.29dB)
[@    11m30s] Timestep:        33812 || Speed:   67.4 MC/s (1.890e-02 s/TS) || Energy: ~2.71e-15 (-28.01dB)
[@    11m35s] Timestep:        34026 || Speed:   60.1 MC/s (2.117e-02 s/TS) || Energy: ~3.83e-15 (-26.50dB)
[@    11m39s] Timestep:        34240 || Speed:   57.2 MC/s (2.227e-02 s/TS) || Energy: ~3.26e-15 (-27.20dB)
[@    11m45s] Timestep:        34454 || Speed:   49.3 MC/s (2.580e-02 s/TS) || Energy: ~2.50e-15 (-28.37dB)
[@    11m50s] Timestep:        34668 || Speed:   53.0 MC/s (2.401e-02 s/TS) || Energy: ~3.61e-15 (-26.76dB)
[@    11m54s] Timestep:        34882 || Speed:   64.0 MC/s (1.991e-02 s/TS) || Energy: ~1.79e-15 (-29.81dB)
[@    11m59s] Timestep:        35096 || Speed:   65.6 MC/s (1.941e-02 s/TS) || Energy: ~3.26e-15 (-27.20dB)
[@    12m03s] Timestep:        35310 || Speed:   59.1 MC/s (2.152e-02 s/TS) || Energy: ~1.85e-15 (-29.67dB)
[@    12m08s] Timestep:        35524 || Speed:   61.6 MC/s (2.066e-02 s/TS) || Energy: ~2.39e-15 (-28.55dB)
[@    12m13s] Timestep:        35738 || Speed:   48.7 MC/s (2.615e-02 s/TS) || Energy: ~2.23e-15 (-28.85dB)
[@    12m19s] Timestep:        35952 || Speed:   51.0 MC/s (2.497e-02 s/TS) || Energy: ~1.56e-15 (-30.41dB)
[@    12m23s] Timestep:        36166 || Speed:   64.0 MC/s (1.989e-02 s/TS) || Energy: ~2.40e-15 (-28.54dB)
[@    12m27s] Timestep:        36380 || Speed:   66.4 MC/s (1.916e-02 s/TS) || Energy: ~1.18e-15 (-31.61dB)
[@    12m31s] Timestep:        36594 || Speed:   63.6 MC/s (2.002e-02 s/TS) || Energy: ~2.10e-15 (-29.11dB)
[@    12m36s] Timestep:        36808 || Speed:   61.0 MC/s (2.086e-02 s/TS) || Energy: ~1.28e-15 (-31.28dB)
[@    12m40s] Timestep:        37022 || Speed:   60.5 MC/s (2.105e-02 s/TS) || Energy: ~1.51e-15 (-30.54dB)
[@    12m45s] Timestep:        37236 || Speed:   60.8 MC/s (2.094e-02 s/TS) || Energy: ~1.53e-15 (-30.50dB)
[@    12m50s] Timestep:        37450 || Speed:   48.7 MC/s (2.615e-02 s/TS) || Energy: ~9.99e-16 (-32.34dB)
[@    12m55s] Timestep:        37664 || Speed:   53.7 MC/s (2.370e-02 s/TS) || Energy: ~1.59e-15 (-30.32dB)
[@    12m59s] Timestep:        37878 || Speed:   67.6 MC/s (1.883e-02 s/TS) || Energy: ~8.01e-16 (-33.30dB)
[@    13m04s] Timestep:        38092 || Speed:   62.0 MC/s (2.053e-02 s/TS) || Energy: ~1.36e-15 (-31.01dB)
[@    13m08s] Timestep:        38306 || Speed:   59.5 MC/s (2.138e-02 s/TS) || Energy: ~8.87e-16 (-32.86dB)
[@    13m14s] Timestep:        38520 || Speed:   46.7 MC/s (2.727e-02 s/TS) || Energy: ~9.68e-16 (-32.48dB)
[@    13m18s] Timestep:        38734 || Speed:   66.4 MC/s (1.918e-02 s/TS) || Energy: ~1.04e-15 (-32.17dB)
[@    13m22s] Timestep:        38948 || Speed:   65.6 MC/s (1.940e-02 s/TS) || Energy: ~6.56e-16 (-34.17dB)
[@    13m27s] Timestep:        39162 || Speed:   61.7 MC/s (2.062e-02 s/TS) || Energy: ~1.05e-15 (-32.11dB)
[@    13m31s] Timestep:        39376 || Speed:   61.7 MC/s (2.064e-02 s/TS) || Energy: ~5.52e-16 (-34.92dB)
[@    13m37s] Timestep:        39590 || Speed:   50.7 MC/s (2.509e-02 s/TS) || Energy: ~8.82e-16 (-32.88dB)
[@    13m42s] Timestep:        39804 || Speed:   48.3 MC/s (2.636e-02 s/TS) || Energy: ~6.17e-16 (-34.43dB)
[@    13m46s] Timestep:        40018 || Speed:   68.0 MC/s (1.871e-02 s/TS) || Energy: ~6.28e-16 (-34.36dB)
[@    13m50s] Timestep:        40232 || Speed:   67.1 MC/s (1.898e-02 s/TS) || Energy: ~7.06e-16 (-33.85dB)
[@    13m55s] Timestep:        40446 || Speed:   61.6 MC/s (2.065e-02 s/TS) || Energy: ~4.38e-16 (-35.92dB)
[@    14m00s] Timestep:        40660 || Speed:   55.4 MC/s (2.297e-02 s/TS) || Energy: ~6.99e-16 (-33.89dB)
[@    14m05s] Timestep:        40874 || Speed:   55.5 MC/s (2.292e-02 s/TS) || Energy: ~3.84e-16 (-36.50dB)
[@    14m11s] Timestep:        41088 || Speed:   45.4 MC/s (2.806e-02 s/TS) || Energy: ~5.76e-16 (-34.73dB)
[@    14m15s] Timestep:        41302 || Speed:   63.2 MC/s (2.015e-02 s/TS) || Energy: ~4.29e-16 (-36.02dB)
[@    14m21s] Timestep:        41613 || Speed:   67.0 MC/s (1.899e-02 s/TS) || Energy: ~5.21e-16 (-35.16dB)
[@    14m26s] Timestep:        41837 || Speed:   57.4 MC/s (2.218e-02 s/TS) || Energy: ~3.34e-16 (-37.10dB)
[@    14m30s] Timestep:        42042 || Speed:   56.5 MC/s (2.253e-02 s/TS) || Energy: ~3.90e-16 (-36.43dB)
[@    14m37s] Timestep:        42265 || Speed:   45.2 MC/s (2.814e-02 s/TS) || Energy: ~3.80e-16 (-36.54dB)
[@    14m42s] Timestep:        42471 || Speed:   49.9 MC/s (2.551e-02 s/TS) || Energy: ~2.76e-16 (-37.93dB)
[@    14m46s] Timestep:        42693 || Speed:   69.4 MC/s (1.833e-02 s/TS) || Energy: ~3.95e-16 (-36.37dB)
[@    14m51s] Timestep:        42900 || Speed:   57.5 MC/s (2.215e-02 s/TS) || Energy: ~2.27e-16 (-38.77dB)
[@    14m55s] Timestep:        43121 || Speed:   57.8 MC/s (2.201e-02 s/TS) || Energy: ~3.48e-16 (-36.92dB)
[@    15m01s] Timestep:        43329 || Speed:   48.3 MC/s (2.637e-02 s/TS) || Energy: ~2.37e-16 (-38.58dB)
[@    15m07s] Timestep:        43549 || Speed:   43.3 MC/s (2.939e-02 s/TS) || Energy: ~2.64e-16 (-38.11dB)
[@    15m12s] Timestep:        43758 || Speed:   55.7 MC/s (2.283e-02 s/TS) || Energy: ~2.64e-16 (-38.12dB)
[@    15m17s] Timestep:        43977 || Speed:   60.1 MC/s (2.117e-02 s/TS) || Energy: ~1.90e-16 (-39.55dB)
[@    15m22s] Timestep:        44187 || Speed:   51.4 MC/s (2.478e-02 s/TS) || Energy: ~2.66e-16 (-38.08dB)
[@    15m27s] Timestep:        44405 || Speed:   55.2 MC/s (2.308e-02 s/TS) || Energy: ~1.57e-16 (-40.39dB)
Time for 44405 iterations with 1272934.00 cells : 927.49 sec
Speed: 60.94 MCells/s 

     freq       S11   S21 coupling   AR embedded      Dmax
   5.725G    -9.16dB        -21.02dB         3.28dB     6.40dBi
   5.800G    -6.94dB        -22.47dB         6.56dB     6.75dBi
   5.875G    -5.65dB        -26.73dB         9.78dB     6.64dBi
