[p1] mesh 286x172x26 = 1.28 Mcells   ground 108.6 x 60.0 mm   pitch 25.8442 mm
openEMS - fixed number of threads: 8
 ---------------------------------------------------------------------- 
 | openEMS 64bit -- version v0.37.0-rc1-2-g7b051bb
 | (C) 2010-2026 Thorsten Liebig <thorsten.liebig@gmx.de>  GPL license
 ---------------------------------------------------------------------- 
	Used external libraries:
		CSXCAD -- Version: v0.7.0-rc1-1-g5115701
		hdf5   -- Version: 2.2.0
		          compiled against: HDF5 library version: 2.2.0
		tinyxml -- compiled against: 2.6.2
		fparser
		boost  -- compiled against: 1_90
		vtk -- disabled in this build

Create FDTD operator (compressed SSE + multi-threading)
FDTD simulation size: 286x172x26 --> 1.27899e+06 FDTD cells 
FDTD timestep is: 1.64436e-13 s; Nyquist rate: 457 timesteps @6.6536e+09 Hz
Excitation signal length is: 20497 timesteps (3.37045e-09s)
Max. number of timesteps: 140000 ( --> 6.83027 * Excitation signal length)
Create FDTD engine (compressed SSE + multi-threading)
Running FDTD engine... this may take a while... grab a cup of coffee?!?
[@        5s] Timestep:          342 || Speed:   86.4 MC/s (1.480e-02 s/TS) || Energy: ~5.84e-21 (- 0.00dB)
[@        9s] Timestep:          684 || Speed:  100.5 MC/s (1.272e-02 s/TS) || Energy: ~1.35e-20 (- 0.00dB)
[@       14s] Timestep:         1026 || Speed:   82.1 MC/s (1.558e-02 s/TS) || Energy: ~6.72e-20 (- 0.00dB)
[@       19s] Timestep:         1368 || Speed:   88.0 MC/s (1.453e-02 s/TS) || Energy: ~2.07e-19 (- 0.00dB)
[@       24s] Timestep:         1710 || Speed:   87.4 MC/s (1.463e-02 s/TS) || Energy: ~4.52e-19 (- 0.00dB)
[@       30s] Timestep:         2052 || Speed:   77.6 MC/s (1.649e-02 s/TS) || Energy: ~1.70e-18 (- 0.00dB)
[@       35s] Timestep:         2394 || Speed:   80.9 MC/s (1.581e-02 s/TS) || Energy: ~4.13e-18 (- 0.00dB)
[@       41s] Timestep:         2736 || Speed:   81.1 MC/s (1.578e-02 s/TS) || Energy: ~9.31e-18 (- 0.00dB)
[@       45s] Timestep:         3078 || Speed:   94.8 MC/s (1.349e-02 s/TS) || Energy: ~2.87e-17 (- 0.00dB)
[@       50s] Timestep:         3420 || Speed:   94.1 MC/s (1.359e-02 s/TS) || Energy: ~5.92e-17 (- 0.00dB)
[@       54s] Timestep:         3762 || Speed:   96.3 MC/s (1.329e-02 s/TS) || Energy: ~1.33e-16 (- 0.00dB)
[@       59s] Timestep:         4104 || Speed:   96.5 MC/s (1.325e-02 s/TS) || Energy: ~3.35e-16 (- 0.00dB)
[@     1m03s] Timestep:         4446 || Speed:  102.8 MC/s (1.245e-02 s/TS) || Energy: ~6.16e-16 (- 0.00dB)
[@     1m08s] Timestep:         4788 || Speed:   99.7 MC/s (1.283e-02 s/TS) || Energy: ~1.34e-15 (- 0.00dB)
[@     1m12s] Timestep:         5130 || Speed:   96.5 MC/s (1.326e-02 s/TS) || Energy: ~2.73e-15 (- 0.00dB)
[@     1m17s] Timestep:         5472 || Speed:   96.0 MC/s (1.333e-02 s/TS) || Energy: ~4.69e-15 (- 0.00dB)
[@     1m21s] Timestep:         5814 || Speed:   95.4 MC/s (1.340e-02 s/TS) || Energy: ~9.47e-15 (- 0.00dB)
[@     1m26s] Timestep:         6156 || Speed:   95.8 MC/s (1.336e-02 s/TS) || Energy: ~1.58e-14 (- 0.00dB)
[@     1m30s] Timestep:         6498 || Speed:   98.6 MC/s (1.297e-02 s/TS) || Energy: ~2.62e-14 (- 0.00dB)
[@     1m35s] Timestep:         6840 || Speed:   94.0 MC/s (1.361e-02 s/TS) || Energy: ~4.69e-14 (- 0.00dB)
[@     1m39s] Timestep:         7182 || Speed:  101.1 MC/s (1.265e-02 s/TS) || Energy: ~6.57e-14 (- 0.00dB)
[@     1m44s] Timestep:         7524 || Speed:   95.5 MC/s (1.339e-02 s/TS) || Energy: ~1.07e-13 (- 0.00dB)
[@     1m48s] Timestep:         7866 || Speed:   99.0 MC/s (1.292e-02 s/TS) || Energy: ~1.64e-13 (- 0.00dB)
[@     1m53s] Timestep:         8208 || Speed:   95.1 MC/s (1.346e-02 s/TS) || Energy: ~2.02e-13 (- 0.00dB)
[@     1m57s] Timestep:         8550 || Speed:   98.5 MC/s (1.298e-02 s/TS) || Energy: ~3.18e-13 (- 0.00dB)
[@     2m03s] Timestep:         8892 || Speed:   81.2 MC/s (1.576e-02 s/TS) || Energy: ~4.09e-13 (- 0.00dB)
[@     2m08s] Timestep:         9234 || Speed:   89.4 MC/s (1.430e-02 s/TS) || Energy: ~4.70e-13 (- 0.00dB)
[@     2m12s] Timestep:         9576 || Speed:  102.1 MC/s (1.252e-02 s/TS) || Energy: ~6.84e-13 (- 0.00dB)
[@     2m17s] Timestep:         9918 || Speed:   91.6 MC/s (1.396e-02 s/TS) || Energy: ~7.50e-13 (- 0.00dB)
[@     2m22s] Timestep:        10248 || Speed:   85.9 MC/s (1.489e-02 s/TS) || Energy: ~8.46e-13 (- 0.00dB)
[@     2m27s] Timestep:        10602 || Speed:   92.2 MC/s (1.387e-02 s/TS) || Energy: ~1.07e-12 (- 0.00dB)
[@     2m31s] Timestep:        10944 || Speed:   97.9 MC/s (1.307e-02 s/TS) || Energy: ~1.05e-12 (- 0.10dB)
[@     2m35s] Timestep:        11286 || Speed:   97.9 MC/s (1.306e-02 s/TS) || Energy: ~1.17e-12 (- 0.00dB)
[@     2m40s] Timestep:        11628 || Speed:   88.2 MC/s (1.450e-02 s/TS) || Energy: ~1.25e-12 (- 0.00dB)
[@     2m45s] Timestep:        11970 || Speed:   85.8 MC/s (1.490e-02 s/TS) || Energy: ~1.19e-12 (- 0.21dB)
[@     2m51s] Timestep:        12312 || Speed:   86.0 MC/s (1.487e-02 s/TS) || Energy: ~1.29e-12 (- 0.00dB)
[@     2m56s] Timestep:        12654 || Speed:   83.3 MC/s (1.536e-02 s/TS) || Energy: ~1.15e-12 (- 0.51dB)
[@     3m01s] Timestep:        12996 || Speed:   86.7 MC/s (1.475e-02 s/TS) || Energy: ~1.19e-12 (- 0.37dB)
[@     3m06s] Timestep:        13338 || Speed:   87.4 MC/s (1.463e-02 s/TS) || Energy: ~1.18e-12 (- 0.39dB)
[@     3m11s] Timestep:        13680 || Speed:   87.4 MC/s (1.464e-02 s/TS) || Energy: ~9.39e-13 (- 1.39dB)
[@     3m15s] Timestep:        14022 || Speed:   98.5 MC/s (1.299e-02 s/TS) || Energy: ~1.11e-12 (- 0.65dB)
[@     3m20s] Timestep:        14364 || Speed:   91.0 MC/s (1.405e-02 s/TS) || Energy: ~9.77e-13 (- 1.22dB)
[@     3m25s] Timestep:        14706 || Speed:   89.0 MC/s (1.438e-02 s/TS) || Energy: ~7.96e-13 (- 2.11dB)
[@     3m30s] Timestep:        15048 || Speed:   84.6 MC/s (1.512e-02 s/TS) || Energy: ~1.03e-12 (- 0.99dB)
[@     3m35s] Timestep:        15390 || Speed:   90.3 MC/s (1.417e-02 s/TS) || Energy: ~7.97e-13 (- 2.10dB)
[@     3m40s] Timestep:        15732 || Speed:   94.5 MC/s (1.354e-02 s/TS) || Energy: ~7.42e-13 (- 2.41dB)
[@     3m45s] Timestep:        16074 || Speed:   90.3 MC/s (1.417e-02 s/TS) || Energy: ~9.34e-13 (- 1.41dB)
[@     3m50s] Timestep:        16416 || Speed:   77.3 MC/s (1.655e-02 s/TS) || Energy: ~6.60e-13 (- 2.92dB)
[@     3m55s] Timestep:        16758 || Speed:   83.4 MC/s (1.533e-02 s/TS) || Energy: ~7.14e-13 (- 2.58dB)
[@     4m01s] Timestep:        17100 || Speed:   84.5 MC/s (1.514e-02 s/TS) || Energy: ~8.06e-13 (- 2.05dB)
[@     4m05s] Timestep:        17366 || Speed:   79.9 MC/s (1.600e-02 s/TS) || Energy: ~5.61e-13 (- 3.62dB)
[@     4m10s] Timestep:        17670 || Speed:   82.6 MC/s (1.548e-02 s/TS) || Energy: ~7.57e-13 (- 2.32dB)
[@     4m15s] Timestep:        18012 || Speed:   81.3 MC/s (1.573e-02 s/TS) || Energy: ~5.17e-13 (- 3.98dB)
[@     4m20s] Timestep:        18354 || Speed:   91.5 MC/s (1.397e-02 s/TS) || Energy: ~5.49e-13 (- 3.72dB)
[@     4m25s] Timestep:        18696 || Speed:   86.6 MC/s (1.478e-02 s/TS) || Energy: ~6.14e-13 (- 3.24dB)
[@     4m30s] Timestep:        19038 || Speed:   91.5 MC/s (1.398e-02 s/TS) || Energy: ~3.92e-13 (- 5.18dB)
[@     4m35s] Timestep:        19380 || Speed:   85.9 MC/s (1.488e-02 s/TS) || Energy: ~4.83e-13 (- 4.28dB)
[@     4m39s] Timestep:        19722 || Speed:   91.3 MC/s (1.401e-02 s/TS) || Energy: ~4.67e-13 (- 4.43dB)
[@     4m44s] Timestep:        20064 || Speed:   93.9 MC/s (1.362e-02 s/TS) || Energy: ~2.99e-13 (- 6.36dB)
[@     4m49s] Timestep:        20406 || Speed:   92.4 MC/s (1.384e-02 s/TS) || Energy: ~4.11e-13 (- 4.98dB)
[@     4m53s] Timestep:        20748 || Speed:   94.8 MC/s (1.350e-02 s/TS) || Energy: ~3.38e-13 (- 5.82dB)
[@     4m58s] Timestep:        21022 || Speed:   84.9 MC/s (1.507e-02 s/TS) || Energy: ~2.86e-13 (- 6.55dB)
[@     5m03s] Timestep:        21318 || Speed:   67.8 MC/s (1.885e-02 s/TS) || Energy: ~3.26e-13 (- 5.99dB)
[@     5m08s] Timestep:        21546 || Speed:   62.8 MC/s (2.035e-02 s/TS) || Energy: ~2.56e-13 (- 7.04dB)
[@     5m14s] Timestep:        21888 || Speed:   71.5 MC/s (1.788e-02 s/TS) || Energy: ~3.05e-13 (- 6.28dB)
[@     5m18s] Timestep:        22116 || Speed:   71.2 MC/s (1.796e-02 s/TS) || Energy: ~1.95e-13 (- 8.22dB)
[@     5m23s] Timestep:        22344 || Speed:   63.1 MC/s (2.028e-02 s/TS) || Energy: ~2.36e-13 (- 7.40dB)
[@     5m28s] Timestep:        22686 || Speed:   85.9 MC/s (1.489e-02 s/TS) || Energy: ~1.52e-13 (- 9.31dB)
[@     5m33s] Timestep:        23028 || Speed:   83.7 MC/s (1.527e-02 s/TS) || Energy: ~2.34e-13 (- 7.42dB)
[@     5m37s] Timestep:        23307 || Speed:   83.0 MC/s (1.541e-02 s/TS) || Energy: ~1.36e-13 (- 9.77dB)
[@     5m42s] Timestep:        23598 || Speed:   87.6 MC/s (1.460e-02 s/TS) || Energy: ~1.90e-13 (- 8.33dB)
[@     5m47s] Timestep:        23940 || Speed:   83.0 MC/s (1.540e-02 s/TS) || Energy: ~1.68e-13 (- 8.87dB)
[@     5m52s] Timestep:        24221 || Speed:   71.4 MC/s (1.792e-02 s/TS) || Energy: ~1.18e-13 (-10.39dB)
[@     5m57s] Timestep:        24510 || Speed:   67.5 MC/s (1.894e-02 s/TS) || Energy: ~1.64e-13 (- 8.96dB)
[@     6m03s] Timestep:        24852 || Speed:   76.2 MC/s (1.679e-02 s/TS) || Energy: ~8.45e-14 (-11.85dB)
[@     6m08s] Timestep:        25080 || Speed:   63.3 MC/s (2.020e-02 s/TS) || Energy: ~1.53e-13 (- 9.26dB)
[@     6m13s] Timestep:        25308 || Speed:   57.3 MC/s (2.231e-02 s/TS) || Energy: ~8.13e-14 (-12.02dB)
[@     6m17s] Timestep:        25536 || Speed:   68.0 MC/s (1.880e-02 s/TS) || Energy: ~1.22e-13 (-10.24dB)
[@     6m21s] Timestep:        25764 || Speed:   71.7 MC/s (1.785e-02 s/TS) || Energy: ~9.67e-14 (-11.27dB)
[@     6m26s] Timestep:        25992 || Speed:   63.1 MC/s (2.027e-02 s/TS) || Energy: ~8.44e-14 (-11.85dB)
[@     6m30s] Timestep:        26220 || Speed:   64.0 MC/s (1.997e-02 s/TS) || Energy: ~1.11e-13 (-10.66dB)
[@     6m35s] Timestep:        26448 || Speed:   67.4 MC/s (1.898e-02 s/TS) || Energy: ~5.83e-14 (-13.46dB)
[@     6m39s] Timestep:        26676 || Speed:   70.9 MC/s (1.803e-02 s/TS) || Energy: ~1.10e-13 (-10.71dB)
[@     6m43s] Timestep:        26904 || Speed:   68.3 MC/s (1.873e-02 s/TS) || Energy: ~5.30e-14 (-13.88dB)
[@     6m48s] Timestep:        27132 || Speed:   60.2 MC/s (2.125e-02 s/TS) || Energy: ~9.03e-14 (-11.56dB)
[@     6m53s] Timestep:        27360 || Speed:   61.5 MC/s (2.081e-02 s/TS) || Energy: ~6.33e-14 (-13.10dB)
[@     6m57s] Timestep:        27588 || Speed:   69.8 MC/s (1.833e-02 s/TS) || Energy: ~6.29e-14 (-13.13dB)
[@     7m02s] Timestep:        27877 || Speed:   69.6 MC/s (1.837e-02 s/TS) || Energy: ~5.90e-14 (-13.41dB)
[@     7m07s] Timestep:        28158 || Speed:   70.6 MC/s (1.810e-02 s/TS) || Energy: ~6.64e-14 (-12.90dB)
[@     7m11s] Timestep:        28386 || Speed:   68.6 MC/s (1.865e-02 s/TS) || Energy: ~5.71e-14 (-13.55dB)
[@     7m16s] Timestep:        28614 || Speed:   70.2 MC/s (1.822e-02 s/TS) || Energy: ~4.40e-14 (-14.69dB)
[@     7m22s] Timestep:        28956 || Speed:   72.6 MC/s (1.763e-02 s/TS) || Energy: ~4.11e-14 (-14.98dB)
[@     7m26s] Timestep:        29184 || Speed:   65.0 MC/s (1.969e-02 s/TS) || Energy: ~4.76e-14 (-14.34dB)
[@     7m30s] Timestep:        29412 || Speed:   70.9 MC/s (1.804e-02 s/TS) || Energy: ~5.11e-14 (-14.03dB)
[@     7m35s] Timestep:        29705 || Speed:   73.1 MC/s (1.749e-02 s/TS) || Energy: ~4.14e-14 (-14.94dB)
[@     7m40s] Timestep:        29982 || Speed:   71.3 MC/s (1.795e-02 s/TS) || Energy: ~3.75e-14 (-15.38dB)
[@     7m46s] Timestep:        30324 || Speed:   74.6 MC/s (1.715e-02 s/TS) || Energy: ~4.93e-14 (-14.19dB)
[@     7m51s] Timestep:        30619 || Speed:   76.1 MC/s (1.680e-02 s/TS) || Energy: ~2.10e-14 (-17.90dB)
[@     7m56s] Timestep:        30894 || Speed:   67.5 MC/s (1.895e-02 s/TS) || Energy: ~4.53e-14 (-14.55dB)
[@     8m02s] Timestep:        31236 || Speed:   75.2 MC/s (1.702e-02 s/TS) || Energy: ~2.33e-14 (-17.44dB)
[@     8m06s] Timestep:        31464 || Speed:   66.5 MC/s (1.923e-02 s/TS) || Energy: ~3.86e-14 (-15.25dB)
[@     8m12s] Timestep:        31806 || Speed:   78.1 MC/s (1.638e-02 s/TS) || Energy: ~2.58e-14 (-17.01dB)
[@     8m18s] Timestep:        32148 || Speed:   74.9 MC/s (1.706e-02 s/TS) || Energy: ~1.72e-14 (-18.76dB)
[@     8m23s] Timestep:        32447 || Speed:   82.5 MC/s (1.551e-02 s/TS) || Energy: ~3.24e-14 (-16.01dB)
[@     8m28s] Timestep:        32832 || Speed:   88.7 MC/s (1.443e-02 s/TS) || Energy: ~1.80e-14 (-18.56dB)
[@     8m34s] Timestep:        33174 || Speed:   80.9 MC/s (1.581e-02 s/TS) || Energy: ~1.57e-14 (-19.15dB)
[@     8m38s] Timestep:        33402 || Speed:   72.8 MC/s (1.757e-02 s/TS) || Energy: ~1.99e-14 (-18.12dB)
[@     8m43s] Timestep:        33744 || Speed:   75.3 MC/s (1.698e-02 s/TS) || Energy: ~1.13e-14 (-20.60dB)
[@     8m49s] Timestep:        34086 || Speed:   76.8 MC/s (1.665e-02 s/TS) || Energy: ~2.26e-14 (-17.57dB)
[@     8m55s] Timestep:        34428 || Speed:   78.0 MC/s (1.640e-02 s/TS) || Energy: ~1.41e-14 (-19.64dB)
[@     9m00s] Timestep:        34732 || Speed:   77.7 MC/s (1.646e-02 s/TS) || Energy: ~1.26e-14 (-20.12dB)
[@     9m04s] Timestep:        34998 || Speed:   77.7 MC/s (1.646e-02 s/TS) || Energy: ~1.54e-14 (-19.24dB)
[@     9m08s] Timestep:        35226 || Speed:   71.3 MC/s (1.793e-02 s/TS) || Energy: ~1.34e-14 (-19.85dB)
[@     9m13s] Timestep:        35568 || Speed:   84.3 MC/s (1.517e-02 s/TS) || Energy: ~1.58e-14 (-19.12dB)
[@     9m19s] Timestep:        35910 || Speed:   82.7 MC/s (1.546e-02 s/TS) || Energy: ~6.58e-15 (-22.94dB)
[@     9m24s] Timestep:        36252 || Speed:   76.6 MC/s (1.670e-02 s/TS) || Energy: ~1.21e-14 (-20.28dB)
[@     9m29s] Timestep:        36560 || Speed:   81.2 MC/s (1.575e-02 s/TS) || Energy: ~1.03e-14 (-20.99dB)
[@     9m33s] Timestep:        36822 || Speed:   80.5 MC/s (1.588e-02 s/TS) || Energy: ~8.75e-15 (-21.70dB)
[@     9m39s] Timestep:        37164 || Speed:   80.8 MC/s (1.583e-02 s/TS) || Energy: ~1.18e-14 (-20.40dB)
[@     9m44s] Timestep:        37474 || Speed:   79.6 MC/s (1.606e-02 s/TS) || Energy: ~4.63e-15 (-24.46dB)
[@     9m48s] Timestep:        37734 || Speed:   82.2 MC/s (1.555e-02 s/TS) || Energy: ~1.09e-14 (-20.76dB)
[@     9m52s] Timestep:        37962 || Speed:   69.6 MC/s (1.837e-02 s/TS) || Energy: ~4.41e-15 (-24.67dB)
[@     9m58s] Timestep:        38304 || Speed:   73.5 MC/s (1.739e-02 s/TS) || Energy: ~9.22e-15 (-21.47dB)
[@    10m04s] Timestep:        38646 || Speed:   75.5 MC/s (1.694e-02 s/TS) || Energy: ~6.07e-15 (-23.28dB)
[@    10m09s] Timestep:        38988 || Speed:   76.7 MC/s (1.668e-02 s/TS) || Energy: ~3.96e-15 (-25.14dB)
[@    10m14s] Timestep:        39302 || Speed:   83.6 MC/s (1.529e-02 s/TS) || Energy: ~7.81e-15 (-22.19dB)
[@    10m20s] Timestep:        39672 || Speed:   83.0 MC/s (1.540e-02 s/TS) || Energy: ~4.25e-15 (-24.84dB)
[@    10m25s] Timestep:        40014 || Speed:   78.3 MC/s (1.633e-02 s/TS) || Energy: ~3.67e-15 (-25.47dB)
[@    10m31s] Timestep:        40356 || Speed:   76.6 MC/s (1.670e-02 s/TS) || Energy: ~6.26e-15 (-23.15dB)
[@    10m36s] Timestep:        40673 || Speed:   81.1 MC/s (1.578e-02 s/TS) || Energy: ~2.64e-15 (-26.90dB)
[@    10m42s] Timestep:        41040 || Speed:   81.3 MC/s (1.573e-02 s/TS) || Energy: ~3.42e-15 (-25.78dB)
[@    10m47s] Timestep:        41382 || Speed:   81.3 MC/s (1.573e-02 s/TS) || Energy: ~4.94e-15 (-24.18dB)
[@    10m53s] Timestep:        41724 || Speed:   78.3 MC/s (1.634e-02 s/TS) || Energy: ~2.11e-15 (-27.87dB)
[@    10m58s] Timestep:        42044 || Speed:   76.2 MC/s (1.678e-02 s/TS) || Energy: ~3.51e-15 (-25.66dB)
[@    11m04s] Timestep:        42408 || Speed:   81.8 MC/s (1.564e-02 s/TS) || Energy: ~3.78e-15 (-25.34dB)
[@    11m10s] Timestep:        42750 || Speed:   75.2 MC/s (1.701e-02 s/TS) || Energy: ~1.57e-15 (-29.16dB)
[@    11m15s] Timestep:        43092 || Speed:   78.1 MC/s (1.638e-02 s/TS) || Energy: ~2.86e-15 (-26.55dB)
[@    11m21s] Timestep:        43415 || Speed:   76.9 MC/s (1.662e-02 s/TS) || Energy: ~2.64e-15 (-26.91dB)
[@    11m25s] Timestep:        43662 || Speed:   76.7 MC/s (1.667e-02 s/TS) || Energy: ~2.06e-15 (-27.98dB)
[@    11m31s] Timestep:        44004 || Speed:   74.6 MC/s (1.714e-02 s/TS) || Energy: ~2.81e-15 (-26.64dB)
[@    11m36s] Timestep:        44329 || Speed:   73.1 MC/s (1.750e-02 s/TS) || Energy: ~1.14e-15 (-30.56dB)
[@    11m42s] Timestep:        44688 || Speed:   84.4 MC/s (1.516e-02 s/TS) || Energy: ~1.89e-15 (-28.35dB)
[@    11m47s] Timestep:        45030 || Speed:   85.2 MC/s (1.501e-02 s/TS) || Energy: ~2.13e-15 (-27.83dB)
[@    11m53s] Timestep:        45372 || Speed:   79.5 MC/s (1.609e-02 s/TS) || Energy: ~9.02e-16 (-31.56dB)
[@    11m58s] Timestep:        45700 || Speed:   83.0 MC/s (1.541e-02 s/TS) || Energy: ~1.79e-15 (-28.60dB)
[@    12m03s] Timestep:        46056 || Speed:   83.4 MC/s (1.533e-02 s/TS) || Energy: ~1.58e-15 (-29.14dB)
[@    12m09s] Timestep:        46398 || Speed:   76.1 MC/s (1.680e-02 s/TS) || Energy: ~7.30e-16 (-32.48dB)
[@    12m14s] Timestep:        46740 || Speed:   79.7 MC/s (1.605e-02 s/TS) || Energy: ~1.48e-15 (-29.40dB)
[@    12m19s] Timestep:        47071 || Speed:   87.7 MC/s (1.458e-02 s/TS) || Energy: ~1.08e-15 (-30.76dB)
[@    12m24s] Timestep:        47424 || Speed:   85.1 MC/s (1.502e-02 s/TS) || Energy: ~6.30e-16 (-33.12dB)
[@    12m29s] Timestep:        47766 || Speed:   89.3 MC/s (1.432e-02 s/TS) || Energy: ~1.26e-15 (-30.10dB)
[@    12m34s] Timestep:        48222 || Speed:  134.8 MC/s (9.486e-03 s/TS) || Energy: ~1.16e-15 (-30.46dB)
[@    12m38s] Timestep:        48678 || Speed:  122.7 MC/s (1.043e-02 s/TS) || Energy: ~8.79e-16 (-31.68dB)
[@    12m43s] Timestep:        49134 || Speed:  129.8 MC/s (9.857e-03 s/TS) || Energy: ~5.69e-16 (-33.57dB)
[@    12m48s] Timestep:        49590 || Speed:  124.7 MC/s (1.026e-02 s/TS) || Energy: ~3.85e-16 (-35.26dB)
[@    12m52s] Timestep:        50046 || Speed:  131.1 MC/s (9.758e-03 s/TS) || Energy: ~3.76e-16 (-35.36dB)
[@    12m56s] Timestep:        50502 || Speed:  139.5 MC/s (9.167e-03 s/TS) || Energy: ~4.83e-16 (-34.28dB)
[@    13m00s] Timestep:        50958 || Speed:  140.0 MC/s (9.134e-03 s/TS) || Energy: ~5.87e-16 (-33.43dB)
[@    13m05s] Timestep:        51414 || Speed:  132.2 MC/s (9.672e-03 s/TS) || Energy: ~5.98e-16 (-33.35dB)
[@    13m09s] Timestep:        51870 || Speed:  141.3 MC/s (9.052e-03 s/TS) || Energy: ~5.00e-16 (-34.13dB)
[@    13m13s] Timestep:        52326 || Speed:  137.1 MC/s (9.327e-03 s/TS) || Energy: ~3.49e-16 (-35.69dB)
[@    13m18s] Timestep:        52782 || Speed:  129.9 MC/s (9.846e-03 s/TS) || Energy: ~2.24e-16 (-37.61dB)
[@    13m22s] Timestep:        53238 || Speed:  131.9 MC/s (9.694e-03 s/TS) || Energy: ~1.77e-16 (-38.63dB)
[@    13m26s] Timestep:        53694 || Speed:  135.4 MC/s (9.445e-03 s/TS) || Energy: ~2.05e-16 (-38.00dB)
[@    13m31s] Timestep:        54150 || Speed:  123.7 MC/s (1.034e-02 s/TS) || Energy: ~2.60e-16 (-36.96dB)
[@    13m36s] Timestep:        54606 || Speed:  129.0 MC/s (9.916e-03 s/TS) || Energy: ~2.91e-16 (-36.48dB)
[@    13m40s] Timestep:        55062 || Speed:  138.8 MC/s (9.212e-03 s/TS) || Energy: ~2.69e-16 (-36.82dB)
[@    13m44s] Timestep:        55518 || Speed:  125.7 MC/s (1.018e-02 s/TS) || Energy: ~2.06e-16 (-37.98dB)
[@    13m48s] Timestep:        55974 || Speed:  145.2 MC/s (8.809e-03 s/TS) || Energy: ~1.36e-16 (-39.78dB)
[@    13m53s] Timestep:        56430 || Speed:  141.7 MC/s (9.028e-03 s/TS) || Energy: ~9.34e-17 (-41.42dB)
Time for 56430 iterations with 1278992.00 cells : 833.07 sec
Speed: 86.64 MCells/s 

     freq       S11   S21 coupling   AR embedded      Dmax
   5.800G   -20.66dB        -20.42dB         2.83dB     5.90dBi
