[p3] mesh 286x172x26 = 1.28 Mcells   ground 108.6 x 60.0 mm   pitch 25.8442 mm
openEMS - fixed number of threads: 8
 ---------------------------------------------------------------------- 
 | openEMS 64bit -- version v0.37.0-rc1-2-g7b051bb
 | (C) 2010-2026 Thorsten Liebig <thorsten.liebig@gmx.de>  GPL license
 ---------------------------------------------------------------------- 
	Used external libraries:
		CSXCAD -- Version: v0.7.0-rc1-1-g5115701
		hdf5   -- Version: 2.2.0
		          compiled against: HDF5 library version: 2.2.0
		tinyxml -- compiled against: 2.6.2
		fparser
		boost  -- compiled against: 1_90
		vtk -- disabled in this build

Create FDTD operator (compressed SSE + multi-threading)
FDTD simulation size: 286x172x26 --> 1.27899e+06 FDTD cells 
FDTD timestep is: 1.64436e-13 s; Nyquist rate: 457 timesteps @6.6536e+09 Hz
Excitation signal length is: 20497 timesteps (3.37045e-09s)
Max. number of timesteps: 140000 ( --> 6.83027 * Excitation signal length)
Create FDTD engine (compressed SSE + multi-threading)
Running FDTD engine... this may take a while... grab a cup of coffee?!?
[@        4s] Timestep:          457 || Speed:  145.9 MC/s (8.765e-03 s/TS) || Energy: ~1.03e-20 (- 0.00dB)
[@        8s] Timestep:          914 || Speed:  145.7 MC/s (8.777e-03 s/TS) || Energy: ~5.19e-20 (- 0.00dB)
[@       13s] Timestep:         1482 || Speed:  144.6 MC/s (8.846e-03 s/TS) || Energy: ~3.35e-19 (- 0.00dB)
[@       17s] Timestep:         1938 || Speed:  144.6 MC/s (8.844e-03 s/TS) || Energy: ~1.29e-18 (- 0.00dB)
[@       21s] Timestep:         2508 || Speed:  157.5 MC/s (8.121e-03 s/TS) || Energy: ~6.88e-18 (- 0.00dB)
[@       26s] Timestep:         3078 || Speed:  146.4 MC/s (8.738e-03 s/TS) || Energy: ~3.14e-17 (- 0.00dB)
[@       31s] Timestep:         3648 || Speed:  151.2 MC/s (8.459e-03 s/TS) || Energy: ~1.24e-16 (- 0.00dB)
[@       35s] Timestep:         4104 || Speed:  133.5 MC/s (9.580e-03 s/TS) || Energy: ~3.73e-16 (- 0.00dB)
[@       39s] Timestep:         4560 || Speed:  144.4 MC/s (8.856e-03 s/TS) || Energy: ~9.66e-16 (- 0.00dB)
[@       44s] Timestep:         5027 || Speed:  142.9 MC/s (8.950e-03 s/TS) || Energy: ~2.31e-15 (- 0.00dB)
[@       48s] Timestep:         5472 || Speed:  130.0 MC/s (9.837e-03 s/TS) || Energy: ~4.84e-15 (- 0.00dB)
[@       52s] Timestep:         5928 || Speed:  129.2 MC/s (9.902e-03 s/TS) || Energy: ~1.05e-14 (- 0.00dB)
[@       57s] Timestep:         6384 || Speed:  125.5 MC/s (1.019e-02 s/TS) || Energy: ~2.27e-14 (- 0.00dB)
[@     1m01s] Timestep:         6840 || Speed:  142.4 MC/s (8.984e-03 s/TS) || Energy: ~4.74e-14 (- 0.00dB)
[@     1m06s] Timestep:         7410 || Speed:  150.8 MC/s (8.482e-03 s/TS) || Energy: ~9.45e-14 (- 0.00dB)
[@     1m11s] Timestep:         7980 || Speed:  141.1 MC/s (9.062e-03 s/TS) || Energy: ~1.76e-13 (- 0.00dB)
[@     1m15s] Timestep:         8436 || Speed:  136.7 MC/s (9.353e-03 s/TS) || Energy: ~2.85e-13 (- 0.00dB)
[@     1m20s] Timestep:         9006 || Speed:  147.3 MC/s (8.684e-03 s/TS) || Energy: ~4.48e-13 (- 0.00dB)
[@     1m25s] Timestep:         9576 || Speed:  150.6 MC/s (8.491e-03 s/TS) || Energy: ~6.63e-13 (- 0.00dB)
[@     1m30s] Timestep:        10146 || Speed:  154.0 MC/s (8.304e-03 s/TS) || Energy: ~9.18e-13 (- 0.00dB)
[@     1m35s] Timestep:        10716 || Speed:  138.8 MC/s (9.214e-03 s/TS) || Energy: ~1.17e-12 (- 0.00dB)
[@     1m39s] Timestep:        11172 || Speed:  144.9 MC/s (8.826e-03 s/TS) || Energy: ~1.30e-12 (- 0.00dB)
[@     1m44s] Timestep:        11742 || Speed:  150.0 MC/s (8.529e-03 s/TS) || Energy: ~1.41e-12 (- 0.00dB)
[@     1m49s] Timestep:        12312 || Speed:  148.5 MC/s (8.615e-03 s/TS) || Energy: ~1.40e-12 (- 0.05dB)
[@     1m53s] Timestep:        12796 || Speed:  147.4 MC/s (8.675e-03 s/TS) || Energy: ~1.39e-12 (- 0.07dB)
[@     1m58s] Timestep:        13338 || Speed:  158.8 MC/s (8.056e-03 s/TS) || Energy: ~1.27e-12 (- 0.47dB)
[@     2m02s] Timestep:        13794 || Speed:  142.1 MC/s (9.002e-03 s/TS) || Energy: ~1.40e-12 (- 0.03dB)
[@     2m06s] Timestep:        14250 || Speed:  137.0 MC/s (9.333e-03 s/TS) || Energy: ~1.57e-12 (- 0.00dB)
[@     2m11s] Timestep:        14706 || Speed:  127.8 MC/s (1.001e-02 s/TS) || Energy: ~1.56e-12 (- 0.01dB)
[@     2m16s] Timestep:        15276 || Speed:  145.2 MC/s (8.806e-03 s/TS) || Energy: ~1.49e-12 (- 0.21dB)
[@     2m20s] Timestep:        15732 || Speed:  140.5 MC/s (9.103e-03 s/TS) || Energy: ~1.37e-12 (- 0.57dB)
[@     2m24s] Timestep:        16188 || Speed:  144.8 MC/s (8.831e-03 s/TS) || Energy: ~1.08e-12 (- 1.61dB)
[@     2m29s] Timestep:        16758 || Speed:  148.6 MC/s (8.604e-03 s/TS) || Energy: ~1.13e-12 (- 1.44dB)
[@     2m34s] Timestep:        17328 || Speed:  148.2 MC/s (8.628e-03 s/TS) || Energy: ~1.09e-12 (- 1.57dB)
[@     2m38s] Timestep:        17784 || Speed:  138.1 MC/s (9.264e-03 s/TS) || Energy: ~8.64e-13 (- 2.58dB)
[@     2m42s] Timestep:        18240 || Speed:  138.7 MC/s (9.219e-03 s/TS) || Energy: ~6.45e-13 (- 3.85dB)
[@     2m46s] Timestep:        18696 || Speed:  144.2 MC/s (8.872e-03 s/TS) || Energy: ~5.24e-13 (- 4.76dB)
[@     2m50s] Timestep:        19152 || Speed:  131.0 MC/s (9.765e-03 s/TS) || Energy: ~5.02e-13 (- 4.94dB)
[@     2m55s] Timestep:        19608 || Speed:  138.6 MC/s (9.230e-03 s/TS) || Energy: ~5.21e-13 (- 4.79dB)
[@     2m59s] Timestep:        20108 || Speed:  145.6 MC/s (8.784e-03 s/TS) || Energy: ~4.75e-13 (- 5.19dB)
[@     3m04s] Timestep:        20634 || Speed:  150.6 MC/s (8.492e-03 s/TS) || Energy: ~4.04e-13 (- 5.89dB)
[@     3m08s] Timestep:        21090 || Speed:  141.0 MC/s (9.070e-03 s/TS) || Energy: ~3.78e-13 (- 6.17dB)
[@     3m12s] Timestep:        21546 || Speed:  136.6 MC/s (9.360e-03 s/TS) || Energy: ~3.22e-13 (- 6.87dB)
[@     3m16s] Timestep:        22002 || Speed:  137.3 MC/s (9.315e-03 s/TS) || Energy: ~2.52e-13 (- 7.93dB)
[@     3m20s] Timestep:        22458 || Speed:  140.1 MC/s (9.127e-03 s/TS) || Energy: ~1.93e-13 (- 9.09dB)
[@     3m25s] Timestep:        22914 || Speed:  138.3 MC/s (9.250e-03 s/TS) || Energy: ~1.57e-13 (- 9.98dB)
[@     3m29s] Timestep:        23484 || Speed:  151.0 MC/s (8.470e-03 s/TS) || Energy: ~1.33e-13 (-10.70dB)
[@     3m34s] Timestep:        23940 || Speed:  132.9 MC/s (9.623e-03 s/TS) || Energy: ~1.13e-13 (-11.40dB)
[@     3m38s] Timestep:        24396 || Speed:  136.6 MC/s (9.361e-03 s/TS) || Energy: ~1.06e-13 (-11.72dB)
[@     3m42s] Timestep:        24852 || Speed:  134.3 MC/s (9.523e-03 s/TS) || Energy: ~1.00e-13 (-11.94dB)
[@     3m47s] Timestep:        25308 || Speed:  135.0 MC/s (9.474e-03 s/TS) || Energy: ~9.10e-14 (-12.36dB)
[@     3m52s] Timestep:        25764 || Speed:  121.7 MC/s (1.051e-02 s/TS) || Energy: ~7.64e-14 (-13.12dB)
[@     3m56s] Timestep:        26220 || Speed:  130.8 MC/s (9.778e-03 s/TS) || Energy: ~6.01e-14 (-14.16dB)
[@     4m01s] Timestep:        26676 || Speed:  120.7 MC/s (1.059e-02 s/TS) || Energy: ~4.69e-14 (-15.24dB)
[@     4m06s] Timestep:        27132 || Speed:  110.5 MC/s (1.157e-02 s/TS) || Energy: ~3.93e-14 (-16.01dB)
[@     4m10s] Timestep:        27474 || Speed:  107.7 MC/s (1.187e-02 s/TS) || Energy: ~4.45e-14 (-15.47dB)
[@     4m15s] Timestep:        27816 || Speed:   85.5 MC/s (1.496e-02 s/TS) || Energy: ~3.66e-14 (-16.32dB)
[@     4m19s] Timestep:        28158 || Speed:  107.4 MC/s (1.191e-02 s/TS) || Energy: ~2.86e-14 (-17.38dB)
[@     4m24s] Timestep:        28614 || Speed:  126.3 MC/s (1.013e-02 s/TS) || Energy: ~2.76e-14 (-17.54dB)
[@     4m29s] Timestep:        29070 || Speed:  126.6 MC/s (1.011e-02 s/TS) || Energy: ~2.70e-14 (-17.63dB)
[@     4m33s] Timestep:        29640 || Speed:  152.8 MC/s (8.369e-03 s/TS) || Energy: ~2.12e-14 (-18.68dB)
[@     4m38s] Timestep:        30096 || Speed:  138.9 MC/s (9.208e-03 s/TS) || Energy: ~2.06e-14 (-18.80dB)
[@     4m42s] Timestep:        30552 || Speed:  135.7 MC/s (9.427e-03 s/TS) || Energy: ~1.85e-14 (-19.29dB)
[@     4m46s] Timestep:        31008 || Speed:  133.3 MC/s (9.593e-03 s/TS) || Energy: ~1.49e-14 (-20.22dB)
[@     4m50s] Timestep:        31350 || Speed:  102.9 MC/s (1.243e-02 s/TS) || Energy: ~9.90e-15 (-21.99dB)
[@     4m56s] Timestep:        31692 || Speed:   87.0 MC/s (1.471e-02 s/TS) || Energy: ~1.28e-14 (-20.89dB)
[@     5m00s] Timestep:        31990 || Speed:   93.2 MC/s (1.372e-02 s/TS) || Energy: ~9.55e-15 (-22.15dB)
[@     5m05s] Timestep:        32376 || Speed:   97.4 MC/s (1.313e-02 s/TS) || Energy: ~7.30e-15 (-23.32dB)
[@     5m09s] Timestep:        32718 || Speed:  102.6 MC/s (1.246e-02 s/TS) || Energy: ~9.92e-15 (-21.99dB)
[@     5m14s] Timestep:        33060 || Speed:   86.7 MC/s (1.476e-02 s/TS) || Energy: ~7.43e-15 (-23.24dB)
[@     5m18s] Timestep:        33402 || Speed:   99.0 MC/s (1.292e-02 s/TS) || Energy: ~5.53e-15 (-24.52dB)
[@     5m23s] Timestep:        33744 || Speed:   97.4 MC/s (1.313e-02 s/TS) || Energy: ~7.68e-15 (-23.10dB)
[@     5m27s] Timestep:        34086 || Speed:  105.2 MC/s (1.216e-02 s/TS) || Energy: ~5.20e-15 (-24.79dB)
[@     5m31s] Timestep:        34428 || Speed:  103.5 MC/s (1.235e-02 s/TS) || Energy: ~4.29e-15 (-25.62dB)
[@     5m35s] Timestep:        34732 || Speed:   94.3 MC/s (1.357e-02 s/TS) || Energy: ~5.87e-15 (-24.26dB)
[@     5m40s] Timestep:        35112 || Speed:  109.3 MC/s (1.170e-02 s/TS) || Energy: ~3.63e-15 (-26.35dB)
[@     5m45s] Timestep:        35454 || Speed:   92.0 MC/s (1.390e-02 s/TS) || Energy: ~3.41e-15 (-26.62dB)
[@     5m50s] Timestep:        35796 || Speed:   84.3 MC/s (1.518e-02 s/TS) || Energy: ~4.51e-15 (-25.41dB)
[@     5m54s] Timestep:        36103 || Speed:   85.5 MC/s (1.496e-02 s/TS) || Energy: ~2.35e-15 (-28.25dB)
[@     5m59s] Timestep:        36366 || Speed:   76.1 MC/s (1.682e-02 s/TS) || Energy: ~3.84e-15 (-26.11dB)
[@     6m05s] Timestep:        36708 || Speed:   75.0 MC/s (1.705e-02 s/TS) || Energy: ~2.57e-15 (-27.85dB)
[@     6m10s] Timestep:        37017 || Speed:   79.7 MC/s (1.605e-02 s/TS) || Energy: ~2.25e-15 (-28.43dB)
[@     6m15s] Timestep:        37392 || Speed:   83.6 MC/s (1.531e-02 s/TS) || Energy: ~3.00e-15 (-27.18dB)
[@     6m21s] Timestep:        37734 || Speed:   75.0 MC/s (1.704e-02 s/TS) || Energy: ~1.80e-15 (-29.39dB)
[@     6m27s] Timestep:        38076 || Speed:   73.9 MC/s (1.730e-02 s/TS) || Energy: ~1.59e-15 (-29.93dB)
[@     6m32s] Timestep:        38388 || Speed:   81.3 MC/s (1.573e-02 s/TS) || Energy: ~2.29e-15 (-28.36dB)
[@     6m36s] Timestep:        38646 || Speed:   79.6 MC/s (1.608e-02 s/TS) || Energy: ~1.15e-15 (-31.34dB)
[@     6m42s] Timestep:        38988 || Speed:   77.7 MC/s (1.645e-02 s/TS) || Energy: ~1.95e-15 (-29.05dB)
[@     6m47s] Timestep:        39302 || Speed:   82.1 MC/s (1.559e-02 s/TS) || Energy: ~1.19e-15 (-31.21dB)
[@     6m51s] Timestep:        39558 || Speed:   77.7 MC/s (1.647e-02 s/TS) || Energy: ~1.51e-15 (-30.16dB)
[@     6m55s] Timestep:        39786 || Speed:   71.6 MC/s (1.786e-02 s/TS) || Energy: ~8.89e-16 (-32.46dB)
[@     7m01s] Timestep:        40128 || Speed:   72.4 MC/s (1.768e-02 s/TS) || Energy: ~1.09e-15 (-31.59dB)
[@     7m06s] Timestep:        40470 || Speed:   89.1 MC/s (1.436e-02 s/TS) || Energy: ~1.35e-15 (-30.66dB)
[@     7m11s] Timestep:        40812 || Speed:   90.5 MC/s (1.413e-02 s/TS) || Energy: ~6.35e-16 (-33.93dB)
[@     7m16s] Timestep:        41130 || Speed:   81.2 MC/s (1.574e-02 s/TS) || Energy: ~1.00e-15 (-31.95dB)
[@     7m21s] Timestep:        41496 || Speed:   96.4 MC/s (1.326e-02 s/TS) || Energy: ~1.01e-15 (-31.92dB)
[@     7m26s] Timestep:        41838 || Speed:   82.8 MC/s (1.545e-02 s/TS) || Energy: ~4.63e-16 (-35.30dB)
[@     7m31s] Timestep:        42180 || Speed:   82.6 MC/s (1.548e-02 s/TS) || Energy: ~7.56e-16 (-33.17dB)
[@     7m36s] Timestep:        42501 || Speed:   77.0 MC/s (1.662e-02 s/TS) || Energy: ~6.95e-16 (-33.53dB)
[@     7m41s] Timestep:        42750 || Speed:   75.4 MC/s (1.697e-02 s/TS) || Energy: ~5.33e-16 (-34.69dB)
[@     7m46s] Timestep:        43092 || Speed:   83.8 MC/s (1.526e-02 s/TS) || Energy: ~7.18e-16 (-33.39dB)
[@     7m50s] Timestep:        43415 || Speed:  101.8 MC/s (1.256e-02 s/TS) || Energy: ~3.13e-16 (-36.99dB)
[@     7m54s] Timestep:        43776 || Speed:  104.7 MC/s (1.222e-02 s/TS) || Energy: ~4.51e-16 (-35.41dB)
[@     7m59s] Timestep:        44232 || Speed:  116.0 MC/s (1.103e-02 s/TS) || Energy: ~5.14e-16 (-34.84dB)
[@     8m05s] Timestep:        44688 || Speed:  114.0 MC/s (1.122e-02 s/TS) || Energy: ~4.98e-16 (-34.98dB)
[@     8m10s] Timestep:        45144 || Speed:  110.0 MC/s (1.162e-02 s/TS) || Energy: ~4.05e-16 (-35.88dB)
[@     8m14s] Timestep:        45486 || Speed:  102.3 MC/s (1.250e-02 s/TS) || Energy: ~1.80e-16 (-39.40dB)
[@     8m19s] Timestep:        45828 || Speed:   98.5 MC/s (1.299e-02 s/TS) || Energy: ~3.19e-16 (-36.91dB)
[@     8m23s] Timestep:        46157 || Speed:   98.1 MC/s (1.304e-02 s/TS) || Energy: ~2.85e-16 (-37.40dB)
[@     8m27s] Timestep:        46512 || Speed:   98.7 MC/s (1.296e-02 s/TS) || Energy: ~1.39e-16 (-40.51dB)
Time for 46512 iterations with 1278992.00 cells : 507.96 sec
Speed: 117.11 MCells/s 

     freq       S11   S21 coupling   AR embedded      Dmax
   5.800G   -14.52dB        -20.68dB         3.16dB     5.86dBi
