[s1] mesh 286x172x26 = 1.28 Mcells   ground 108.6 x 60.0 mm   pitch 25.8442 mm
openEMS - fixed number of threads: 8
 ---------------------------------------------------------------------- 
 | openEMS 64bit -- version v0.37.0-rc1-2-g7b051bb
 | (C) 2010-2026 Thorsten Liebig <thorsten.liebig@gmx.de>  GPL license
 ---------------------------------------------------------------------- 
	Used external libraries:
		CSXCAD -- Version: v0.7.0-rc1-1-g5115701
		hdf5   -- Version: 2.2.0
		          compiled against: HDF5 library version: 2.2.0
		tinyxml -- compiled against: 2.6.2
		fparser
		boost  -- compiled against: 1_90
		vtk -- disabled in this build

Create FDTD operator (compressed SSE + multi-threading)
FDTD simulation size: 286x172x26 --> 1.27899e+06 FDTD cells 
FDTD timestep is: 1.64436e-13 s; Nyquist rate: 457 timesteps @6.6536e+09 Hz
Excitation signal length is: 20497 timesteps (3.37045e-09s)
Max. number of timesteps: 140000 ( --> 6.83027 * Excitation signal length)
Create FDTD engine (compressed SSE + multi-threading)
Running FDTD engine... this may take a while... grab a cup of coffee?!?
[@        4s] Timestep:          342 || Speed:   95.3 MC/s (1.343e-02 s/TS) || Energy: ~5.84e-21 (- 0.00dB)
[@        9s] Timestep:          684 || Speed:   90.1 MC/s (1.420e-02 s/TS) || Energy: ~1.35e-20 (- 0.00dB)
[@       14s] Timestep:         1026 || Speed:   82.6 MC/s (1.548e-02 s/TS) || Energy: ~6.72e-20 (- 0.00dB)
[@       20s] Timestep:         1368 || Speed:   77.1 MC/s (1.660e-02 s/TS) || Energy: ~2.07e-19 (- 0.00dB)
[@       25s] Timestep:         1710 || Speed:   79.7 MC/s (1.605e-02 s/TS) || Energy: ~4.52e-19 (- 0.00dB)
[@       31s] Timestep:         2052 || Speed:   80.3 MC/s (1.592e-02 s/TS) || Energy: ~1.70e-18 (- 0.00dB)
[@       36s] Timestep:         2394 || Speed:   82.0 MC/s (1.559e-02 s/TS) || Energy: ~4.13e-18 (- 0.00dB)
[@       41s] Timestep:         2736 || Speed:   91.9 MC/s (1.392e-02 s/TS) || Energy: ~9.31e-18 (- 0.00dB)
[@       46s] Timestep:         3078 || Speed:   88.8 MC/s (1.441e-02 s/TS) || Energy: ~2.87e-17 (- 0.00dB)
[@       51s] Timestep:         3420 || Speed:   81.9 MC/s (1.562e-02 s/TS) || Energy: ~5.92e-17 (- 0.00dB)
[@       55s] Timestep:         3656 || Speed:   74.8 MC/s (1.710e-02 s/TS) || Energy: ~1.16e-16 (- 0.00dB)
[@     1m01s] Timestep:         3990 || Speed:   76.3 MC/s (1.677e-02 s/TS) || Energy: ~2.40e-16 (- 0.00dB)
[@     1m05s] Timestep:         4218 || Speed:   66.2 MC/s (1.931e-02 s/TS) || Energy: ~4.11e-16 (- 0.00dB)
[@     1m11s] Timestep:         4560 || Speed:   76.0 MC/s (1.684e-02 s/TS) || Energy: ~8.60e-16 (- 0.00dB)
[@     1m17s] Timestep:         4902 || Speed:   79.3 MC/s (1.614e-02 s/TS) || Energy: ~1.58e-15 (- 0.00dB)
[@     1m22s] Timestep:         5244 || Speed:   78.7 MC/s (1.625e-02 s/TS) || Energy: ~3.44e-15 (- 0.00dB)
[@     1m26s] Timestep:         5484 || Speed:   74.3 MC/s (1.722e-02 s/TS) || Energy: ~4.79e-15 (- 0.00dB)
[@     1m31s] Timestep:         5814 || Speed:   88.0 MC/s (1.453e-02 s/TS) || Energy: ~9.47e-15 (- 0.00dB)
[@     1m36s] Timestep:         6156 || Speed:   82.7 MC/s (1.547e-02 s/TS) || Energy: ~1.58e-14 (- 0.00dB)
[@     1m42s] Timestep:         6498 || Speed:   83.1 MC/s (1.539e-02 s/TS) || Energy: ~2.62e-14 (- 0.00dB)
[@     1m47s] Timestep:         6840 || Speed:   83.5 MC/s (1.532e-02 s/TS) || Energy: ~4.69e-14 (- 0.00dB)
[@     1m52s] Timestep:         7182 || Speed:   81.3 MC/s (1.574e-02 s/TS) || Energy: ~6.57e-14 (- 0.00dB)
[@     1m58s] Timestep:         7524 || Speed:   76.8 MC/s (1.665e-02 s/TS) || Energy: ~1.07e-13 (- 0.00dB)
[@     2m03s] Timestep:         7866 || Speed:   81.8 MC/s (1.563e-02 s/TS) || Energy: ~1.64e-13 (- 0.00dB)
[@     2m08s] Timestep:         8208 || Speed:   83.5 MC/s (1.532e-02 s/TS) || Energy: ~2.02e-13 (- 0.00dB)
[@     2m13s] Timestep:         8550 || Speed:   88.9 MC/s (1.439e-02 s/TS) || Energy: ~3.18e-13 (- 0.00dB)
[@     2m19s] Timestep:         8892 || Speed:   79.9 MC/s (1.601e-02 s/TS) || Energy: ~4.09e-13 (- 0.00dB)
[@     2m24s] Timestep:         9234 || Speed:   84.7 MC/s (1.511e-02 s/TS) || Energy: ~4.70e-13 (- 0.00dB)
[@     2m29s] Timestep:         9576 || Speed:   82.0 MC/s (1.561e-02 s/TS) || Energy: ~6.84e-13 (- 0.00dB)
[@     2m35s] Timestep:         9918 || Speed:   84.9 MC/s (1.506e-02 s/TS) || Energy: ~7.50e-13 (- 0.00dB)
[@     2m40s] Timestep:        10248 || Speed:   78.5 MC/s (1.629e-02 s/TS) || Energy: ~8.46e-13 (- 0.00dB)
[@     2m44s] Timestep:        10511 || Speed:   81.5 MC/s (1.569e-02 s/TS) || Energy: ~1.01e-12 (- 0.00dB)
[@     2m49s] Timestep:        10830 || Speed:   84.7 MC/s (1.509e-02 s/TS) || Energy: ~1.01e-12 (- 0.00dB)
[@     2m54s] Timestep:        11172 || Speed:   78.8 MC/s (1.624e-02 s/TS) || Energy: ~1.21e-12 (- 0.00dB)
[@     2m59s] Timestep:        11425 || Speed:   78.6 MC/s (1.628e-02 s/TS) || Energy: ~1.13e-12 (- 0.29dB)
[@     3m04s] Timestep:        11742 || Speed:   78.2 MC/s (1.635e-02 s/TS) || Energy: ~1.28e-12 (- 0.00dB)
[@     3m09s] Timestep:        12084 || Speed:   85.7 MC/s (1.493e-02 s/TS) || Energy: ~1.20e-12 (- 0.27dB)
[@     3m14s] Timestep:        12426 || Speed:   84.9 MC/s (1.506e-02 s/TS) || Energy: ~1.25e-12 (- 0.11dB)
[@     3m19s] Timestep:        12768 || Speed:   79.8 MC/s (1.602e-02 s/TS) || Energy: ~1.22e-12 (- 0.19dB)
[@     3m24s] Timestep:        13110 || Speed:   86.7 MC/s (1.476e-02 s/TS) || Energy: ~1.06e-12 (- 0.81dB)
[@     3m30s] Timestep:        13452 || Speed:   79.6 MC/s (1.606e-02 s/TS) || Energy: ~1.21e-12 (- 0.25dB)
[@     3m34s] Timestep:        13710 || Speed:   78.5 MC/s (1.629e-02 s/TS) || Energy: ~9.36e-13 (- 1.36dB)
[@     3m39s] Timestep:        14022 || Speed:   81.5 MC/s (1.569e-02 s/TS) || Energy: ~1.11e-12 (- 0.61dB)
[@     3m44s] Timestep:        14364 || Speed:   86.7 MC/s (1.475e-02 s/TS) || Energy: ~9.77e-13 (- 1.17dB)
[@     3m49s] Timestep:        14706 || Speed:   88.0 MC/s (1.454e-02 s/TS) || Energy: ~7.96e-13 (- 2.06dB)
[@     3m54s] Timestep:        15048 || Speed:   88.7 MC/s (1.442e-02 s/TS) || Energy: ~1.03e-12 (- 0.95dB)
[@     4m00s] Timestep:        15390 || Speed:   79.5 MC/s (1.609e-02 s/TS) || Energy: ~7.97e-13 (- 2.06dB)
[@     4m05s] Timestep:        15732 || Speed:   85.5 MC/s (1.496e-02 s/TS) || Energy: ~7.42e-13 (- 2.37dB)
[@     4m09s] Timestep:        15995 || Speed:   78.7 MC/s (1.626e-02 s/TS) || Energy: ~8.69e-13 (- 1.68dB)
[@     4m14s] Timestep:        16302 || Speed:   84.9 MC/s (1.507e-02 s/TS) || Energy: ~6.50e-13 (- 2.95dB)
[@     4m19s] Timestep:        16644 || Speed:   82.4 MC/s (1.552e-02 s/TS) || Energy: ~8.69e-13 (- 1.68dB)
[@     4m23s] Timestep:        16909 || Speed:   82.3 MC/s (1.553e-02 s/TS) || Energy: ~5.87e-13 (- 3.38dB)
[@     4m28s] Timestep:        17214 || Speed:   84.6 MC/s (1.511e-02 s/TS) || Energy: ~7.75e-13 (- 2.18dB)
[@     4m33s] Timestep:        17556 || Speed:   87.1 MC/s (1.469e-02 s/TS) || Energy: ~6.62e-13 (- 2.86dB)
[@     4m38s] Timestep:        17898 || Speed:   88.7 MC/s (1.442e-02 s/TS) || Energy: ~5.12e-13 (- 3.98dB)
[@     4m43s] Timestep:        18240 || Speed:   85.6 MC/s (1.495e-02 s/TS) || Energy: ~6.81e-13 (- 2.74dB)
[@     4m48s] Timestep:        18582 || Speed:   83.2 MC/s (1.538e-02 s/TS) || Energy: ~5.01e-13 (- 4.07dB)
[@     4m53s] Timestep:        18924 || Speed:   79.8 MC/s (1.603e-02 s/TS) || Energy: ~4.45e-13 (- 4.59dB)
[@     4m58s] Timestep:        19194 || Speed:   79.2 MC/s (1.615e-02 s/TS) || Energy: ~5.27e-13 (- 3.85dB)
[@     5m02s] Timestep:        19494 || Speed:   88.7 MC/s (1.441e-02 s/TS) || Energy: ~3.60e-13 (- 5.51dB)
[@     5m07s] Timestep:        19836 || Speed:   84.7 MC/s (1.509e-02 s/TS) || Energy: ~4.90e-13 (- 4.17dB)
[@     5m11s] Timestep:        20108 || Speed:   84.2 MC/s (1.520e-02 s/TS) || Energy: ~3.03e-13 (- 6.25dB)
[@     5m16s] Timestep:        20406 || Speed:   84.8 MC/s (1.508e-02 s/TS) || Energy: ~4.11e-13 (- 4.94dB)
[@     5m20s] Timestep:        20634 || Speed:   72.8 MC/s (1.756e-02 s/TS) || Energy: ~2.62e-13 (- 6.88dB)
[@     5m25s] Timestep:        20976 || Speed:   86.3 MC/s (1.481e-02 s/TS) || Energy: ~3.30e-13 (- 5.89dB)
[@     5m30s] Timestep:        21318 || Speed:   82.9 MC/s (1.543e-02 s/TS) || Energy: ~3.26e-13 (- 5.95dB)
[@     5m35s] Timestep:        21660 || Speed:   83.4 MC/s (1.533e-02 s/TS) || Energy: ~1.94e-13 (- 8.19dB)
[@     5m40s] Timestep:        21936 || Speed:   84.8 MC/s (1.508e-02 s/TS) || Energy: ~3.08e-13 (- 6.19dB)
[@     5m44s] Timestep:        22230 || Speed:   85.3 MC/s (1.500e-02 s/TS) || Energy: ~1.73e-13 (- 8.70dB)
[@     5m50s] Timestep:        22572 || Speed:   78.8 MC/s (1.623e-02 s/TS) || Energy: ~2.20e-13 (- 7.64dB)
[@     5m54s] Timestep:        22850 || Speed:   84.8 MC/s (1.507e-02 s/TS) || Energy: ~1.94e-13 (- 8.19dB)
[@     5m58s] Timestep:        23142 || Speed:   84.0 MC/s (1.522e-02 s/TS) || Energy: ~1.67e-13 (- 8.84dB)
[@     6m03s] Timestep:        23484 || Speed:   83.2 MC/s (1.536e-02 s/TS) || Energy: ~2.15e-13 (- 7.75dB)
[@     6m08s] Timestep:        23764 || Speed:   88.1 MC/s (1.451e-02 s/TS) || Energy: ~1.11e-13 (-10.62dB)
[@     6m12s] Timestep:        24054 || Speed:   81.3 MC/s (1.574e-02 s/TS) || Energy: ~1.92e-13 (- 8.24dB)
[@     6m17s] Timestep:        24396 || Speed:   84.4 MC/s (1.515e-02 s/TS) || Energy: ~1.16e-13 (-10.42dB)
[@     6m22s] Timestep:        24678 || Speed:   82.6 MC/s (1.548e-02 s/TS) || Energy: ~1.39e-13 (- 9.65dB)
[@     6m26s] Timestep:        24966 || Speed:   85.0 MC/s (1.504e-02 s/TS) || Energy: ~1.20e-13 (-10.28dB)
[@     6m31s] Timestep:        25308 || Speed:   84.1 MC/s (1.521e-02 s/TS) || Energy: ~8.13e-14 (-11.97dB)
[@     6m36s] Timestep:        25592 || Speed:   80.2 MC/s (1.595e-02 s/TS) || Energy: ~1.36e-13 (- 9.75dB)
[@     6m40s] Timestep:        25878 || Speed:   81.4 MC/s (1.572e-02 s/TS) || Energy: ~6.48e-14 (-12.96dB)
[@     6m45s] Timestep:        26220 || Speed:   85.6 MC/s (1.494e-02 s/TS) || Energy: ~1.11e-13 (-10.61dB)
[@     6m50s] Timestep:        26506 || Speed:   82.9 MC/s (1.544e-02 s/TS) || Energy: ~7.09e-14 (-12.57dB)
[@     6m54s] Timestep:        26790 || Speed:   89.3 MC/s (1.432e-02 s/TS) || Energy: ~8.61e-14 (-11.72dB)
[@     6m59s] Timestep:        27132 || Speed:   83.0 MC/s (1.541e-02 s/TS) || Energy: ~9.03e-14 (-11.52dB)
[@     7m04s] Timestep:        27420 || Speed:   81.9 MC/s (1.562e-02 s/TS) || Energy: ~4.84e-14 (-14.22dB)
[@     7m08s] Timestep:        27702 || Speed:   79.2 MC/s (1.615e-02 s/TS) || Energy: ~8.69e-14 (-11.68dB)
[@     7m13s] Timestep:        28044 || Speed:   81.8 MC/s (1.564e-02 s/TS) || Energy: ~4.17e-14 (-14.87dB)
[@     7m18s] Timestep:        28334 || Speed:   85.6 MC/s (1.495e-02 s/TS) || Energy: ~6.97e-14 (-12.64dB)
[@     7m22s] Timestep:        28614 || Speed:   83.1 MC/s (1.538e-02 s/TS) || Energy: ~4.40e-14 (-14.64dB)
[@     7m27s] Timestep:        28956 || Speed:   93.0 MC/s (1.375e-02 s/TS) || Energy: ~4.11e-14 (-14.93dB)
[@     7m31s] Timestep:        29248 || Speed:   86.1 MC/s (1.485e-02 s/TS) || Energy: ~5.89e-14 (-13.37dB)
[@     7m35s] Timestep:        29526 || Speed:   84.1 MC/s (1.520e-02 s/TS) || Energy: ~2.98e-14 (-16.34dB)
[@     7m41s] Timestep:        29868 || Speed:   84.3 MC/s (1.518e-02 s/TS) || Energy: ~5.52e-14 (-13.65dB)
[@     7m45s] Timestep:        30162 || Speed:   84.7 MC/s (1.509e-02 s/TS) || Energy: ~2.68e-14 (-16.79dB)
[@     7m49s] Timestep:        30438 || Speed:   83.5 MC/s (1.531e-02 s/TS) || Energy: ~4.49e-14 (-14.55dB)
[@     7m54s] Timestep:        30780 || Speed:   83.3 MC/s (1.535e-02 s/TS) || Energy: ~3.63e-14 (-15.47dB)
[@     7m59s] Timestep:        31076 || Speed:   80.2 MC/s (1.596e-02 s/TS) || Energy: ~2.39e-14 (-17.28dB)
[@     8m04s] Timestep:        31350 || Speed:   78.8 MC/s (1.622e-02 s/TS) || Energy: ~3.75e-14 (-15.33dB)
[@     8m09s] Timestep:        31692 || Speed:   84.8 MC/s (1.509e-02 s/TS) || Energy: ~1.64e-14 (-18.92dB)
[@     8m13s] Timestep:        31990 || Speed:   81.0 MC/s (1.579e-02 s/TS) || Energy: ~3.46e-14 (-15.69dB)
[@     8m19s] Timestep:        32376 || Speed:   88.9 MC/s (1.439e-02 s/TS) || Energy: ~2.77e-14 (-16.65dB)
[@     8m24s] Timestep:        32718 || Speed:   83.9 MC/s (1.525e-02 s/TS) || Energy: ~1.31e-14 (-19.89dB)
[@     8m30s] Timestep:        33060 || Speed:   81.9 MC/s (1.562e-02 s/TS) || Energy: ~2.66e-14 (-16.83dB)
[@     8m34s] Timestep:        33361 || Speed:   82.0 MC/s (1.560e-02 s/TS) || Energy: ~1.63e-14 (-18.95dB)
[@     8m40s] Timestep:        33744 || Speed:   88.8 MC/s (1.441e-02 s/TS) || Energy: ~1.13e-14 (-20.56dB)
[@     8m45s] Timestep:        34086 || Speed:   83.4 MC/s (1.534e-02 s/TS) || Energy: ~2.26e-14 (-17.52dB)
[@     8m50s] Timestep:        34428 || Speed:   82.9 MC/s (1.544e-02 s/TS) || Energy: ~1.41e-14 (-19.59dB)
[@     8m55s] Timestep:        34732 || Speed:   84.9 MC/s (1.506e-02 s/TS) || Energy: ~1.26e-14 (-20.07dB)
[@     9m00s] Timestep:        35112 || Speed:   87.2 MC/s (1.467e-02 s/TS) || Energy: ~1.88e-14 (-18.34dB)
[@     9m06s] Timestep:        35454 || Speed:   81.8 MC/s (1.564e-02 s/TS) || Energy: ~9.79e-15 (-21.17dB)
[@     9m11s] Timestep:        35796 || Speed:   79.4 MC/s (1.611e-02 s/TS) || Energy: ~9.41e-15 (-21.33dB)
[@     9m16s] Timestep:        36103 || Speed:   80.5 MC/s (1.590e-02 s/TS) || Energy: ~1.45e-14 (-19.47dB)
[@     9m20s] Timestep:        36366 || Speed:   80.1 MC/s (1.596e-02 s/TS) || Energy: ~6.63e-15 (-22.85dB)
[@     9m25s] Timestep:        36708 || Speed:   88.1 MC/s (1.451e-02 s/TS) || Energy: ~1.32e-14 (-19.85dB)
[@     9m30s] Timestep:        37017 || Speed:   80.6 MC/s (1.586e-02 s/TS) || Energy: ~6.46e-15 (-22.97dB)
[@     9m36s] Timestep:        37392 || Speed:   85.3 MC/s (1.500e-02 s/TS) || Energy: ~6.09e-15 (-23.23dB)
[@     9m41s] Timestep:        37734 || Speed:   83.8 MC/s (1.526e-02 s/TS) || Energy: ~1.09e-14 (-20.71dB)
[@     9m47s] Timestep:        38076 || Speed:   80.2 MC/s (1.594e-02 s/TS) || Energy: ~5.37e-15 (-23.77dB)
[@     9m52s] Timestep:        38388 || Speed:   80.7 MC/s (1.586e-02 s/TS) || Energy: ~6.70e-15 (-22.81dB)
[@     9m57s] Timestep:        38760 || Speed:   91.8 MC/s (1.394e-02 s/TS) || Energy: ~8.65e-15 (-21.70dB)
[@    10m02s] Timestep:        39102 || Speed:   80.0 MC/s (1.599e-02 s/TS) || Energy: ~3.78e-15 (-25.29dB)
[@    10m08s] Timestep:        39444 || Speed:   78.5 MC/s (1.629e-02 s/TS) || Energy: ~5.26e-15 (-23.86dB)
[@    10m13s] Timestep:        39759 || Speed:   83.0 MC/s (1.541e-02 s/TS) || Energy: ~6.26e-15 (-23.11dB)
[@    10m18s] Timestep:        40128 || Speed:   82.8 MC/s (1.545e-02 s/TS) || Energy: ~2.76e-15 (-26.66dB)
[@    10m23s] Timestep:        40470 || Speed:   87.7 MC/s (1.459e-02 s/TS) || Energy: ~4.80e-15 (-24.26dB)
[@    10m29s] Timestep:        40812 || Speed:   82.1 MC/s (1.558e-02 s/TS) || Energy: ~5.03e-15 (-24.05dB)
[@    10m34s] Timestep:        41130 || Speed:   83.1 MC/s (1.540e-02 s/TS) || Energy: ~2.20e-15 (-27.65dB)
[@    10m39s] Timestep:        41496 || Speed:   83.0 MC/s (1.540e-02 s/TS) || Energy: ~4.28e-15 (-24.75dB)
[@    10m44s] Timestep:        41838 || Speed:   90.0 MC/s (1.421e-02 s/TS) || Energy: ~3.69e-15 (-25.40dB)
[@    10m49s] Timestep:        42180 || Speed:   82.3 MC/s (1.554e-02 s/TS) || Energy: ~1.78e-15 (-28.57dB)
[@    10m55s] Timestep:        42501 || Speed:   76.5 MC/s (1.672e-02 s/TS) || Energy: ~3.89e-15 (-25.18dB)
[@    11m00s] Timestep:        42864 || Speed:   82.4 MC/s (1.552e-02 s/TS) || Energy: ~2.64e-15 (-26.86dB)
[@    11m06s] Timestep:        43206 || Speed:   81.7 MC/s (1.565e-02 s/TS) || Energy: ~1.57e-15 (-29.11dB)
[@    11m11s] Timestep:        43548 || Speed:   79.1 MC/s (1.617e-02 s/TS) || Energy: ~3.14e-15 (-26.11dB)
[@    11m16s] Timestep:        43872 || Speed:   79.9 MC/s (1.601e-02 s/TS) || Energy: ~1.69e-15 (-28.80dB)
[@    11m20s] Timestep:        44118 || Speed:   78.0 MC/s (1.639e-02 s/TS) || Energy: ~2.53e-15 (-27.04dB)
[@    11m26s] Timestep:        44460 || Speed:   84.2 MC/s (1.519e-02 s/TS) || Energy: ~2.05e-15 (-27.95dB)
[@    11m31s] Timestep:        44786 || Speed:   80.6 MC/s (1.588e-02 s/TS) || Energy: ~1.12e-15 (-30.58dB)
[@    11m36s] Timestep:        45144 || Speed:   90.0 MC/s (1.422e-02 s/TS) || Energy: ~2.17e-15 (-27.70dB)
[@    11m41s] Timestep:        45486 || Speed:   79.7 MC/s (1.605e-02 s/TS) || Energy: ~1.46e-15 (-29.42dB)
[@    11m47s] Timestep:        45828 || Speed:   81.7 MC/s (1.566e-02 s/TS) || Energy: ~9.43e-16 (-31.33dB)
[@    11m52s] Timestep:        46157 || Speed:   80.3 MC/s (1.593e-02 s/TS) || Energy: ~1.84e-15 (-28.44dB)
[@    11m58s] Timestep:        46512 || Speed:   81.0 MC/s (1.578e-02 s/TS) || Energy: ~1.03e-15 (-30.95dB)
[@    12m03s] Timestep:        46854 || Speed:   82.2 MC/s (1.556e-02 s/TS) || Energy: ~8.68e-16 (-31.68dB)
[@    12m07s] Timestep:        47071 || Speed:   65.7 MC/s (1.945e-02 s/TS) || Energy: ~1.08e-15 (-30.72dB)
[@    12m11s] Timestep:        47528 || Speed:  135.1 MC/s (9.464e-03 s/TS) || Energy: ~6.89e-16 (-32.69dB)
[@    12m16s] Timestep:        47985 || Speed:  137.1 MC/s (9.330e-03 s/TS) || Energy: ~5.23e-16 (-33.89dB)
[@    12m20s] Timestep:        48442 || Speed:  141.4 MC/s (9.047e-03 s/TS) || Energy: ~5.92e-16 (-33.35dB)
[@    12m25s] Timestep:        49020 || Speed:  155.6 MC/s (8.218e-03 s/TS) || Energy: ~4.31e-16 (-34.73dB)
[@    12m29s] Timestep:        49476 || Speed:  139.6 MC/s (9.163e-03 s/TS) || Energy: ~5.23e-16 (-33.88dB)
[@    12m33s] Timestep:        49932 || Speed:  142.7 MC/s (8.961e-03 s/TS) || Energy: ~6.67e-16 (-32.83dB)
[@    12m37s] Timestep:        50502 || Speed:  158.7 MC/s (8.060e-03 s/TS) || Energy: ~4.83e-16 (-34.23dB)
[@    12m42s] Timestep:        50958 || Speed:  135.8 MC/s (9.416e-03 s/TS) || Energy: ~5.87e-16 (-33.39dB)
[@    12m46s] Timestep:        51414 || Speed:  126.1 MC/s (1.015e-02 s/TS) || Energy: ~5.98e-16 (-33.30dB)
[@    12m51s] Timestep:        51870 || Speed:  139.5 MC/s (9.171e-03 s/TS) || Energy: ~5.00e-16 (-34.08dB)
[@    12m55s] Timestep:        52440 || Speed:  149.3 MC/s (8.564e-03 s/TS) || Energy: ~4.76e-16 (-34.29dB)
[@    12m59s] Timestep:        52896 || Speed:  145.0 MC/s (8.821e-03 s/TS) || Energy: ~3.71e-16 (-35.37dB)
[@    13m04s] Timestep:        53352 || Speed:  143.0 MC/s (8.946e-03 s/TS) || Energy: ~2.47e-16 (-37.15dB)
[@    13m08s] Timestep:        53808 || Speed:  127.2 MC/s (1.006e-02 s/TS) || Energy: ~1.65e-16 (-38.90dB)
[@    13m12s] Timestep:        54264 || Speed:  141.1 MC/s (9.065e-03 s/TS) || Energy: ~1.51e-16 (-39.28dB)
[@    13m17s] Timestep:        54720 || Speed:  118.3 MC/s (1.081e-02 s/TS) || Energy: ~1.88e-16 (-38.33dB)
[@    13m22s] Timestep:        55176 || Speed:  131.0 MC/s (9.760e-03 s/TS) || Energy: ~2.30e-16 (-37.45dB)
[@    13m26s] Timestep:        55632 || Speed:  135.3 MC/s (9.452e-03 s/TS) || Energy: ~2.40e-16 (-37.27dB)
[@    13m30s] Timestep:        56088 || Speed:  136.2 MC/s (9.389e-03 s/TS) || Energy: ~2.07e-16 (-37.91dB)
[@    13m34s] Timestep:        56544 || Speed:  140.7 MC/s (9.093e-03 s/TS) || Energy: ~1.49e-16 (-39.35dB)
[@    13m39s] Timestep:        57114 || Speed:  147.4 MC/s (8.679e-03 s/TS) || Energy: ~1.55e-16 (-39.17dB)
[@    13m44s] Timestep:        57570 || Speed:  135.1 MC/s (9.464e-03 s/TS) || Energy: ~1.06e-16 (-40.83dB)
Time for 57570 iterations with 1278992.00 cells : 824.16 sec
Speed: 89.34 MCells/s 

     freq       S11   S21 coupling   AR embedded      Dmax
   5.725G   -13.83dB        -22.10dB         4.86dB     6.01dBi
   5.800G   -20.59dB        -20.41dB         2.81dB     5.91dBi
   5.875G   -13.55dB        -22.46dB         4.62dB     5.97dBi
