[s2] mesh 286x172x26 = 1.28 Mcells   ground 108.6 x 60.0 mm   pitch 25.8442 mm
openEMS - fixed number of threads: 8
 ---------------------------------------------------------------------- 
 | openEMS 64bit -- version v0.37.0-rc1-2-g7b051bb
 | (C) 2010-2026 Thorsten Liebig <thorsten.liebig@gmx.de>  GPL license
 ---------------------------------------------------------------------- 
	Used external libraries:
		CSXCAD -- Version: v0.7.0-rc1-1-g5115701
		hdf5   -- Version: 2.2.0
		          compiled against: HDF5 library version: 2.2.0
		tinyxml -- compiled against: 2.6.2
		fparser
		boost  -- compiled against: 1_90
		vtk -- disabled in this build

Create FDTD operator (compressed SSE + multi-threading)
FDTD simulation size: 286x172x26 --> 1.27899e+06 FDTD cells 
FDTD timestep is: 1.64436e-13 s; Nyquist rate: 457 timesteps @6.6536e+09 Hz
Excitation signal length is: 20497 timesteps (3.37045e-09s)
Max. number of timesteps: 140000 ( --> 6.83027 * Excitation signal length)
Create FDTD engine (compressed SSE + multi-threading)
Running FDTD engine... this may take a while... grab a cup of coffee?!?
[@        4s] Timestep:          342 || Speed:   89.4 MC/s (1.430e-02 s/TS) || Energy: ~5.98e-21 (- 0.00dB)
[@       10s] Timestep:          684 || Speed:   82.1 MC/s (1.557e-02 s/TS) || Energy: ~1.43e-20 (- 0.00dB)
[@       15s] Timestep:         1026 || Speed:   77.0 MC/s (1.660e-02 s/TS) || Energy: ~7.29e-20 (- 0.00dB)
[@       21s] Timestep:         1368 || Speed:   81.1 MC/s (1.576e-02 s/TS) || Energy: ~2.05e-19 (- 0.00dB)
[@       26s] Timestep:         1710 || Speed:   83.7 MC/s (1.528e-02 s/TS) || Energy: ~4.76e-19 (- 0.00dB)
[@       31s] Timestep:         2052 || Speed:   81.8 MC/s (1.563e-02 s/TS) || Energy: ~1.84e-18 (- 0.00dB)
[@       36s] Timestep:         2394 || Speed:   91.9 MC/s (1.392e-02 s/TS) || Energy: ~4.26e-18 (- 0.00dB)
[@       41s] Timestep:         2736 || Speed:   90.4 MC/s (1.415e-02 s/TS) || Energy: ~9.51e-18 (- 0.00dB)
[@       47s] Timestep:         3078 || Speed:   77.0 MC/s (1.661e-02 s/TS) || Energy: ~3.14e-17 (- 0.00dB)
[@       52s] Timestep:         3420 || Speed:   75.6 MC/s (1.692e-02 s/TS) || Energy: ~6.17e-17 (- 0.00dB)
[@       57s] Timestep:         3656 || Speed:   71.9 MC/s (1.779e-02 s/TS) || Energy: ~1.25e-16 (- 0.00dB)
[@     1m02s] Timestep:         3990 || Speed:   74.5 MC/s (1.716e-02 s/TS) || Energy: ~2.60e-16 (- 0.00dB)
[@     1m08s] Timestep:         4332 || Speed:   77.9 MC/s (1.642e-02 s/TS) || Energy: ~4.74e-16 (- 0.00dB)
[@     1m14s] Timestep:         4674 || Speed:   77.7 MC/s (1.647e-02 s/TS) || Energy: ~1.24e-15 (- 0.00dB)
[@     1m19s] Timestep:         5016 || Speed:   78.8 MC/s (1.623e-02 s/TS) || Energy: ~2.23e-15 (- 0.00dB)
[@     1m24s] Timestep:         5358 || Speed:   82.7 MC/s (1.547e-02 s/TS) || Energy: ~3.88e-15 (- 0.00dB)
[@     1m30s] Timestep:         5700 || Speed:   82.8 MC/s (1.545e-02 s/TS) || Energy: ~8.77e-15 (- 0.00dB)
[@     1m35s] Timestep:         6042 || Speed:   83.0 MC/s (1.542e-02 s/TS) || Energy: ~1.38e-14 (- 0.00dB)
[@     1m40s] Timestep:         6384 || Speed:   84.9 MC/s (1.507e-02 s/TS) || Energy: ~2.27e-14 (- 0.00dB)
[@     1m45s] Timestep:         6726 || Speed:   83.0 MC/s (1.540e-02 s/TS) || Energy: ~4.41e-14 (- 0.00dB)
[@     1m51s] Timestep:         7068 || Speed:   79.4 MC/s (1.611e-02 s/TS) || Energy: ~6.25e-14 (- 0.00dB)
[@     1m56s] Timestep:         7410 || Speed:   80.8 MC/s (1.583e-02 s/TS) || Energy: ~9.45e-14 (- 0.00dB)
[@     2m01s] Timestep:         7752 || Speed:   85.4 MC/s (1.497e-02 s/TS) || Energy: ~1.60e-13 (- 0.00dB)
[@     2m07s] Timestep:         8094 || Speed:   85.8 MC/s (1.491e-02 s/TS) || Energy: ~2.07e-13 (- 0.00dB)
[@     2m12s] Timestep:         8436 || Speed:   82.5 MC/s (1.551e-02 s/TS) || Energy: ~2.85e-13 (- 0.00dB)
[@     2m17s] Timestep:         8778 || Speed:   85.3 MC/s (1.500e-02 s/TS) || Energy: ~4.28e-13 (- 0.00dB)
[@     2m22s] Timestep:         9120 || Speed:   84.7 MC/s (1.509e-02 s/TS) || Energy: ~5.03e-13 (- 0.00dB)
[@     2m27s] Timestep:         9462 || Speed:   86.3 MC/s (1.482e-02 s/TS) || Energy: ~6.37e-13 (- 0.00dB)
[@     2m33s] Timestep:         9804 || Speed:   79.8 MC/s (1.602e-02 s/TS) || Energy: ~8.46e-13 (- 0.00dB)
[@     2m38s] Timestep:        10146 || Speed:   83.7 MC/s (1.528e-02 s/TS) || Energy: ~9.18e-13 (- 0.00dB)
[@     2m43s] Timestep:        10488 || Speed:   83.9 MC/s (1.525e-02 s/TS) || Energy: ~1.08e-12 (- 0.00dB)
[@     2m49s] Timestep:        10830 || Speed:   80.7 MC/s (1.584e-02 s/TS) || Energy: ~1.25e-12 (- 0.00dB)
[@     2m54s] Timestep:        11172 || Speed:   77.5 MC/s (1.650e-02 s/TS) || Energy: ~1.30e-12 (- 0.00dB)
[@     2m59s] Timestep:        11514 || Speed:   85.0 MC/s (1.504e-02 s/TS) || Energy: ~1.45e-12 (- 0.00dB)
[@     3m04s] Timestep:        11856 || Speed:   85.0 MC/s (1.504e-02 s/TS) || Energy: ~1.42e-12 (- 0.08dB)
[@     3m10s] Timestep:        12198 || Speed:   81.1 MC/s (1.576e-02 s/TS) || Energy: ~1.51e-12 (- 0.00dB)
[@     3m15s] Timestep:        12540 || Speed:   81.2 MC/s (1.574e-02 s/TS) || Energy: ~1.57e-12 (- 0.00dB)
[@     3m20s] Timestep:        12882 || Speed:   86.8 MC/s (1.474e-02 s/TS) || Energy: ~1.29e-12 (- 0.87dB)
[@     3m26s] Timestep:        13224 || Speed:   80.9 MC/s (1.582e-02 s/TS) || Energy: ~1.58e-12 (- 0.00dB)
[@     3m31s] Timestep:        13566 || Speed:   83.1 MC/s (1.539e-02 s/TS) || Energy: ~1.46e-12 (- 0.33dB)
[@     3m36s] Timestep:        13908 || Speed:   85.7 MC/s (1.492e-02 s/TS) || Energy: ~1.06e-12 (- 1.73dB)
[@     3m41s] Timestep:        14250 || Speed:   85.6 MC/s (1.494e-02 s/TS) || Energy: ~1.57e-12 (- 0.03dB)
[@     3m46s] Timestep:        14592 || Speed:   92.4 MC/s (1.384e-02 s/TS) || Energy: ~1.22e-12 (- 1.10dB)
[@     3m51s] Timestep:        14934 || Speed:   82.1 MC/s (1.559e-02 s/TS) || Energy: ~9.33e-13 (- 2.28dB)
[@     3m56s] Timestep:        15276 || Speed:   84.8 MC/s (1.509e-02 s/TS) || Energy: ~1.49e-12 (- 0.23dB)
[@     4m02s] Timestep:        15618 || Speed:   83.9 MC/s (1.524e-02 s/TS) || Energy: ~9.87e-13 (- 2.04dB)
[@     4m07s] Timestep:        15960 || Speed:   83.5 MC/s (1.533e-02 s/TS) || Energy: ~9.14e-13 (- 2.37dB)
[@     4m12s] Timestep:        16302 || Speed:   83.2 MC/s (1.538e-02 s/TS) || Energy: ~1.33e-12 (- 0.74dB)
[@     4m17s] Timestep:        16644 || Speed:   82.8 MC/s (1.545e-02 s/TS) || Energy: ~8.00e-13 (- 2.95dB)
[@     4m23s] Timestep:        16986 || Speed:   85.7 MC/s (1.492e-02 s/TS) || Energy: ~8.93e-13 (- 2.47dB)
[@     4m27s] Timestep:        17328 || Speed:   92.6 MC/s (1.381e-02 s/TS) || Energy: ~1.09e-12 (- 1.60dB)
[@     4m32s] Timestep:        17670 || Speed:   91.5 MC/s (1.397e-02 s/TS) || Energy: ~6.52e-13 (- 3.84dB)
[@     4m37s] Timestep:        18012 || Speed:   86.9 MC/s (1.472e-02 s/TS) || Energy: ~8.07e-13 (- 2.91dB)
[@     4m41s] Timestep:        18280 || Speed:   80.0 MC/s (1.598e-02 s/TS) || Energy: ~7.12e-13 (- 3.45dB)
[@     4m46s] Timestep:        18582 || Speed:   82.0 MC/s (1.560e-02 s/TS) || Energy: ~6.34e-13 (- 3.96dB)
[@     4m51s] Timestep:        18924 || Speed:   85.1 MC/s (1.502e-02 s/TS) || Energy: ~7.48e-13 (- 3.24dB)
[@     4m55s] Timestep:        19194 || Speed:   84.3 MC/s (1.518e-02 s/TS) || Energy: ~4.71e-13 (- 5.25dB)
[@     5m00s] Timestep:        19494 || Speed:   89.7 MC/s (1.426e-02 s/TS) || Energy: ~6.36e-13 (- 3.94dB)
[@     5m05s] Timestep:        19836 || Speed:   84.2 MC/s (1.519e-02 s/TS) || Energy: ~4.49e-13 (- 5.46dB)
[@     5m09s] Timestep:        20108 || Speed:   83.7 MC/s (1.528e-02 s/TS) || Energy: ~4.75e-13 (- 5.21dB)
[@     5m14s] Timestep:        20406 || Speed:   79.4 MC/s (1.612e-02 s/TS) || Energy: ~4.14e-13 (- 5.81dB)
[@     5m19s] Timestep:        20748 || Speed:   84.4 MC/s (1.515e-02 s/TS) || Energy: ~3.18e-13 (- 6.95dB)
[@     5m23s] Timestep:        21022 || Speed:   82.2 MC/s (1.556e-02 s/TS) || Energy: ~3.85e-13 (- 6.12dB)
[@     5m27s] Timestep:        21318 || Speed:   87.7 MC/s (1.458e-02 s/TS) || Energy: ~2.60e-13 (- 7.82dB)
[@     5m32s] Timestep:        21660 || Speed:   88.5 MC/s (1.445e-02 s/TS) || Energy: ~3.01e-13 (- 7.20dB)
[@     5m37s] Timestep:        21936 || Speed:   80.5 MC/s (1.588e-02 s/TS) || Energy: ~2.31e-13 (- 8.34dB)
[@     5m42s] Timestep:        22230 || Speed:   80.0 MC/s (1.599e-02 s/TS) || Energy: ~2.34e-13 (- 8.28dB)
[@     5m47s] Timestep:        22572 || Speed:   83.6 MC/s (1.530e-02 s/TS) || Energy: ~2.20e-13 (- 8.54dB)
[@     5m51s] Timestep:        22850 || Speed:   81.7 MC/s (1.566e-02 s/TS) || Energy: ~1.66e-13 (- 9.77dB)
[@     5m56s] Timestep:        23142 || Speed:   84.4 MC/s (1.515e-02 s/TS) || Energy: ~1.88e-13 (- 9.25dB)
[@     6m00s] Timestep:        23484 || Speed:   89.9 MC/s (1.423e-02 s/TS) || Energy: ~1.33e-13 (-10.73dB)
[@     6m05s] Timestep:        23764 || Speed:   81.3 MC/s (1.574e-02 s/TS) || Energy: ~1.49e-13 (-10.25dB)
[@     6m09s] Timestep:        24054 || Speed:   88.1 MC/s (1.452e-02 s/TS) || Energy: ~1.15e-13 (-11.35dB)
[@     6m14s] Timestep:        24396 || Speed:   83.1 MC/s (1.539e-02 s/TS) || Energy: ~1.06e-13 (-11.74dB)
[@     6m19s] Timestep:        24678 || Speed:   81.5 MC/s (1.569e-02 s/TS) || Energy: ~1.07e-13 (-11.70dB)
[@     6m23s] Timestep:        24966 || Speed:   82.4 MC/s (1.552e-02 s/TS) || Energy: ~8.31e-14 (-12.78dB)
[@     6m28s] Timestep:        25308 || Speed:   82.4 MC/s (1.553e-02 s/TS) || Energy: ~9.10e-14 (-12.39dB)
[@     6m33s] Timestep:        25592 || Speed:   79.9 MC/s (1.600e-02 s/TS) || Energy: ~6.58e-14 (-13.79dB)
[@     6m37s] Timestep:        25878 || Speed:   88.9 MC/s (1.439e-02 s/TS) || Energy: ~7.41e-14 (-13.28dB)
[@     6m42s] Timestep:        26220 || Speed:   86.3 MC/s (1.482e-02 s/TS) || Energy: ~6.01e-14 (-14.19dB)
[@     6m46s] Timestep:        26506 || Speed:   87.2 MC/s (1.467e-02 s/TS) || Energy: ~5.36e-14 (-14.69dB)
[@     6m51s] Timestep:        26790 || Speed:   84.0 MC/s (1.523e-02 s/TS) || Energy: ~5.30e-14 (-14.74dB)
[@     6m56s] Timestep:        27132 || Speed:   82.7 MC/s (1.547e-02 s/TS) || Energy: ~3.93e-14 (-16.04dB)
[@     7m01s] Timestep:        27420 || Speed:   76.4 MC/s (1.673e-02 s/TS) || Energy: ~4.66e-14 (-15.30dB)
[@     7m05s] Timestep:        27702 || Speed:   86.7 MC/s (1.476e-02 s/TS) || Energy: ~3.26e-14 (-16.84dB)
[@     7m10s] Timestep:        28044 || Speed:   85.5 MC/s (1.497e-02 s/TS) || Energy: ~3.54e-14 (-16.48dB)
[@     7m15s] Timestep:        28334 || Speed:   84.0 MC/s (1.522e-02 s/TS) || Energy: ~3.06e-14 (-17.12dB)
[@     7m20s] Timestep:        28728 || Speed:   91.3 MC/s (1.401e-02 s/TS) || Energy: ~2.31e-14 (-18.34dB)
[@     7m25s] Timestep:        29070 || Speed:   89.2 MC/s (1.433e-02 s/TS) || Energy: ~2.70e-14 (-17.66dB)
[@     7m30s] Timestep:        29412 || Speed:   82.6 MC/s (1.548e-02 s/TS) || Energy: ~2.30e-14 (-18.37dB)
[@     7m35s] Timestep:        29705 || Speed:   83.5 MC/s (1.532e-02 s/TS) || Energy: ~1.83e-14 (-19.36dB)
[@     7m39s] Timestep:        29982 || Speed:   88.5 MC/s (1.445e-02 s/TS) || Energy: ~2.08e-14 (-18.79dB)
[@     7m44s] Timestep:        30324 || Speed:   81.9 MC/s (1.561e-02 s/TS) || Energy: ~1.38e-14 (-20.59dB)
[@     7m49s] Timestep:        30619 || Speed:   82.6 MC/s (1.548e-02 s/TS) || Energy: ~1.78e-14 (-19.47dB)
[@     7m53s] Timestep:        30894 || Speed:   83.2 MC/s (1.537e-02 s/TS) || Energy: ~1.20e-14 (-21.17dB)
[@     7m58s] Timestep:        31236 || Speed:   79.5 MC/s (1.609e-02 s/TS) || Energy: ~1.26e-14 (-20.97dB)
[@     8m03s] Timestep:        31533 || Speed:   84.1 MC/s (1.520e-02 s/TS) || Energy: ~1.28e-14 (-20.90dB)
[@     8m07s] Timestep:        31806 || Speed:   85.3 MC/s (1.500e-02 s/TS) || Energy: ~9.51e-15 (-22.19dB)
[@     8m12s] Timestep:        32148 || Speed:   85.3 MC/s (1.499e-02 s/TS) || Energy: ~1.19e-14 (-21.22dB)
[@     8m17s] Timestep:        32447 || Speed:   81.2 MC/s (1.575e-02 s/TS) || Energy: ~7.17e-15 (-23.42dB)
[@     8m21s] Timestep:        32718 || Speed:   86.6 MC/s (1.477e-02 s/TS) || Energy: ~9.92e-15 (-22.01dB)
[@     8m26s] Timestep:        33060 || Speed:   81.2 MC/s (1.574e-02 s/TS) || Energy: ~7.43e-15 (-23.27dB)
[@     8m31s] Timestep:        33361 || Speed:   87.9 MC/s (1.455e-02 s/TS) || Energy: ~6.24e-15 (-24.03dB)
[@     8m35s] Timestep:        33630 || Speed:   85.0 MC/s (1.505e-02 s/TS) || Energy: ~7.17e-15 (-23.42dB)
[@     8m40s] Timestep:        33972 || Speed:   82.5 MC/s (1.550e-02 s/TS) || Energy: ~4.35e-15 (-25.59dB)
[@     8m45s] Timestep:        34275 || Speed:   81.5 MC/s (1.569e-02 s/TS) || Energy: ~6.62e-15 (-23.77dB)
[@     8m50s] Timestep:        34656 || Speed:   90.4 MC/s (1.414e-02 s/TS) || Energy: ~5.13e-15 (-24.87dB)
[@     8m55s] Timestep:        34998 || Speed:   86.3 MC/s (1.482e-02 s/TS) || Energy: ~3.25e-15 (-26.86dB)
[@     9m00s] Timestep:        35340 || Speed:   85.7 MC/s (1.493e-02 s/TS) || Energy: ~4.88e-15 (-25.09dB)
[@     9m05s] Timestep:        35646 || Speed:   77.7 MC/s (1.645e-02 s/TS) || Energy: ~3.24e-15 (-26.87dB)
[@     9m11s] Timestep:        36024 || Speed:   86.4 MC/s (1.480e-02 s/TS) || Energy: ~2.49e-15 (-28.01dB)
[@     9m16s] Timestep:        36366 || Speed:   80.6 MC/s (1.588e-02 s/TS) || Energy: ~3.84e-15 (-26.13dB)
[@     9m21s] Timestep:        36708 || Speed:   90.0 MC/s (1.421e-02 s/TS) || Energy: ~2.57e-15 (-27.88dB)
[@     9m26s] Timestep:        37017 || Speed:   82.6 MC/s (1.548e-02 s/TS) || Energy: ~2.25e-15 (-28.46dB)
[@     9m32s] Timestep:        37392 || Speed:   84.8 MC/s (1.508e-02 s/TS) || Energy: ~3.00e-15 (-27.21dB)
[@     9m37s] Timestep:        37734 || Speed:   88.8 MC/s (1.441e-02 s/TS) || Energy: ~1.80e-15 (-29.42dB)
[@     9m42s] Timestep:        38076 || Speed:   79.8 MC/s (1.602e-02 s/TS) || Energy: ~1.59e-15 (-29.96dB)
[@     9m47s] Timestep:        38388 || Speed:   84.5 MC/s (1.514e-02 s/TS) || Energy: ~2.29e-15 (-28.39dB)
[@     9m52s] Timestep:        38760 || Speed:   90.1 MC/s (1.419e-02 s/TS) || Energy: ~1.26e-15 (-30.96dB)
[@     9m58s] Timestep:        39102 || Speed:   77.3 MC/s (1.654e-02 s/TS) || Energy: ~1.31e-15 (-30.81dB)
[@    10m03s] Timestep:        39444 || Speed:   78.6 MC/s (1.627e-02 s/TS) || Energy: ~1.78e-15 (-29.48dB)
[@    10m08s] Timestep:        39759 || Speed:   87.7 MC/s (1.459e-02 s/TS) || Energy: ~8.27e-16 (-32.80dB)
[@    10m14s] Timestep:        40128 || Speed:   82.4 MC/s (1.552e-02 s/TS) || Energy: ~1.09e-15 (-31.61dB)
[@    10m18s] Timestep:        40470 || Speed:   89.6 MC/s (1.427e-02 s/TS) || Energy: ~1.35e-15 (-30.69dB)
[@    10m24s] Timestep:        40812 || Speed:   81.4 MC/s (1.571e-02 s/TS) || Energy: ~6.35e-16 (-33.95dB)
[@    10m29s] Timestep:        41130 || Speed:   84.2 MC/s (1.519e-02 s/TS) || Energy: ~1.00e-15 (-31.98dB)
[@    10m34s] Timestep:        41496 || Speed:   83.6 MC/s (1.529e-02 s/TS) || Energy: ~1.01e-15 (-31.95dB)
[@    10m39s] Timestep:        41838 || Speed:   89.3 MC/s (1.433e-02 s/TS) || Energy: ~4.63e-16 (-35.32dB)
[@    10m44s] Timestep:        42180 || Speed:   82.1 MC/s (1.558e-02 s/TS) || Energy: ~7.56e-16 (-33.19dB)
[@    10m50s] Timestep:        42501 || Speed:   78.6 MC/s (1.628e-02 s/TS) || Energy: ~6.95e-16 (-33.56dB)
[@    10m55s] Timestep:        42864 || Speed:   84.1 MC/s (1.522e-02 s/TS) || Energy: ~3.48e-16 (-36.56dB)
[@    11m01s] Timestep:        43206 || Speed:   80.0 MC/s (1.599e-02 s/TS) || Energy: ~6.26e-16 (-34.01dB)
[@    11m06s] Timestep:        43548 || Speed:   83.9 MC/s (1.524e-02 s/TS) || Energy: ~5.42e-16 (-34.64dB)
[@    11m11s] Timestep:        43872 || Speed:   75.7 MC/s (1.690e-02 s/TS) || Energy: ~2.84e-16 (-37.45dB)
[@    11m17s] Timestep:        44232 || Speed:   84.8 MC/s (1.508e-02 s/TS) || Energy: ~5.14e-16 (-34.87dB)
[@    11m22s] Timestep:        44574 || Speed:   84.8 MC/s (1.509e-02 s/TS) || Energy: ~3.91e-16 (-36.05dB)
[@    11m27s] Timestep:        44916 || Speed:   85.9 MC/s (1.489e-02 s/TS) || Energy: ~2.19e-16 (-38.58dB)
[@    11m32s] Timestep:        45243 || Speed:   88.2 MC/s (1.450e-02 s/TS) || Energy: ~4.28e-16 (-35.66dB)
[@    11m37s] Timestep:        45600 || Speed:   80.8 MC/s (1.584e-02 s/TS) || Energy: ~2.80e-16 (-37.51dB)
[@    11m43s] Timestep:        45942 || Speed:   79.1 MC/s (1.616e-02 s/TS) || Energy: ~1.82e-16 (-39.38dB)
[@    11m48s] Timestep:        46284 || Speed:   82.5 MC/s (1.550e-02 s/TS) || Energy: ~3.35e-16 (-36.73dB)
[@    11m53s] Timestep:        46614 || Speed:   80.8 MC/s (1.584e-02 s/TS) || Energy: ~1.87e-16 (-39.26dB)
[@    11m59s] Timestep:        46968 || Speed:   85.2 MC/s (1.502e-02 s/TS) || Energy: ~1.55e-16 (-40.09dB)
Time for 46968 iterations with 1278992.00 cells : 719.32 sec
Speed: 83.51 MCells/s 

     freq       S11   S21 coupling   AR embedded      Dmax
   5.725G   -10.44dB        -22.24dB         6.34dB     6.46dBi
   5.800G   -14.51dB        -20.66dB         3.17dB     5.86dBi
   5.875G   -12.57dB        -22.22dB         1.58dB     5.97dBi
