To https://github.com/chill-avocado/radar-5g8-array.git
 ! [rejected]        main -> main (non-fast-forward)
error: failed to push some refs to 'https://github.com/chill-avocado/radar-5g8-array.git'
hint: Updates were rejected because the tip of your current branch is behind
hint: its remote counterpart. Integrate the remote changes (e.g.
hint: 'git pull ...') before pushing again.
hint: See the 'Note about fast-forwards' in 'git push --help' for details.
To https://github.com/chill-avocado/radar-5g8-array.git
 ! [rejected]        main -> main (non-fast-forward)
error: failed to push some refs to 'https://github.com/chill-avocado/radar-5g8-array.git'
hint: Updates were rejected because the tip of your current branch is behind
hint: its remote counterpart. Integrate the remote changes (e.g.
hint: 'git pull ...') before pushing again.
hint: See the 'Note about fast-forwards' in 'git push --help' for details.
To https://github.com/chill-avocado/radar-5g8-array.git
 ! [rejected]        main -> main (non-fast-forward)
error: failed to push some refs to 'https://github.com/chill-avocado/radar-5g8-array.git'
hint: Updates were rejected because the tip of your current branch is behind
hint: its remote counterpart. Integrate the remote changes (e.g.
hint: 'git pull ...') before pushing again.
hint: See the 'Note about fast-forwards' in 'git push --help' for details.
To https://github.com/chill-avocado/radar-5g8-array.git
 ! [rejected]        main -> main (non-fast-forward)
error: failed to push some refs to 'https://github.com/chill-avocado/radar-5g8-array.git'
hint: Updates were rejected because the tip of your current branch is behind
hint: its remote counterpart. Integrate the remote changes (e.g.
hint: 'git pull ...') before pushing again.
hint: See the 'Note about fast-forwards' in 'git push --help' for details.
To https://github.com/chill-avocado/radar-5g8-array.git
 ! [rejected]        main -> main (non-fast-forward)
error: failed to push some refs to 'https://github.com/chill-avocado/radar-5g8-array.git'
hint: Updates were rejected because the tip of your current branch is behind
hint: its remote counterpart. Integrate the remote changes (e.g.
hint: 'git pull ...') before pushing again.
hint: See the 'Note about fast-forwards' in 'git push --help' for details.
To https://github.com/chill-avocado/radar-5g8-array.git
 ! [rejected]        main -> main (non-fast-forward)
error: failed to push some refs to 'https://github.com/chill-avocado/radar-5g8-array.git'
hint: Updates were rejected because the tip of your current branch is behind
hint: its remote counterpart. Integrate the remote changes (e.g.
hint: 'git pull ...') before pushing again.
hint: See the 'Note about fast-forwards' in 'git push --help' for details.
To https://github.com/chill-avocado/radar-5g8-array.git
 ! [rejected]        main -> main (non-fast-forward)
error: failed to push some refs to 'https://github.com/chill-avocado/radar-5g8-array.git'
hint: Updates were rejected because the tip of your current branch is behind
hint: its remote counterpart. Integrate the remote changes (e.g.
hint: 'git pull ...') before pushing again.
hint: See the 'Note about fast-forwards' in 'git push --help' for details.
